Conflicting CPU frequency values detected: 2100.000000 != 797.992000. CPU Frequency is not max.
 WARNING: BW peak won't be measured in this run.
---------------------------------------------------------------------------------------
                    RDMA_Write BW Test
 Dual-port       : OFF		Device         : mlx5_6
 Number of qps   : 1		Transport type : IB
 Connection type : RC		Using SRQ      : OFF
 PCIe relax order: ON		Lock-free      : OFF
 ibv_wr* API     : ON		Using Enhanced Reorder      : OFF
 TX depth        : 128
 CQ Moderation   : 1
 CQE Poll Batch  : Dynamic
 Mtu             : 1024[B]
 Link type       : Ethernet
 GID index       : 3
 Max inline data : 0[B]
 rdma_cm QPs	 : OFF
 Data ex. method : Ethernet
---------------------------------------------------------------------------------------
 local address: LID 0000 QPN 0x02ad PSN 0x3c21a1 RKey 0x054400 VAddr 0x007fa65c5bf000
 GID: 00:00:00:00:00:00:00:00:00:00:255:255:10:01:00:01
 remote address: LID 0000 QPN 0x02aa PSN 0xd349f7 RKey 0x054400 VAddr 0x007fee92398000
 GID: 00:00:00:00:00:00:00:00:00:00:255:255:10:01:00:02
---------------------------------------------------------------------------------------
 #bytes     #iterations    BW peak[Gb/sec]    BW average[Gb/sec]   MsgRate[Mpps]
 65536      434382           0.00               3.25   		     0.006205
---------------------------------------------------------------------------------------
