 WARNING: BW peak won't be measured in this run.
---------------------------------------------------------------------------------------
                    RDMA_Write BW Test
 Dual-port       : OFF		Device         : mlx5_6
 Number of qps   : 64		Transport type : IB
 Connection type : RC		Using SRQ      : OFF
 PCIe relax order: ON		Lock-free      : OFF
 ibv_wr* API     : ON		Using Enhanced Reorder      : OFF
 TX depth        : 128
 CQ Moderation   : 1
 CQE Poll Batch  : Dynamic
 Mtu             : 1024[B]
 Link type       : Ethernet
 GID index       : 3
 Max inline data : 0[B]
 rdma_cm QPs	 : OFF
 Data ex. method : Ethernet
---------------------------------------------------------------------------------------
 local address: LID 0000 QPN 0x1906 PSN 0xe97527 RKey 0x054400 VAddr 0x007f2a09594000
 GID: 00:00:00:00:00:00:00:00:00:00:255:255:10:01:00:01
 local address: LID 0000 QPN 0x1907 PSN 0x635585 RKey 0x054400 VAddr 0x007f2a095a4000
 GID: 00:00:00:00:00:00:00:00:00:00:255:255:10:01:00:01
 local address: LID 0000 QPN 0x1908 PSN 0x2e68eb RKey 0x054400 VAddr 0x007f2a095b4000
 GID: 00:00:00:00:00:00:00:00:00:00:255:255:10:01:00:01
 local address: LID 0000 QPN 0x1909 PSN 0xd06d5e RKey 0x054400 VAddr 0x007f2a095c4000
 GID: 00:00:00:00:00:00:00:00:00:00:255:255:10:01:00:01
 local address: LID 0000 QPN 0x190a PSN 0x1abb19 RKey 0x054400 VAddr 0x007f2a095d4000
 GID: 00:00:00:00:00:00:00:00:00:00:255:255:10:01:00:01
 local address: LID 0000 QPN 0x190b PSN 0x1e7507 RKey 0x054400 VAddr 0x007f2a095e4000
 GID: 00:00:00:00:00:00:00:00:00:00:255:255:10:01:00:01
 local address: LID 0000 QPN 0x190c PSN 0x79df5a RKey 0x054400 VAddr 0x007f2a095f4000
 GID: 00:00:00:00:00:00:00:00:00:00:255:255:10:01:00:01
 local address: LID 0000 QPN 0x190d PSN 0x4c314b RKey 0x054400 VAddr 0x007f2a09604000
 GID: 00:00:00:00:00:00:00:00:00:00:255:255:10:01:00:01
 local address: LID 0000 QPN 0x190e PSN 0xad3893 RKey 0x054400 VAddr 0x007f2a09614000
 GID: 00:00:00:00:00:00:00:00:00:00:255:255:10:01:00:01
 local address: LID 0000 QPN 0x190f PSN 0xdfa619 RKey 0x054400 VAddr 0x007f2a09624000
 GID: 00:00:00:00:00:00:00:00:00:00:255:255:10:01:00:01
 local address: LID 0000 QPN 0x1910 PSN 0x916449 RKey 0x054400 VAddr 0x007f2a09634000
 GID: 00:00:00:00:00:00:00:00:00:00:255:255:10:01:00:01
 local address: LID 0000 QPN 0x1911 PSN 0x8809a8 RKey 0x054400 VAddr 0x007f2a09644000
 GID: 00:00:00:00:00:00:00:00:00:00:255:255:10:01:00:01
 local address: LID 0000 QPN 0x1912 PSN 0x81fa74 RKey 0x054400 VAddr 0x007f2a09654000
 GID: 00:00:00:00:00:00:00:00:00:00:255:255:10:01:00:01
 local address: LID 0000 QPN 0x1913 PSN 0x97c511 RKey 0x054400 VAddr 0x007f2a09664000
 GID: 00:00:00:00:00:00:00:00:00:00:255:255:10:01:00:01
 local address: LID 0000 QPN 0x1914 PSN 0xd7b2fb RKey 0x054400 VAddr 0x007f2a09674000
 GID: 00:00:00:00:00:00:00:00:00:00:255:255:10:01:00:01
 local address: LID 0000 QPN 0x1915 PSN 0x5286a3 RKey 0x054400 VAddr 0x007f2a09684000
 GID: 00:00:00:00:00:00:00:00:00:00:255:255:10:01:00:01
 local address: LID 0000 QPN 0x1916 PSN 0x82407c RKey 0x054400 VAddr 0x007f2a09694000
 GID: 00:00:00:00:00:00:00:00:00:00:255:255:10:01:00:01
 local address: LID 0000 QPN 0x1917 PSN 0x187486 RKey 0x054400 VAddr 0x007f2a096a4000
 GID: 00:00:00:00:00:00:00:00:00:00:255:255:10:01:00:01
 local address: LID 0000 QPN 0x1918 PSN 0x853fe9 RKey 0x054400 VAddr 0x007f2a096b4000
 GID: 00:00:00:00:00:00:00:00:00:00:255:255:10:01:00:01
 local address: LID 0000 QPN 0x1919 PSN 0x35f522 RKey 0x054400 VAddr 0x007f2a096c4000
 GID: 00:00:00:00:00:00:00:00:00:00:255:255:10:01:00:01
 local address: LID 0000 QPN 0x191a PSN 0x5844db RKey 0x054400 VAddr 0x007f2a096d4000
 GID: 00:00:00:00:00:00:00:00:00:00:255:255:10:01:00:01
 local address: LID 0000 QPN 0x191b PSN 0x3f0f0e RKey 0x054400 VAddr 0x007f2a096e4000
 GID: 00:00:00:00:00:00:00:00:00:00:255:255:10:01:00:01
 local address: LID 0000 QPN 0x191c PSN 0xfd745a RKey 0x054400 VAddr 0x007f2a096f4000
 GID: 00:00:00:00:00:00:00:00:00:00:255:255:10:01:00:01
 local address: LID 0000 QPN 0x191d PSN 0x471b5a RKey 0x054400 VAddr 0x007f2a09704000
 GID: 00:00:00:00:00:00:00:00:00:00:255:255:10:01:00:01
 local address: LID 0000 QPN 0x191e PSN 0x78b253 RKey 0x054400 VAddr 0x007f2a09714000
 GID: 00:00:00:00:00:00:00:00:00:00:255:255:10:01:00:01
 local address: LID 0000 QPN 0x191f PSN 0xddb322 RKey 0x054400 VAddr 0x007f2a09724000
 GID: 00:00:00:00:00:00:00:00:00:00:255:255:10:01:00:01
 local address: LID 0000 QPN 0x1920 PSN 0xdc99b RKey 0x054400 VAddr 0x007f2a09734000
 GID: 00:00:00:00:00:00:00:00:00:00:255:255:10:01:00:01
 local address: LID 0000 QPN 0x1921 PSN 0xf1ec81 RKey 0x054400 VAddr 0x007f2a09744000
 GID: 00:00:00:00:00:00:00:00:00:00:255:255:10:01:00:01
 local address: LID 0000 QPN 0x1922 PSN 0xd5130c RKey 0x054400 VAddr 0x007f2a09754000
 GID: 00:00:00:00:00:00:00:00:00:00:255:255:10:01:00:01
 local address: LID 0000 QPN 0x1923 PSN 0x75eb1e RKey 0x054400 VAddr 0x007f2a09764000
 GID: 00:00:00:00:00:00:00:00:00:00:255:255:10:01:00:01
 local address: LID 0000 QPN 0x1924 PSN 0x311ddc RKey 0x054400 VAddr 0x007f2a09774000
 GID: 00:00:00:00:00:00:00:00:00:00:255:255:10:01:00:01
 local address: LID 0000 QPN 0x1925 PSN 0xd8859b RKey 0x054400 VAddr 0x007f2a09784000
 GID: 00:00:00:00:00:00:00:00:00:00:255:255:10:01:00:01
 local address: LID 0000 QPN 0x1926 PSN 0x8a21f4 RKey 0x054400 VAddr 0x007f2a09794000
 GID: 00:00:00:00:00:00:00:00:00:00:255:255:10:01:00:01
 local address: LID 0000 QPN 0x1927 PSN 0x4e9365 RKey 0x054400 VAddr 0x007f2a097a4000
 GID: 00:00:00:00:00:00:00:00:00:00:255:255:10:01:00:01
 local address: LID 0000 QPN 0x1928 PSN 0xfd3ca7 RKey 0x054400 VAddr 0x007f2a097b4000
 GID: 00:00:00:00:00:00:00:00:00:00:255:255:10:01:00:01
 local address: LID 0000 QPN 0x1929 PSN 0x8be571 RKey 0x054400 VAddr 0x007f2a097c4000
 GID: 00:00:00:00:00:00:00:00:00:00:255:255:10:01:00:01
 local address: LID 0000 QPN 0x192a PSN 0xe188d0 RKey 0x054400 VAddr 0x007f2a097d4000
 GID: 00:00:00:00:00:00:00:00:00:00:255:255:10:01:00:01
 local address: LID 0000 QPN 0x192b PSN 0x26c0a2 RKey 0x054400 VAddr 0x007f2a097e4000
 GID: 00:00:00:00:00:00:00:00:00:00:255:255:10:01:00:01
 local address: LID 0000 QPN 0x192c PSN 0x634fd RKey 0x054400 VAddr 0x007f2a097f4000
 GID: 00:00:00:00:00:00:00:00:00:00:255:255:10:01:00:01
 local address: LID 0000 QPN 0x192d PSN 0xaaf1a1 RKey 0x054400 VAddr 0x007f2a09804000
 GID: 00:00:00:00:00:00:00:00:00:00:255:255:10:01:00:01
 local address: LID 0000 QPN 0x192e PSN 0xad34e4 RKey 0x054400 VAddr 0x007f2a09814000
 GID: 00:00:00:00:00:00:00:00:00:00:255:255:10:01:00:01
 local address: LID 0000 QPN 0x192f PSN 0xe18829 RKey 0x054400 VAddr 0x007f2a09824000
 GID: 00:00:00:00:00:00:00:00:00:00:255:255:10:01:00:01
 local address: LID 0000 QPN 0x1930 PSN 0x62b70f RKey 0x054400 VAddr 0x007f2a09834000
 GID: 00:00:00:00:00:00:00:00:00:00:255:255:10:01:00:01
 local address: LID 0000 QPN 0x1931 PSN 0xeb7ace RKey 0x054400 VAddr 0x007f2a09844000
 GID: 00:00:00:00:00:00:00:00:00:00:255:255:10:01:00:01
 local address: LID 0000 QPN 0x1932 PSN 0xfb0c3b RKey 0x054400 VAddr 0x007f2a09854000
 GID: 00:00:00:00:00:00:00:00:00:00:255:255:10:01:00:01
 local address: LID 0000 QPN 0x1933 PSN 0x22ac7b RKey 0x054400 VAddr 0x007f2a09864000
 GID: 00:00:00:00:00:00:00:00:00:00:255:255:10:01:00:01
 local address: LID 0000 QPN 0x1934 PSN 0x365396 RKey 0x054400 VAddr 0x007f2a09874000
 GID: 00:00:00:00:00:00:00:00:00:00:255:255:10:01:00:01
 local address: LID 0000 QPN 0x1935 PSN 0xda11f7 RKey 0x054400 VAddr 0x007f2a09884000
 GID: 00:00:00:00:00:00:00:00:00:00:255:255:10:01:00:01
 local address: LID 0000 QPN 0x1936 PSN 0x26d94 RKey 0x054400 VAddr 0x007f2a09894000
 GID: 00:00:00:00:00:00:00:00:00:00:255:255:10:01:00:01
 local address: LID 0000 QPN 0x1937 PSN 0x124fe8 RKey 0x054400 VAddr 0x007f2a098a4000
 GID: 00:00:00:00:00:00:00:00:00:00:255:255:10:01:00:01
 local address: LID 0000 QPN 0x1938 PSN 0xda16cf RKey 0x054400 VAddr 0x007f2a098b4000
 GID: 00:00:00:00:00:00:00:00:00:00:255:255:10:01:00:01
 local address: LID 0000 QPN 0x1939 PSN 0xd8a0e6 RKey 0x054400 VAddr 0x007f2a098c4000
 GID: 00:00:00:00:00:00:00:00:00:00:255:255:10:01:00:01
 local address: LID 0000 QPN 0x193a PSN 0x9984e9 RKey 0x054400 VAddr 0x007f2a098d4000
 GID: 00:00:00:00:00:00:00:00:00:00:255:255:10:01:00:01
 local address: LID 0000 QPN 0x193b PSN 0x7def4f RKey 0x054400 VAddr 0x007f2a098e4000
 GID: 00:00:00:00:00:00:00:00:00:00:255:255:10:01:00:01
 local address: LID 0000 QPN 0x193c PSN 0x99917 RKey 0x054400 VAddr 0x007f2a098f4000
 GID: 00:00:00:00:00:00:00:00:00:00:255:255:10:01:00:01
 local address: LID 0000 QPN 0x193d PSN 0x30d7bf RKey 0x054400 VAddr 0x007f2a09904000
 GID: 00:00:00:00:00:00:00:00:00:00:255:255:10:01:00:01
 local address: LID 0000 QPN 0x193e PSN 0x171e9d RKey 0x054400 VAddr 0x007f2a09914000
 GID: 00:00:00:00:00:00:00:00:00:00:255:255:10:01:00:01
 local address: LID 0000 QPN 0x193f PSN 0x6f0701 RKey 0x054400 VAddr 0x007f2a09924000
 GID: 00:00:00:00:00:00:00:00:00:00:255:255:10:01:00:01
 local address: LID 0000 QPN 0x1940 PSN 0x823f1e RKey 0x054400 VAddr 0x007f2a09934000
 GID: 00:00:00:00:00:00:00:00:00:00:255:255:10:01:00:01
 local address: LID 0000 QPN 0x1941 PSN 0xea1b8 RKey 0x054400 VAddr 0x007f2a09944000
 GID: 00:00:00:00:00:00:00:00:00:00:255:255:10:01:00:01
 local address: LID 0000 QPN 0x1942 PSN 0xe64341 RKey 0x054400 VAddr 0x007f2a09954000
 GID: 00:00:00:00:00:00:00:00:00:00:255:255:10:01:00:01
 local address: LID 0000 QPN 0x1943 PSN 0x33e3c4 RKey 0x054400 VAddr 0x007f2a09964000
 GID: 00:00:00:00:00:00:00:00:00:00:255:255:10:01:00:01
 local address: LID 0000 QPN 0x1944 PSN 0x6403cb RKey 0x054400 VAddr 0x007f2a09974000
 GID: 00:00:00:00:00:00:00:00:00:00:255:255:10:01:00:01
 local address: LID 0000 QPN 0x1945 PSN 0x7f2e7 RKey 0x054400 VAddr 0x007f2a09984000
 GID: 00:00:00:00:00:00:00:00:00:00:255:255:10:01:00:01
 remote address: LID 0000 QPN 0x1901 PSN 0x51300e RKey 0x054400 VAddr 0x007ff21e7ac000
 GID: 00:00:00:00:00:00:00:00:00:00:255:255:10:01:00:02
 remote address: LID 0000 QPN 0x1902 PSN 0xe3e717 RKey 0x054400 VAddr 0x007ff21e7bc000
 GID: 00:00:00:00:00:00:00:00:00:00:255:255:10:01:00:02
 remote address: LID 0000 QPN 0x1903 PSN 0xd71cdf RKey 0x054400 VAddr 0x007ff21e7cc000
 GID: 00:00:00:00:00:00:00:00:00:00:255:255:10:01:00:02
 remote address: LID 0000 QPN 0x1904 PSN 0xcbd10b RKey 0x054400 VAddr 0x007ff21e7dc000
 GID: 00:00:00:00:00:00:00:00:00:00:255:255:10:01:00:02
 remote address: LID 0000 QPN 0x1905 PSN 0xa40cf9 RKey 0x054400 VAddr 0x007ff21e7ec000
 GID: 00:00:00:00:00:00:00:00:00:00:255:255:10:01:00:02
 remote address: LID 0000 QPN 0x1906 PSN 0x2f1e31 RKey 0x054400 VAddr 0x007ff21e7fc000
 GID: 00:00:00:00:00:00:00:00:00:00:255:255:10:01:00:02
 remote address: LID 0000 QPN 0x1907 PSN 0xcf2f06 RKey 0x054400 VAddr 0x007ff21e80c000
 GID: 00:00:00:00:00:00:00:00:00:00:255:255:10:01:00:02
 remote address: LID 0000 QPN 0x1908 PSN 0x4d3251 RKey 0x054400 VAddr 0x007ff21e81c000
 GID: 00:00:00:00:00:00:00:00:00:00:255:255:10:01:00:02
 remote address: LID 0000 QPN 0x1909 PSN 0x1798eb RKey 0x054400 VAddr 0x007ff21e82c000
 GID: 00:00:00:00:00:00:00:00:00:00:255:255:10:01:00:02
 remote address: LID 0000 QPN 0x190a PSN 0x63485a RKey 0x054400 VAddr 0x007ff21e83c000
 GID: 00:00:00:00:00:00:00:00:00:00:255:255:10:01:00:02
 remote address: LID 0000 QPN 0x190b PSN 0xc6532c RKey 0x054400 VAddr 0x007ff21e84c000
 GID: 00:00:00:00:00:00:00:00:00:00:255:255:10:01:00:02
 remote address: LID 0000 QPN 0x190c PSN 0x6c2586 RKey 0x054400 VAddr 0x007ff21e85c000
 GID: 00:00:00:00:00:00:00:00:00:00:255:255:10:01:00:02
 remote address: LID 0000 QPN 0x190d PSN 0xdcd8c4 RKey 0x054400 VAddr 0x007ff21e86c000
 GID: 00:00:00:00:00:00:00:00:00:00:255:255:10:01:00:02
 remote address: LID 0000 QPN 0x190e PSN 0x4dd9ea RKey 0x054400 VAddr 0x007ff21e87c000
 GID: 00:00:00:00:00:00:00:00:00:00:255:255:10:01:00:02
 remote address: LID 0000 QPN 0x190f PSN 0x9bfc96 RKey 0x054400 VAddr 0x007ff21e88c000
 GID: 00:00:00:00:00:00:00:00:00:00:255:255:10:01:00:02
 remote address: LID 0000 QPN 0x1910 PSN 0x6192d8 RKey 0x054400 VAddr 0x007ff21e89c000
 GID: 00:00:00:00:00:00:00:00:00:00:255:255:10:01:00:02
 remote address: LID 0000 QPN 0x1911 PSN 0x348444 RKey 0x054400 VAddr 0x007ff21e8ac000
 GID: 00:00:00:00:00:00:00:00:00:00:255:255:10:01:00:02
 remote address: LID 0000 QPN 0x1912 PSN 0xce8d77 RKey 0x054400 VAddr 0x007ff21e8bc000
 GID: 00:00:00:00:00:00:00:00:00:00:255:255:10:01:00:02
 remote address: LID 0000 QPN 0x1913 PSN 0x18d7bd RKey 0x054400 VAddr 0x007ff21e8cc000
 GID: 00:00:00:00:00:00:00:00:00:00:255:255:10:01:00:02
 remote address: LID 0000 QPN 0x1914 PSN 0x6f9f2f RKey 0x054400 VAddr 0x007ff21e8dc000
 GID: 00:00:00:00:00:00:00:00:00:00:255:255:10:01:00:02
 remote address: LID 0000 QPN 0x1915 PSN 0x1fcd9a RKey 0x054400 VAddr 0x007ff21e8ec000
 GID: 00:00:00:00:00:00:00:00:00:00:255:255:10:01:00:02
 remote address: LID 0000 QPN 0x1916 PSN 0x9a5598 RKey 0x054400 VAddr 0x007ff21e8fc000
 GID: 00:00:00:00:00:00:00:00:00:00:255:255:10:01:00:02
 remote address: LID 0000 QPN 0x1917 PSN 0xfc05e6 RKey 0x054400 VAddr 0x007ff21e90c000
 GID: 00:00:00:00:00:00:00:00:00:00:255:255:10:01:00:02
 remote address: LID 0000 QPN 0x1918 PSN 0x868c0 RKey 0x054400 VAddr 0x007ff21e91c000
 GID: 00:00:00:00:00:00:00:00:00:00:255:255:10:01:00:02
 remote address: LID 0000 QPN 0x1919 PSN 0xe1d78b RKey 0x054400 VAddr 0x007ff21e92c000
 GID: 00:00:00:00:00:00:00:00:00:00:255:255:10:01:00:02
 remote address: LID 0000 QPN 0x191a PSN 0x3c68c4 RKey 0x054400 VAddr 0x007ff21e93c000
 GID: 00:00:00:00:00:00:00:00:00:00:255:255:10:01:00:02
 remote address: LID 0000 QPN 0x191b PSN 0x72385f RKey 0x054400 VAddr 0x007ff21e94c000
 GID: 00:00:00:00:00:00:00:00:00:00:255:255:10:01:00:02
 remote address: LID 0000 QPN 0x191c PSN 0x72babf RKey 0x054400 VAddr 0x007ff21e95c000
 GID: 00:00:00:00:00:00:00:00:00:00:255:255:10:01:00:02
 remote address: LID 0000 QPN 0x191d PSN 0xaa243b RKey 0x054400 VAddr 0x007ff21e96c000
 GID: 00:00:00:00:00:00:00:00:00:00:255:255:10:01:00:02
 remote address: LID 0000 QPN 0x191e PSN 0x68e958 RKey 0x054400 VAddr 0x007ff21e97c000
 GID: 00:00:00:00:00:00:00:00:00:00:255:255:10:01:00:02
 remote address: LID 0000 QPN 0x191f PSN 0x110557 RKey 0x054400 VAddr 0x007ff21e98c000
 GID: 00:00:00:00:00:00:00:00:00:00:255:255:10:01:00:02
 remote address: LID 0000 QPN 0x1920 PSN 0x10a31 RKey 0x054400 VAddr 0x007ff21e99c000
 GID: 00:00:00:00:00:00:00:00:00:00:255:255:10:01:00:02
 remote address: LID 0000 QPN 0x1921 PSN 0xbae69c RKey 0x054400 VAddr 0x007ff21e9ac000
 GID: 00:00:00:00:00:00:00:00:00:00:255:255:10:01:00:02
 remote address: LID 0000 QPN 0x1922 PSN 0x2acbb7 RKey 0x054400 VAddr 0x007ff21e9bc000
 GID: 00:00:00:00:00:00:00:00:00:00:255:255:10:01:00:02
 remote address: LID 0000 QPN 0x1923 PSN 0x7c705b RKey 0x054400 VAddr 0x007ff21e9cc000
 GID: 00:00:00:00:00:00:00:00:00:00:255:255:10:01:00:02
 remote address: LID 0000 QPN 0x1924 PSN 0xa22ddf RKey 0x054400 VAddr 0x007ff21e9dc000
 GID: 00:00:00:00:00:00:00:00:00:00:255:255:10:01:00:02
 remote address: LID 0000 QPN 0x1925 PSN 0x62c070 RKey 0x054400 VAddr 0x007ff21e9ec000
 GID: 00:00:00:00:00:00:00:00:00:00:255:255:10:01:00:02
 remote address: LID 0000 QPN 0x1926 PSN 0x2ebc8b RKey 0x054400 VAddr 0x007ff21e9fc000
 GID: 00:00:00:00:00:00:00:00:00:00:255:255:10:01:00:02
 remote address: LID 0000 QPN 0x1927 PSN 0x24069 RKey 0x054400 VAddr 0x007ff21ea0c000
 GID: 00:00:00:00:00:00:00:00:00:00:255:255:10:01:00:02
 remote address: LID 0000 QPN 0x1928 PSN 0x586366 RKey 0x054400 VAddr 0x007ff21ea1c000
 GID: 00:00:00:00:00:00:00:00:00:00:255:255:10:01:00:02
 remote address: LID 0000 QPN 0x1929 PSN 0xd016fc RKey 0x054400 VAddr 0x007ff21ea2c000
 GID: 00:00:00:00:00:00:00:00:00:00:255:255:10:01:00:02
 remote address: LID 0000 QPN 0x192a PSN 0x86e92a RKey 0x054400 VAddr 0x007ff21ea3c000
 GID: 00:00:00:00:00:00:00:00:00:00:255:255:10:01:00:02
 remote address: LID 0000 QPN 0x192b PSN 0x565db2 RKey 0x054400 VAddr 0x007ff21ea4c000
 GID: 00:00:00:00:00:00:00:00:00:00:255:255:10:01:00:02
 remote address: LID 0000 QPN 0x192c PSN 0x1a536c RKey 0x054400 VAddr 0x007ff21ea5c000
 GID: 00:00:00:00:00:00:00:00:00:00:255:255:10:01:00:02
 remote address: LID 0000 QPN 0x192d PSN 0xbcc84b RKey 0x054400 VAddr 0x007ff21ea6c000
 GID: 00:00:00:00:00:00:00:00:00:00:255:255:10:01:00:02
 remote address: LID 0000 QPN 0x192e PSN 0xdfac15 RKey 0x054400 VAddr 0x007ff21ea7c000
 GID: 00:00:00:00:00:00:00:00:00:00:255:255:10:01:00:02
 remote Conflicting CPU frequency values detected: 2100.000000 != 2656.121000. CPU Frequency is not max.
address: LID 0000 QPN 0x192f PSN 0xd510f1 RKey 0x054400 VAddr 0x007ff21ea8c000
 GID: 00:00:00:00:00:00:00:00:00:00:255:255:10:01:00:02
 remote address: LID 0000 QPN 0x1930 PSN 0xeae6ed RKey 0x054400 VAddr 0x007ff21ea9c000
 GID: 00:00:00:00:00:00:00:00:00:00:255:255:10:01:00:02
 remote address: LID 0000 QPN 0x1931 PSN 0xd3ab1b RKey 0x054400 VAddr 0x007ff21eaac000
 GID: 00:00:00:00:00:00:00:00:00:00:255:255:10:01:00:02
 remote address: LID 0000 QPN 0x1932 PSN 0x5b3f9a RKey 0x054400 VAddr 0x007ff21eabc000
 GID: 00:00:00:00:00:00:00:00:00:00:255:255:10:01:00:02
 remote address: LID 0000 QPN 0x1933 PSN 0xe39e63 RKey 0x054400 VAddr 0x007ff21eacc000
 GID: 00:00:00:00:00:00:00:00:00:00:255:255:10:01:00:02
 remote address: LID 0000 QPN 0x1934 PSN 0xafdfb3 RKey 0x054400 VAddr 0x007ff21eadc000
 GID: 00:00:00:00:00:00:00:00:00:00:255:255:10:01:00:02
 remote address: LID 0000 QPN 0x1935 PSN 0x1de369 RKey 0x054400 VAddr 0x007ff21eaec000
 GID: 00:00:00:00:00:00:00:00:00:00:255:255:10:01:00:02
 remote address: LID 0000 QPN 0x1936 PSN 0x4ab899 RKey 0x054400 VAddr 0x007ff21eafc000
 GID: 00:00:00:00:00:00:00:00:00:00:255:255:10:01:00:02
 remote address: LID 0000 QPN 0x1937 PSN 0xd55662 RKey 0x054400 VAddr 0x007ff21eb0c000
 GID: 00:00:00:00:00:00:00:00:00:00:255:255:10:01:00:02
 remote address: LID 0000 QPN 0x1938 PSN 0x9c45e4 RKey 0x054400 VAddr 0x007ff21eb1c000
 GID: 00:00:00:00:00:00:00:00:00:00:255:255:10:01:00:02
 remote address: LID 0000 QPN 0x1939 PSN 0x5cb594 RKey 0x054400 VAddr 0x007ff21eb2c000
 GID: 00:00:00:00:00:00:00:00:00:00:255:255:10:01:00:02
 remote address: LID 0000 QPN 0x193a PSN 0xdcab63 RKey 0x054400 VAddr 0x007ff21eb3c000
 GID: 00:00:00:00:00:00:00:00:00:00:255:255:10:01:00:02
 remote address: LID 0000 QPN 0x193b PSN 0xc2d5a2 RKey 0x054400 VAddr 0x007ff21eb4c000
 GID: 00:00:00:00:00:00:00:00:00:00:255:255:10:01:00:02
 remote address: LID 0000 QPN 0x193c PSN 0x2dcb5 RKey 0x054400 VAddr 0x007ff21eb5c000
 GID: 00:00:00:00:00:00:00:00:00:00:255:255:10:01:00:02
 remote address: LID 0000 QPN 0x193d PSN 0x952230 RKey 0x054400 VAddr 0x007ff21eb6c000
 GID: 00:00:00:00:00:00:00:00:00:00:255:255:10:01:00:02
 remote address: LID 0000 QPN 0x193e PSN 0xbdfcbe RKey 0x054400 VAddr 0x007ff21eb7c000
 GID: 00:00:00:00:00:00:00:00:00:00:255:255:10:01:00:02
 remote address: LID 0000 QPN 0x193f PSN 0xa2cf06 RKey 0x054400 VAddr 0x007ff21eb8c000
 GID: 00:00:00:00:00:00:00:00:00:00:255:255:10:01:00:02
 remote address: LID 0000 QPN 0x1940 PSN 0x35f03d RKey 0x054400 VAddr 0x007ff21eb9c000
 GID: 00:00:00:00:00:00:00:00:00:00:255:255:10:01:00:02
---------------------------------------------------------------------------------------
 #bytes     #iterations    BW peak[Gb/sec]    BW average[Gb/sec]   MsgRate[Mpps]
 65536      1507833          0.00               34.37  		     0.065557
---------------------------------------------------------------------------------------
