 WARNING: BW peak won't be measured in this run.
---------------------------------------------------------------------------------------
                    RDMA_Write BW Test
 Dual-port       : OFF		Device         : mlx5_9
 Number of qps   : 256		Transport type : IB
 Connection type : RC		Using SRQ      : OFF
 PCIe relax order: ON		Lock-free      : OFF
 ibv_wr* API     : ON		Using Enhanced Reorder      : OFF
 TX depth        : 128
 CQ Moderation   : 1
 CQE Poll Batch  : Dynamic
 Mtu             : 1024[B]
 Link type       : Ethernet
 GID index       : 3
 Max inline data : 0[B]
 rdma_cm QPs	 : OFF
 Data ex. method : Ethernet
---------------------------------------------------------------------------------------
 local address: LID 0000 QPN 0x06b4 PSN 0x1e2371 RKey 0x00c500 VAddr 0x007f4d7936a000
 GID: 00:00:00:00:00:00:00:00:00:00:255:255:10:01:03:01
 local address: LID 0000 QPN 0x06b5 PSN 0xa00707 RKey 0x00c500 VAddr 0x007f4d7937a000
 GID: 00:00:00:00:00:00:00:00:00:00:255:255:10:01:03:01
 local address: LID 0000 QPN 0x06b6 PSN 0x58c945 RKey 0x00c500 VAddr 0x007f4d7938a000
 GID: 00:00:00:00:00:00:00:00:00:00:255:255:10:01:03:01
 local address: LID 0000 QPN 0x06b7 PSN 0x644fb0 RKey 0x00c500 VAddr 0x007f4d7939a000
 GID: 00:00:00:00:00:00:00:00:00:00:255:255:10:01:03:01
 local address: LID 0000 QPN 0x06b8 PSN 0xffc403 RKey 0x00c500 VAddr 0x007f4d793aa000
 GID: 00:00:00:00:00:00:00:00:00:00:255:255:10:01:03:01
 local address: LID 0000 QPN 0x06b9 PSN 0x5d7ca9 RKey 0x00c500 VAddr 0x007f4d793ba000
 GID: 00:00:00:00:00:00:00:00:00:00:255:255:10:01:03:01
 local address: LID 0000 QPN 0x06ba PSN 0x83ab54 RKey 0x00c500 VAddr 0x007f4d793ca000
 GID: 00:00:00:00:00:00:00:00:00:00:255:255:10:01:03:01
 local address: LID 0000 QPN 0x06bb PSN 0x32a6bd RKey 0x00c500 VAddr 0x007f4d793da000
 GID: 00:00:00:00:00:00:00:00:00:00:255:255:10:01:03:01
 local address: LID 0000 QPN 0x06bc PSN 0x69a61d RKey 0x00c500 VAddr 0x007f4d793ea000
 GID: 00:00:00:00:00:00:00:00:00:00:255:255:10:01:03:01
 local address: LID 0000 QPN 0x06bd PSN 0xbc45db RKey 0x00c500 VAddr 0x007f4d793fa000
 GID: 00:00:00:00:00:00:00:00:00:00:255:255:10:01:03:01
 local address: LID 0000 QPN 0x06be PSN 0xe1b5e3 RKey 0x00c500 VAddr 0x007f4d7940a000
 GID: 00:00:00:00:00:00:00:00:00:00:255:255:10:01:03:01
 local address: LID 0000 QPN 0x06bf PSN 0x3243a RKey 0x00c500 VAddr 0x007f4d7941a000
 GID: 00:00:00:00:00:00:00:00:00:00:255:255:10:01:03:01
 local address: LID 0000 QPN 0x06c0 PSN 0x63769e RKey 0x00c500 VAddr 0x007f4d7942a000
 GID: 00:00:00:00:00:00:00:00:00:00:255:255:10:01:03:01
 local address: LID 0000 QPN 0x06c1 PSN 0xdf5ef3 RKey 0x00c500 VAddr 0x007f4d7943a000
 GID: 00:00:00:00:00:00:00:00:00:00:255:255:10:01:03:01
 local address: LID 0000 QPN 0x06c2 PSN 0xed4435 RKey 0x00c500 VAddr 0x007f4d7944a000
 GID: 00:00:00:00:00:00:00:00:00:00:255:255:10:01:03:01
 local address: LID 0000 QPN 0x06c3 PSN 0x737855 RKey 0x00c500 VAddr 0x007f4d7945a000
 GID: 00:00:00:00:00:00:00:00:00:00:255:255:10:01:03:01
 local address: LID 0000 QPN 0x06c4 PSN 0xc71546 RKey 0x00c500 VAddr 0x007f4d7946a000
 GID: 00:00:00:00:00:00:00:00:00:00:255:255:10:01:03:01
 local address: LID 0000 QPN 0x06c5 PSN 0xcc8a88 RKey 0x00c500 VAddr 0x007f4d7947a000
 GID: 00:00:00:00:00:00:00:00:00:00:255:255:10:01:03:01
 local address: LID 0000 QPN 0x06c6 PSN 0xd06ac3 RKey 0x00c500 VAddr 0x007f4d7948a000
 GID: 00:00:00:00:00:00:00:00:00:00:255:255:10:01:03:01
 local address: LID 0000 QPN 0x06c7 PSN 0xaf0ff4 RKey 0x00c500 VAddr 0x007f4d7949a000
 GID: 00:00:00:00:00:00:00:00:00:00:255:255:10:01:03:01
 local address: LID 0000 QPN 0x06c8 PSN 0x995c45 RKey 0x00c500 VAddr 0x007f4d794aa000
 GID: 00:00:00:00:00:00:00:00:00:00:255:255:10:01:03:01
 local address: LID 0000 QPN 0x06c9 PSN 0xb74330 RKey 0x00c500 VAddr 0x007f4d794ba000
 GID: 00:00:00:00:00:00:00:00:00:00:255:255:10:01:03:01
 local address: LID 0000 QPN 0x06ca PSN 0x5a32d4 RKey 0x00c500 VAddr 0x007f4d794ca000
 GID: 00:00:00:00:00:00:00:00:00:00:255:255:10:01:03:01
 local address: LID 0000 QPN 0x06cb PSN 0x5dd14c RKey 0x00c500 VAddr 0x007f4d794da000
 GID: 00:00:00:00:00:00:00:00:00:00:255:255:10:01:03:01
 local address: LID 0000 QPN 0x06cc PSN 0xb3965d RKey 0x00c500 VAddr 0x007f4d794ea000
 GID: 00:00:00:00:00:00:00:00:00:00:255:255:10:01:03:01
 local address: LID 0000 QPN 0x06cd PSN 0x9c764 RKey 0x00c500 VAddr 0x007f4d794fa000
 GID: 00:00:00:00:00:00:00:00:00:00:255:255:10:01:03:01
 local address: LID 0000 QPN 0x06ce PSN 0xddb5b5 RKey 0x00c500 VAddr 0x007f4d7950a000
 GID: 00:00:00:00:00:00:00:00:00:00:255:255:10:01:03:01
 local address: LID 0000 QPN 0x06cf PSN 0x90cf93 RKey 0x00c500 VAddr 0x007f4d7951a000
 GID: 00:00:00:00:00:00:00:00:00:00:255:255:10:01:03:01
 local address: LID 0000 QPN 0x06d0 PSN 0x15edb6 RKey 0x00c500 VAddr 0x007f4d7952a000
 GID: 00:00:00:00:00:00:00:00:00:00:255:255:10:01:03:01
 local address: LID 0000 QPN 0x06d1 PSN 0x3fc180 RKey 0x00c500 VAddr 0x007f4d7953a000
 GID: 00:00:00:00:00:00:00:00:00:00:255:255:10:01:03:01
 local address: LID 0000 QPN 0x06d2 PSN 0x157196 RKey 0x00c500 VAddr 0x007f4d7954a000
 GID: 00:00:00:00:00:00:00:00:00:00:255:255:10:01:03:01
 local address: LID 0000 QPN 0x06d3 PSN 0xc147cd RKey 0x00c500 VAddr 0x007f4d7955a000
 GID: 00:00:00:00:00:00:00:00:00:00:255:255:10:01:03:01
 local address: LID 0000 QPN 0x06d4 PSN 0x35bd3e RKey 0x00c500 VAddr 0x007f4d7956a000
 GID: 00:00:00:00:00:00:00:00:00:00:255:255:10:01:03:01
 local address: LID 0000 QPN 0x06d5 PSN 0x1c2de7 RKey 0x00c500 VAddr 0x007f4d7957a000
 GID: 00:00:00:00:00:00:00:00:00:00:255:255:10:01:03:01
 local address: LID 0000 QPN 0x06d6 PSN 0x30d201 RKey 0x00c500 VAddr 0x007f4d7958a000
 GID: 00:00:00:00:00:00:00:00:00:00:255:255:10:01:03:01
 local address: LID 0000 QPN 0x06d7 PSN 0xa958c3 RKey 0x00c500 VAddr 0x007f4d7959a000
 GID: 00:00:00:00:00:00:00:00:00:00:255:255:10:01:03:01
 local address: LID 0000 QPN 0x06d8 PSN 0x9f4eba RKey 0x00c500 VAddr 0x007f4d795aa000
 GID: 00:00:00:00:00:00:00:00:00:00:255:255:10:01:03:01
 local address: LID 0000 QPN 0x06d9 PSN 0x7c4144 RKey 0x00c500 VAddr 0x007f4d795ba000
 GID: 00:00:00:00:00:00:00:00:00:00:255:255:10:01:03:01
 local address: LID 0000 QPN 0x06da PSN 0x5785f7 RKey 0x00c500 VAddr 0x007f4d795ca000
 GID: 00:00:00:00:00:00:00:00:00:00:255:255:10:01:03:01
 local address: LID 0000 QPN 0x06db PSN 0x830813 RKey 0x00c500 VAddr 0x007f4d795da000
 GID: 00:00:00:00:00:00:00:00:00:00:255:255:10:01:03:01
 local address: LID 0000 QPN 0x06dc PSN 0xf12f6e RKey 0x00c500 VAddr 0x007f4d795ea000
 GID: 00:00:00:00:00:00:00:00:00:00:255:255:10:01:03:01
 local address: LID 0000 QPN 0x06dd PSN 0x2330eb RKey 0x00c500 VAddr 0x007f4d795fa000
 GID: 00:00:00:00:00:00:00:00:00:00:255:255:10:01:03:01
 local address: LID 0000 QPN 0x06de PSN 0xcddda9 RKey 0x00c500 VAddr 0x007f4d7960a000
 GID: 00:00:00:00:00:00:00:00:00:00:255:255:10:01:03:01
 local address: LID 0000 QPN 0x06df PSN 0x314660 RKey 0x00c500 VAddr 0x007f4d7961a000
 GID: 00:00:00:00:00:00:00:00:00:00:255:255:10:01:03:01
 local address: LID 0000 QPN 0x06e0 PSN 0x2fe565 RKey 0x00c500 VAddr 0x007f4d7962a000
 GID: 00:00:00:00:00:00:00:00:00:00:255:255:10:01:03:01
 local address: LID 0000 QPN 0x06e1 PSN 0x76df5d RKey 0x00c500 VAddr 0x007f4d7963a000
 GID: 00:00:00:00:00:00:00:00:00:00:255:255:10:01:03:01
 local address: LID 0000 QPN 0x06e2 PSN 0x1f09d0 RKey 0x00c500 VAddr 0x007f4d7964a000
 GID: 00:00:00:00:00:00:00:00:00:00:255:255:10:01:03:01
 local address: LID 0000 QPN 0x06e3 PSN 0x1fc4a9 RKey 0x00c500 VAddr 0x007f4d7965a000
 GID: 00:00:00:00:00:00:00:00:00:00:255:255:10:01:03:01
 local address: LID 0000 QPN 0x06e4 PSN 0x536f5e RKey 0x00c500 VAddr 0x007f4d7966a000
 GID: 00:00:00:00:00:00:00:00:00:00:255:255:10:01:03:01
 local address: LID 0000 QPN 0x06e5 PSN 0x638eea RKey 0x00c500 VAddr 0x007f4d7967a000
 GID: 00:00:00:00:00:00:00:00:00:00:255:255:10:01:03:01
 local address: LID 0000 QPN 0x06e6 PSN 0xe5b6a9 RKey 0x00c500 VAddr 0x007f4d7968a000
 GID: 00:00:00:00:00:00:00:00:00:00:255:255:10:01:03:01
 local address: LID 0000 QPN 0x06e7 PSN 0x618cb8 RKey 0x00c500 VAddr 0x007f4d7969a000
 GID: 00:00:00:00:00:00:00:00:00:00:255:255:10:01:03:01
 local address: LID 0000 QPN 0x06e8 PSN 0x5c9953 RKey 0x00c500 VAddr 0x007f4d796aa000
 GID: 00:00:00:00:00:00:00:00:00:00:255:255:10:01:03:01
 local address: LID 0000 QPN 0x06e9 PSN 0x9cdc71 RKey 0x00c500 VAddr 0x007f4d796ba000
 GID: 00:00:00:00:00:00:00:00:00:00:255:255:10:01:03:01
 local address: LID 0000 QPN 0x06ea PSN 0x991c91 RKey 0x00c500 VAddr 0x007f4d796ca000
 GID: 00:00:00:00:00:00:00:00:00:00:255:255:10:01:03:01
 local address: LID 0000 QPN 0x06eb PSN 0xe36eb1 RKey 0x00c500 VAddr 0x007f4d796da000
 GID: 00:00:00:00:00:00:00:00:00:00:255:255:10:01:03:01
 local address: LID 0000 QPN 0x06ec PSN 0xd6cfa7 RKey 0x00c500 VAddr 0x007f4d796ea000
 GID: 00:00:00:00:00:00:00:00:00:00:255:255:10:01:03:01
 local address: LID 0000 QPN 0x06ed PSN 0x546443 RKey 0x00c500 VAddr 0x007f4d796fa000
 GID: 00:00:00:00:00:00:00:00:00:00:255:255:10:01:03:01
 local address: LID 0000 QPN 0x06ee PSN 0xcc4038 RKey 0x00c500 VAddr 0x007f4d7970a000
 GID: 00:00:00:00:00:00:00:00:00:00:255:255:10:01:03:01
 local address: LID 0000 QPN 0x06ef PSN 0x8675ca RKey 0x00c500 VAddr 0x007f4d7971a000
 GID: 00:00:00:00:00:00:00:00:00:00:255:255:10:01:03:01
 local address: LID 0000 QPN 0x06f0 PSN 0xbbaeb RKey 0x00c500 VAddr 0x007f4d7972a000
 GID: 00:00:00:00:00:00:00:00:00:00:255:255:10:01:03:01
 local address: LID 0000 QPN 0x06f1 PSN 0x629326 RKey 0x00c500 VAddr 0x007f4d7973a000
 GID: 00:00:00:00:00:00:00:00:00:00:255:255:10:01:03:01
 local address: LID 0000 QPN 0x06f2 PSN 0x2ebc85 RKey 0x00c500 VAddr 0x007f4d7974a000
 GID: 00:00:00:00:00:00:00:00:00:00:255:255:10:01:03:01
 local address: LID 0000 QPN 0x06f3 PSN 0xc7b619 RKey 0x00c500 VAddr 0x007f4d7975a000
 GID: 00:00:00:00:00:00:00:00:00:00:255:255:10:01:03:01
 local address: LID 0000 QPN 0x06f4 PSN 0xf88e4d RKey 0x00c500 VAddr 0x007f4d7976a000
 GID: 00:00:00:00:00:00:00:00:00:00:255:255:10:01:03:01
 local address: LID 0000 QPN 0x06f5 PSN 0xe44575 RKey 0x00c500 VAddr 0x007f4d7977a000
 GID: 00:00:00:00:00:00:00:00:00:00:255:255:10:01:03:01
 local address: LID 0000 QPN 0x06f6 PSN 0xfa1006 RKey 0x00c500 VAddr 0x007f4d7978a000
 GID: 00:00:00:00:00:00:00:00:00:00:255:255:10:01:03:01
 local address: LID 0000 QPN 0x06f7 PSN 0x5de588 RKey 0x00c500 VAddr 0x007f4d7979a000
 GID: 00:00:00:00:00:00:00:00:00:00:255:255:10:01:03:01
 local address: LID 0000 QPN 0x06f8 PSN 0xe9929d RKey 0x00c500 VAddr 0x007f4d797aa000
 GID: 00:00:00:00:00:00:00:00:00:00:255:255:10:01:03:01
 local address: LID 0000 QPN 0x06f9 PSN 0x97f665 RKey 0x00c500 VAddr 0x007f4d797ba000
 GID: 00:00:00:00:00:00:00:00:00:00:255:255:10:01:03:01
 local address: LID 0000 QPN 0x06fa PSN 0xec0812 RKey 0x00c500 VAddr 0x007f4d797ca000
 GID: 00:00:00:00:00:00:00:00:00:00:255:255:10:01:03:01
 local address: LID 0000 QPN 0x06fb PSN 0xa51e6 RKey 0x00c500 VAddr 0x007f4d797da000
 GID: 00:00:00:00:00:00:00:00:00:00:255:255:10:01:03:01
 local address: LID 0000 QPN 0x06fc PSN 0x1f17fd RKey 0x00c500 VAddr 0x007f4d797ea000
 GID: 00:00:00:00:00:00:00:00:00:00:255:255:10:01:03:01
 local address: LID 0000 QPN 0x06fd PSN 0xef6162 RKey 0x00c500 VAddr 0x007f4d797fa000
 GID: 00:00:00:00:00:00:00:00:00:00:255:255:10:01:03:01
 local address: LID 0000 QPN 0x06fe PSN 0x1e837e RKey 0x00c500 VAddr 0x007f4d7980a000
 GID: 00:00:00:00:00:00:00:00:00:00:255:255:10:01:03:01
 local address: LID 0000 QPN 0x06ff PSN 0xe1e618 RKey 0x00c500 VAddr 0x007f4d7981a000
 GID: 00:00:00:00:00:00:00:00:00:00:255:255:10:01:03:01
 local address: LID 0000 QPN 0x0700 PSN 0xa79825 RKey 0x00c500 VAddr 0x007f4d7982a000
 GID: 00:00:00:00:00:00:00:00:00:00:255:255:10:01:03:01
 local address: LID 0000 QPN 0x0701 PSN 0xf69798 RKey 0x00c500 VAddr 0x007f4d7983a000
 GID: 00:00:00:00:00:00:00:00:00:00:255:255:10:01:03:01
 local address: LID 0000 QPN 0x0702 PSN 0x9666f8 RKey 0x00c500 VAddr 0x007f4d7984a000
 GID: 00:00:00:00:00:00:00:00:00:00:255:255:10:01:03:01
 local address: LID 0000 QPN 0x0703 PSN 0xac106d RKey 0x00c500 VAddr 0x007f4d7985a000
 GID: 00:00:00:00:00:00:00:00:00:00:255:255:10:01:03:01
 local address: LID 0000 QPN 0x0704 PSN 0x4d7350 RKey 0x00c500 VAddr 0x007f4d7986a000
 GID: 00:00:00:00:00:00:00:00:00:00:255:255:10:01:03:01
 local address: LID 0000 QPN 0x0705 PSN 0xffab8d RKey 0x00c500 VAddr 0x007f4d7987a000
 GID: 00:00:00:00:00:00:00:00:00:00:255:255:10:01:03:01
 local address: LID 0000 QPN 0x0706 PSN 0xe73d03 RKey 0x00c500 VAddr 0x007f4d7988a000
 GID: 00:00:00:00:00:00:00:00:00:00:255:255:10:01:03:01
 local address: LID 0000 QPN 0x0707 PSN 0xc07c0f RKey 0x00c500 VAddr 0x007f4d7989a000
 GID: 00:00:00:00:00:00:00:00:00:00:255:255:10:01:03:01
 local address: LID 0000 QPN 0x0708 PSN 0xb351c7 RKey 0x00c500 VAddr 0x007f4d798aa000
 GID: 00:00:00:00:00:00:00:00:00:00:255:255:10:01:03:01
 local address: LID 0000 QPN 0x0709 PSN 0x9234eb RKey 0x00c500 VAddr 0x007f4d798ba000
 GID: 00:00:00:00:00:00:00:00:00:00:255:255:10:01:03:01
 local address: LID 0000 QPN 0x070a PSN 0x669b8f RKey 0x00c500 VAddr 0x007f4d798ca000
 GID: 00:00:00:00:00:00:00:00:00:00:255:255:10:01:03:01
 local address: LID 0000 QPN 0x070b PSN 0x29af94 RKey 0x00c500 VAddr 0x007f4d798da000
 GID: 00:00:00:00:00:00:00:00:00:00:255:255:10:01:03:01
 local address: LID 0000 QPN 0x070c PSN 0x20d408 RKey 0x00c500 VAddr 0x007f4d798ea000
 GID: 00:00:00:00:00:00:00:00:00:00:255:255:10:01:03:01
 local address: LID 0000 QPN 0x070d PSN 0x900e5c RKey 0x00c500 VAddr 0x007f4d798fa000
 GID: 00:00:00:00:00:00:00:00:00:00:255:255:10:01:03:01
 local address: LID 0000 QPN 0x070e PSN 0xc20934 RKey 0x00c500 VAddr 0x007f4d7990a000
 GID: 00:00:00:00:00:00:00:00:00:00:255:255:10:01:03:01
 local address: LID 0000 QPN 0x070f PSN 0xe1c2b4 RKey 0x00c500 VAddr 0x007f4d7991a000
 GID: 00:00:00:00:00:00:00:00:00:00:255:255:10:01:03:01
 local address: LID 0000 QPN 0x0710 PSN 0xb1db93 RKey 0x00c500 VAddr 0x007f4d7992a000
 GID: 00:00:00:00:00:00:00:00:00:00:255:255:10:01:03:01
 local address: LID 0000 QPN 0x0711 PSN 0xf4cf8e RKey 0x00c500 VAddr 0x007f4d7993a000
 GID: 00:00:00:00:00:00:00:00:00:00:255:255:10:01:03:01
 local address: LID 0000 QPN 0x0712 PSN 0xfbbc0b RKey 0x00c500 VAddr 0x007f4d7994a000
 GID: 00:00:00:00:00:00:00:00:00:00:255:255:10:01:03:01
 local address: LID 0000 QPN 0x0713 PSN 0xdf7d16 RKey 0x00c500 VAddr 0x007f4d7995a000
 GID: 00:00:00:00:00:00:00:00:00:00:255:255:10:01:03:01
 local address: LID 0000 QPN 0x0714 PSN 0x355650 RKey 0x00c500 VAddr 0x007f4d7996a000
 GID: 00:00:00:00:00:00:00:00:00:00:255:255:10:01:03:01
 local address: LID 0000 QPN 0x0715 PSN 0x2ba556 RKey 0x00c500 VAddr 0x007f4d7997a000
 GID: 00:00:00:00:00:00:00:00:00:00:255:255:10:01:03:01
 local address: LID 0000 QPN 0x0716 PSN 0x7e2c29 RKey 0x00c500 VAddr 0x007f4d7998a000
 GID: 00:00:00:00:00:00:00:00:00:00:255:255:10:01:03:01
 local address: LID 0000 QPN 0x0717 PSN 0x7d5043 RKey 0x00c500 VAddr 0x007f4d7999a000
 GID: 00:00:00:00:00:00:00:00:00:00:255:255:10:01:03:01
 local address: LID 0000 QPN 0x0718 PSN 0xad16a0 RKey 0x00c500 VAddr 0x007f4d799aa000
 GID: 00:00:00:00:00:00:00:00:00:00:255:255:10:01:03:01
 local address: LID 0000 QPN 0x0719 PSN 0xcf49f0 RKey 0x00c500 VAddr 0x007f4d799ba000
 GID: 00:00:00:00:00:00:00:00:00:00:255:255:10:01:03:01
 local address: LID 0000 QPN 0x071a PSN 0xbc13b9 RKey 0x00c500 VAddr 0x007f4d799ca000
 GID: 00:00:00:00:00:00:00:00:00:00:255:255:10:01:03:01
 local address: LID 0000 QPN 0x071b PSN 0xa8bebc RKey 0x00c500 VAddr 0x007f4d799da000
 GID: 00:00:00:00:00:00:00:00:00:00:255:255:10:01:03:01
 local address: LID 0000 QPN 0x071c PSN 0xaee1fe RKey 0x00c500 VAddr 0x007f4d799ea000
 GID: 00:00:00:00:00:00:00:00:00:00:255:255:10:01:03:01
 local address: LID 0000 QPN 0x071d PSN 0xe1ff64 RKey 0x00c500 VAddr 0x007f4d799fa000
 GID: 00:00:00:00:00:00:00:00:00:00:255:255:10:01:03:01
 local address: LID 0000 QPN 0x071e PSN 0x5216b5 RKey 0x00c500 VAddr 0x007f4d79a0a000
 GID: 00:00:00:00:00:00:00:00:00:00:255:255:10:01:03:01
 local address: LID 0000 QPN 0x071f PSN 0x5fe226 RKey 0x00c500 VAddr 0x007f4d79a1a000
 GID: 00:00:00:00:00:00:00:00:00:00:255:255:10:01:03:01
 local address: LID 0000 QPN 0x0720 PSN 0x7f8052 RKey 0x00c500 VAddr 0x007f4d79a2a000
 GID: 00:00:00:00:00:00:00:00:00:00:255:255:10:01:03:01
 local address: LID 0000 QPN 0x0721 PSN 0x478e05 RKey 0x00c500 VAddr 0x007f4d79a3a000
 GID: 00:00:00:00:00:00:00:00:00:00:255:255:10:01:03:01
 local address: LID 0000 QPN 0x0722 PSN 0x78ec41 RKey 0x00c500 VAddr 0x007f4d79a4a000
 GID: 00:00:00:00:00:00:00:00:00:00:255:255:10:01:03:01
 local address: LID 0000 QPN 0x0723 PSN 0x6be2a3 RKey 0x00c500 VAddr 0x007f4d79a5a000
 GID: 00:00:00:00:00:00:00:00:00:00:255:255:10:01:03:01
 local address: LID 0000 QPN 0x0724 PSN 0x4335d2 RKey 0x00c500 VAddr 0x007f4d79a6a000
 GID: 00:00:00:00:00:00:00:00:00:00:255:255:10:01:03:01
 local address: LID 0000 QPN 0x0725 PSN 0xa96914 RKey 0x00c500 VAddr 0x007f4d79a7a000
 GID: 00:00:00:00:00:00:00:00:00:00:255:255:10:01:03:01
 local address: LID 0000 QPN 0x0726 PSN 0x6a83a4 RKey 0x00c500 VAddr 0x007f4d79a8a000
 GID: 00:00:00:00:00:00:00:00:00:00:255:255:10:01:03:01
 local address: LID 0000 QPN 0x0727 PSN 0x22513d RKey 0x00c500 VAddr 0x007f4d79a9a000
 GID: 00:00:00:00:00:00:00:00:00:00:255:255:10:01:03:01
 local address: LID 0000 QPN 0x0728 PSN 0xabb195 RKey 0x00c500 VAddr 0x007f4d79aaa000
 GID: 00:00:00:00:00:00:00:00:00:00:255:255:10:01:03:01
 local address: LID 0000 QPN 0x0729 PSN 0xd3b81 RKey 0x00c500 VAddr 0x007f4d79aba000
 GID: 00:00:00:00:00:00:00:00:00:00:255:255:10:01:03:01
 local address: LID 0000 QPN 0x072a PSN 0xca3ee3 RKey 0x00c500 VAddr 0x007f4d79aca000
 GID: 00:00:00:00:00:00:00:00:00:00:255:255:10:01:03:01
 local address: LID 0000 QPN 0x072b PSN 0x64777c RKey 0x00c500 VAddr 0x007f4d79ada000
 GID: 00:00:00:00:00:00:00:00:00:00:255:255:10:01:03:01
 local address: LID 0000 QPN 0x072c PSN 0xc21ab6 RKey 0x00c500 VAddr 0x007f4d79aea000
 GID: 00:00:00:00:00:00:00:00:00:00:255:255:10:01:03:01
 local address: LID 0000 QPN 0x072d PSN 0x683ed1 RKey 0x00c500 VAddr 0x007f4d79afa000
 GID: 00:00:00:00:00:00:00:00:00:00:255:255:10:01:03:01
 local address: LID 0000 QPN 0x072e PSN 0xc7fcfc RKey 0x00c500 VAddr 0x007f4d79b0a000
 GID: 00:00:00:00:00:00:00:00:00:00:255:255:10:01:03:01
 local address: LID 0000 QPN 0x072f PSN 0x32ce17 RKey 0x00c500 VAddr 0x007f4d79b1a000
 GID: 00:00:00:00:00:00:00:00:00:00:255:255:10:01:03:01
 local address: LID 0000 QPN 0x0730 PSN 0x6c8621 RKey 0x00c500 VAddr 0x007f4d79b2a000
 GID: 00:00:00:00:00:00:00:00:00:00:255:255:10:01:03:01
 local address: LID 0000 QPN 0x0731 PSN 0x7dde1b RKey 0x00c500 VAddr 0x007f4d79b3a000
 GID: 00:00:00:00:00:00:00:00:00:00:255:255:10:01:03:01
 local address: LID 0000 QPN 0x0732 PSN 0x374dbc RKey 0x00c500 VAddr 0x007f4d79b4a000
 GID: 00:00:00:00:00:00:00:00:00:00:255:255:10:01:03:01
 local address: LID 0000 QPN 0x0733 PSN 0x1becc7 RKey 0x00c500 VAddr 0x007f4d79b5a000
 GID: 00:00:00:00:00:00:00:00:00:00:255:255:10:01:03:01
 local address: LID 0000 QPN 0x0734 PSN 0xb8befd RKey 0x00c500 VAddr 0x007f4d79b6a000
 GID: 00:00:00:00:00:00:00:00:00:00:255:255:10:01:03:01
 local address: LID 0000 QPN 0x0735 PSN 0x7e472c RKey 0x00c500 VAddr 0x007f4d79b7a000
 GID: 00:00:00:00:00:00:00:00:00:00:255:255:10:01:03:01
 local address: LID 0000 QPN 0x0736 PSN 0xcfc93d RKey 0x00c500 VAddr 0x007f4d79b8a000
 GID: 00:00:00:00:00:00:00:00:00:00:255:255:10:01:03:01
 local address: LID 0000 QPN 0x0737 PSN 0xb16536 RKey 0x00c500 VAddr 0x007f4d79b9a000
 GID: 00:00:00:00:00:00:00:00:00:00:255:255:10:01:03:01
 local address: LID 0000 QPN 0x0738 PSN 0x6aebb6 RKey 0x00c500 VAddr 0x007f4d79baa000
 GID: 00:00:00:00:00:00:00:00:00:00:255:255:10:01:03:01
 local address: LID 0000 QPN 0x0739 PSN 0x41abca RKey 0x00c500 VAddr 0x007f4d79bba000
 GID: 00:00:00:00:00:00:00:00:00:00:255:255:10:01:03:01
 local address: LID 0000 QPN 0x073a PSN 0xe12500 RKey 0x00c500 VAddr 0x007f4d79bca000
 GID: 00:00:00:00:00:00:00:00:00:00:255:255:10:01:03:01
 local address: LID 0000 QPN 0x073b PSN 0x221b17 RKey 0x00c500 VAddr 0x007f4d79bda000
 GID: 00:00:00:00:00:00:00:00:00:00:255:255:10:01:03:01
 local address: LID 0000 QPN 0x073c PSN 0x6d39a5 RKey 0x00c500 VAddr 0x007f4d79bea000
 GID: 00:00:00:00:00:00:00:00:00:00:255:255:10:01:03:01
 local address: LID 0000 QPN 0x073d PSN 0xc71516 RKey 0x00c500 VAddr 0x007f4d79bfa000
 GID: 00:00:00:00:00:00:00:00:00:00:255:255:10:01:03:01
 local address: LID 0000 QPN 0x073e PSN 0x9540a3 RKey 0x00c500 VAddr 0x007f4d79c0a000
 GID: 00:00:00:00:00:00:00:00:00:00:255:255:10:01:03:01
 local address: LID 0000 QPN 0x073f PSN 0x40cb4f RKey 0x00c500 VAddr 0x007f4d79c1a000
 GID: 00:00:00:00:00:00:00:00:00:00:255:255:10:01:03:01
 local address: LID 0000 QPN 0x0740 PSN 0x26595f RKey 0x00c500 VAddr 0x007f4d79c2a000
 GID: 00:00:00:00:00:00:00:00:00:00:255:255:10:01:03:01
 local address: LID 0000 QPN 0x0741 PSN 0xe9cb0a RKey 0x00c500 VAddr 0x007f4d79c3a000
 GID: 00:00:00:00:00:00:00:00:00:00:255:255:10:01:03:01
 local address: LID 0000 QPN 0x0742 PSN 0x4043f RKey 0x00c500 VAddr 0x007f4d79c4a000
 GID: 00:00:00:00:00:00:00:00:00:00:255:255:10:01:03:01
 local address: LID 0000 QPN 0x0743 PSN 0xb69450 RKey 0x00c500 VAddr 0x007f4d79c5a000
 GID: 00:00:00:00:00:00:00:00:00:00:255:255:10:01:03:01
 local address: LID 0000 QPN 0x0744 PSN 0xf3597 RKey 0x00c500 VAddr 0x007f4d79c6a000
 GID: 00:00:00:00:00:00:00:00:00:00:255:255:10:01:03:01
 local address: LID 0000 QPN 0x0745 PSN 0x2e7222 RKey 0x00c500 VAddr 0x007f4d79c7a000
 GID: 00:00:00:00:00:00:00:00:00:00:255:255:10:01:03:01
 local address: LID 0000 QPN 0x0746 PSN 0x808a60 RKey 0x00c500 VAddr 0x007f4d79c8a000
 GID: 00:00:00:00:00:00:00:00:00:00:255:255:10:01:03:01
 local address: LID 0000 QPN 0x0747 PSN 0xc7187 RKey 0x00c500 VAddr 0x007f4d79c9a000
 GID: 00:00:00:00:00:00:00:00:00:00:255:255:10:01:03:01
 local address: LID 0000 QPN 0x0748 PSN 0xbceeb1 RKey 0x00c500 VAddr 0x007f4d79caa000
 GID: 00:00:00:00:00:00:00:00:00:00:255:255:10:01:03:01
 local address: LID 0000 QPN 0x0749 PSN 0x392118 RKey 0x00c500 VAddr 0x007f4d79cba000
 GID: 00:00:00:00:00:00:00:00:00:00:255:255:10:01:03:01
 local address: LID 0000 QPN 0x074a PSN 0x44afa2 RKey 0x00c500 VAddr 0x007f4d79cca000
 GID: 00:00:00:00:00:00:00:00:00:00:255:255:10:01:03:01
 local address: LID 0000 QPN 0x074b PSN 0xb3bbeb RKey 0x00c500 VAddr 0x007f4d79cda000
 GID: 00:00:00:00:00:00:00:00:00:00:255:255:10:01:03:01
 local address: LID 0000 QPN 0x074c PSN 0x9ac4e4 RKey 0x00c500 VAddr 0x007f4d79cea000
 GID: 00:00:00:00:00:00:00:00:00:00:255:255:10:01:03:01
 local address: LID 0000 QPN 0x074d PSN 0xfd0c7 RKey 0x00c500 VAddr 0x007f4d79cfa000
 GID: 00:00:00:00:00:00:00:00:00:00:255:255:10:01:03:01
 local address: LID 0000 QPN 0x074e PSN 0x97c1e4 RKey 0x00c500 VAddr 0x007f4d79d0a000
 GID: 00:00:00:00:00:00:00:00:00:00:255:255:10:01:03:01
 local address: LID 0000 QPN 0x074f PSN 0x64e1b6 RKey 0x00c500 VAddr 0x007f4d79d1a000
 GID: 00:00:00:00:00:00:00:00:00:00:255:255:10:01:03:01
 local address: LID 0000 QPN 0x0750 PSN 0x603b0a RKey 0x00c500 VAddr 0x007f4d79d2a000
 GID: 00:00:00:00:00:00:00:00:00:00:255:255:10:01:03:01
 local address: LID 0000 QPN 0x0751 PSN 0xe0a831 RKey 0x00c500 VAddr 0x007f4d79d3a000
 GID: 00:00:00:00:00:00:00:00:00:00:255:255:10:01:03:01
 local address: LID 0000 QPN 0x0752 PSN 0x5ea92c RKey 0x00c500 VAddr 0x007f4d79d4a000
 GID: 00:00:00:00:00:00:00:00:00:00:255:255:10:01:03:01
 local address: LID 0000 QPN 0x0753 PSN 0x2ca731 RKey 0x00c500 VAddr 0x007f4d79d5a000
 GID: 00:00:00:00:00:00:00:00:00:00:255:255:10:01:03:01
 local address: LID 0000 QPN 0x0754 PSN 0x8a5c07 RKey 0x00c500 VAddr 0x007f4d79d6a000
 GID: 00:00:00:00:00:00:00:00:00:00:255:255:10:01:03:01
 local address: LID 0000 QPN 0x0755 PSN 0xb9c69c RKey 0x00c500 VAddr 0x007f4d79d7a000
 GID: 00:00:00:00:00:00:00:00:00:00:255:255:10:01:03:01
 local address: LID 0000 QPN 0x0756 PSN 0x4f8417 RKey 0x00c500 VAddr 0x007f4d79d8a000
 GID: 00:00:00:00:00:00:00:00:00:00:255:255:10:01:03:01
 local address: LID 0000 QPN 0x0757 PSN 0x7362a7 RKey 0x00c500 VAddr 0x007f4d79d9a000
 GID: 00:00:00:00:00:00:00:00:00:00:255:255:10:01:03:01
 local address: LID 0000 QPN 0x0758 PSN 0x63acd4 RKey 0x00c500 VAddr 0x007f4d79daa000
 GID: 00:00:00:00:00:00:00:00:00:00:255:255:10:01:03:01
 local address: LID 0000 QPN 0x0759 PSN 0x984dd7 RKey 0x00c500 VAddr 0x007f4d79dba000
 GID: 00:00:00:00:00:00:00:00:00:00:255:255:10:01:03:01
 local address: LID 0000 QPN 0x075a PSN 0x6851fb RKey 0x00c500 VAddr 0x007f4d79dca000
 GID: 00:00:00:00:00:00:00:00:00:00:255:255:10:01:03:01
 local address: LID 0000 QPN 0x075b PSN 0x4ec57b RKey 0x00c500 VAddr 0x007f4d79dda000
 GID: 00:00:00:00:00:00:00:00:00:00:255:255:10:01:03:01
 local address: LID 0000 QPN 0x075c PSN 0x14f527 RKey 0x00c500 VAddr 0x007f4d79dea000
 GID: 00:00:00:00:00:00:00:00:00:00:255:255:10:01:03:01
 local address: LID 0000 QPN 0x075d PSN 0x8e8e9a RKey 0x00c500 VAddr 0x007f4d79dfa000
 GID: 00:00:00:00:00:00:00:00:00:00:255:255:10:01:03:01
 local address: LID 0000 QPN 0x075e PSN 0x67e49b RKey 0x00c500 VAddr 0x007f4d79e0a000
 GID: 00:00:00:00:00:00:00:00:00:00:255:255:10:01:03:01
 local address: LID 0000 QPN 0x075f PSN 0xa5e456 RKey 0x00c500 VAddr 0x007f4d79e1a000
 GID: 00:00:00:00:00:00:00:00:00:00:255:255:10:01:03:01
 local address: LID 0000 QPN 0x0760 PSN 0x71a8c1 RKey 0x00c500 VAddr 0x007f4d79e2a000
 GID: 00:00:00:00:00:00:00:00:00:00:255:255:10:01:03:01
 local address: LID 0000 QPN 0x0761 PSN 0x9d590b RKey 0x00c500 VAddr 0x007f4d79e3a000
 GID: 00:00:00:00:00:00:00:00:00:00:255:255:10:01:03:01
 local address: LID 0000 QPN 0x0762 PSN 0x81f385 RKey 0x00c500 VAddr 0x007f4d79e4a000
 GID: 00:00:00:00:00:00:00:00:00:00:255:255:10:01:03:01
 local address: LID 0000 QPN 0x0763 PSN 0x385078 RKey 0x00c500 VAddr 0x007f4d79e5a000
 GID: 00:00:00:00:00:00:00:00:00:00:255:255:10:01:03:01
 local address: LID 0000 QPN 0x0764 PSN 0x555b53 RKey 0x00c500 VAddr 0x007f4d79e6a000
 GID: 00:00:00:00:00:00:00:00:00:00:255:255:10:01:03:01
 local address: LID 0000 QPN 0x0765 PSN 0x5a935d RKey 0x00c500 VAddr 0x007f4d79e7a000
 GID: 00:00:00:00:00:00:00:00:00:00:255:255:10:01:03:01
 local address: LID 0000 QPN 0x0766 PSN 0xfacb0c RKey 0x00c500 VAddr 0x007f4d79e8a000
 GID: 00:00:00:00:00:00:00:00:00:00:255:255:10:01:03:01
 local address: LID 0000 QPN 0x0767 PSN 0x943430 RKey 0x00c500 VAddr 0x007f4d79e9a000
 GID: 00:00:00:00:00:00:00:00:00:00:255:255:10:01:03:01
 local address: LID 0000 QPN 0x0768 PSN 0x14490e RKey 0x00c500 VAddr 0x007f4d79eaa000
 GID: 00:00:00:00:00:00:00:00:00:00:255:255:10:01:03:01
 local address: LID 0000 QPN 0x0769 PSN 0xbf5893 RKey 0x00c500 VAddr 0x007f4d79eba000
 GID: 00:00:00:00:00:00:00:00:00:00:255:255:10:01:03:01
 local address: LID 0000 QPN 0x076a PSN 0x64b0de RKey 0x00c500 VAddr 0x007f4d79eca000
 GID: 00:00:00:00:00:00:00:00:00:00:255:255:10:01:03:01
 local address: LID 0000 QPN 0x076b PSN 0x948467 RKey 0x00c500 VAddr 0x007f4d79eda000
 GID: 00:00:00:00:00:00:00:00:00:00:255:255:10:01:03:01
 local address: LID 0000 QPN 0x076c PSN 0x579dc6 RKey 0x00c500 VAddr 0x007f4d79eea000
 GID: 00:00:00:00:00:00:00:00:00:00:255:255:10:01:03:01
 local address: LID 0000 QPN 0x076d PSN 0x9a0163 RKey 0x00c500 VAddr 0x007f4d79efa000
 GID: 00:00:00:00:00:00:00:00:00:00:255:255:10:01:03:01
 local address: LID 0000 QPN 0x076e PSN 0x80b841 RKey 0x00c500 VAddr 0x007f4d79f0a000
 GID: 00:00:00:00:00:00:00:00:00:00:255:255:10:01:03:01
 local address: LID 0000 QPN 0x076f PSN 0x3f7956 RKey 0x00c500 VAddr 0x007f4d79f1a000
 GID: 00:00:00:00:00:00:00:00:00:00:255:255:10:01:03:01
 local address: LID 0000 QPN 0x0770 PSN 0x5ec4c1 RKey 0x00c500 VAddr 0x007f4d79f2a000
 GID: 00:00:00:00:00:00:00:00:00:00:255:255:10:01:03:01
 local address: LID 0000 QPN 0x0771 PSN 0x449935 RKey 0x00c500 VAddr 0x007f4d79f3a000
 GID: 00:00:00:00:00:00:00:00:00:00:255:255:10:01:03:01
 local address: LID 0000 QPN 0x0772 PSN 0xe65fee RKey 0x00c500 VAddr 0x007f4d79f4a000
 GID: 00:00:00:00:00:00:00:00:00:00:255:255:10:01:03:01
 local address: LID 0000 QPN 0x0773 PSN 0xeea058 RKey 0x00c500 VAddr 0x007f4d79f5a000
 GID: 00:00:00:00:00:00:00:00:00:00:255:255:10:01:03:01
 local address: LID 0000 QPN 0x0774 PSN 0xa9ab22 RKey 0x00c500 VAddr 0x007f4d79f6a000
 GID: 00:00:00:00:00:00:00:00:00:00:255:255:10:01:03:01
 local address: LID 0000 QPN 0x0775 PSN 0x86614a RKey 0x00c500 VAddr 0x007f4d79f7a000
 GID: 00:00:00:00:00:00:00:00:00:00:255:255:10:01:03:01
 local address: LID 0000 QPN 0x0776 PSN 0x30f38a RKey 0x00c500 VAddr 0x007f4d79f8a000
 GID: 00:00:00:00:00:00:00:00:00:00:255:255:10:01:03:01
 local address: LID 0000 QPN 0x0777 PSN 0xacf8d9 RKey 0x00c500 VAddr 0x007f4d79f9a000
 GID: 00:00:00:00:00:00:00:00:00:00:255:255:10:01:03:01
 local address: LID 0000 QPN 0x0778 PSN 0x247eed RKey 0x00c500 VAddr 0x007f4d79faa000
 GID: 00:00:00:00:00:00:00:00:00:00:255:255:10:01:03:01
 local address: LID 0000 QPN 0x0779 PSN 0xf23fa RKey 0x00c500 VAddr 0x007f4d79fba000
 GID: 00:00:00:00:00:00:00:00:00:00:255:255:10:01:03:01
 local address: LID 0000 QPN 0x077a PSN 0x274abd RKey 0x00c500 VAddr 0x007f4d79fca000
 GID: 00:00:00:00:00:00:00:00:00:00:255:255:10:01:03:01
 local address: LID 0000 QPN 0x077b PSN 0xccae6e RKey 0x00c500 VAddr 0x007f4d79fda000
 GID: 00:00:00:00:00:00:00:00:00:00:255:255:10:01:03:01
 local address: LID 0000 QPN 0x077c PSN 0xac14b6 RKey 0x00c500 VAddr 0x007f4d79fea000
 GID: 00:00:00:00:00:00:00:00:00:00:255:255:10:01:03:01
 local address: LID 0000 QPN 0x077d PSN 0xe53a16 RKey 0x00c500 VAddr 0x007f4d79ffa000
 GID: 00:00:00:00:00:00:00:00:00:00:255:255:10:01:03:01
 local address: LID 0000 QPN 0x077e PSN 0xc21ff1 RKey 0x00c500 VAddr 0x007f4d7a00a000
 GID: 00:00:00:00:00:00:00:00:00:00:255:255:10:01:03:01
 local address: LID 0000 QPN 0x077f PSN 0xfd21ff RKey 0x00c500 VAddr 0x007f4d7a01a000
 GID: 00:00:00:00:00:00:00:00:00:00:255:255:10:01:03:01
 local address: LID 0000 QPN 0x0780 PSN 0xcabdeb RKey 0x00c500 VAddr 0x007f4d7a02a000
 GID: 00:00:00:00:00:00:00:00:00:00:255:255:10:01:03:01
 local address: LID 0000 QPN 0x0781 PSN 0x8b446c RKey 0x00c500 VAddr 0x007f4d7a03a000
 GID: 00:00:00:00:00:00:00:00:00:00:255:255:10:01:03:01
 local address: LID 0000 QPN 0x0782 PSN 0xbed8a9 RKey 0x00c500 VAddr 0x007f4d7a04a000
 GID: 00:00:00:00:00:00:00:00:00:00:255:255:10:01:03:01
 local address: LID 0000 QPN 0x0783 PSN 0xc3141f RKey 0x00c500 VAddr 0x007f4d7a05a000
 GID: 00:00:00:00:00:00:00:00:00:00:255:255:10:01:03:01
 local address: LID 0000 QPN 0x0784 PSN 0x7ff9ba RKey 0x00c500 VAddr 0x007f4d7a06a000
 GID: 00:00:00:00:00:00:00:00:00:00:255:255:10:01:03:01
 local address: LID 0000 QPN 0x0785 PSN 0xb0bb68 RKey 0x00c500 VAddr 0x007f4d7a07a000
 GID: 00:00:00:00:00:00:00:00:00:00:255:255:10:01:03:01
 local address: LID 0000 QPN 0x0786 PSN 0x30397b RKey 0x00c500 VAddr 0x007f4d7a08a000
 GID: 00:00:00:00:00:00:00:00:00:00:255:255:10:01:03:01
 local address: LID 0000 QPN 0x0787 PSN 0x3fe27c RKey 0x00c500 VAddr 0x007f4d7a09a000
 GID: 00:00:00:00:00:00:00:00:00:00:255:255:10:01:03:01
 local address: LID 0000 QPN 0x0788 PSN 0x620aa0 RKey 0x00c500 VAddr 0x007f4d7a0aa000
 GID: 00:00:00:00:00:00:00:00:00:00:255:255:10:01:03:01
 local address: LID 0000 QPN 0x0789 PSN 0x1096d7 RKey 0x00c500 VAddr 0x007f4d7a0ba000
 GID: 00:00:00:00:00:00:00:00:00:00:255:255:10:01:03:01
 local address: LID 0000 QPN 0x078a PSN 0xdc1fac RKey 0x00c500 VAddr 0x007f4d7a0ca000
 GID: 00:00:00:00:00:00:00:00:00:00:255:255:10:01:03:01
 local address: LID 0000 QPN 0x078b PSN 0xd1ea72 RKey 0x00c500 VAddr 0x007f4d7a0da000
 GID: 00:00:00:00:00:00:00:00:00:00:255:255:10:01:03:01
 local address: LID 0000 QPN 0x078c PSN 0xf1a90 RKey 0x00c500 VAddr 0x007f4d7a0ea000
 GID: 00:00:00:00:00:00:00:00:00:00:255:255:10:01:03:01
 local address: LID 0000 QPN 0x078d PSN 0xd36fc7 RKey 0x00c500 VAddr 0x007f4d7a0fa000
 GID: 00:00:00:00:00:00:00:00:00:00:255:255:10:01:03:01
 local address: LID 0000 QPN 0x078e PSN 0xccfa66 RKey 0x00c500 VAddr 0x007f4d7a10a000
 GID: 00:00:00:00:00:00:00:00:00:00:255:255:10:01:03:01
 local address: LID 0000 QPN 0x078f PSN 0x6742ba RKey 0x00c500 VAddr 0x007f4d7a11a000
 GID: 00:00:00:00:00:00:00:00:00:00:255:255:10:01:03:01
 local address: LID 0000 QPN 0x0790 PSN 0x5437bc RKey 0x00c500 VAddr 0x007f4d7a12a000
 GID: 00:00:00:00:00:00:00:00:00:00:255:255:10:01:03:01
 local address: LID 0000 QPN 0x0791 PSN 0x7e9e8b RKey 0x00c500 VAddr 0x007f4d7a13a000
 GID: 00:00:00:00:00:00:00:00:00:00:255:255:10:01:03:01
 local address: LID 0000 QPN 0x0792 PSN 0xef5d98 RKey 0x00c500 VAddr 0x007f4d7a14a000
 GID: 00:00:00:00:00:00:00:00:00:00:255:255:10:01:03:01
 local address: LID 0000 QPN 0x0793 PSN 0x7d1e3f RKey 0x00c500 VAddr 0x007f4d7a15a000
 GID: 00:00:00:00:00:00:00:00:00:00:255:255:10:01:03:01
 local address: LID 0000 QPN 0x0794 PSN 0x4b1402 RKey 0x00c500 VAddr 0x007f4d7a16a000
 GID: 00:00:00:00:00:00:00:00:00:00:255:255:10:01:03:01
 local address: LID 0000 QPN 0x0795 PSN 0x4ff6db RKey 0x00c500 VAddr 0x007f4d7a17a000
 GID: 00:00:00:00:00:00:00:00:00:00:255:255:10:01:03:01
 local address: LID 0000 QPN 0x0796 PSN 0x7fa86a RKey 0x00c500 VAddr 0x007f4d7a18a000
 GID: 00:00:00:00:00:00:00:00:00:00:255:255:10:01:03:01
 local address: LID 0000 QPN 0x0797 PSN 0xd94a11 RKey 0x00c500 VAddr 0x007f4d7a19a000
 GID: 00:00:00:00:00:00:00:00:00:00:255:255:10:01:03:01
 local address: LID 0000 QPN 0x0798 PSN 0x9410f6 RKey 0x00c500 VAddr 0x007f4d7a1aa000
 GID: 00:00:00:00:00:00:00:00:00:00:255:255:10:01:03:01
 local address: LID 0000 QPN 0x0799 PSN 0xfde417 RKey 0x00c500 VAddr 0x007f4d7a1ba000
 GID: 00:00:00:00:00:00:00:00:00:00:255:255:10:01:03:01
 local address: LID 0000 QPN 0x079a PSN 0x11595c RKey 0x00c500 VAddr 0x007f4d7a1ca000
 GID: 00:00:00:00:00:00:00:00:00:00:255:255:10:01:03:01
 local address: LID 0000 QPN 0x079b PSN 0x305872 RKey 0x00c500 VAddr 0x007f4d7a1da000
 GID: 00:00:00:00:00:00:00:00:00:00:255:255:10:01:03:01
 local address: LID 0000 QPN 0x079c PSN 0x60c288 RKey 0x00c500 VAddr 0x007f4d7a1ea000
 GID: 00:00:00:00:00:00:00:00:00:00:255:255:10:01:03:01
 local address: LID 0000 QPN 0x079d PSN 0x4dc7ac RKey 0x00c500 VAddr 0x007f4d7a1fa000
 GID: 00:00:00:00:00:00:00:00:00:00:255:255:10:01:03:01
 local address: LID 0000 QPN 0x079e PSN 0xb949fa RKey 0x00c500 VAddr 0x007f4d7a20a000
 GID: 00:00:00:00:00:00:00:00:00:00:255:255:10:01:03:01
 local address: LID 0000 QPN 0x079f PSN 0x422b0e RKey 0x00c500 VAddr 0x007f4d7a21a000
 GID: 00:00:00:00:00:00:00:00:00:00:255:255:10:01:03:01
 local address: LID 0000 QPN 0x07a0 PSN 0xdbb252 RKey 0x00c500 VAddr 0x007f4d7a22a000
 GID: 00:00:00:00:00:00:00:00:00:00:255:255:10:01:03:01
 local address: LID 0000 QPN 0x07a1 PSN 0xee9b8f RKey 0x00c500 VAddr 0x007f4d7a23a000
 GID: 00:00:00:00:00:00:00:00:00:00:255:255:10:01:03:01
 local address: LID 0000 QPN 0x07a2 PSN 0xfdac3e RKey 0x00c500 VAddr 0x007f4d7a24a000
 GID: 00:00:00:00:00:00:00:00:00:00:255:255:10:01:03:01
 local address: LID 0000 QPN 0x07a3 PSN 0x9fae48 RKey 0x00c500 VAddr 0x007f4d7a25a000
 GID: 00:00:00:00:00:00:00:00:00:00:255:255:10:01:03:01
 local address: LID 0000 QPN 0x07a4 PSN 0x3ccd81 RKey 0x00c500 VAddr 0x007f4d7a26a000
 GID: 00:00:00:00:00:00:00:00:00:00:255:255:10:01:03:01
 local address: LID 0000 QPN 0x07a5 PSN 0xa3fae7 RKey 0x00c500 VAddr 0x007f4d7a27a000
 GID: 00:00:00:00:00:00:00:00:00:00:255:255:10:01:03:01
 local address: LID 0000 QPN 0x07a6 PSN 0x424382 RKey 0x00c500 VAddr 0x007f4d7a28a000
 GID: 00:00:00:00:00:00:00:00:00:00:255:255:10:01:03:01
 local address: LID 0000 QPN 0x07a7 PSN 0x67b7b0 RKey 0x00c500 VAddr 0x007f4d7a29a000
 GID: 00:00:00:00:00:00:00:00:00:00:255:255:10:01:03:01
 local address: LID 0000 QPN 0x07a8 PSN 0x26875d RKey 0x00c500 VAddr 0x007f4d7a2aa000
 GID: 00:00:00:00:00:00:00:00:00:00:255:255:10:01:03:01
 local address: LID 0000 QPN 0x07a9 PSN 0x2dd2c7 RKey 0x00c500 VAddr 0x007f4d7a2ba000
 GID: 00:00:00:00:00:00:00:00:00:00:255:255:10:01:03:01
 local address: LID 0000 QPN 0x07aa PSN 0x14f320 RKey 0x00c500 VAddr 0x007f4d7a2ca000
 GID: 00:00:00:00:00:00:00:00:00:00:255:255:10:01:03:01
 local address: LID 0000 QPN 0x07ab PSN 0xf61990 RKey 0x00c500 VAddr 0x007f4d7a2da000
 GID: 00:00:00:00:00:00:00:00:00:00:255:255:10:01:03:01
 local address: LID 0000 QPN 0x07ac PSN 0x5e5a76 RKey 0x00c500 VAddr 0x007f4d7a2ea000
 GID: 00:00:00:00:00:00:00:00:00:00:255:255:10:01:03:01
 local address: LID 0000 QPN 0x07ad PSN 0x9b1d19 RKey 0x00c500 VAddr 0x007f4d7a2fa000
 GID: 00:00:00:00:00:00:00:00:00:00:255:255:10:01:03:01
 local address: LID 0000 QPN 0x07ae PSN 0xa65ca8 RKey 0x00c500 VAddr 0x007f4d7a30a000
 GID: 00:00:00:00:00:00:00:00:00:00:255:255:10:01:03:01
 local address: LID 0000 QPN 0x07af PSN 0xdf1da6 RKey 0x00c500 VAddr 0x007f4d7a31a000
 GID: 00:00:00:00:00:00:00:00:00:00:255:255:10:01:03:01
 local address: LID 0000 QPN 0x07b0 PSN 0x33f26d RKey 0x00c500 VAddr 0x007f4d7a32a000
 GID: 00:00:00:00:00:00:00:00:00:00:255:255:10:01:03:01
 local address: LID 0000 QPN 0x07b1 PSN 0xfa2796 RKey 0x00c500 VAddr 0x007f4d7a33a000
 GID: 00:00:00:00:00:00:00:00:00:00:255:255:10:01:03:01
 local address: LID 0000 QPN 0x07b2 PSN 0x7be7bd RKey 0x00c500 VAddr 0x007f4d7a34a000
 GID: 00:00:00:00:00:00:00:00:00:00:255:255:10:01:03:01
 local address: LID 0000 QPN 0x07b3 PSN 0xc2b8eb RKey 0x00c500 VAddr 0x007f4d7a35a000
 GID: 00:00:00:00:00:00:00:00:00:00:255:255:10:01:03:01
 remote address: LID 0000 QPN 0x06af PSN 0x4bc31d RKey 0x00c500 VAddr 0x007fc258348000
 GID: 00:00:00:00:00:00:00:00:00:00:255:255:10:01:03:02
 remote address: LID 0000 QPN 0x06b0 PSN 0x118b43 RKey 0x00c500 VAddr 0x007fc258358000
 GID: 00:00:00:00:00:00:00:00:00:00:255:255:10:01:03:02
 remote address: LID 0000 QPN 0x06b1 PSN 0xcbfed1 RKey 0x00c500 VAddr 0x007fc258368000
 GID: 00:00:00:00:00:00:00:00:00:00:255:255:10:01:03:02
 remote address: LID 0000 QPN 0x06b2 PSN 0x9de44c RKey 0x00c500 VAddr 0x007fc258378000
 GID: 00:00:00:00:00:00:00:00:00:00:255:255:10:01:03:02
 remote address: LID 0000 QPN 0x06b3 PSN 0xd8326f RKey 0x00c500 VAddr 0x007fc258388000
 GID: 00:00:00:00:00:00:00:00:00:00:255:255:10:01:03:02
 remote address: LID 0000 QPN 0x06b4 PSN 0x4988a5 RKey 0x00c500 VAddr 0x007fc258398000
 GID: 00:00:00:00:00:00:00:00:00:00:255:255:10:01:03:02
 remote address: LID 0000 QPN 0x06b5 PSN 0x192da0 RKey 0x00c500 VAddr 0x007fc2583a8000
 GID: 00:00:00:00:00:00:00:00:00:00:255:255:10:01:03:02
 remote address: LID 0000 QPN 0x06b6 PSN 0xfb6919 RKey 0x00c500 VAddr 0x007fc2583b8000
 GID: 00:00:00:00:00:00:00:00:00:00:255:255:10:01:03:02
 remote address: LID 0000 QPN 0x06b7 PSN 0x530f49 RKey 0x00c500 VAddr 0x007fc2583c8000
 GID: 00:00:00:00:00:00:00:00:00:00:255:255:10:01:03:02
 remote address: LID 0000 QPN 0x06b8 PSN 0x2b9597 RKey 0x00c500 VAddr 0x007fc2583d8000
 GID: 00:00:00:00:00:00:00:00:00:00:255:255:10:01:03:02
 remote address: LID 0000 QPN 0x06b9 PSN 0x3990ef RKey 0x00c500 VAddr 0x007fc2583e8000
 GID: 00:00:00:00:00:00:00:00:00:00:255:255:10:01:03:02
 remote address: LID 0000 QPN 0x06ba PSN 0x483056 RKey 0x00c500 VAddr 0x007fc2583f8000
 GID: 00:00:00:00:00:00:00:00:00:00:255:255:10:01:03:02
 remote address: LID 0000 QPN 0x06bb PSN 0x7ac68a RKey 0x00c500 VAddr 0x007fc258408000
 GID: 00:00:00:00:00:00:00:00:00:00:255:255:10:01:03:02
 remote address: LID 0000 QPN 0x06bc PSN 0x2a6e6f RKey 0x00c500 VAddr 0x007fc258418000
 GID: 00:00:00:00:00:00:00:00:00:00:255:255:10:01:03:02
 remote address: LID 0000 QPN 0x06bd PSN 0x1c4401 RKey 0x00c500 VAddr 0x007fc258428000
 GID: 00:00:00:00:00:00:00:00:00:00:255:255:10:01:03:02
 remote address: LID 0000 QPN 0x06be PSN 0x57aa31 RKey 0x00c500 VAddr 0x007fc258438000
 GID: 00:00:00:00:00:00:00:00:00:00:255:255:10:01:03:02
 remote address: LID 0000 QPN 0x06bf PSN 0x8bf7f2 RKey 0x00c500 VAddr 0x007fc258448000
 GID: 00:00:00:00:00:00:00:00:00:00:255:255:10:01:03:02
 remote address: LID 0000 QPN 0x06c0 PSN 0xd795c4 RKey 0x00c500 VAddr 0x007fc258458000
 GID: 00:00:00:00:00:00:00:00:00:00:255:255:10:01:03:02
 remote address: LID 0000 QPN 0x06c1 PSN 0xec1b4f RKey 0x00c500 VAddr 0x007fc258468000
 GID: 00:00:00:00:00:00:00:00:00:00:255:255:10:01:03:02
 remote address: LID 0000 QPN 0x06c2 PSN 0x270390 RKey 0x00c500 VAddr 0x007fc258478000
 GID: 00:00:00:00:00:00:00:00:00:00:255:255:10:01:03:02
 remote address: LID 0000 QPN 0x06c3 PSN 0x5a3db1 RKey 0x00c500 VAddr 0x007fc258488000
 GID: 00:00:00:00:00:00:00:00:00:00:255:255:10:01:03:02
 remote address: LID 0000 QPN 0x06c4 PSN 0xee462c RKey 0x00c500 VAddr 0x007fc258498000
 GID: 00:00:00:00:00:00:00:00:00:00:255:255:10:01:03:02
 remote address: LID 0000 QPN 0x06c5 PSN 0xc4e020 RKey 0x00c500 VAddr 0x007fc2584a8000
 GID: 00:00:00:00:00:00:00:00:00:00:255:255:10:01:03:02
 remote address: LID 0000 QPN 0x06c6 PSN 0x8be2a8 RKey 0x00c500 VAddr 0x007fc2584b8000
 GID: 00:00:00:00:00:00:00:00:00:00:255:255:10:01:03:02
 remote address: LID 0000 QPN 0x06c7 PSN 0xb9a289 RKey 0x00c500 VAddr 0x007fc2584c8000
 GID: 00:00:00:00:00:00:00:00:00:00:255:255:10:01:03:02
 remote address: LID 0000 QPN 0x06c8 PSN 0x1c7e20 RKey 0x00c500 VAddr 0x007fc2584d8000
 GID: 00:00:00:00:00:00:00:00:00:00:255:255:10:01:03:02
 remote address: LID 0000 QPN 0x06c9 PSN 0x526bc1 RKey 0x00c500 VAddr 0x007fc2584e8000
 GID: 00:00:00:00:00:00:00:00:00:00:255:255:10:01:03:02
 remote address: LID 0000 QPN 0x06ca PSN 0xe11aaf RKey 0x00c500 VAddr 0x007fc2584f8000
 GID: 00:00:00:00:00:00:00:00:00:00:255:255:10:01:03:02
 remote address: LID 0000 QPN 0x06cb PSN 0x9110a2 RKey 0x00c500 VAddr 0x007fc258508000
 GID: 00:00:00:00:00:00:00:00:00:00:255:255:10:01:03:02
 remote address: LID 0000 QPN 0x06cc PSN 0x9da7fc RKey 0x00c500 VAddr 0x007fc258518000
 GID: 00:00:00:00:00:00:00:00:00:00:255:255:10:01:03:02
 remote address: LID 0000 QPN 0x06cd PSN 0x73fc62 RKey 0x00c500 VAddr 0x007fc258528000
 GID: 00:00:00:00:00:00:00:00:00:00:255:255:10:01:03:02
 remote address: LID 0000 QPN 0x06ce PSN 0xc5a8a9 RKey 0x00c500 VAddr 0x007fc258538000
 GID: 00:00:00:00:00:00:00:00:00:00:255:255:10:01:03:02
 remote address: LID 0000 QPN 0x06cf PSN 0xe8a2ea RKey 0x00c500 VAddr 0x007fc258548000
 GID: 00:00:00:00:00:00:00:00:00:00:255:255:10:01:03:02
 remote address: LID 0000 QPN 0x06d0 PSN 0x308023 RKey 0x00c500 VAddr 0x007fc258558000
 GID: 00:00:00:00:00:00:00:00:00:00:255:255:10:01:03:02
 remote address: LID 0000 QPN 0x06d1 PSN 0x9bd8d RKey 0x00c500 VAddr 0x007fc258568000
 GID: 00:00:00:00:00:00:00:00:00:00:255:255:10:01:03:02
 remote address: LID 0000 QPN 0x06d2 PSN 0xb56b5f RKey 0x00c500 VAddr 0x007fc258578000
 GID: 00:00:00:00:00:00:00:00:00:00:255:255:10:01:03:02
 remote address: LID 0000 QPN 0x06d3 PSN 0x4b6326 RKey 0x00c500 VAddr 0x007fc258588000
 GID: 00:00:00:00:00:00:00:00:00:00:255:255:10:01:03:02
 remote address: LID 0000 QPN 0x06d4 PSN 0xa9fb40 RKey 0x00c500 VAddr 0x007fc258598000
 GID: 00:00:00:00:00:00:00:00:00:00:255:255:10:01:03:02
 remote address: LID 0000 QPN 0x06d5 PSN 0x381e43 RKey 0x00c500 VAddr 0x007fc2585a8000
 GID: 00:00:00:00:00:00:00:00:00:00:255:255:10:01:03:02
 remote address: LID 0000 QPN 0x06d6 PSN 0x8286f RKey 0x00c500 VAddr 0x007fc2585b8000
 GID: 00:00:00:00:00:00:00:00:00:00:255:255:10:01:03:02
 remote address: LID 0000 QPN 0x06d7 PSN 0x829e9a RKey 0x00c500 VAddr 0x007fc2585c8000
 GID: 00:00:00:00:00:00:00:00:00:00:255:255:10:01:03:02
 remote address: LID 0000 QPN 0x06d8 PSN 0x810ea7 RKey 0x00c500 VAddr 0x007fc2585d8000
 GID: 00:00:00:00:00:00:00:00:00:00:255:255:10:01:03:02
 remote address: LID 0000 QPN 0x06d9 PSN 0x4c2eb5 RKey 0x00c500 VAddr 0x007fc2585e8000
 GID: 00:00:00:00:00:00:00:00:00:00:255:255:10:01:03:02
 remote address: LID 0000 QPN 0x06da PSN 0xda907c RKey 0x00c500 VAddr 0x007fc2585f8000
 GID: 00:00:00:00:00:00:00:00:00:00:255:255:10:01:03:02
 remote address: LID 0000 QPN 0x06db PSN 0xa99b51 RKey 0x00c500 VAddr 0x007fc258608000
 GID: 00:00:00:00:00:00:00:00:00:00:255:255:10:01:03:02
 remote address: LID 0000 QPN 0x06dc PSN 0x4b5cd9 RKey 0x00c500 VAddr 0x007fc258618000
 GID: 00:00:00:00:00:00:00:00:00:00:255:255:10:01:03:02
 remote address: LID 0000 QPN 0x06dd PSN 0xa5df9c RKey 0x00c500 VAddr 0x007fc258628000
 GID: 00:00:00:00:00:00:00:00:00:00:255:255:10:01:03:02
 remote address: LID 0000 QPN 0x06de PSN 0xae1485 RKey 0x00c500 VAddr 0x007fc258638000
 GID: 00:00:00:00:00:00:00:00:00:00:255:255:10:01:03:02
 remote address: LID 0000 QPN 0x06df PSN 0x7b180a RKey 0x00c500 VAddr 0x007fc258648000
 GID: 00:00:00:00:00:00:00:00:00:00:255:255:10:01:03:02
 remote address: LID 0000 QPN 0x06e0 PSN 0x60e826 RKey 0x00c500 VAddr 0x007fc258658000
 GID: 00:00:00:00:00:00:00:00:00:00:255:255:10:01:03:02
 remote address: LID 0000 QPN 0x06e1 PSN 0x409d35 RKey 0x00c500 VAddr 0x007fc258668000
 GID: 00:00:00:00:00:00:00:00:00:00:255:255:10:01:03:02
 remote address: LID 0000 QPN 0x06e2 PSN 0x477e54 RKey 0x00c500 VAddr 0x007fc258678000
 GID: 00:00:00:00:00:00:00:00:00:00:255:255:10:01:03:02
 remote address: LID 0000 QPN 0x06e3 PSN 0x26a0bf RKey 0x00c500 VAddr 0x007fc258688000
 GID: 00:00:00:00:00:00:00:00:00:00:255:255:10:01:03:02
 remote address: LID 0000 QPN 0x06e4 PSN 0xdd0d6d RKey 0x00c500 VAddr 0x007fc258698000
 GID: 00:00:00:00:00:00:00:00:00:00:255:255:10:01:03:02
 remote address: LID 0000 QPN 0x06e5 PSN 0x405fdd RKey 0x00c500 VAddr 0x007fc2586a8000
 GID: 00:00:00:00:00:00:00:00:00:00:255:255:10:01:03:02
 remote address: LID 0000 QPN 0x06e6 PSN 0xa15e0d RKey 0x00c500 VAddr 0x007fc2586b8000
 GID: 00:00:00:00:00:00:00:00:00:00:255:255:10:01:03:02
 remote address: LID 0000 QPN 0x06e7 PSN 0x9261d3 RKey 0x00c500 VAddr 0x007fc2586c8000
 GID: 00:00:00:00:00:00:00:00:00:00:255:255:10:01:03:02
 remote address: LID 0000 QPN 0x06e8 PSN 0x1528ff RKey 0x00c500 VAddr 0x007fc2586d8000
 GID: 00:00:00:00:00:00:00:00:00:00:255:255:10:01:03:02
 remote address: LID 0000 QPN 0x06e9 PSN 0xf0ec44 RKey 0x00c500 VAddr 0x007fc2586e8000
 GID: 00:00:00:00:00:00:00:00:00:00:255:255:10:01:03:02
 remote address: LID 0000 QPN 0x06ea PSN 0xc67ee6 RKey 0x00c500 VAddr 0x007fc2586f8000
 GID: 00:00:00:00:00:00:00:00:00:00:255:255:10:01:03:02
 remote address: LID 0000 QPN 0x06eb PSN 0x4ec3d7 RKey 0x00c500 VAddr 0x007fc258708000
 GID: 00:00:00:00:00:00:00:00:00:00:255:255:10:01:03:02
 remote address: LID 0000 QPN 0x06ec PSN 0x8167a2 RKey 0x00c500 VAddr 0x007fc258718000
 GID: 00:00:00:00:00:00:00:00:00:00:255:255:10:01:03:02
 remote address: LID 0000 QPN 0x06ed PSN 0x869d51 RKey 0x00c500 VAddr 0x007fc258728000
 GID: 00:00:00:00:00:00:00:00:00:00:255:255:10:01:03:02
 remote address: LID 0000 QPN 0x06ee PSN 0x39b4f5 RKey 0x00c500 VAddr 0x007fc258738000
 GID: 00:00:00:00:00:00:00:00:00:00:255:255:10:01:03:02
 remote address: LID 0000 QPN 0x06ef PSN 0x4bb9f9 RKey 0x00c500 VAddr 0x007fc258748000
 GID: 00:00:00:00:00:00:00:00:00:00:255:255:10:01:03:02
 remote address: LID 0000 QPN 0x06f0 PSN 0x1a65b1 RKey 0x00c500 VAddr 0x007fc258758000
 GID: 00:00:00:00:00:00:00:00:00:00:255:255:10:01:03:02
 remote address: LID 0000 QPN 0x06f1 PSN 0x4bb192 RKey 0x00c500 VAddr 0x007fc258768000
 GID: 00:00:00:00:00:00:00:00:00:00:255:255:10:01:03:02
 remote address: LID 0000 QPN 0x06f2 PSN 0x537624 RKey 0x00c500 VAddr 0x007fc258778000
 GID: 00:00:00:00:00:00:00:00:00:00:255:255:10:01:03:02
 remote address: LID 0000 QPN 0x06f3 PSN 0x344d09 RKey 0x00c500 VAddr 0x007fc258788000
 GID: 00:00:00:00:00:00:00:00:00:00:255:255:10:01:03:02
 remote address: LID 0000 QPN 0x06f4 PSN 0x765e61 RKey 0x00c500 VAddr 0x007fc258798000
 GID: 00:00:00:00:00:00:00:00:00:00:255:255:10:01:03:02
 remote address: LID 0000 QPN 0x06f5 PSN 0x5ab65e RKey 0x00c500 VAddr 0x007fc2587a8000
 GID: 00:00:00:00:00:00:00:00:00:00:255:255:10:01:03:02
 remote address: LID 0000 QPN 0x06f6 PSN 0xd2d042 RKey 0x00c500 VAddr 0x007fc2587b8000
 GID: 00:00:00:00:00:00:00:00:00:00:255:255:10:01:03:02
 remote address: LID 0000 QPN 0x06f7 PSN 0xd38d29 RKey 0x00c500 VAddr 0x007fc2587c8000
 GID: 00:00:00:00:00:00:00:00:00:00:255:255:10:01:03:02
 remote address: LID 0000 QPN 0x06f8 PSN 0x9acd1e RKey 0x00c500 VAddr 0x007fc2587d8000
 GID: 00:00:00:00:00:00:00:00:00:00:255:255:10:01:03:02
 remote address: LID 0000 QPN 0x06f9 PSN 0x364a8a RKey 0x00c500 VAddr 0x007fc2587e8000
 GID: 00:00:00:00:00:00:00:00:00:00:255:255:10:01:03:02
 remote address: LID 0000 QPN 0x06fa PSN 0xe66e34 RKey 0x00c500 VAddr 0x007fc2587f8000
 GID: 00:00:00:00:00:00:00:00:00:00:255:255:10:01:03:02
 remote address: LID 0000 QPN 0x06fb PSN 0xaeb411 RKey 0x00c500 VAddr 0x007fc258808000
 GID: 00:00:00:00:00:00:00:00:00:00:255:255:10:01:03:02
 remote address: LID 0000 QPN 0x06fc PSN 0xa38314 RKey 0x00c500 VAddr 0x007fc258818000
 GID: 00:00:00:00:00:00:00:00:00:00:255:255:10:01:03:02
 remote address: LID 0000 QPN 0x06fd PSN 0x1812c4 RKey 0x00c500 VAddr 0x007fc258828000
 GID: 00:00:00:00:00:00:00:00:00:00:255:255:10:01:03:02
 remote address: LID 0000 QPN 0x06fe PSN 0x4b7e49 RKey 0x00c500 VAddr 0x007fc258838000
 GID: 00:00:00:00:00:00:00:00:00:00:255:255:10:01:03:02
 remote address: LID 0000 QPN 0x06ff PSN 0xb2e1fc RKey 0x00c500 VAddr 0x007fc258848000
 GID: 00:00:00:00:00:00:00:00:00:00:255:255:10:01:03:02
 remote address: LID 0000 QPN 0x0700 PSN 0x2e52c9 RKey 0x00c500 VAddr 0x007fc258858000
 GID: 00:00:00:00:00:00:00:00:00:00:255:255:10:01:03:02
 remote address: LID 0000 QPN 0x0701 PSN 0x54598f RKey 0x00c500 VAddr 0x007fc258868000
 GID: 00:00:00:00:00:00:00:00:00:00:255:255:10:01:03:02
 remote address: LID 0000 QPN 0x0702 PSN 0xeb6bab RKey 0x00c500 VAddr 0x007fc258878000
 GID: 00:00:00:00:00:00:00:00:00:00:255:255:10:01:03:02
 remote address: LID 0000 QPN 0x0703 PSN 0x117f33 RKey 0x00c500 VAddr 0x007fc258888000
 GID: 00:00:00:00:00:00:00:00:00:00:255:255:10:01:03:02
 remote address: LID 0000 QPN 0x0704 PSN 0xa93e7 RKey 0x00c500 VAddr 0x007fc258898000
 GID: 00:00:00:00:00:00:00:00:00:00:255:255:10:01:03:02
 remote address: LID 0000 QPN 0x0705 PSN 0x4d74db RKey 0x00c500 VAddr 0x007fc2588a8000
 GID: 00:00:00:00:00:00:00:00:00:00:255:255:10:01:03:02
 remote address: LID 0000 QPN 0x0706 PSN 0xbe7cf0 RKey 0x00c500 VAddr 0x007fc2588b8000
 GID: 00:00:00:00:00:00:00:00:00:00:255:255:10:01:03:02
 remote address: LID 0000 QPN 0x0707 PSN 0xccec34 RKey 0x00c500 VAddr 0x007fc2588c8000
 GID: 00:00:00:00:00:00:00:00:00:00:255:255:10:01:03:02
 remote address: LID 0000 QPN 0x0708 PSN 0x1de118 RKey 0x00c500 VAddr 0x007fc2588d8000
 GID: 00:00:00:00:00:00:00:00:00:00:255:255:10:01:03:02
 remote address: LID 0000 QPN 0x0709 PSN 0xc9ab40 RKey 0x00c500 VAddr 0x007fc2588e8000
 GID: 00:00:00:00:00:00:00:00:00:00:255:255:10:01:03:02
 remote address: LID 0000 QPN 0x070a PSN 0xc889d0 RKey 0x00c500 VAddr 0x007fc2588f8000
 GID: 00:00:00:00:00:00:00:00:00:00:255:255:10:01:03:02
 remote address: LID 0000 QPN 0x070b PSN 0xa7ca7f RKey 0x00c500 VAddr 0x007fc258908000
 GID: 00:00:00:00:00:00:00:00:00:00:255:255:10:01:03:02
 remote address: LID 0000 QPN 0x070c PSN 0xe3920a RKey 0x00c500 VAddr 0x007fc258918000
 GID: 00:00:00:00:00:00:00:00:00:00:255:255:10:01:03:02
 remote address: LID 0000 QPN 0x070d PSN 0xaff2d7 RKey 0x00c500 VAddr 0x007fc258928000
 GID: 00:00:00:00:00:00:00:00:00:00:255:255:10:01:03:02
 remote address: LID 0000 QPN 0x070e PSN 0xe619f2 RKey 0x00c500 VAddr 0x007fc258938000
 GID: 00:00:00:00:00:00:00:00:00:00:255:255:10:01:03:02
 remote address: LID 0000 QPN 0x070f PSN 0xc3c7fc RKey 0x00c500 VAddr 0x007fc258948000
 GID: 00:00:00:00:00:00:00:00:00:00:255:255:10:01:03:02
 remote address: LID 0000 QPN 0x0710 PSN 0x829392 RKey 0x00c500 VAddr 0x007fc258958000
 GID: 00:00:00:00:00:00:00:00:00:00:255:255:10:01:03:02
 remote address: LID 0000 QPN 0x0711 PSN 0xdb83b5 RKey 0x00c500 VAddr 0x007fc258968000
 GID: 00:00:00:00:00:00:00:00:00:00:255:255:10:01:03:02
 remote address: LID 0000 QPN 0x0712 PSN 0xf35edf RKey 0x00c500 VAddr 0x007fc258978000
 GID: 00:00:00:00:00:00:00:00:00:00:255:255:10:01:03:02
 remote address: LID 0000 QPN 0x0713 PSN 0xe1770c RKey 0x00c500 VAddr 0x007fc258988000
 GID: 00:00:00:00:00:00:00:00:00:00:255:255:10:01:03:02
 remote address: LID 0000 QPN 0x0714 PSN 0x4d5fec RKey 0x00c500 VAddr 0x007fc258998000
 GID: 00:00:00:00:00:00:00:00:00:00:255:255:10:01:03:02
 remote address: LID 0000 QPN 0x0715 PSN 0x7bd805 RKey 0x00c500 VAddr 0x007fc2589a8000
 GID: 00:00:00:00:00:00:00:00:00:00:255:255:10:01:03:02
 remote address: LID 0000 QPN 0x0716 PSN 0xbb9b18 RKey 0x00c500 VAddr 0x007fc2589b8000
 GID: 00:00:00:00:00:00:00:00:00:00:255:255:10:01:03:02
 remote address: LID 0000 QPN 0x0717 PSN 0x815d2a RKey 0x00c500 VAddr 0x007fc2589c8000
 GID: 00:00:00:00:00:00:00:00:00:00:255:255:10:01:03:02
 remote address: LID 0000 QPN 0x0718 PSN 0xb9f920 RKey 0x00c500 VAddr 0x007fc2589d8000
 GID: 00:00:00:00:00:00:00:00:00:00:255:255:10:01:03:02
 remote address: LID 0000 QPN 0x0719 PSN 0xf653c1 RKey 0x00c500 VAddr 0x007fc2589e8000
 GID: 00:00:00:00:00:00:00:00:00:00:255:255:10:01:03:02
 remote address: LID 0000 QPN 0x071a PSN 0x36a842 RKey 0x00c500 VAddr 0x007fc2589f8000
 GID: 00:00:00:00:00:00:00:00:00:00:255:255:10:01:03:02
 remote address: LID 0000 QPN 0x071b PSN 0xbf023e RKey 0x00c500 VAddr 0x007fc258a08000
 GID: 00:00:00:00:00:00:00:00:00:00:255:255:10:01:03:02
 remote address: LID 0000 QPN 0x071c PSN 0x9be781 RKey 0x00c500 VAddr 0x007fc258a18000
 GID: 00:00:00:00:00:00:00:00:00:00:255:255:10:01:03:02
 remote address: LID 0000 QPN 0x071d PSN 0x186e0d RKey 0x00c500 VAddr 0x007fc258a28000
 GID: 00:00:00:00:00:00:00:00:00:00:255:255:10:01:03:02
 remote address: LID 0000 QPN 0x071e PSN 0x36e7f RKey 0x00c500 VAddr 0x007fc258a38000
 GID: 00:00:00:00:00:00:00:00:00:00:255:255:10:01:03:02
 remote address: LID 0000 QPN 0x071f PSN 0x416a7e RKey 0x00c500 VAddr 0x007fc258a48000
 GID: 00:00:00:00:00:00:00:00:00:00:255:255:10:01:03:02
 remote address: LID 0000 QPN 0x0720 PSN 0xc85e50 RKey 0x00c500 VAddr 0x007fc258a58000
 GID: 00:00:00:00:00:00:00:00:00:00:255:255:10:01:03:02
 remote address: LID 0000 QPN 0x0721 PSN 0x3cd630 RKey 0x00c500 VAddr 0x007fc258a68000
 GID: 00:00:00:00:00:00:00:00:00:00:255:255:10:01:03:02
 remote address: LID 0000 QPN 0x0722 PSN 0xe93ed9 RKey 0x00c500 VAddr 0x007fc258a78000
 GID: 00:00:00:00:00:00:00:00:00:00:255:255:10:01:03:02
 remote address: LID 0000 QPN 0x0723 PSN 0xa90501 RKey 0x00c500 VAddr 0x007fc258a88000
 GID: 00:00:00:00:00:00:00:00:00:00:255:255:10:01:03:02
 remote address: LID 0000 QPN 0x0724 PSN 0x6cc87d RKey 0x00c500 VAddr 0x007fc258a98000
 GID: 00:00:00:00:00:00:00:00:00:00:255:255:10:01:03:02
 remote address: LID 0000 QPN 0x0725 PSN 0x73ae2f RKey 0x00c500 VAddr 0x007fc258aa8000
 GID: 00:00:00:00:00:00:00:00:00:00:255:255:10:01:03:02
 remote address: LID 0000 QPN 0x0726 PSN 0x9722d8 RKey 0x00c500 VAddr 0x007fc258ab8000
 GID: 00:00:00:00:00:00:00:00:00:00:255:255:10:01:03:02
 remote address: LID 0000 QPN 0x0727 PSN 0x19b8e2 RKey 0x00c500 VAddr 0x007fc258ac8000
 GID: 00:00:00:00:00:00:00:00:00:00:255:255:10:01:03:02
 remote address: LID 0000 QPN 0x0728 PSN 0x621f8d RKey 0x00c500 VAddr 0x007fc258ad8000
 GID: 00:00:00:00:00:00:00:00:00:00:255:255:10:01:03:02
 remote address: LID 0000 QPN 0x0729 PSN 0x659508 RKey 0x00c500 VAddr 0x007fc258ae8000
 GID: 00:00:00:00:00:00:00:00:00:00:255:255:10:01:03:02
 remote address: LID 0000 QPN 0x072a PSN 0xf75333 RKey 0x00c500 VAddr 0x007fc258af8000
 GID: 00:00:00:00:00:00:00:00:00:00:255:255:10:01:03:02
 remote address: LID 0000 QPN 0x072b PSN 0x805b0d RKey 0x00c500 VAddr 0x007fc258b08000
 GID: 00:00:00:00:00:00:00:00:00:00:255:255:10:01:03:02
 remote address: LID 0000 QPN 0x072c PSN 0xcb8e97 RKey 0x00c500 VAddr 0x007fc258b18000
 GID: 00:00:00:00:00:00:00:00:00:00:255:255:10:01:03:02
 remote address: LID 0000 QPN 0x072d PSN 0x2ada88 RKey 0x00c500 VAddr 0x007fc258b28000
 GID: 00:00:00:00:00:00:00:00:00:00:255:255:10:01:03:02
 remote address: LID 0000 QPN 0x072e PSN 0x5e27a3 RKey 0x00c500 VAddr 0x007fc258b38000
 GID: 00:00:00:00:00:00:00:00:00:00:255:255:10:01:03:02
 remote address: LID 0000 QPN 0x072f PSN 0x9d76a9 RKey 0x00c500 VAddr 0x007fc258b48000
 GID: 00:00:00:00:00:00:00:00:00:00:255:255:10:01:03:02
 remote address: LID 0000 QPN 0x0730 PSN 0x750368 RKey 0x00c500 VAddr 0x007fc258b58000
 GID: 00:00:00:00:00:00:00:00:00:00:255:255:10:01:03:02
 remote address: LID 0000 QPN 0x0731 PSN 0x4bd6c9 RKey 0x00c500 VAddr 0x007fc258b68000
 GID: 00:00:00:00:00:00:00:00:00:00:255:255:10:01:03:02
 remote address: LID 0000 QPN 0x0732 PSN 0xbef1d2 RKey 0x00c500 VAddr 0x007fc258b78000
 GID: 00:00:00:00:00:00:00:00:00:00:255:255:10:01:03:02
 remote address: LID 0000 QPN 0x0733 PSN 0x53f222 RKey 0x00c500 VAddr 0x007fc258b88000
 GID: 00:00:00:00:00:00:00:00:00:00:255:255:10:01:03:02
 remote address: LID 0000 QPN 0x0734 PSN 0xce6fc6 RKey 0x00c500 VAddr 0x007fc258b98000
 GID: 00:00:00:00:00:00:00:00:00:00:255:255:10:01:03:02
 remote address: LID 0000 QPN 0x0735 PSN 0x34ff4c RKey 0x00c500 VAddr 0x007fc258ba8000
 GID: 00:00:00:00:00:00:00:00:00:00:255:255:10:01:03:02
 remote address: LID 0000 QPN 0x0736 PSN 0x65573 RKey 0x00c500 VAddr 0x007fc258bb8000
 GID: 00:00:00:00:00:00:00:00:00:00:255:255:10:01:03:02
 remote address: LID 0000 QPN 0x0737 PSN 0xd8bad1 RKey 0x00c500 VAddr 0x007fc258bc8000
 GID: 00:00:00:00:00:00:00:00:00:00:255:255:10:01:03:02
 remote address: LID 0000 QPN 0x0738 PSN 0x2a9cd2 RKey 0x00c500 VAddr 0x007fc258bd8000
 GID: 00:00:00:00:00:00:00:00:00:00:255:255:10:01:03:02
 remote address: LID 0000 QPN 0x0739 PSN 0x38f3af RKey 0x00c500 VAddr 0x007fc258be8000
 GID: 00:00:00:00:00:00:00:00:00:00:255:255:10:01:03:02
 remote address: LID 0000 QPN 0x073a PSN 0xe0cf6b RKey 0x00c500 VAddr 0x007fc258bf8000
 GID: 00:00:00:00:00:00:00:00:00:00:255:255:10:01:03:02
 remote address: LID 0000 QPN 0x073b PSN 0xc9414b RKey 0x00c500 VAddr 0x007fc258c08000
 GID: 00:00:00:00:00:00:00:00:00:00:255:255:10:01:03:02
 remote address: LID 0000 QPN 0x073c PSN 0x349286 RKey 0x00c500 VAddr 0x007fc258c18000
 GID: 00:00:00:00:00:00:00:00:00:00:255:255:10:01:03:02
 remote address: LID 0000 QPN 0x073d PSN 0x645c0b RKey 0x00c500 VAddr 0x007fc258c28000
 GID: 00:00:00:00:00:00:00:00:00:00:255:255:10:01:03:02
 remote address: LID 0000 QPN 0x073e PSN 0xad3e2c RKey 0x00c500 VAddr 0x007fc258c38000
 GID: 00:00:00:00:00:00:00:00:00:00:255:255:10:01:03:02
 remote address: LID 0000 QPN 0x073f PSN 0x813043 RKey 0x00c500 VAddr 0x007fc258c48000
 GID: 00:00:00:00:00:00:00:00:00:00:255:255:10:01:03:02
 remote address: LID 0000 QPN 0x0740 PSN 0x7cb55e RKey 0x00c500 VAddr 0x007fc258c58000
 GID: 00:00:00:00:00:00:00:00:00:00:255:255:10:01:03:02
 remote address: LID 0000 QPN 0x0741 PSN 0x8b12ec RKey 0x00c500 VAddr 0x007fc258c68000
 GID: 00:00:00:00:00:00:00:00:00:00:255:255:10:01:03:02
 remote address: LID 0000 QPN 0x0742 PSN 0x465d23 RKey 0x00c500 VAddr 0x007fc258c78000
 GID: 00:00:00:00:00:00:00:00:00:00:255:255:10:01:03:02
 remote address: LID 0000 QPN 0x0743 PSN 0xe4681d RKey 0x00c500 VAddr 0x007fc258c88000
 GID: 00:00:00:00:00:00:00:00:00:00:255:255:10:01:03:02
 remote address: LID 0000 QPN 0x0744 PSN 0xaedc14 RKey 0x00c500 VAddr 0x007fc258c98000
 GID: 00:00:00:00:00:00:00:00:00:00:255:255:10:01:03:02
 remote address: LID 0000 QPN 0x0745 PSN 0xb3b4ee RKey 0x00c500 VAddr 0x007fc258ca8000
 GID: 00:00:00:00:00:00:00:00:00:00:255:255:10:01:03:02
 remote address: LID 0000 QPN 0x0746 PSN 0xcb4547 RKey 0x00c500 VAddr 0x007fc258cb8000
 GID: 00:00:00:00:00:00:00:00:00:00:255:255:10:01:03:02
 remote address: LID 0000 QPN 0x0747 PSN 0xd8e910 RKey 0x00c500 VAddr 0x007fc258cc8000
 GID: 00:00:00:00:00:00:00:00:00:00:255:255:10:01:03:02
 remote address: LID 0000 QPN 0x0748 PSN 0x94bf83 RKey 0x00c500 VAddr 0x007fc258cd8000
 GID: 00:00:00:00:00:00:00:00:00:00:255:255:10:01:03:02
 remote address: LID 0000 QPN 0x0749 PSN 0xfe4ff0 RKey 0x00c500 VAddr 0x007fc258ce8000
 GID: 00:00:00:00:00:00:00:00:00:00:255:255:10:01:03:02
 remote address: LID 0000 QPN 0x074a PSN 0xbe24d2 RKey 0x00c500 VAddr 0x007fc258cf8000
 GID: 00:00:00:00:00:00:00:00:00:00:255:255:10:01:03:02
 remote address: LID 0000 QPN 0x074b PSN 0x7cf5f6 RKey 0x00c500 VAddr 0x007fc258d08000
 GID: 00:00:00:00:00:00:00:00:00:00:255:255:10:01:03:02
 remote address: LID 0000 QPN 0x074c PSN 0x9c46ad RKey 0x00c500 VAddr 0x007fc258d18000
 GID: 00:00:00:00:00:00:00:00:00:00:255:255:10:01:03:02
 remote address: LID 0000 QPN 0x074d PSN 0xf48bf8 RKey 0x00c500 VAddr 0x007fc258d28000
 GID: 00:00:00:00:00:00:00:00:00:00:255:255:10:01:03:02
 remote address: LID 0000 QPN 0x074e PSN 0xd1800d RKey 0x00c500 VAddr 0x007fc258d38000
 GID: 00:00:00:00:00:00:00:00:00:00:255:255:10:01:03:02
 remote address: LID 0000 QPN 0x074f PSN 0x6059b3 RKey 0x00c500 VAddr 0x007fc258d48000
 GID: 00:00:00:00:00:00:00:00:00:00:255:255:10:01:03:02
 remote address: LID 0000 QPN 0x0750 PSN 0x4f50d8 RKey 0x00c500 VAddr 0x007fc258d58000
 GID: 00:00:00:00:00:00:00:00:00:00:255:255:10:01:03:02
 remote address: LID 0000 QPN 0x0751 PSN 0x7d47a3 RKey 0x00c500 VAddr 0x007fc258d68000
 GID: 00:00:00:00:00:00:00:00:00:00:255:255:10:01:03:02
 remote address: LID 0000 QPN 0x0752 PSN 0xaf6d43 RKey 0x00c500 VAddr 0x007fc258d78000
 GID: 00:00:00:00:00:00:00:00:00:00:255:255:10:01:03:02
 remote address: LID 0000 QPN 0x0753 PSN 0x4c5940 RKey 0x00c500 VAddr 0x007fc258d88000
 GID: 00:00:00:00:00:00:00:00:00:00:255:255:10:01:03:02
 remote address: LID 0000 QPN 0x0754 PSN 0x22bfd3 RKey 0x00c500 VAddr 0x007fc258d98000
 GID: 00:00:00:00:00:00:00:00:00:00:255:255:10:01:03:02
 remote address: LID 0000 QPN 0x0755 PSN 0x134247 RKey 0x00c500 VAddr 0x007fc258da8000
 GID: 00:00:00:00:00:00:00:00:00:00:255:255:10:01:03:02
 remote address: LID 0000 QPN 0x0756 PSN 0xb5dd7 RKey 0x00c500 VAddr 0x007fc258db8000
 GID: 00:00:00:00:00:00:00:00:00:00:255:255:10:01:03:02
 remote address: LID 0000 QPN 0x0757 PSN 0x147c53 RKey 0x00c500 VAddr 0x007fc258dc8000
 GID: 00:00:00:00:00:00:00:00:00:00:255:255:10:01:03:02
 remote address: LID 0000 QPN 0x0758 PSN 0x5ca456 RKey 0x00c500 VAddr 0x007fc258dd8000
 GID: 00:00:00:00:00:00:00:00:00:00:255:255:10:01:03:02
 remote address: LID 0000 QPN 0x0759 PSN 0xfe0da7 RKey 0x00c500 VAddr 0x007fc258de8000
 GID: 00:00:00:00:00:00:00:00:00:00:255:255:10:01:03:02
 remote address: LID 0000 QPN 0x075a PSN 0x862672 RKey 0x00c500 VAddr 0x007fc258df8000
 GID: 00:00:00:00:00:00:00:00:00:00:255:255:10:01:03:02
 remote address: LID 0000 QPN 0x075b PSN 0x22f6ad RKey 0x00c500 VAddr 0x007fc258e08000
 GID: 00:00:00:00:00:00:00:00:00:00:255:255:10:01:03:02
 remote address: LID 0000 QPN 0x075c PSN 0xad8e87 RKey 0x00c500 VAddr 0x007fc258e18000
 GID: 00:00:00:00:00:00:00:00:00:00:255:255:10:01:03:02
 remote address: LID 0000 QPN 0x075d PSN 0xc62151 RKey 0x00c500 VAddr 0x007fc258e28000
 GID: 00:00:00:00:00:00:00:00:00:00:255:255:10:01:03:02
 remote address: LID 0000 QPN 0x075e PSN 0x751854 RKey 0x00c500 VAddr 0x007fc258e38000
 GID: 00:00:00:00:00:00:00:00:00:00:255:255:10:01:03:02
 remote address: LID 0000 QPN 0x075f PSN 0x961bff RKey 0x00c500 VAddr 0x007fc258e48000
 GID: 00:00:00:00:00:00:00:00:00:00:255:255:10:01:03:02
 remote address: LID 0000 QPN 0x0760 PSN 0x972499 RKey 0x00c500 VAddr 0x007fc258e58000
 GID: 00:00:00:00:00:00:00:00:00:00:255:255:10:01:03:02
 remote address: LID 0000 QPN 0x0761 PSN 0x908998 RKey 0x00c500 VAddr 0x007fc258e68000
 GID: 00:00:00:00:00:00:00:00:00:00:255:255:10:01:03:02
 remote address: LID 0000 QPN 0x0762 PSN 0x981dcc RKey 0x00c500 VAddr 0x007fc258e78000
 GID: 00:00:00:00:00:00:00:00:00:00:255:255:10:01:03:02
 remote address: LID 0000 QPN 0x0763 PSN 0x70e87a RKey 0x00c500 VAddr 0x007fc258e88000
 GID: 00:00:00:00:00:00:00:00:00:00:255:255:10:01:03:02
 remote address: LID 0000 QPN 0x0764 PSN 0xfa418f RKey 0x00c500 VAddr 0x007fc258e98000
 GID: 00:00:00:00:00:00:00:00:00:00:255:255:10:01:03:02
 remote address: LID 0000 QPN 0x0765 PSN 0x1c4c2a RKey 0x00c500 VAddr 0x007fc258ea8000
 GID: 00:00:00:00:00:00:00:00:00:00:255:255:10:01:03:02
 remote address: LID 0000 QPN 0x0766 PSN 0x57ebc3 RKey 0x00c500 VAddr 0x007fc258eb8000
 GID: 00:00:00:00:00:00:00:00:00:00:255:255:10:01:03:02
 remote address: LID 0000 QPN 0x0767 PSN 0x3747f2 RKey 0x00c500 VAddr 0x007fc258ec8000
 GID: 00:00:00:00:00:00:00:00:00:00:255:255:10:01:03:02
 remote address: LID 0000 QPN 0x0768 PSN 0x48fe1f RKey 0x00c500 VAddr 0x007fc258ed8000
 GID: 00:00:00:00:00:00:00:00:00:00:255:255:10:01:03:02
 remote address: LID 0000 QPN 0x0769 PSN 0x633c4d RKey 0x00c500 VAddr 0x007fc258ee8000
 GID: 00:00:00:00:00:00:00:00:00:00:255:255:10:01:03:02
 remote address: LID 0000 QPN 0x076a PSN 0x647a72 RKey 0x00c500 VAddr 0x007fc258ef8000
 GID: 00:00:00:00:00:00:00:00:00:00:255:255:10:01:03:02
 remote address: LID 0000 QPN 0x076b PSN 0xef65ad RKey 0x00c500 VAddr 0x007fc258f08000
 GID: 00:00:00:00:00:00:00:00:00:00:255:255:10:01:03:02
 remote address: LID 0000 QPN 0x076c PSN 0xfd25b1 RKey 0x00c500 VAddr 0x007fc258f18000
 GID: 00:00:00:00:00:00:00:00:00:00:255:255:10:01:03:02
 remote address: LID 0000 QPN 0x076d PSN 0x198ba RKey 0x00c500 VAddr 0x007fc258f28000
 GID: 00:00:00:00:00:00:00:00:00:00:255:255:10:01:03:02
 remote address: LID 0000 QPN 0x076e PSN 0x9d1734 RKey 0x00c500 VAddr 0x007fc258f38000
 GID: 00:00:00:00:00:00:00:00:00:00:255:255:10:01:03:02
 remote address: LID 0000 QPN 0x076f PSN 0x8beece RKey 0x00c500 VAddr 0x007fc258f48000
 GID: 00:00:00:00:00:00:00:00:00:00:255:255:10:01:03:02
 remote address: LID 0000 QPN 0x0770 PSN 0x39b986 RKey 0x00c500 VAddr 0x007fc258f58000
 GID: 00:00:00:00:00:00:00:00:00:00:255:255:10:01:03:02
 remote address: LID 0000 QPN 0x0771 PSN 0x236d16 RKey 0x00c500 VAddr 0x007fc258f68000
 GID: 00:00:00:00:00:00:00:00:00:00:255:255:10:01:03:02
 remote address: LID 0000 QPN 0x0772 PSN 0x2e8175 RKey 0x00c500 VAddr 0x007fc258f78000
 GID: 00:00:00:00:00:00:00:00:00:00:255:255:10:01:03:02
 remote address: LID 0000 QPN 0x0773 PSN 0xd7d159 RKey 0x00c500 VAddr 0x007fc258f88000
 GID: 00:00:00:00:00:00:00:00:00:00:255:255:10:01:03:02
 remote address: LID 0000 QPN 0x0774 PSN 0x643f6 RKey 0x00c500 VAddr 0x007fc258f98000
 GID: 00:00:00:00:00:00:00:00:00:00:255:255:10:01:03:02
 remote address: LID 0000 QPN 0x0775 PSN 0x6c5109 RKey 0x00c500 VAddr 0x007fc258fa8000
 GID: 00:00:00:00:00:00:00:00:00:00:255:255:10:01:03:02
 remote address: LID 0000 QPN 0x0776 PSN 0xe8a4ca RKey 0x00c500 VAddr 0x007fc258fb8000
 GID: 00:00:00:00:00:00:00:00:00:00:255:255:10:01:03:02
 remote address: LID 0000 QPN 0x0777 PSN 0xbaa1e2 RKey 0x00c500 VAddr 0x007fc258fc8000
 GID: 00:00:00:00:00:00:00:00:00:00:255:255:10:01:03:02
 remote address: LID 0000 QPN 0x0778 PSN 0x7cddd2 RKey 0x00c500 VAddr 0x007fc258fd8000
 GID: 00:00:00:00:00:00:00:00:00:00:255:255:10:01:03:02
 remote address: LID 0000 QPN 0x0779 PSN 0xbdbefd RKey 0x00c500 VAddr 0x007fc258fe8000
 GID: 00:00:00:00:00:00:00:00:00:00:255:255:10:01:03:02
 remote address: LID 0000 QPN 0x077a PSN 0x14a21b RKey 0x00c500 VAddr 0x007fc258ff8000
 GID: 00:00:00:00:00:00:00:00:00:00:255:255:10:01:03:02
 remote address: LID 0000 QPN 0x077b PSN 0xb571d7 RKey 0x00c500 VAddr 0x007fc259008000
 GID: 00:00:00:00:00:00:00:00:00:00:255:255:10:01:03:02
 remote address: LID 0000 QPN 0x077c PSN 0xafe7e8 RKey 0x00c500 VAddr 0x007fc259018000
 GID: 00:00:00:00:00:00:00:00:00:00:255:255:10:01:03:02
 remote address: LID 0000 QPN 0x077d PSN 0x89dc75 RKey 0x00c500 VAddr 0x007fc259028000
 GID: 00:00:00:00:00:00:00:00:00:00:255:255:10:01:03:02
 remote address: LID 0000 QPN 0x077e PSN 0xacf9fb RKey 0x00c500 VAddr 0x007fc259038000
 GID: 00:00:00:00:00:00:00:00:00:00:255:255:10:01:03:02
 remote address: LID 0000 QPN 0x077f PSN 0x6a8066 RKey 0x00c500 VAddr 0x007fc259048000
 GID: 00:00:00:00:00:00:00:00:00:00:255:255:10:01:03:02
 remote address: LID 0000 QPN 0x0780 PSN 0x1a9aa4 RKey 0x00c500 VAddr 0x007fc259058000
 GID: 00:00:00:00:00:00:00:00:00:00:255:255:10:01:03:02
 remote address: LID 0000 QPN 0x0781 PSN 0x242e07 RKey 0x00c500 VAddr 0x007fc259068000
 GID: 00:00:00:00:00:00:00:00:00:00:255:255:10:01:03:02
 remote address: LID 0000 QPN 0x0782 PSN 0xe4ca18 RKey 0x00c500 VAddr 0x007fc259078000
 GID: 00:00:00:00:00:00:00:00:00:00:255:255:10:01:03:02
 remote address: LID 0000 QPN 0x0783 PSN 0x7ed00c RKey 0x00c500 VAddr 0x007fc259088000
 GID: 00:00:00:00:00:00:00:00:00:00:255:255:10:01:03:02
 remote address: LID 0000 QPN 0x0784 PSN 0x3fadd3 RKey 0x00c500 VAddr 0x007fc259098000
 GID: 00:00:00:00:00:00:00:00:00:00:255:255:10:01:03:02
 remote address: LID 0000 QPN 0x0785 PSN 0xdf50f8 RKey 0x00c500 VAddr 0x007fc2590a8000
 GID: 00:00:00:00:00:00:00:00:00:00:255:255:10:01:03:02
 remote address: LID 0000 QPN 0x0786 PSN 0x882fce RKey 0x00c500 VAddr 0x007fc2590b8000
 GID: 00:00:00:00:00:00:00:00:00:00:255:255:10:01:03:02
 remote address: LID 0000 QPN 0x0787 PSN 0xcb4abc RKey 0x00c500 VAddr 0x007fc2590c8000
 GID: 00:00:00:00:00:00:00:00:00:00:255:255:10:01:03:02
 remote address: LID 0000 QPN 0x0788 PSN 0xcb7a83 RKey 0x00c500 VAddr 0x007fc2590d8000
 GID: 00:00:00:00:00:00:00:00:00:00:255:255:10:01:03:02
 remote address: LID 0000 QPN 0x0789 PSN 0x5e7472 RKey 0x00c500 VAddr 0x007fc2590e8000
 GID: 00:00:00:00:00:00:00:00:00:00:255:255:10:01:03:02
 remote address: LID 0000 QPN 0x078a PSN 0xf01d6 RKey 0x00c500 VAddr 0x007fc2590f8000
 GID: 00:00:00:00:00:00:00:00:00:00:255:255:10:01:03:02
 remote address: LID 0000 QPN 0x078b PSN 0x43bea8 RKey 0x00c500 VAddr 0x007fc259108000
 GID: 00:00:00:00:00:00:00:00:00:00:255:255:10:01:03:02
 remote address: LID 0000 QPN 0x078c PSN 0x431907 RKey 0x00c500 VAddr 0x007fc259118000
 GID: 00:00:00:00:00:00:00:00:00:00:255:255:10:01:03:02
 remote address: LID 0000 QPN 0x078d PSN 0xf2ec64 RKey 0x00c500 VAddr 0x007fc259128000
 GID: 00:00:00:00:00:00:00:00:00:00:255:255:10:01:03:02
 remote address: LID 0000 QPN 0x078e PSN 0x5c331b RKey 0x00c500 VAddr 0x007fc259138000
 GID: 00:00:00:00:00:00:00:00:00:00:255:255:10:01:03:02
 remote address: LID 0000 QPN 0x078f PSN 0xd49dae RKey 0x00c500 VAddr 0x007fc259148000
 GID: 00:00:00:00:00:00:00:00:00:00:255:255:10:01:03:02
 remote address: LID 0000 QPN 0x0790 PSN 0x201d17 RKey 0x00c500 VAddr 0x007fc259158000
 GID: 00:00:00:00:00:00:00:00:00:00:255:255:10:01:03:02
 remote address: LID 0000 QPN 0x0791 PSN 0xc9d7f6 RKey 0x00c500 VAddr 0x007fc259168000
 GID: 00:00:00:00:00:00:00:00:00:00:255:255:10:01:03:02
 remote address: LID 0000 QPN 0x0792 PSN 0x3750ad RKey 0x00c500 VAddr 0x007fc259178000
 GID: 00:00:00:00:00:00:00:00:00:00:255:255:10:01:03:02
 remote address: LID 0000 QPN 0x0793 PSN 0x5d0962 RKey 0x00c500 VAddr 0x007fc259188000
 GID: 00:00:00:00:00:00:00:00:00:00:255:255:10:01:03:02
 remote address: LID 0000 QPN 0x0794 PSN 0x50b213 RKey 0x00c500 VAddr 0x007fc259198000
 GID: 00:00:00:00:00:00:00:00:00:00:255:255:10:01:03:02
 remote address: LID 0000 QPN 0x0795 PSN 0xb375a8 RKey 0x00c500 VAddr 0x007fc2591a8000
 GID: 00:00:00:00:00:00:00:00:00:00:255:255:10:01:03:02
 remote address: LID 0000 QPN 0x0796 PSN 0xb2acce RKey 0x00c500 VAddr 0x007fc2591b8000
 GID: 00:00:00:00:00:00:00:00:00:00:255:255:10:01:03:02
 remote address: LID 0000 QPN 0x0797 PSN 0x7955b4 RKey 0x00c500 VAddr 0x007fc2591c8000
 GID: 00:00:00:00:00:00:00:00:00:00:255:255:10:01:03:02
 remote address: LID 0000 QPN 0x0798 PSN 0x8df968 RKey 0x00c500 VAddr 0x007fc2591d8000
 GID: 00:00:00:00:00:00:00:00:00:00:255:255:10:01:03:02
 remote address: LID 0000 QPN 0x0799 PSN 0xd5f06 RKey 0x00c500 VAddr 0x007fc2591e8000
 GID: 00:00:00:00:00:00:00:00:00:00:255:255:10:01:03:02
 remote address: LID 0000 QPN 0x079a PSN 0x7e92a RKey 0x00c500 VAddr 0x007fc2591f8000
 GID: 00:00:00:00:00:00:00:00:00:00:255:255:10:01:03:02
 remote address: LID 0000 QPN 0x079b PSN 0xaacc3e RKey 0x00c500 VAddr 0x007fc259208000
 GID: 00:00:00:00:00:00:00:00:00:00:255:255:10:01:03:02
 remote address: LID 0000 QPN 0x079c PSN 0xf6ad0b RKey 0x00c500 VAddr 0x007fc259218000
 GID: 00:00:00:00:00:00:00:00:00:00:255:255:10:01:03:02
 remote address: LID 0000 QPN 0x079d PSN 0x72860a RKey 0x00c500 VAddr 0x007fc259228000
 GID: 00:00:00:00:00:00:00:00:00:00:255:255:10:01:03:02
 remote address: LID 0000 QPN 0x079e PSN 0x1db224 RKey 0x00c500 VAddr 0x007fc259238000
 GID: 00:00:00:00:00:00:00:00:00:00:255:255:10:01:03:02
 remote address: LID 0000 QPN 0x079f PSN 0x2c1a2d RKey 0x00c500 VAddr 0x007fc259248000
 GID: 00:00:00:00:00:00:00:00:00:00:255:255:10:01:03:02
 remote address: LID 0000 QPN 0x07a0 PSN 0xfa2823 RKey 0x00c500 VAddr 0x007fc259258000
 GID: 00:00:00:00:00:00:00:00:00:00:255:255:10:01:03:02
 remote address: LID 0000 QPN 0x07a1 PSN 0xe76e0e RKey 0x00c500 VAddr 0x007fc259268000
 GID: 00:00:00:00:00:00:00:00:00:00:255:255:10:01:03:02
 remote address: LID 0000 QPN 0x07a2 PSN 0x49d4c RKey 0x00c500 VAddr 0x007fc259278000
 GID: 00:00:00:00:00:00:00:00:00:00:255:255:10:01:03:02
 remote address: LID 0000 QPN 0x07a3 PSN 0xe72c9 RKey 0x00c500 VAddr 0x007fc259288000
 GID: 00:00:00:00:00:00:00:00:00:00:255:255:10:01:03:02
 remote address: LID 0000 QPN 0x07a4 PSN 0x17c3 RKey 0x00c500 VAddr 0x007fc259298000
 GID: 00:00:00:00:00:00:00:00:00:00:255:255:10:01:03:02
 remote address: LID 0000 QPN 0x07a5 PSN 0xe6ba6c RKey 0x00c500 VAddr 0x007fc2592a8000
 GID: 00:00:00:00:00:00:00:00:00:00:255:255:10:01:03:02
 remote address: LID 0000 QPN 0x07a6 PSN 0x663cec RKey 0x00c500 VAddr 0x007fc2592b8000
 GID: 00:00:00:00:00:00:00:00:00:00:255:255:10:01:03:02
 remote address: LID 0000 QPN 0x07a7 PSN 0xb210a2 RKey 0x00c500 VAddr 0x007fc2592c8000
 GID: 00:00:00:00:00:00:00:00:00:00:255:255:10:01:03:02
 remote address: LID 0000 QPN 0x07a8 PSN 0x7b35d5 RKey 0x00c500 VAddr 0x007fc2592d8000
 GID: 00:00:00:00:00:00:00:00:00:00:255:255:10:01:03:02
 remote address: LID 0000 QPN 0x07a9 PSN 0x99ccb4 RKey 0x00c500 VAddr 0x007fc2592e8000
 GID: 00:00:00:00:00:00:00:00:00:00:255:255:10:01:03:02
 remote address: LID 0000 QPN 0x07aa PSN 0x409ac2 RKey 0x00c500 VAddr 0x007fc2592f8000
 GID: 00:00:00:00:00:00:00:00:00:00:255:255:10:01:03:02
 remote address: LID 0000 QPN 0x07ab PSN 0xed5f59 RKey 0x00c500 VAddr 0x007fc259308000
 GID: 00:00:00:00:00:00:00:00:00:00:255:255:10:01:03:02
 remote address: LID 0000 QPN 0x07ac PSN 0x599012 RKey 0x00c500 VAddr 0x007fc259318000
 GID: 00:00:00:00:00:00:00:00:00:00:255:255:10:01:03:02
 remote address: LID 0000 QPN 0x07ad PSN 0x4acc89 RKey 0x00c500 VAddr 0x007fc259328000
 GID: 00:00:00:00:00:00:00:00:00:00:255:255:10:01:03:02
 remote address: LID 0000 QPN 0x07ae PSN 0x796bc7 RKey 0x00c500 VAddr 0x007fc259338000
 GID: 00:00:00:00:00:00:00:00:00:00:255:255:10:01:03:02
--------------------------------------------------------------------------Conflicting CPU frequency values detected: 2100.000000 != 2606.658000. CPU Frequency is not max.
-------------
 #bytes     #iterations    BW peak[Gb/sec]    BW average[Gb/sec]   MsgRate[Mpps]
 65536      813241           0.00               18.54  		     0.035358
---------------------------------------------------------------------------------------
