 WARNING: BW peak won't be measured in this run.
---------------------------------------------------------------------------------------
                    RDMA_Write BW Test
 Dual-port       : OFF		Device         : mlx5_6
 Number of qps   : 256		Transport type : IB
 Connection type : RC		Using SRQ      : OFF
 PCIe relax order: ON		Lock-free      : OFF
 ibv_wr* API     : ON		Using Enhanced Reorder      : OFF
 TX depth        : 128
 CQ Moderation   : 1
 CQE Poll Batch  : Dynamic
 Mtu             : 1024[B]
 Link type       : Ethernet
 GID index       : 3
 Max inline data : 0[B]
 rdma_cm QPs	 : OFF
 Data ex. method : Ethernet
---------------------------------------------------------------------------------------
 local address: LID 0000 QPN 0x03c3 PSN 0x7a3bf9 RKey 0x054507 VAddr 0x007f1e2e42f000
 GID: 00:00:00:00:00:00:00:00:00:00:255:255:10:01:00:01
 local address: LID 0000 QPN 0x03c4 PSN 0x40a8ef RKey 0x054507 VAddr 0x007f1e2e43f000
 GID: 00:00:00:00:00:00:00:00:00:00:255:255:10:01:00:01
 local address: LID 0000 QPN 0x03c5 PSN 0x14290d RKey 0x054507 VAddr 0x007f1e2e44f000
 GID: 00:00:00:00:00:00:00:00:00:00:255:255:10:01:00:01
 local address: LID 0000 QPN 0x03c6 PSN 0x99c7d8 RKey 0x054507 VAddr 0x007f1e2e45f000
 GID: 00:00:00:00:00:00:00:00:00:00:255:255:10:01:00:01
 local address: LID 0000 QPN 0x03c7 PSN 0x97dd0b RKey 0x054507 VAddr 0x007f1e2e46f000
 GID: 00:00:00:00:00:00:00:00:00:00:255:255:10:01:00:01
 local address: LID 0000 QPN 0x03c8 PSN 0xfd5511 RKey 0x054507 VAddr 0x007f1e2e47f000
 GID: 00:00:00:00:00:00:00:00:00:00:255:255:10:01:00:01
 local address: LID 0000 QPN 0x03c9 PSN 0xe03f9c RKey 0x054507 VAddr 0x007f1e2e48f000
 GID: 00:00:00:00:00:00:00:00:00:00:255:255:10:01:00:01
 local address: LID 0000 QPN 0x03ca PSN 0x367965 RKey 0x054507 VAddr 0x007f1e2e49f000
 GID: 00:00:00:00:00:00:00:00:00:00:255:255:10:01:00:01
 local address: LID 0000 QPN 0x03cb PSN 0x2d47a5 RKey 0x054507 VAddr 0x007f1e2e4af000
 GID: 00:00:00:00:00:00:00:00:00:00:255:255:10:01:00:01
 local address: LID 0000 QPN 0x03cc PSN 0x883cc3 RKey 0x054507 VAddr 0x007f1e2e4bf000
 GID: 00:00:00:00:00:00:00:00:00:00:255:255:10:01:00:01
 local address: LID 0000 QPN 0x03cd PSN 0x6e46ab RKey 0x054507 VAddr 0x007f1e2e4cf000
 GID: 00:00:00:00:00:00:00:00:00:00:255:255:10:01:00:01
 local address: LID 0000 QPN 0x03ce PSN 0x507962 RKey 0x054507 VAddr 0x007f1e2e4df000
 GID: 00:00:00:00:00:00:00:00:00:00:255:255:10:01:00:01
 local address: LID 0000 QPN 0x03cf PSN 0xb2a8a6 RKey 0x054507 VAddr 0x007f1e2e4ef000
 GID: 00:00:00:00:00:00:00:00:00:00:255:255:10:01:00:01
 local address: LID 0000 QPN 0x03d0 PSN 0xeadc5b RKey 0x054507 VAddr 0x007f1e2e4ff000
 GID: 00:00:00:00:00:00:00:00:00:00:255:255:10:01:00:01
 local address: LID 0000 QPN 0x03d1 PSN 0x5d197d RKey 0x054507 VAddr 0x007f1e2e50f000
 GID: 00:00:00:00:00:00:00:00:00:00:255:255:10:01:00:01
 local address: LID 0000 QPN 0x03d2 PSN 0xff7fd RKey 0x054507 VAddr 0x007f1e2e51f000
 GID: 00:00:00:00:00:00:00:00:00:00:255:255:10:01:00:01
 local address: LID 0000 QPN 0x03d3 PSN 0xfa5fce RKey 0x054507 VAddr 0x007f1e2e52f000
 GID: 00:00:00:00:00:00:00:00:00:00:255:255:10:01:00:01
 local address: LID 0000 QPN 0x03d4 PSN 0xf97670 RKey 0x054507 VAddr 0x007f1e2e53f000
 GID: 00:00:00:00:00:00:00:00:00:00:255:255:10:01:00:01
 local address: LID 0000 QPN 0x03d5 PSN 0xc34c8b RKey 0x054507 VAddr 0x007f1e2e54f000
 GID: 00:00:00:00:00:00:00:00:00:00:255:255:10:01:00:01
 local address: LID 0000 QPN 0x03d6 PSN 0x52e21c RKey 0x054507 VAddr 0x007f1e2e55f000
 GID: 00:00:00:00:00:00:00:00:00:00:255:255:10:01:00:01
 local address: LID 0000 QPN 0x03d7 PSN 0x9c74d RKey 0x054507 VAddr 0x007f1e2e56f000
 GID: 00:00:00:00:00:00:00:00:00:00:255:255:10:01:00:01
 local address: LID 0000 QPN 0x03d8 PSN 0x1e0598 RKey 0x054507 VAddr 0x007f1e2e57f000
 GID: 00:00:00:00:00:00:00:00:00:00:255:255:10:01:00:01
 local address: LID 0000 QPN 0x03d9 PSN 0xa4691c RKey 0x054507 VAddr 0x007f1e2e58f000
 GID: 00:00:00:00:00:00:00:00:00:00:255:255:10:01:00:01
 local address: LID 0000 QPN 0x03da PSN 0x1b9df4 RKey 0x054507 VAddr 0x007f1e2e59f000
 GID: 00:00:00:00:00:00:00:00:00:00:255:255:10:01:00:01
 local address: LID 0000 QPN 0x03db PSN 0x42a9e5 RKey 0x054507 VAddr 0x007f1e2e5af000
 GID: 00:00:00:00:00:00:00:00:00:00:255:255:10:01:00:01
 local address: LID 0000 QPN 0x03dc PSN 0xe1484c RKey 0x054507 VAddr 0x007f1e2e5bf000
 GID: 00:00:00:00:00:00:00:00:00:00:255:255:10:01:00:01
 local address: LID 0000 QPN 0x03dd PSN 0x50087d RKey 0x054507 VAddr 0x007f1e2e5cf000
 GID: 00:00:00:00:00:00:00:00:00:00:255:255:10:01:00:01
 local address: LID 0000 QPN 0x03de PSN 0xfdbebb RKey 0x054507 VAddr 0x007f1e2e5df000
 GID: 00:00:00:00:00:00:00:00:00:00:255:255:10:01:00:01
 local address: LID 0000 QPN 0x03df PSN 0x35b1be RKey 0x054507 VAddr 0x007f1e2e5ef000
 GID: 00:00:00:00:00:00:00:00:00:00:255:255:10:01:00:01
 local address: LID 0000 QPN 0x03e0 PSN 0x4568e8 RKey 0x054507 VAddr 0x007f1e2e5ff000
 GID: 00:00:00:00:00:00:00:00:00:00:255:255:10:01:00:01
 local address: LID 0000 QPN 0x03e1 PSN 0xc528de RKey 0x054507 VAddr 0x007f1e2e60f000
 GID: 00:00:00:00:00:00:00:00:00:00:255:255:10:01:00:01
 local address: LID 0000 QPN 0x03e2 PSN 0x9d0175 RKey 0x054507 VAddr 0x007f1e2e61f000
 GID: 00:00:00:00:00:00:00:00:00:00:255:255:10:01:00:01
 local address: LID 0000 QPN 0x03e3 PSN 0x70b9c6 RKey 0x054507 VAddr 0x007f1e2e62f000
 GID: 00:00:00:00:00:00:00:00:00:00:255:255:10:01:00:01
 local address: LID 0000 QPN 0x03e4 PSN 0x7be3cf RKey 0x054507 VAddr 0x007f1e2e63f000
 GID: 00:00:00:00:00:00:00:00:00:00:255:255:10:01:00:01
 local address: LID 0000 QPN 0x03e5 PSN 0x3fb5c9 RKey 0x054507 VAddr 0x007f1e2e64f000
 GID: 00:00:00:00:00:00:00:00:00:00:255:255:10:01:00:01
 local address: LID 0000 QPN 0x03e6 PSN 0x604eb RKey 0x054507 VAddr 0x007f1e2e65f000
 GID: 00:00:00:00:00:00:00:00:00:00:255:255:10:01:00:01
 local address: LID 0000 QPN 0x03e7 PSN 0xa08bc2 RKey 0x054507 VAddr 0x007f1e2e66f000
 GID: 00:00:00:00:00:00:00:00:00:00:255:255:10:01:00:01
 local address: LID 0000 QPN 0x03e8 PSN 0x386dac RKey 0x054507 VAddr 0x007f1e2e67f000
 GID: 00:00:00:00:00:00:00:00:00:00:255:255:10:01:00:01
 local address: LID 0000 QPN 0x03e9 PSN 0x3bde3f RKey 0x054507 VAddr 0x007f1e2e68f000
 GID: 00:00:00:00:00:00:00:00:00:00:255:255:10:01:00:01
 local address: LID 0000 QPN 0x03ea PSN 0x6d4ebb RKey 0x054507 VAddr 0x007f1e2e69f000
 GID: 00:00:00:00:00:00:00:00:00:00:255:255:10:01:00:01
 local address: LID 0000 QPN 0x03eb PSN 0xc34f6 RKey 0x054507 VAddr 0x007f1e2e6af000
 GID: 00:00:00:00:00:00:00:00:00:00:255:255:10:01:00:01
 local address: LID 0000 QPN 0x03ec PSN 0xfcbbd3 RKey 0x054507 VAddr 0x007f1e2e6bf000
 GID: 00:00:00:00:00:00:00:00:00:00:255:255:10:01:00:01
 local address: LID 0000 QPN 0x03ed PSN 0x1a7271 RKey 0x054507 VAddr 0x007f1e2e6cf000
 GID: 00:00:00:00:00:00:00:00:00:00:255:255:10:01:00:01
 local address: LID 0000 QPN 0x03ee PSN 0xd84f88 RKey 0x054507 VAddr 0x007f1e2e6df000
 GID: 00:00:00:00:00:00:00:00:00:00:255:255:10:01:00:01
 local address: LID 0000 QPN 0x03ef PSN 0x68bb6d RKey 0x054507 VAddr 0x007f1e2e6ef000
 GID: 00:00:00:00:00:00:00:00:00:00:255:255:10:01:00:01
 local address: LID 0000 QPN 0x03f0 PSN 0x5530c5 RKey 0x054507 VAddr 0x007f1e2e6ff000
 GID: 00:00:00:00:00:00:00:00:00:00:255:255:10:01:00:01
 local address: LID 0000 QPN 0x03f1 PSN 0xcb2318 RKey 0x054507 VAddr 0x007f1e2e70f000
 GID: 00:00:00:00:00:00:00:00:00:00:255:255:10:01:00:01
 local address: LID 0000 QPN 0x03f2 PSN 0x7d3851 RKey 0x054507 VAddr 0x007f1e2e71f000
 GID: 00:00:00:00:00:00:00:00:00:00:255:255:10:01:00:01
 local address: LID 0000 QPN 0x03f3 PSN 0xe69de6 RKey 0x054507 VAddr 0x007f1e2e72f000
 GID: 00:00:00:00:00:00:00:00:00:00:255:255:10:01:00:01
 local address: LID 0000 QPN 0x03f4 PSN 0x3c8ed2 RKey 0x054507 VAddr 0x007f1e2e73f000
 GID: 00:00:00:00:00:00:00:00:00:00:255:255:10:01:00:01
 local address: LID 0000 QPN 0x03f5 PSN 0x151c71 RKey 0x054507 VAddr 0x007f1e2e74f000
 GID: 00:00:00:00:00:00:00:00:00:00:255:255:10:01:00:01
 local address: LID 0000 QPN 0x03f6 PSN 0x6192e0 RKey 0x054507 VAddr 0x007f1e2e75f000
 GID: 00:00:00:00:00:00:00:00:00:00:255:255:10:01:00:01
 local address: LID 0000 QPN 0x03f7 PSN 0xc7285b RKey 0x054507 VAddr 0x007f1e2e76f000
 GID: 00:00:00:00:00:00:00:00:00:00:255:255:10:01:00:01
 local address: LID 0000 QPN 0x03f8 PSN 0xdcf2d9 RKey 0x054507 VAddr 0x007f1e2e77f000
 GID: 00:00:00:00:00:00:00:00:00:00:255:255:10:01:00:01
 local address: LID 0000 QPN 0x03f9 PSN 0xe416d9 RKey 0x054507 VAddr 0x007f1e2e78f000
 GID: 00:00:00:00:00:00:00:00:00:00:255:255:10:01:00:01
 local address: LID 0000 QPN 0x03fa PSN 0xcaf59 RKey 0x054507 VAddr 0x007f1e2e79f000
 GID: 00:00:00:00:00:00:00:00:00:00:255:255:10:01:00:01
 local address: LID 0000 QPN 0x03fb PSN 0x5e472f RKey 0x054507 VAddr 0x007f1e2e7af000
 GID: 00:00:00:00:00:00:00:00:00:00:255:255:10:01:00:01
 local address: LID 0000 QPN 0x03fc PSN 0xc6792b RKey 0x054507 VAddr 0x007f1e2e7bf000
 GID: 00:00:00:00:00:00:00:00:00:00:255:255:10:01:00:01
 local address: LID 0000 QPN 0x03fd PSN 0x79700 RKey 0x054507 VAddr 0x007f1e2e7cf000
 GID: 00:00:00:00:00:00:00:00:00:00:255:255:10:01:00:01
 local address: LID 0000 QPN 0x03fe PSN 0x2218f2 RKey 0x054507 VAddr 0x007f1e2e7df000
 GID: 00:00:00:00:00:00:00:00:00:00:255:255:10:01:00:01
 local address: LID 0000 QPN 0x03ff PSN 0xc622f3 RKey 0x054507 VAddr 0x007f1e2e7ef000
 GID: 00:00:00:00:00:00:00:00:00:00:255:255:10:01:00:01
 local address: LID 0000 QPN 0x0400 PSN 0x980e8e RKey 0x054507 VAddr 0x007f1e2e7ff000
 GID: 00:00:00:00:00:00:00:00:00:00:255:255:10:01:00:01
 local address: LID 0000 QPN 0x0401 PSN 0xb3b7cd RKey 0x054507 VAddr 0x007f1e2e80f000
 GID: 00:00:00:00:00:00:00:00:00:00:255:255:10:01:00:01
 local address: LID 0000 QPN 0x0402 PSN 0x8963c1 RKey 0x054507 VAddr 0x007f1e2e81f000
 GID: 00:00:00:00:00:00:00:00:00:00:255:255:10:01:00:01
 local address: LID 0000 QPN 0x0403 PSN 0x546ed5 RKey 0x054507 VAddr 0x007f1e2e82f000
 GID: 00:00:00:00:00:00:00:00:00:00:255:255:10:01:00:01
 local address: LID 0000 QPN 0x0404 PSN 0x1d0f5d RKey 0x054507 VAddr 0x007f1e2e83f000
 GID: 00:00:00:00:00:00:00:00:00:00:255:255:10:01:00:01
 local address: LID 0000 QPN 0x0405 PSN 0x6e77ce RKey 0x054507 VAddr 0x007f1e2e84f000
 GID: 00:00:00:00:00:00:00:00:00:00:255:255:10:01:00:01
 local address: LID 0000 QPN 0x0406 PSN 0x8bc5b0 RKey 0x054507 VAddr 0x007f1e2e85f000
 GID: 00:00:00:00:00:00:00:00:00:00:255:255:10:01:00:01
 local address: LID 0000 QPN 0x0407 PSN 0xb5f3a5 RKey 0x054507 VAddr 0x007f1e2e86f000
 GID: 00:00:00:00:00:00:00:00:00:00:255:255:10:01:00:01
 local address: LID 0000 QPN 0x0408 PSN 0x2a76cd RKey 0x054507 VAddr 0x007f1e2e87f000
 GID: 00:00:00:00:00:00:00:00:00:00:255:255:10:01:00:01
 local address: LID 0000 QPN 0x0409 PSN 0x8a245a RKey 0x054507 VAddr 0x007f1e2e88f000
 GID: 00:00:00:00:00:00:00:00:00:00:255:255:10:01:00:01
 local address: LID 0000 QPN 0x040a PSN 0x250c8e RKey 0x054507 VAddr 0x007f1e2e89f000
 GID: 00:00:00:00:00:00:00:00:00:00:255:255:10:01:00:01
 local address: LID 0000 QPN 0x040b PSN 0x138185 RKey 0x054507 VAddr 0x007f1e2e8af000
 GID: 00:00:00:00:00:00:00:00:00:00:255:255:10:01:00:01
 local address: LID 0000 QPN 0x040c PSN 0x30804a RKey 0x054507 VAddr 0x007f1e2e8bf000
 GID: 00:00:00:00:00:00:00:00:00:00:255:255:10:01:00:01
 local address: LID 0000 QPN 0x040d PSN 0x7d1c46 RKey 0x054507 VAddr 0x007f1e2e8cf000
 GID: 00:00:00:00:00:00:00:00:00:00:255:255:10:01:00:01
 local address: LID 0000 QPN 0x040e PSN 0xcca340 RKey 0x054507 VAddr 0x007f1e2e8df000
 GID: 00:00:00:00:00:00:00:00:00:00:255:255:10:01:00:01
 local address: LID 0000 QPN 0x040f PSN 0x6c122d RKey 0x054507 VAddr 0x007f1e2e8ef000
 GID: 00:00:00:00:00:00:00:00:00:00:255:255:10:01:00:01
 local address: LID 0000 QPN 0x0410 PSN 0xa1bd00 RKey 0x054507 VAddr 0x007f1e2e8ff000
 GID: 00:00:00:00:00:00:00:00:00:00:255:255:10:01:00:01
 local address: LID 0000 QPN 0x0411 PSN 0xf0c440 RKey 0x054507 VAddr 0x007f1e2e90f000
 GID: 00:00:00:00:00:00:00:00:00:00:255:255:10:01:00:01
 local address: LID 0000 QPN 0x0412 PSN 0x547815 RKey 0x054507 VAddr 0x007f1e2e91f000
 GID: 00:00:00:00:00:00:00:00:00:00:255:255:10:01:00:01
 local address: LID 0000 QPN 0x0413 PSN 0x285d8 RKey 0x054507 VAddr 0x007f1e2e92f000
 GID: 00:00:00:00:00:00:00:00:00:00:255:255:10:01:00:01
 local address: LID 0000 QPN 0x0414 PSN 0x1ebf75 RKey 0x054507 VAddr 0x007f1e2e93f000
 GID: 00:00:00:00:00:00:00:00:00:00:255:255:10:01:00:01
 local address: LID 0000 QPN 0x0415 PSN 0xe526cb RKey 0x054507 VAddr 0x007f1e2e94f000
 GID: 00:00:00:00:00:00:00:00:00:00:255:255:10:01:00:01
 local address: LID 0000 QPN 0x0416 PSN 0x46b637 RKey 0x054507 VAddr 0x007f1e2e95f000
 GID: 00:00:00:00:00:00:00:00:00:00:255:255:10:01:00:01
 local address: LID 0000 QPN 0x0417 PSN 0xfa04cf RKey 0x054507 VAddr 0x007f1e2e96f000
 GID: 00:00:00:00:00:00:00:00:00:00:255:255:10:01:00:01
 local address: LID 0000 QPN 0x0418 PSN 0xe59f53 RKey 0x054507 VAddr 0x007f1e2e97f000
 GID: 00:00:00:00:00:00:00:00:00:00:255:255:10:01:00:01
 local address: LID 0000 QPN 0x0419 PSN 0x6459d7 RKey 0x054507 VAddr 0x007f1e2e98f000
 GID: 00:00:00:00:00:00:00:00:00:00:255:255:10:01:00:01
 local address: LID 0000 QPN 0x041a PSN 0x88643c RKey 0x054507 VAddr 0x007f1e2e99f000
 GID: 00:00:00:00:00:00:00:00:00:00:255:255:10:01:00:01
 local address: LID 0000 QPN 0x041b PSN 0xa2af90 RKey 0x054507 VAddr 0x007f1e2e9af000
 GID: 00:00:00:00:00:00:00:00:00:00:255:255:10:01:00:01
 local address: LID 0000 QPN 0x041c PSN 0x76b744 RKey 0x054507 VAddr 0x007f1e2e9bf000
 GID: 00:00:00:00:00:00:00:00:00:00:255:255:10:01:00:01
 local address: LID 0000 QPN 0x041d PSN 0x9863fc RKey 0x054507 VAddr 0x007f1e2e9cf000
 GID: 00:00:00:00:00:00:00:00:00:00:255:255:10:01:00:01
 local address: LID 0000 QPN 0x041e PSN 0x1619dc RKey 0x054507 VAddr 0x007f1e2e9df000
 GID: 00:00:00:00:00:00:00:00:00:00:255:255:10:01:00:01
 local address: LID 0000 QPN 0x041f PSN 0x28e79b RKey 0x054507 VAddr 0x007f1e2e9ef000
 GID: 00:00:00:00:00:00:00:00:00:00:255:255:10:01:00:01
 local address: LID 0000 QPN 0x0420 PSN 0xd41ef6 RKey 0x054507 VAddr 0x007f1e2e9ff000
 GID: 00:00:00:00:00:00:00:00:00:00:255:255:10:01:00:01
 local address: LID 0000 QPN 0x0421 PSN 0x47fb53 RKey 0x054507 VAddr 0x007f1e2ea0f000
 GID: 00:00:00:00:00:00:00:00:00:00:255:255:10:01:00:01
 local address: LID 0000 QPN 0x0422 PSN 0x911ebe RKey 0x054507 VAddr 0x007f1e2ea1f000
 GID: 00:00:00:00:00:00:00:00:00:00:255:255:10:01:00:01
 local address: LID 0000 QPN 0x0423 PSN 0xf41ad8 RKey 0x054507 VAddr 0x007f1e2ea2f000
 GID: 00:00:00:00:00:00:00:00:00:00:255:255:10:01:00:01
 local address: LID 0000 QPN 0x0424 PSN 0x57833e RKey 0x054507 VAddr 0x007f1e2ea3f000
 GID: 00:00:00:00:00:00:00:00:00:00:255:255:10:01:00:01
 local address: LID 0000 QPN 0x0425 PSN 0x6a17f1 RKey 0x054507 VAddr 0x007f1e2ea4f000
 GID: 00:00:00:00:00:00:00:00:00:00:255:255:10:01:00:01
 local address: LID 0000 QPN 0x0426 PSN 0x26646b RKey 0x054507 VAddr 0x007f1e2ea5f000
 GID: 00:00:00:00:00:00:00:00:00:00:255:255:10:01:00:01
 local address: LID 0000 QPN 0x0427 PSN 0xa69ba8 RKey 0x054507 VAddr 0x007f1e2ea6f000
 GID: 00:00:00:00:00:00:00:00:00:00:255:255:10:01:00:01
 local address: LID 0000 QPN 0x0428 PSN 0xf21e58 RKey 0x054507 VAddr 0x007f1e2ea7f000
 GID: 00:00:00:00:00:00:00:00:00:00:255:255:10:01:00:01
 local address: LID 0000 QPN 0x0429 PSN 0x45f401 RKey 0x054507 VAddr 0x007f1e2ea8f000
 GID: 00:00:00:00:00:00:00:00:00:00:255:255:10:01:00:01
 local address: LID 0000 QPN 0x042a PSN 0x3ded64 RKey 0x054507 VAddr 0x007f1e2ea9f000
 GID: 00:00:00:00:00:00:00:00:00:00:255:255:10:01:00:01
 local address: LID 0000 QPN 0x042b PSN 0xfeaf86 RKey 0x054507 VAddr 0x007f1e2eaaf000
 GID: 00:00:00:00:00:00:00:00:00:00:255:255:10:01:00:01
 local address: LID 0000 QPN 0x042c PSN 0xe4b24c RKey 0x054507 VAddr 0x007f1e2eabf000
 GID: 00:00:00:00:00:00:00:00:00:00:255:255:10:01:00:01
 local address: LID 0000 QPN 0x042d PSN 0x14b37d RKey 0x054507 VAddr 0x007f1e2eacf000
 GID: 00:00:00:00:00:00:00:00:00:00:255:255:10:01:00:01
 local address: LID 0000 QPN 0x042e PSN 0x78534e RKey 0x054507 VAddr 0x007f1e2eadf000
 GID: 00:00:00:00:00:00:00:00:00:00:255:255:10:01:00:01
 local address: LID 0000 QPN 0x042f PSN 0x719e5a RKey 0x054507 VAddr 0x007f1e2eaef000
 GID: 00:00:00:00:00:00:00:00:00:00:255:255:10:01:00:01
 local address: LID 0000 QPN 0x0430 PSN 0xb9876d RKey 0x054507 VAddr 0x007f1e2eaff000
 GID: 00:00:00:00:00:00:00:00:00:00:255:255:10:01:00:01
 local address: LID 0000 QPN 0x0431 PSN 0xf38d89 RKey 0x054507 VAddr 0x007f1e2eb0f000
 GID: 00:00:00:00:00:00:00:00:00:00:255:255:10:01:00:01
 local address: LID 0000 QPN 0x0432 PSN 0xe93e4b RKey 0x054507 VAddr 0x007f1e2eb1f000
 GID: 00:00:00:00:00:00:00:00:00:00:255:255:10:01:00:01
 local address: LID 0000 QPN 0x0433 PSN 0xdc2c5a RKey 0x054507 VAddr 0x007f1e2eb2f000
 GID: 00:00:00:00:00:00:00:00:00:00:255:255:10:01:00:01
 local address: LID 0000 QPN 0x0434 PSN 0xa890fc RKey 0x054507 VAddr 0x007f1e2eb3f000
 GID: 00:00:00:00:00:00:00:00:00:00:255:255:10:01:00:01
 local address: LID 0000 QPN 0x0435 PSN 0xc8f16c RKey 0x054507 VAddr 0x007f1e2eb4f000
 GID: 00:00:00:00:00:00:00:00:00:00:255:255:10:01:00:01
 local address: LID 0000 QPN 0x0436 PSN 0x58bf65 RKey 0x054507 VAddr 0x007f1e2eb5f000
 GID: 00:00:00:00:00:00:00:00:00:00:255:255:10:01:00:01
 local address: LID 0000 QPN 0x0437 PSN 0xb0889d RKey 0x054507 VAddr 0x007f1e2eb6f000
 GID: 00:00:00:00:00:00:00:00:00:00:255:255:10:01:00:01
 local address: LID 0000 QPN 0x0438 PSN 0xadf9e9 RKey 0x054507 VAddr 0x007f1e2eb7f000
 GID: 00:00:00:00:00:00:00:00:00:00:255:255:10:01:00:01
 local address: LID 0000 QPN 0x0439 PSN 0x2cc12b RKey 0x054507 VAddr 0x007f1e2eb8f000
 GID: 00:00:00:00:00:00:00:00:00:00:255:255:10:01:00:01
 local address: LID 0000 QPN 0x043a PSN 0xc2a024 RKey 0x054507 VAddr 0x007f1e2eb9f000
 GID: 00:00:00:00:00:00:00:00:00:00:255:255:10:01:00:01
 local address: LID 0000 QPN 0x043b PSN 0x405a3e RKey 0x054507 VAddr 0x007f1e2ebaf000
 GID: 00:00:00:00:00:00:00:00:00:00:255:255:10:01:00:01
 local address: LID 0000 QPN 0x043c PSN 0x9d7bb9 RKey 0x054507 VAddr 0x007f1e2ebbf000
 GID: 00:00:00:00:00:00:00:00:00:00:255:255:10:01:00:01
 local address: LID 0000 QPN 0x043d PSN 0xb5bc4 RKey 0x054507 VAddr 0x007f1e2ebcf000
 GID: 00:00:00:00:00:00:00:00:00:00:255:255:10:01:00:01
 local address: LID 0000 QPN 0x043e PSN 0x69d93f RKey 0x054507 VAddr 0x007f1e2ebdf000
 GID: 00:00:00:00:00:00:00:00:00:00:255:255:10:01:00:01
 local address: LID 0000 QPN 0x043f PSN 0xc23629 RKey 0x054507 VAddr 0x007f1e2ebef000
 GID: 00:00:00:00:00:00:00:00:00:00:255:255:10:01:00:01
 local address: LID 0000 QPN 0x0440 PSN 0x810183 RKey 0x054507 VAddr 0x007f1e2ebff000
 GID: 00:00:00:00:00:00:00:00:00:00:255:255:10:01:00:01
 local address: LID 0000 QPN 0x0441 PSN 0x3cd104 RKey 0x054507 VAddr 0x007f1e2ec0f000
 GID: 00:00:00:00:00:00:00:00:00:00:255:255:10:01:00:01
 local address: LID 0000 QPN 0x0442 PSN 0xc7826f RKey 0x054507 VAddr 0x007f1e2ec1f000
 GID: 00:00:00:00:00:00:00:00:00:00:255:255:10:01:00:01
 local address: LID 0000 QPN 0x0443 PSN 0x1c6785 RKey 0x054507 VAddr 0x007f1e2ec2f000
 GID: 00:00:00:00:00:00:00:00:00:00:255:255:10:01:00:01
 local address: LID 0000 QPN 0x0444 PSN 0xb73914 RKey 0x054507 VAddr 0x007f1e2ec3f000
 GID: 00:00:00:00:00:00:00:00:00:00:255:255:10:01:00:01
 local address: LID 0000 QPN 0x0445 PSN 0x453905 RKey 0x054507 VAddr 0x007f1e2ec4f000
 GID: 00:00:00:00:00:00:00:00:00:00:255:255:10:01:00:01
 local address: LID 0000 QPN 0x0446 PSN 0x7fad5e RKey 0x054507 VAddr 0x007f1e2ec5f000
 GID: 00:00:00:00:00:00:00:00:00:00:255:255:10:01:00:01
 local address: LID 0000 QPN 0x0447 PSN 0xf394be RKey 0x054507 VAddr 0x007f1e2ec6f000
 GID: 00:00:00:00:00:00:00:00:00:00:255:255:10:01:00:01
 local address: LID 0000 QPN 0x0448 PSN 0xaed432 RKey 0x054507 VAddr 0x007f1e2ec7f000
 GID: 00:00:00:00:00:00:00:00:00:00:255:255:10:01:00:01
 local address: LID 0000 QPN 0x0449 PSN 0x88c948 RKey 0x054507 VAddr 0x007f1e2ec8f000
 GID: 00:00:00:00:00:00:00:00:00:00:255:255:10:01:00:01
 local address: LID 0000 QPN 0x044a PSN 0x7bbdbf RKey 0x054507 VAddr 0x007f1e2ec9f000
 GID: 00:00:00:00:00:00:00:00:00:00:255:255:10:01:00:01
 local address: LID 0000 QPN 0x044b PSN 0x9a6b2d RKey 0x054507 VAddr 0x007f1e2ecaf000
 GID: 00:00:00:00:00:00:00:00:00:00:255:255:10:01:00:01
 local address: LID 0000 QPN 0x044c PSN 0xe55bfe RKey 0x054507 VAddr 0x007f1e2ecbf000
 GID: 00:00:00:00:00:00:00:00:00:00:255:255:10:01:00:01
 local address: LID 0000 QPN 0x044d PSN 0xde16b RKey 0x054507 VAddr 0x007f1e2eccf000
 GID: 00:00:00:00:00:00:00:00:00:00:255:255:10:01:00:01
 local address: LID 0000 QPN 0x044e PSN 0x70f077 RKey 0x054507 VAddr 0x007f1e2ecdf000
 GID: 00:00:00:00:00:00:00:00:00:00:255:255:10:01:00:01
 local address: LID 0000 QPN 0x044f PSN 0xe81b67 RKey 0x054507 VAddr 0x007f1e2ecef000
 GID: 00:00:00:00:00:00:00:00:00:00:255:255:10:01:00:01
 local address: LID 0000 QPN 0x0450 PSN 0x1c9872 RKey 0x054507 VAddr 0x007f1e2ecff000
 GID: 00:00:00:00:00:00:00:00:00:00:255:255:10:01:00:01
 local address: LID 0000 QPN 0x0451 PSN 0x10e987 RKey 0x054507 VAddr 0x007f1e2ed0f000
 GID: 00:00:00:00:00:00:00:00:00:00:255:255:10:01:00:01
 local address: LID 0000 QPN 0x0452 PSN 0x92e3f8 RKey 0x054507 VAddr 0x007f1e2ed1f000
 GID: 00:00:00:00:00:00:00:00:00:00:255:255:10:01:00:01
 local address: LID 0000 QPN 0x0453 PSN 0x4e101f RKey 0x054507 VAddr 0x007f1e2ed2f000
 GID: 00:00:00:00:00:00:00:00:00:00:255:255:10:01:00:01
 local address: LID 0000 QPN 0x0454 PSN 0xa7ae0a RKey 0x054507 VAddr 0x007f1e2ed3f000
 GID: 00:00:00:00:00:00:00:00:00:00:255:255:10:01:00:01
 local address: LID 0000 QPN 0x0455 PSN 0xd17c28 RKey 0x054507 VAddr 0x007f1e2ed4f000
 GID: 00:00:00:00:00:00:00:00:00:00:255:255:10:01:00:01
 local address: LID 0000 QPN 0x0456 PSN 0x1d13af RKey 0x054507 VAddr 0x007f1e2ed5f000
 GID: 00:00:00:00:00:00:00:00:00:00:255:255:10:01:00:01
 local address: LID 0000 QPN 0x0457 PSN 0x61e9b9 RKey 0x054507 VAddr 0x007f1e2ed6f000
 GID: 00:00:00:00:00:00:00:00:00:00:255:255:10:01:00:01
 local address: LID 0000 QPN 0x0458 PSN 0x613380 RKey 0x054507 VAddr 0x007f1e2ed7f000
 GID: 00:00:00:00:00:00:00:00:00:00:255:255:10:01:00:01
 local address: LID 0000 QPN 0x0459 PSN 0xbdf5ea RKey 0x054507 VAddr 0x007f1e2ed8f000
 GID: 00:00:00:00:00:00:00:00:00:00:255:255:10:01:00:01
 local address: LID 0000 QPN 0x045a PSN 0xdb5893 RKey 0x054507 VAddr 0x007f1e2ed9f000
 GID: 00:00:00:00:00:00:00:00:00:00:255:255:10:01:00:01
 local address: LID 0000 QPN 0x045b PSN 0x17686c RKey 0x054507 VAddr 0x007f1e2edaf000
 GID: 00:00:00:00:00:00:00:00:00:00:255:255:10:01:00:01
 local address: LID 0000 QPN 0x045c PSN 0x6da1af RKey 0x054507 VAddr 0x007f1e2edbf000
 GID: 00:00:00:00:00:00:00:00:00:00:255:255:10:01:00:01
 local address: LID 0000 QPN 0x045d PSN 0x1a24ac RKey 0x054507 VAddr 0x007f1e2edcf000
 GID: 00:00:00:00:00:00:00:00:00:00:255:255:10:01:00:01
 local address: LID 0000 QPN 0x045e PSN 0x8a0de RKey 0x054507 VAddr 0x007f1e2eddf000
 GID: 00:00:00:00:00:00:00:00:00:00:255:255:10:01:00:01
 local address: LID 0000 QPN 0x045f PSN 0xb68f12 RKey 0x054507 VAddr 0x007f1e2edef000
 GID: 00:00:00:00:00:00:00:00:00:00:255:255:10:01:00:01
 local address: LID 0000 QPN 0x0460 PSN 0x819f99 RKey 0x054507 VAddr 0x007f1e2edff000
 GID: 00:00:00:00:00:00:00:00:00:00:255:255:10:01:00:01
 local address: LID 0000 QPN 0x0461 PSN 0xf7074 RKey 0x054507 VAddr 0x007f1e2ee0f000
 GID: 00:00:00:00:00:00:00:00:00:00:255:255:10:01:00:01
 local address: LID 0000 QPN 0x0462 PSN 0xdc30d9 RKey 0x054507 VAddr 0x007f1e2ee1f000
 GID: 00:00:00:00:00:00:00:00:00:00:255:255:10:01:00:01
 local address: LID 0000 QPN 0x0463 PSN 0xd4e88f RKey 0x054507 VAddr 0x007f1e2ee2f000
 GID: 00:00:00:00:00:00:00:00:00:00:255:255:10:01:00:01
 local address: LID 0000 QPN 0x0464 PSN 0x19cc84 RKey 0x054507 VAddr 0x007f1e2ee3f000
 GID: 00:00:00:00:00:00:00:00:00:00:255:255:10:01:00:01
 local address: LID 0000 QPN 0x0465 PSN 0x6077df RKey 0x054507 VAddr 0x007f1e2ee4f000
 GID: 00:00:00:00:00:00:00:00:00:00:255:255:10:01:00:01
 local address: LID 0000 QPN 0x0466 PSN 0x10decf RKey 0x054507 VAddr 0x007f1e2ee5f000
 GID: 00:00:00:00:00:00:00:00:00:00:255:255:10:01:00:01
 local address: LID 0000 QPN 0x0467 PSN 0xdd79dc RKey 0x054507 VAddr 0x007f1e2ee6f000
 GID: 00:00:00:00:00:00:00:00:00:00:255:255:10:01:00:01
 local address: LID 0000 QPN 0x0468 PSN 0x9ca3f RKey 0x054507 VAddr 0x007f1e2ee7f000
 GID: 00:00:00:00:00:00:00:00:00:00:255:255:10:01:00:01
 local address: LID 0000 QPN 0x0469 PSN 0x5fba43 RKey 0x054507 VAddr 0x007f1e2ee8f000
 GID: 00:00:00:00:00:00:00:00:00:00:255:255:10:01:00:01
 local address: LID 0000 QPN 0x046a PSN 0xb6dc23 RKey 0x054507 VAddr 0x007f1e2ee9f000
 GID: 00:00:00:00:00:00:00:00:00:00:255:255:10:01:00:01
 local address: LID 0000 QPN 0x046b PSN 0xa18aaf RKey 0x054507 VAddr 0x007f1e2eeaf000
 GID: 00:00:00:00:00:00:00:00:00:00:255:255:10:01:00:01
 local address: LID 0000 QPN 0x046c PSN 0x226982 RKey 0x054507 VAddr 0x007f1e2eebf000
 GID: 00:00:00:00:00:00:00:00:00:00:255:255:10:01:00:01
 local address: LID 0000 QPN 0x046d PSN 0xe88963 RKey 0x054507 VAddr 0x007f1e2eecf000
 GID: 00:00:00:00:00:00:00:00:00:00:255:255:10:01:00:01
 local address: LID 0000 QPN 0x046e PSN 0xd7bd7e RKey 0x054507 VAddr 0x007f1e2eedf000
 GID: 00:00:00:00:00:00:00:00:00:00:255:255:10:01:00:01
 local address: LID 0000 QPN 0x046f PSN 0xa50ec9 RKey 0x054507 VAddr 0x007f1e2eeef000
 GID: 00:00:00:00:00:00:00:00:00:00:255:255:10:01:00:01
 local address: LID 0000 QPN 0x0470 PSN 0x8afa73 RKey 0x054507 VAddr 0x007f1e2eeff000
 GID: 00:00:00:00:00:00:00:00:00:00:255:255:10:01:00:01
 local address: LID 0000 QPN 0x0471 PSN 0x931ccd RKey 0x054507 VAddr 0x007f1e2ef0f000
 GID: 00:00:00:00:00:00:00:00:00:00:255:255:10:01:00:01
 local address: LID 0000 QPN 0x0472 PSN 0xfd9420 RKey 0x054507 VAddr 0x007f1e2ef1f000
 GID: 00:00:00:00:00:00:00:00:00:00:255:255:10:01:00:01
 local address: LID 0000 QPN 0x0473 PSN 0xfc19db RKey 0x054507 VAddr 0x007f1e2ef2f000
 GID: 00:00:00:00:00:00:00:00:00:00:255:255:10:01:00:01
 local address: LID 0000 QPN 0x0474 PSN 0xe7e345 RKey 0x054507 VAddr 0x007f1e2ef3f000
 GID: 00:00:00:00:00:00:00:00:00:00:255:255:10:01:00:01
 local address: LID 0000 QPN 0x0475 PSN 0xd040d4 RKey 0x054507 VAddr 0x007f1e2ef4f000
 GID: 00:00:00:00:00:00:00:00:00:00:255:255:10:01:00:01
 local address: LID 0000 QPN 0x0476 PSN 0xa90a58 RKey 0x054507 VAddr 0x007f1e2ef5f000
 GID: 00:00:00:00:00:00:00:00:00:00:255:255:10:01:00:01
 local address: LID 0000 QPN 0x0477 PSN 0x3b6816 RKey 0x054507 VAddr 0x007f1e2ef6f000
 GID: 00:00:00:00:00:00:00:00:00:00:255:255:10:01:00:01
 local address: LID 0000 QPN 0x0478 PSN 0xa8befb RKey 0x054507 VAddr 0x007f1e2ef7f000
 GID: 00:00:00:00:00:00:00:00:00:00:255:255:10:01:00:01
 local address: LID 0000 QPN 0x0479 PSN 0xa6bb26 RKey 0x054507 VAddr 0x007f1e2ef8f000
 GID: 00:00:00:00:00:00:00:00:00:00:255:255:10:01:00:01
 local address: LID 0000 QPN 0x047a PSN 0x4f950f RKey 0x054507 VAddr 0x007f1e2ef9f000
 GID: 00:00:00:00:00:00:00:00:00:00:255:255:10:01:00:01
 local address: LID 0000 QPN 0x047b PSN 0xd4a54e RKey 0x054507 VAddr 0x007f1e2efaf000
 GID: 00:00:00:00:00:00:00:00:00:00:255:255:10:01:00:01
 local address: LID 0000 QPN 0x047c PSN 0xfa664b RKey 0x054507 VAddr 0x007f1e2efbf000
 GID: 00:00:00:00:00:00:00:00:00:00:255:255:10:01:00:01
 local address: LID 0000 QPN 0x047d PSN 0x141f09 RKey 0x054507 VAddr 0x007f1e2efcf000
 GID: 00:00:00:00:00:00:00:00:00:00:255:255:10:01:00:01
 local address: LID 0000 QPN 0x047e PSN 0xb9ec7e RKey 0x054507 VAddr 0x007f1e2efdf000
 GID: 00:00:00:00:00:00:00:00:00:00:255:255:10:01:00:01
 local address: LID 0000 QPN 0x047f PSN 0xd7bcc9 RKey 0x054507 VAddr 0x007f1e2efef000
 GID: 00:00:00:00:00:00:00:00:00:00:255:255:10:01:00:01
 local address: LID 0000 QPN 0x0480 PSN 0xfd649d RKey 0x054507 VAddr 0x007f1e2efff000
 GID: 00:00:00:00:00:00:00:00:00:00:255:255:10:01:00:01
 local address: LID 0000 QPN 0x0481 PSN 0x346b36 RKey 0x054507 VAddr 0x007f1e2f00f000
 GID: 00:00:00:00:00:00:00:00:00:00:255:255:10:01:00:01
 local address: LID 0000 QPN 0x0482 PSN 0xac1e00 RKey 0x054507 VAddr 0x007f1e2f01f000
 GID: 00:00:00:00:00:00:00:00:00:00:255:255:10:01:00:01
 local address: LID 0000 QPN 0x0483 PSN 0x1d1baa RKey 0x054507 VAddr 0x007f1e2f02f000
 GID: 00:00:00:00:00:00:00:00:00:00:255:255:10:01:00:01
 local address: LID 0000 QPN 0x0484 PSN 0x277b32 RKey 0x054507 VAddr 0x007f1e2f03f000
 GID: 00:00:00:00:00:00:00:00:00:00:255:255:10:01:00:01
 local address: LID 0000 QPN 0x0485 PSN 0xef6b52 RKey 0x054507 VAddr 0x007f1e2f04f000
 GID: 00:00:00:00:00:00:00:00:00:00:255:255:10:01:00:01
 local address: LID 0000 QPN 0x0486 PSN 0xc3a901 RKey 0x054507 VAddr 0x007f1e2f05f000
 GID: 00:00:00:00:00:00:00:00:00:00:255:255:10:01:00:01
 local address: LID 0000 QPN 0x0487 PSN 0xf16ff5 RKey 0x054507 VAddr 0x007f1e2f06f000
 GID: 00:00:00:00:00:00:00:00:00:00:255:255:10:01:00:01
 local address: LID 0000 QPN 0x0488 PSN 0x3ef462 RKey 0x054507 VAddr 0x007f1e2f07f000
 GID: 00:00:00:00:00:00:00:00:00:00:255:255:10:01:00:01
 local address: LID 0000 QPN 0x0489 PSN 0xa07705 RKey 0x054507 VAddr 0x007f1e2f08f000
 GID: 00:00:00:00:00:00:00:00:00:00:255:255:10:01:00:01
 local address: LID 0000 QPN 0x048a PSN 0x8d3916 RKey 0x054507 VAddr 0x007f1e2f09f000
 GID: 00:00:00:00:00:00:00:00:00:00:255:255:10:01:00:01
 local address: LID 0000 QPN 0x048b PSN 0x1a0e3e RKey 0x054507 VAddr 0x007f1e2f0af000
 GID: 00:00:00:00:00:00:00:00:00:00:255:255:10:01:00:01
 local address: LID 0000 QPN 0x048c PSN 0x48a8fe RKey 0x054507 VAddr 0x007f1e2f0bf000
 GID: 00:00:00:00:00:00:00:00:00:00:255:255:10:01:00:01
 local address: LID 0000 QPN 0x048d PSN 0x9cc8b9 RKey 0x054507 VAddr 0x007f1e2f0cf000
 GID: 00:00:00:00:00:00:00:00:00:00:255:255:10:01:00:01
 local address: LID 0000 QPN 0x048e PSN 0x1aaf27 RKey 0x054507 VAddr 0x007f1e2f0df000
 GID: 00:00:00:00:00:00:00:00:00:00:255:255:10:01:00:01
 local address: LID 0000 QPN 0x048f PSN 0x11c7f3 RKey 0x054507 VAddr 0x007f1e2f0ef000
 GID: 00:00:00:00:00:00:00:00:00:00:255:255:10:01:00:01
 local address: LID 0000 QPN 0x0490 PSN 0x2db9d4 RKey 0x054507 VAddr 0x007f1e2f0ff000
 GID: 00:00:00:00:00:00:00:00:00:00:255:255:10:01:00:01
 local address: LID 0000 QPN 0x0491 PSN 0x4645f1 RKey 0x054507 VAddr 0x007f1e2f10f000
 GID: 00:00:00:00:00:00:00:00:00:00:255:255:10:01:00:01
 local address: LID 0000 QPN 0x0492 PSN 0xfb4bc7 RKey 0x054507 VAddr 0x007f1e2f11f000
 GID: 00:00:00:00:00:00:00:00:00:00:255:255:10:01:00:01
 local address: LID 0000 QPN 0x0493 PSN 0x509c42 RKey 0x054507 VAddr 0x007f1e2f12f000
 GID: 00:00:00:00:00:00:00:00:00:00:255:255:10:01:00:01
 local address: LID 0000 QPN 0x0494 PSN 0xec1f50 RKey 0x054507 VAddr 0x007f1e2f13f000
 GID: 00:00:00:00:00:00:00:00:00:00:255:255:10:01:00:01
 local address: LID 0000 QPN 0x0495 PSN 0x1c3343 RKey 0x054507 VAddr 0x007f1e2f14f000
 GID: 00:00:00:00:00:00:00:00:00:00:255:255:10:01:00:01
 local address: LID 0000 QPN 0x0496 PSN 0x82eca4 RKey 0x054507 VAddr 0x007f1e2f15f000
 GID: 00:00:00:00:00:00:00:00:00:00:255:255:10:01:00:01
 local address: LID 0000 QPN 0x0497 PSN 0xed4da8 RKey 0x054507 VAddr 0x007f1e2f16f000
 GID: 00:00:00:00:00:00:00:00:00:00:255:255:10:01:00:01
 local address: LID 0000 QPN 0x0498 PSN 0xf5513f RKey 0x054507 VAddr 0x007f1e2f17f000
 GID: 00:00:00:00:00:00:00:00:00:00:255:255:10:01:00:01
 local address: LID 0000 QPN 0x0499 PSN 0x98edf4 RKey 0x054507 VAddr 0x007f1e2f18f000
 GID: 00:00:00:00:00:00:00:00:00:00:255:255:10:01:00:01
 local address: LID 0000 QPN 0x049a PSN 0xea6f1a RKey 0x054507 VAddr 0x007f1e2f19f000
 GID: 00:00:00:00:00:00:00:00:00:00:255:255:10:01:00:01
 local address: LID 0000 QPN 0x049b PSN 0x8e8618 RKey 0x054507 VAddr 0x007f1e2f1af000
 GID: 00:00:00:00:00:00:00:00:00:00:255:255:10:01:00:01
 local address: LID 0000 QPN 0x049c PSN 0x1068af RKey 0x054507 VAddr 0x007f1e2f1bf000
 GID: 00:00:00:00:00:00:00:00:00:00:255:255:10:01:00:01
 local address: LID 0000 QPN 0x049d PSN 0x43652e RKey 0x054507 VAddr 0x007f1e2f1cf000
 GID: 00:00:00:00:00:00:00:00:00:00:255:255:10:01:00:01
 local address: LID 0000 QPN 0x049e PSN 0x2269e2 RKey 0x054507 VAddr 0x007f1e2f1df000
 GID: 00:00:00:00:00:00:00:00:00:00:255:255:10:01:00:01
 local address: LID 0000 QPN 0x049f PSN 0x11d3c4 RKey 0x054507 VAddr 0x007f1e2f1ef000
 GID: 00:00:00:00:00:00:00:00:00:00:255:255:10:01:00:01
 local address: LID 0000 QPN 0x04a0 PSN 0xc93df3 RKey 0x054507 VAddr 0x007f1e2f1ff000
 GID: 00:00:00:00:00:00:00:00:00:00:255:255:10:01:00:01
 local address: LID 0000 QPN 0x04a1 PSN 0xccace0 RKey 0x054507 VAddr 0x007f1e2f20f000
 GID: 00:00:00:00:00:00:00:00:00:00:255:255:10:01:00:01
 local address: LID 0000 QPN 0x04a2 PSN 0x528fe7 RKey 0x054507 VAddr 0x007f1e2f21f000
 GID: 00:00:00:00:00:00:00:00:00:00:255:255:10:01:00:01
 local address: LID 0000 QPN 0x04a3 PSN 0x29688a RKey 0x054507 VAddr 0x007f1e2f22f000
 GID: 00:00:00:00:00:00:00:00:00:00:255:255:10:01:00:01
 local address: LID 0000 QPN 0x04a4 PSN 0x4c24c3 RKey 0x054507 VAddr 0x007f1e2f23f000
 GID: 00:00:00:00:00:00:00:00:00:00:255:255:10:01:00:01
 local address: LID 0000 QPN 0x04a5 PSN 0xfda432 RKey 0x054507 VAddr 0x007f1e2f24f000
 GID: 00:00:00:00:00:00:00:00:00:00:255:255:10:01:00:01
 local address: LID 0000 QPN 0x04a6 PSN 0x132e39 RKey 0x054507 VAddr 0x007f1e2f25f000
 GID: 00:00:00:00:00:00:00:00:00:00:255:255:10:01:00:01
 local address: LID 0000 QPN 0x04a7 PSN 0x1625fe RKey 0x054507 VAddr 0x007f1e2f26f000
 GID: 00:00:00:00:00:00:00:00:00:00:255:255:10:01:00:01
 local address: LID 0000 QPN 0x04a8 PSN 0xa6087f RKey 0x054507 VAddr 0x007f1e2f27f000
 GID: 00:00:00:00:00:00:00:00:00:00:255:255:10:01:00:01
 local address: LID 0000 QPN 0x04a9 PSN 0x3e49a4 RKey 0x054507 VAddr 0x007f1e2f28f000
 GID: 00:00:00:00:00:00:00:00:00:00:255:255:10:01:00:01
 local address: LID 0000 QPN 0x04aa PSN 0x93571a RKey 0x054507 VAddr 0x007f1e2f29f000
 GID: 00:00:00:00:00:00:00:00:00:00:255:255:10:01:00:01
 local address: LID 0000 QPN 0x04ab PSN 0x322010 RKey 0x054507 VAddr 0x007f1e2f2af000
 GID: 00:00:00:00:00:00:00:00:00:00:255:255:10:01:00:01
 local address: LID 0000 QPN 0x04ac PSN 0xdaca94 RKey 0x054507 VAddr 0x007f1e2f2bf000
 GID: 00:00:00:00:00:00:00:00:00:00:255:255:10:01:00:01
 local address: LID 0000 QPN 0x04ad PSN 0x3ff6c2 RKey 0x054507 VAddr 0x007f1e2f2cf000
 GID: 00:00:00:00:00:00:00:00:00:00:255:255:10:01:00:01
 local address: LID 0000 QPN 0x04ae PSN 0x356c36 RKey 0x054507 VAddr 0x007f1e2f2df000
 GID: 00:00:00:00:00:00:00:00:00:00:255:255:10:01:00:01
 local address: LID 0000 QPN 0x04af PSN 0xd8605a RKey 0x054507 VAddr 0x007f1e2f2ef000
 GID: 00:00:00:00:00:00:00:00:00:00:255:255:10:01:00:01
 local address: LID 0000 QPN 0x04b0 PSN 0x3fe4f7 RKey 0x054507 VAddr 0x007f1e2f2ff000
 GID: 00:00:00:00:00:00:00:00:00:00:255:255:10:01:00:01
 local address: LID 0000 QPN 0x04b1 PSN 0x6d5d86 RKey 0x054507 VAddr 0x007f1e2f30f000
 GID: 00:00:00:00:00:00:00:00:00:00:255:255:10:01:00:01
 local address: LID 0000 QPN 0x04b2 PSN 0xd4d9f0 RKey 0x054507 VAddr 0x007f1e2f31f000
 GID: 00:00:00:00:00:00:00:00:00:00:255:255:10:01:00:01
 local address: LID 0000 QPN 0x04b3 PSN 0xf95409 RKey 0x054507 VAddr 0x007f1e2f32f000
 GID: 00:00:00:00:00:00:00:00:00:00:255:255:10:01:00:01
 local address: LID 0000 QPN 0x04b4 PSN 0x2772cf RKey 0x054507 VAddr 0x007f1e2f33f000
 GID: 00:00:00:00:00:00:00:00:00:00:255:255:10:01:00:01
 local address: LID 0000 QPN 0x04b5 PSN 0xd6c14a RKey 0x054507 VAddr 0x007f1e2f34f000
 GID: 00:00:00:00:00:00:00:00:00:00:255:255:10:01:00:01
 local address: LID 0000 QPN 0x04b6 PSN 0x2f5d8 RKey 0x054507 VAddr 0x007f1e2f35f000
 GID: 00:00:00:00:00:00:00:00:00:00:255:255:10:01:00:01
 local address: LID 0000 QPN 0x04b7 PSN 0xf7ee65 RKey 0x054507 VAddr 0x007f1e2f36f000
 GID: 00:00:00:00:00:00:00:00:00:00:255:255:10:01:00:01
 local address: LID 0000 QPN 0x04b8 PSN 0x47e12f RKey 0x054507 VAddr 0x007f1e2f37f000
 GID: 00:00:00:00:00:00:00:00:00:00:255:255:10:01:00:01
 local address: LID 0000 QPN 0x04b9 PSN 0xfe8568 RKey 0x054507 VAddr 0x007f1e2f38f000
 GID: 00:00:00:00:00:00:00:00:00:00:255:255:10:01:00:01
 local address: LID 0000 QPN 0x04ba PSN 0x361238 RKey 0x054507 VAddr 0x007f1e2f39f000
 GID: 00:00:00:00:00:00:00:00:00:00:255:255:10:01:00:01
 local address: LID 0000 QPN 0x04bb PSN 0xe229fe RKey 0x054507 VAddr 0x007f1e2f3af000
 GID: 00:00:00:00:00:00:00:00:00:00:255:255:10:01:00:01
 local address: LID 0000 QPN 0x04bc PSN 0x8eaa01 RKey 0x054507 VAddr 0x007f1e2f3bf000
 GID: 00:00:00:00:00:00:00:00:00:00:255:255:10:01:00:01
 local address: LID 0000 QPN 0x04bd PSN 0xd1cb70 RKey 0x054507 VAddr 0x007f1e2f3cf000
 GID: 00:00:00:00:00:00:00:00:00:00:255:255:10:01:00:01
 local address: LID 0000 QPN 0x04be PSN 0x44f8ce RKey 0x054507 VAddr 0x007f1e2f3df000
 GID: 00:00:00:00:00:00:00:00:00:00:255:255:10:01:00:01
 local address: LID 0000 QPN 0x04bf PSN 0x583275 RKey 0x054507 VAddr 0x007f1e2f3ef000
 GID: 00:00:00:00:00:00:00:00:00:00:255:255:10:01:00:01
 local address: LID 0000 QPN 0x04c0 PSN 0x509afe RKey 0x054507 VAddr 0x007f1e2f3ff000
 GID: 00:00:00:00:00:00:00:00:00:00:255:255:10:01:00:01
 local address: LID 0000 QPN 0x04c1 PSN 0xda7b05 RKey 0x054507 VAddr 0x007f1e2f40f000
 GID: 00:00:00:00:00:00:00:00:00:00:255:255:10:01:00:01
 local address: LID 0000 QPN 0x04c2 PSN 0xba1e93 RKey 0x054507 VAddr 0x007f1e2f41f000
 GID: 00:00:00:00:00:00:00:00:00:00:255:255:10:01:00:01
 remote address: LID 0000 QPN 0x03be PSN 0xf5aa20 RKey 0x054507 VAddr 0x007f0c2356b000
 GID: 00:00:00:00:00:00:00:00:00:00:255:255:10:01:00:02
 remote address: LID 0000 QPN 0x03bf PSN 0xb9998a RKey 0x054507 VAddr 0x007f0c2357b000
 GID: 00:00:00:00:00:00:00:00:00:00:255:255:10:01:00:02
 remote address: LID 0000 QPN 0x03c0 PSN 0xa1dd0c RKey 0x054507 VAddr 0x007f0c2358b000
 GID: 00:00:00:00:00:00:00:00:00:00:255:255:10:01:00:02
 remote address: LID 0000 QPN 0x03c1 PSN 0xba856b RKey 0x054507 VAddr 0x007f0c2359b000
 GID: 00:00:00:00:00:00:00:00:00:00:255:255:10:01:00:02
 remote address: LID 0000 QPN 0x03c2 PSN 0x5ea6a2 RKey 0x054507 VAddr 0x007f0c235ab000
 GID: 00:00:00:00:00:00:00:00:00:00:255:255:10:01:00:02
 remote address: LID 0000 QPN 0x03c3 PSN 0xf2d45c RKey 0x054507 VAddr 0x007f0c235bb000
 GID: 00:00:00:00:00:00:00:00:00:00:255:255:10:01:00:02
 remote address: LID 0000 QPN 0x03c4 PSN 0xe8d48b RKey 0x054507 VAddr 0x007f0c235cb000
 GID: 00:00:00:00:00:00:00:00:00:00:255:255:10:01:00:02
 remote address: LID 0000 QPN 0x03c5 PSN 0x9d28 RKey 0x054507 VAddr 0x007f0c235db000
 GID: 00:00:00:00:00:00:00:00:00:00:255:255:10:01:00:02
 remote address: LID 0000 QPN 0x03c6 PSN 0x23b3ac RKey 0x054507 VAddr 0x007f0c235eb000
 GID: 00:00:00:00:00:00:00:00:00:00:255:255:10:01:00:02
 remote address: LID 0000 QPN 0x03c7 PSN 0xf685be RKey 0x054507 VAddr 0x007f0c235fb000
 GID: 00:00:00:00:00:00:00:00:00:00:255:255:10:01:00:02
 remote address: LID 0000 QPN 0x03c8 PSN 0x58db8a RKey 0x054507 VAddr 0x007f0c2360b000
 GID: 00:00:00:00:00:00:00:00:00:00:255:255:10:01:00:02
 remote address: LID 0000 QPN 0x03c9 PSN 0x863655 RKey 0x054507 VAddr 0x007f0c2361b000
 GID: 00:00:00:00:00:00:00:00:00:00:255:255:10:01:00:02
 remote address: LID 0000 QPN 0x03ca PSN 0x5a6e1d RKey 0x054507 VAddr 0x007f0c2362b000
 GID: 00:00:00:00:00:00:00:00:00:00:255:255:10:01:00:02
 remote address: LID 0000 QPN 0x03cb PSN 0x76da06 RKey 0x054507 VAddr 0x007f0c2363b000
 GID: 00:00:00:00:00:00:00:00:00:00:255:255:10:01:00:02
 remote address: LID 0000 QPN 0x03cc PSN 0x83bd4c RKey 0x054507 VAddr 0x007f0c2364b000
 GID: 00:00:00:00:00:00:00:00:00:00:255:255:10:01:00:02
 remote address: LID 0000 QPN 0x03cd PSN 0x83b120 RKey 0x054507 VAddr 0x007f0c2365b000
 GID: 00:00:00:00:00:00:00:00:00:00:255:255:10:01:00:02
 remote address: LID 0000 QPN 0x03ce PSN 0xd9a5b5 RKey 0x054507 VAddr 0x007f0c2366b000
 GID: 00:00:00:00:00:00:00:00:00:00:255:255:10:01:00:02
 remote address: LID 0000 QPN 0x03cf PSN 0xcbc3cb RKey 0x054507 VAddr 0x007f0c2367b000
 GID: 00:00:00:00:00:00:00:00:00:00:255:255:10:01:00:02
 remote address: LID 0000 QPN 0x03d0 PSN 0xb1fe4a RKey 0x054507 VAddr 0x007f0c2368b000
 GID: 00:00:00:00:00:00:00:00:00:00:255:255:10:01:00:02
 remote address: LID 0000 QPN 0x03d1 PSN 0xba2a6f RKey 0x054507 VAddr 0x007f0c2369b000
 GID: 00:00:00:00:00:00:00:00:00:00:255:255:10:01:00:02
 remote address: LID 0000 QPN 0x03d2 PSN 0x8224a4 RKey 0x054507 VAddr 0x007f0c236ab000
 GID: 00:00:00:00:00:00:00:00:00:00:255:255:10:01:00:02
 remote address: LID 0000 QPN 0x03d3 PSN 0x6deda3 RKey 0x054507 VAddr 0x007f0c236bb000
 GID: 00:00:00:00:00:00:00:00:00:00:255:255:10:01:00:02
 remote address: LID 0000 QPN 0x03d4 PSN 0x4817cb RKey 0x054507 VAddr 0x007f0c236cb000
 GID: 00:00:00:00:00:00:00:00:00:00:255:255:10:01:00:02
 remote address: LID 0000 QPN 0x03d5 PSN 0x123877 RKey 0x054507 VAddr 0x007f0c236db000
 GID: 00:00:00:00:00:00:00:00:00:00:255:255:10:01:00:02
 remote address: LID 0000 QPN 0x03d6 PSN 0xd825ac RKey 0x054507 VAddr 0x007f0c236eb000
 GID: 00:00:00:00:00:00:00:00:00:00:255:255:10:01:00:02
 remote address: LID 0000 QPN 0x03d7 PSN 0x2fc607 RKey 0x054507 VAddr 0x007f0c236fb000
 GID: 00:00:00:00:00:00:00:00:00:00:255:255:10:01:00:02
 remote address: LID 0000 QPN 0x03d8 PSN 0x15931c RKey 0x054507 VAddr 0x007f0c2370b000
 GID: 00:00:00:00:00:00:00:00:00:00:255:255:10:01:00:02
 remote address: LID 0000 QPN 0x03d9 PSN 0x389e6e RKey 0x054507 VAddr 0x007f0c2371b000
 GID: 00:00:00:00:00:00:00:00:00:00:255:255:10:01:00:02
 remote address: LID 0000 QPN 0x03da PSN 0x45c2f5 RKey 0x054507 VAddr 0x007f0c2372b000
 GID: 00:00:00:00:00:00:00:00:00:00:255:255:10:01:00:02
 remote address: LID 0000 QPN 0x03db PSN 0x482753 RKey 0x054507 VAddr 0x007f0c2373b000
 GID: 00:00:00:00:00:00:00:00:00:00:255:255:10:01:00:02
 remote address: LID 0000 QPN 0x03dc PSN 0xa85e6d RKey 0x054507 VAddr 0x007f0c2374b000
 GID: 00:00:00:00:00:00:00:00:00:00:255:255:10:01:00:02
 remote address: LID 0000 QPN 0x03dd PSN 0x4d4958 RKey 0x054507 VAddr 0x007f0c2375b000
 GID: 00:00:00:00:00:00:00:00:00:00:255:255:10:01:00:02
 remote address: LID 0000 QPN 0x03de PSN 0x59476d RKey 0x054507 VAddr 0x007f0c2376b000
 GID: 00:00:00:00:00:00:00:00:00:00:255:255:10:01:00:02
 remote address: LID 0000 QPN 0x03df PSN 0xb83dea RKey 0x054507 VAddr 0x007f0c2377b000
 GID: 00:00:00:00:00:00:00:00:00:00:255:255:10:01:00:02
 remote address: LID 0000 QPN 0x03e0 PSN 0xca5548 RKey 0x054507 VAddr 0x007f0c2378b000
 GID: 00:00:00:00:00:00:00:00:00:00:255:255:10:01:00:02
 remote address: LID 0000 QPN 0x03e1 PSN 0x6c07fe RKey 0x054507 VAddr 0x007f0c2379b000
 GID: 00:00:00:00:00:00:00:00:00:00:255:255:10:01:00:02
 remote address: LID 0000 QPN 0x03e2 PSN 0x56ecd9 RKey 0x054507 VAddr 0x007f0c237ab000
 GID: 00:00:00:00:00:00:00:00:00:00:255:255:10:01:00:02
 remote address: LID 0000 QPN 0x03e3 PSN 0x4e6e77 RKey 0x054507 VAddr 0x007f0c237bb000
 GID: 00:00:00:00:00:00:00:00:00:00:255:255:10:01:00:02
 remote address: LID 0000 QPN 0x03e4 PSN 0x7496ae RKey 0x054507 VAddr 0x007f0c237cb000
 GID: 00:00:00:00:00:00:00:00:00:00:255:255:10:01:00:02
 remote address: LID 0000 QPN 0x03e5 PSN 0x9b8ffe RKey 0x054507 VAddr 0x007f0c237db000
 GID: 00:00:00:00:00:00:00:00:00:00:255:255:10:01:00:02
 remote address: LID 0000 QPN 0x03e6 PSN 0x24307d RKey 0x054507 VAddr 0x007f0c237eb000
 GID: 00:00:00:00:00:00:00:00:00:00:255:255:10:01:00:02
 remote address: LID 0000 QPN 0x03e7 PSN 0xa21e4e RKey 0x054507 VAddr 0x007f0c237fb000
 GID: 00:00:00:00:00:00:00:00:00:00:255:255:10:01:00:02
 remote address: LID 0000 QPN 0x03e8 PSN 0x63e2d0 RKey 0x054507 VAddr 0x007f0c2380b000
 GID: 00:00:00:00:00:00:00:00:00:00:255:255:10:01:00:02
 remote address: LID 0000 QPN 0x03e9 PSN 0xa681fb RKey 0x054507 VAddr 0x007f0c2381b000
 GID: 00:00:00:00:00:00:00:00:00:00:255:255:10:01:00:02
 remote address: LID 0000 QPN 0x03ea PSN 0x8b8864 RKey 0x054507 VAddr 0x007f0c2382b000
 GID: 00:00:00:00:00:00:00:00:00:00:255:255:10:01:00:02
 remote address: LID 0000 QPN 0x03eb PSN 0x5ff0 RKey 0x054507 VAddr 0x007f0c2383b000
 GID: 00:00:00:00:00:00:00:00:00:00:255:255:10:01:00:02
 remote address: LID 0000 QPN 0x03ec PSN 0xb2da67 RKey 0x054507 VAddr 0x007f0c2384b000
 GID: 00:00:00:00:00:00:00:00:00:00:255:255:10:01:00:02
 remote address: LID 0000 QPN 0x03ed PSN 0xab3ef4 RKey 0x054507 VAddr 0x007f0c2385b000
 GID: 00:00:00:00:00:00:00:00:00:00:255:255:10:01:00:02
 remote address: LID 0000 QPN 0x03ee PSN 0xb9e34d RKey 0x054507 VAddr 0x007f0c2386b000
 GID: 00:00:00:00:00:00:00:00:00:00:255:255:10:01:00:02
 remote address: LID 0000 QPN 0x03ef PSN 0x7fa5ad RKey 0x054507 VAddr 0x007f0c2387b000
 GID: 00:00:00:00:00:00:00:00:00:00:255:255:10:01:00:02
 remote address: LID 0000 QPN 0x03f0 PSN 0x1299b0 RKey 0x054507 VAddr 0x007f0c2388b000
 GID: 00:00:00:00:00:00:00:00:00:00:255:255:10:01:00:02
 remote address: LID 0000 QPN 0x03f1 PSN 0xea80b3 RKey 0x054507 VAddr 0x007f0c2389b000
 GID: 00:00:00:00:00:00:00:00:00:00:255:255:10:01:00:02
 remote address: LID 0000 QPN 0x03f2 PSN 0x43fd32 RKey 0x054507 VAddr 0x007f0c238ab000
 GID: 00:00:00:00:00:00:00:00:00:00:255:255:10:01:00:02
 remote address: LID 0000 QPN 0x03f3 PSN 0x70bc64 RKey 0x054507 VAddr 0x007f0c238bb000
 GID: 00:00:00:00:00:00:00:00:00:00:255:255:10:01:00:02
 remote address: LID 0000 QPN 0x03f4 PSN 0x7c908 RKey 0x054507 VAddr 0x007f0c238cb000
 GID: 00:00:00:00:00:00:00:00:00:00:255:255:10:01:00:02
 remote address: LID 0000 QPN 0x03f5 PSN 0xa9c75c RKey 0x054507 VAddr 0x007f0c238db000
 GID: 00:00:00:00:00:00:00:00:00:00:255:255:10:01:00:02
 remote address: LID 0000 QPN 0x03f6 PSN 0x983276 RKey 0x054507 VAddr 0x007f0c238eb000
 GID: 00:00:00:00:00:00:00:00:00:00:255:255:10:01:00:02
 remote address: LID 0000 QPN 0x03f7 PSN 0x457066 RKey 0x054507 VAddr 0x007f0c238fb000
 GID: 00:00:00:00:00:00:00:00:00:00:255:255:10:01:00:02
 remote address: LID 0000 QPN 0x03f8 PSN 0x99dd1f RKey 0x054507 VAddr 0x007f0c2390b000
 GID: 00:00:00:00:00:00:00:00:00:00:255:255:10:01:00:02
 remote address: LID 0000 QPN 0x03f9 PSN 0xfdce25 RKey 0x054507 VAddr 0x007f0c2391b000
 GID: 00:00:00:00:00:00:00:00:00:00:255:255:10:01:00:02
 remote address: LID 0000 QPN 0x03fa PSN 0x221baa RKey 0x054507 VAddr 0x007f0c2392b000
 GID: 00:00:00:00:00:00:00:00:00:00:255:255:10:01:00:02
 remote address: LID 0000 QPN 0x03fb PSN 0xe95e79 RKey 0x054507 VAddr 0x007f0c2393b000
 GID: 00:00:00:00:00:00:00:00:00:00:255:255:10:01:00:02
 remote address: LID 0000 QPN 0x03fc PSN 0xc3e0dc RKey 0x054507 VAddr 0x007f0c2394b000
 GID: 00:00:00:00:00:00:00:00:00:00:255:255:10:01:00:02
 remote address: LID 0000 QPN 0x03fd PSN 0x225924 RKey 0x054507 VAddr 0x007f0c2395b000
 GID: 00:00:00:00:00:00:00:00:00:00:255:255:10:01:00:02
 remote address: LID 0000 QPN 0x03fe PSN 0x2fdbfc RKey 0x054507 VAddr 0x007f0c2396b000
 GID: 00:00:00:00:00:00:00:00:00:00:255:255:10:01:00:02
 remote address: LID 0000 QPN 0x03ff PSN 0x8f92f8 RKey 0x054507 VAddr 0x007f0c2397b000
 GID: 00:00:00:00:00:00:00:00:00:00:255:255:10:01:00:02
 remote address: LID 0000 QPN 0x0400 PSN 0x51c2cd RKey 0x054507 VAddr 0x007f0c2398b000
 GID: 00:00:00:00:00:00:00:00:00:00:255:255:10:01:00:02
 remote address: LID 0000 QPN 0x0401 PSN 0xc7ce43 RKey 0x054507 VAddr 0x007f0c2399b000
 GID: 00:00:00:00:00:00:00:00:00:00:255:255:10:01:00:02
 remote address: LID 0000 QPN 0x0402 PSN 0x7dac3c RKey 0x054507 VAddr 0x007f0c239ab000
 GID: 00:00:00:00:00:00:00:00:00:00:255:255:10:01:00:02
 remote address: LID 0000 QPN 0x0403 PSN 0x3fb918 RKey 0x054507 VAddr 0x007f0c239bb000
 GID: 00:00:00:00:00:00:00:00:00:00:255:255:10:01:00:02
 remote address: LID 0000 QPN 0x0404 PSN 0x4ac049 RKey 0x054507 VAddr 0x007f0c239cb000
 GID: 00:00:00:00:00:00:00:00:00:00:255:255:10:01:00:02
 remote address: LID 0000 QPN 0x0405 PSN 0x942b51 RKey 0x054507 VAddr 0x007f0c239db000
 GID: 00:00:00:00:00:00:00:00:00:00:255:255:10:01:00:02
 remote address: LID 0000 QPN 0x0406 PSN 0xcacc8c RKey 0x054507 VAddr 0x007f0c239eb000
 GID: 00:00:00:00:00:00:00:00:00:00:255:255:10:01:00:02
 remote address: LID 0000 QPN 0x0407 PSN 0x17bc45 RKey 0x054507 VAddr 0x007f0c239fb000
 GID: 00:00:00:00:00:00:00:00:00:00:255:255:10:01:00:02
 remote address: LID 0000 QPN 0x0408 PSN 0x392825 RKey 0x054507 VAddr 0x007f0c23a0b000
 GID: 00:00:00:00:00:00:00:00:00:00:255:255:10:01:00:02
 remote address: LID 0000 QPN 0x0409 PSN 0x1c0b33 RKey 0x054507 VAddr 0x007f0c23a1b000
 GID: 00:00:00:00:00:00:00:00:00:00:255:255:10:01:00:02
 remote address: LID 0000 QPN 0x040a PSN 0xa3a6a4 RKey 0x054507 VAddr 0x007f0c23a2b000
 GID: 00:00:00:00:00:00:00:00:00:00:255:255:10:01:00:02
 remote address: LID 0000 QPN 0x040b PSN 0x62ddab RKey 0x054507 VAddr 0x007f0c23a3b000
 GID: 00:00:00:00:00:00:00:00:00:00:255:255:10:01:00:02
 remote address: LID 0000 QPN 0x040c PSN 0x294f0f RKey 0x054507 VAddr 0x007f0c23a4b000
 GID: 00:00:00:00:00:00:00:00:00:00:255:255:10:01:00:02
 remote address: LID 0000 QPN 0x040d PSN 0xf18c38 RKey 0x054507 VAddr 0x007f0c23a5b000
 GID: 00:00:00:00:00:00:00:00:00:00:255:255:10:01:00:02
 remote address: LID 0000 QPN 0x040e PSN 0x3f8abf RKey 0x054507 VAddr 0x007f0c23a6b000
 GID: 00:00:00:00:00:00:00:00:00:00:255:255:10:01:00:02
 remote address: LID 0000 QPN 0x040f PSN 0x755fd0 RKey 0x054507 VAddr 0x007f0c23a7b000
 GID: 00:00:00:00:00:00:00:00:00:00:255:255:10:01:00:02
 remote address: LID 0000 QPN 0x0410 PSN 0xbd2f8a RKey 0x054507 VAddr 0x007f0c23a8b000
 GID: 00:00:00:00:00:00:00:00:00:00:255:255:10:01:00:02
 remote address: LID 0000 QPN 0x0411 PSN 0x32098a RKey 0x054507 VAddr 0x007f0c23a9b000
 GID: 00:00:00:00:00:00:00:00:00:00:255:255:10:01:00:02
 remote address: LID 0000 QPN 0x0412 PSN 0x8d1126 RKey 0x054507 VAddr 0x007f0c23aab000
 GID: 00:00:00:00:00:00:00:00:00:00:255:255:10:01:00:02
 remote address: LID 0000 QPN 0x0413 PSN 0xcc0a5e RKey 0x054507 VAddr 0x007f0c23abb000
 GID: 00:00:00:00:00:00:00:00:00:00:255:255:10:01:00:02
 remote address: LID 0000 QPN 0x0414 PSN 0xcfcf86 RKey 0x054507 VAddr 0x007f0c23acb000
 GID: 00:00:00:00:00:00:00:00:00:00:255:255:10:01:00:02
 remote address: LID 0000 QPN 0x0415 PSN 0x58b9bf RKey 0x054507 VAddr 0x007f0c23adb000
 GID: 00:00:00:00:00:00:00:00:00:00:255:255:10:01:00:02
 remote address: LID 0000 QPN 0x0416 PSN 0xeeca57 RKey 0x054507 VAddr 0x007f0c23aeb000
 GID: 00:00:00:00:00:00:00:00:00:00:255:255:10:01:00:02
 remote address: LID 0000 QPN 0x0417 PSN 0x60e7ff RKey 0x054507 VAddr 0x007f0c23afb000
 GID: 00:00:00:00:00:00:00:00:00:00:255:255:10:01:00:02
 remote address: LID 0000 QPN 0x0418 PSN 0x7b259b RKey 0x054507 VAddr 0x007f0c23b0b000
 GID: 00:00:00:00:00:00:00:00:00:00:255:255:10:01:00:02
 remote address: LID 0000 QPN 0x0419 PSN 0x2b648f RKey 0x054507 VAddr 0x007f0c23b1b000
 GID: 00:00:00:00:00:00:00:00:00:00:255:255:10:01:00:02
 remote address: LID 0000 QPN 0x041a PSN 0x5a87d2 RKey 0x054507 VAddr 0x007f0c23b2b000
 GID: 00:00:00:00:00:00:00:00:00:00:255:255:10:01:00:02
 remote address: LID 0000 QPN 0x041b PSN 0x9ac061 RKey 0x054507 VAddr 0x007f0c23b3b000
 GID: 00:00:00:00:00:00:00:00:00:00:255:255:10:01:00:02
 remote address: LID 0000 QPN 0x041c PSN 0x84d7e2 RKey 0x054507 VAddr 0x007f0c23b4b000
 GID: 00:00:00:00:00:00:00:00:00:00:255:255:10:01:00:02
 remote address: LID 0000 QPN 0x041d PSN 0x7781a1 RKey 0x054507 VAddr 0x007f0c23b5b000
 GID: 00:00:00:00:00:00:00:00:00:00:255:255:10:01:00:02
 remote address: LID 0000 QPN 0x041e PSN 0x28277f RKey 0x054507 VAddr 0x007f0c23b6b000
 GID: 00:00:00:00:00:00:00:00:00:00:255:255:10:01:00:02
 remote address: LID 0000 QPN 0x041f PSN 0xd2f059 RKey 0x054507 VAddr 0x007f0c23b7b000
 GID: 00:00:00:00:00:00:00:00:00:00:255:255:10:01:00:02
 remote address: LID 0000 QPN 0x0420 PSN 0xe1ce70 RKey 0x054507 VAddr 0x007f0c23b8b000
 GID: 00:00:00:00:00:00:00:00:00:00:255:255:10:01:00:02
 remote address: LID 0000 QPN 0x0421 PSN 0x29327e RKey 0x054507 VAddr 0x007f0c23b9b000
 GID: 00:00:00:00:00:00:00:00:00:00:255:255:10:01:00:02
 remote address: LID 0000 QPN 0x0422 PSN 0x816bbf RKey 0x054507 VAddr 0x007f0c23bab000
 GID: 00:00:00:00:00:00:00:00:00:00:255:255:10:01:00:02
 remote address: LID 0000 QPN 0x0423 PSN 0x456223 RKey 0x054507 VAddr 0x007f0c23bbb000
 GID: 00:00:00:00:00:00:00:00:00:00:255:255:10:01:00:02
 remote address: LID 0000 QPN 0x0424 PSN 0xc63370 RKey 0x054507 VAddr 0x007f0c23bcb000
 GID: 00:00:00:00:00:00:00:00:00:00:255:255:10:01:00:02
 remote address: LID 0000 QPN 0x0425 PSN 0x2aa9a7 RKey 0x054507 VAddr 0x007f0c23bdb000
 GID: 00:00:00:00:00:00:00:00:00:00:255:255:10:01:00:02
 remote address: LID 0000 QPN 0x0426 PSN 0xb30a0d RKey 0x054507 VAddr 0x007f0c23beb000
 GID: 00:00:00:00:00:00:00:00:00:00:255:255:10:01:00:02
 remote address: LID 0000 QPN 0x0427 PSN 0x7887c7 RKey 0x054507 VAddr 0x007f0c23bfb000
 GID: 00:00:00:00:00:00:00:00:00:00:255:255:10:01:00:02
 remote address: LID 0000 QPN 0x0428 PSN 0x371adc RKey 0x054507 VAddr 0x007f0c23c0b000
 GID: 00:00:00:00:00:00:00:00:00:00:255:255:10:01:00:02
 remote address: LID 0000 QPN 0x0429 PSN 0x91b0c1 RKey 0x054507 VAddr 0x007f0c23c1b000
 GID: 00:00:00:00:00:00:00:00:00:00:255:255:10:01:00:02
 remote address: LID 0000 QPN 0x042a PSN 0x37ba51 RKey 0x054507 VAddr 0x007f0c23c2b000
 GID: 00:00:00:00:00:00:00:00:00:00:255:255:10:01:00:02
 remote address: LID 0000 QPN 0x042b PSN 0xe75998 RKey 0x054507 VAddr 0x007f0c23c3b000
 GID: 00:00:00:00:00:00:00:00:00:00:255:255:10:01:00:02
 remote address: LID 0000 QPN 0x042c PSN 0xecabd8 RKey 0x054507 VAddr 0x007f0c23c4b000
 GID: 00:00:00:00:00:00:00:00:00:00:255:255:10:01:00:02
 remote address: LID 0000 QPN 0x042d PSN 0xa1fee RKey 0x054507 VAddr 0x007f0c23c5b000
 GID: 00:00:00:00:00:00:00:00:00:00:255:255:10:01:00:02
 remote address: LID 0000 QPN 0x042e PSN 0xd8b0c1 RKey 0x054507 VAddr 0x007f0c23c6b000
 GID: 00:00:00:00:00:00:00:00:00:00:255:255:10:01:00:02
 remote address: LID 0000 QPN 0x042f PSN 0x157ad7 RKey 0x054507 VAddr 0x007f0c23c7b000
 GID: 00:00:00:00:00:00:00:00:00:00:255:255:10:01:00:02
 remote address: LID 0000 QPN 0x0430 PSN 0x2745ab RKey 0x054507 VAddr 0x007f0c23c8b000
 GID: 00:00:00:00:00:00:00:00:00:00:255:255:10:01:00:02
 remote address: LID 0000 QPN 0x0431 PSN 0x473838 RKey 0x054507 VAddr 0x007f0c23c9b000
 GID: 00:00:00:00:00:00:00:00:00:00:255:255:10:01:00:02
 remote address: LID 0000 QPN 0x0432 PSN 0x4b8c74 RKey 0x054507 VAddr 0x007f0c23cab000
 GID: 00:00:00:00:00:00:00:00:00:00:255:255:10:01:00:02
 remote address: LID 0000 QPN 0x0433 PSN 0x55c674 RKey 0x054507 VAddr 0x007f0c23cbb000
 GID: 00:00:00:00:00:00:00:00:00:00:255:255:10:01:00:02
 remote address: LID 0000 QPN 0x0434 PSN 0x87ba5a RKey 0x054507 VAddr 0x007f0c23ccb000
 GID: 00:00:00:00:00:00:00:00:00:00:255:255:10:01:00:02
 remote address: LID 0000 QPN 0x0435 PSN 0xb2f327 RKey 0x054507 VAddr 0x007f0c23cdb000
 GID: 00:00:00:00:00:00:00:00:00:00:255:255:10:01:00:02
 remote address: LID 0000 QPN 0x0436 PSN 0xec6485 RKey 0x054507 VAddr 0x007f0c23ceb000
 GID: 00:00:00:00:00:00:00:00:00:00:255:255:10:01:00:02
 remote address: LID 0000 QPN 0x0437 PSN 0x8da5f4 RKey 0x054507 VAddr 0x007f0c23cfb000
 GID: 00:00:00:00:00:00:00:00:00:00:255:255:10:01:00:02
 remote address: LID 0000 QPN 0x0438 PSN 0xa258e3 RKey 0x054507 VAddr 0x007f0c23d0b000
 GID: 00:00:00:00:00:00:00:00:00:00:255:255:10:01:00:02
 remote address: LID 0000 QPN 0x0439 PSN 0xb17972 RKey 0x054507 VAddr 0x007f0c23d1b000
 GID: 00:00:00:00:00:00:00:00:00:00:255:255:10:01:00:02
 remote address: LID 0000 QPN 0x043a PSN 0x333de0 RKey 0x054507 VAddr 0x007f0c23d2b000
 GID: 00:00:00:00:00:00:00:00:00:00:255:255:10:01:00:02
 remote address: LID 0000 QPN 0x043b PSN 0x43b46e RKey 0x054507 VAddr 0x007f0c23d3b000
 GID: 00:00:00:00:00:00:00:00:00:00:255:255:10:01:00:02
 remote address: LID 0000 QPN 0x043c PSN 0x862113 RKey 0x054507 VAddr 0x007f0c23d4b000
 GID: 00:00:00:00:00:00:00:00:00:00:255:255:10:01:00:02
 remote address: LID 0000 QPN 0x043d PSN 0xc012d2 RKey 0x054507 VAddr 0x007f0c23d5b000
 GID: 00:00:00:00:00:00:00:00:00:00:255:255:10:01:00:02
 remote address: LID 0000 QPN 0x043e PSN 0xeed3ac RKey 0x054507 VAddr 0x007f0c23d6b000
 GID: 00:00:00:00:00:00:00:00:00:00:255:255:10:01:00:02
 remote address: LID 0000 QPN 0x043f PSN 0x6e4faf RKey 0x054507 VAddr 0x007f0c23d7b000
 GID: 00:00:00:00:00:00:00:00:00:00:255:255:10:01:00:02
 remote address: LID 0000 QPN 0x0440 PSN 0x6d1b04 RKey 0x054507 VAddr 0x007f0c23d8b000
 GID: 00:00:00:00:00:00:00:00:00:00:255:255:10:01:00:02
 remote address: LID 0000 QPN 0x0441 PSN 0x9a00f1 RKey 0x054507 VAddr 0x007f0c23d9b000
 GID: 00:00:00:00:00:00:00:00:00:00:255:255:10:01:00:02
 remote address: LID 0000 QPN 0x0442 PSN 0xc33c55 RKey 0x054507 VAddr 0x007f0c23dab000
 GID: 00:00:00:00:00:00:00:00:00:00:255:255:10:01:00:02
 remote address: LID 0000 QPN 0x0443 PSN 0xded97d RKey 0x054507 VAddr 0x007f0c23dbb000
 GID: 00:00:00:00:00:00:00:00:00:00:255:255:10:01:00:02
 remote address: LID 0000 QPN 0x0444 PSN 0xe06c37 RKey 0x054507 VAddr 0x007f0c23dcb000
 GID: 00:00:00:00:00:00:00:00:00:00:255:255:10:01:00:02
 remote address: LID 0000 QPN 0x0445 PSN 0x82d782 RKey 0x054507 VAddr 0x007f0c23ddb000
 GID: 00:00:00:00:00:00:00:00:00:00:255:255:10:01:00:02
 remote address: LID 0000 QPN 0x0446 PSN 0x899534 RKey 0x054507 VAddr 0x007f0c23deb000
 GID: 00:00:00:00:00:00:00:00:00:00:255:255:10:01:00:02
 remote address: LID 0000 QPN 0x0447 PSN 0xf08af9 RKey 0x054507 VAddr 0x007f0c23dfb000
 GID: 00:00:00:00:00:00:00:00:00:00:255:255:10:01:00:02
 remote address: LID 0000 QPN 0x0448 PSN 0x6a644a RKey 0x054507 VAddr 0x007f0c23e0b000
 GID: 00:00:00:00:00:00:00:00:00:00:255:255:10:01:00:02
 remote address: LID 0000 QPN 0x0449 PSN 0xfd036a RKey 0x054507 VAddr 0x007f0c23e1b000
 GID: 00:00:00:00:00:00:00:00:00:00:255:255:10:01:00:02
 remote address: LID 0000 QPN 0x044a PSN 0x967ede RKey 0x054507 VAddr 0x007f0c23e2b000
 GID: 00:00:00:00:00:00:00:00:00:00:255:255:10:01:00:02
 remote address: LID 0000 QPN 0x044b PSN 0x6ddc1d RKey 0x054507 VAddr 0x007f0c23e3b000
 GID: 00:00:00:00:00:00:00:00:00:00:255:255:10:01:00:02
 remote address: LID 0000 QPN 0x044c PSN 0x1a5b56 RKey 0x054507 VAddr 0x007f0c23e4b000
 GID: 00:00:00:00:00:00:00:00:00:00:255:255:10:01:00:02
 remote address: LID 0000 QPN 0x044d PSN 0xac531b RKey 0x054507 VAddr 0x007f0c23e5b000
 GID: 00:00:00:00:00:00:00:00:00:00:255:255:10:01:00:02
 remote address: LID 0000 QPN 0x044e PSN 0x3fd406 RKey 0x054507 VAddr 0x007f0c23e6b000
 GID: 00:00:00:00:00:00:00:00:00:00:255:255:10:01:00:02
 remote address: LID 0000 QPN 0x044f PSN 0x8da165 RKey 0x054507 VAddr 0x007f0c23e7b000
 GID: 00:00:00:00:00:00:00:00:00:00:255:255:10:01:00:02
 remote address: LID 0000 QPN 0x0450 PSN 0x41dbe7 RKey 0x054507 VAddr 0x007f0c23e8b000
 GID: 00:00:00:00:00:00:00:00:00:00:255:255:10:01:00:02
 remote address: LID 0000 QPN 0x0451 PSN 0xf7202 RKey 0x054507 VAddr 0x007f0c23e9b000
 GID: 00:00:00:00:00:00:00:00:00:00:255:255:10:01:00:02
 remote address: LID 0000 QPN 0x0452 PSN 0xd6a510 RKey 0x054507 VAddr 0x007f0c23eab000
 GID: 00:00:00:00:00:00:00:00:00:00:255:255:10:01:00:02
 remote address: LID 0000 QPN 0x0453 PSN 0x99218b RKey 0x054507 VAddr 0x007f0c23ebb000
 GID: 00:00:00:00:00:00:00:00:00:00:255:255:10:01:00:02
 remote address: LID 0000 QPN 0x0454 PSN 0x903299 RKey 0x054507 VAddr 0x007f0c23ecb000
 GID: 00:00:00:00:00:00:00:00:00:00:255:255:10:01:00:02
 remote address: LID 0000 QPN 0x0455 PSN 0x386916 RKey 0x054507 VAddr 0x007f0c23edb000
 GID: 00:00:00:00:00:00:00:00:00:00:255:255:10:01:00:02
 remote address: LID 0000 QPN 0x0456 PSN 0x512233 RKey 0x054507 VAddr 0x007f0c23eeb000
 GID: 00:00:00:00:00:00:00:00:00:00:255:255:10:01:00:02
 remote address: LID 0000 QPN 0x0457 PSN 0x5e856a RKey 0x054507 VAddr 0x007f0c23efb000
 GID: 00:00:00:00:00:00:00:00:00:00:255:255:10:01:00:02
 remote address: LID 0000 QPN 0x0458 PSN 0xa91d4b RKey 0x054507 VAddr 0x007f0c23f0b000
 GID: 00:00:00:00:00:00:00:00:00:00:255:255:10:01:00:02
 remote address: LID 0000 QPN 0x0459 PSN 0xdb5691 RKey 0x054507 VAddr 0x007f0c23f1b000
 GID: 00:00:00:00:00:00:00:00:00:00:255:255:10:01:00:02
 remote address: LID 0000 QPN 0x045a PSN 0xb0be49 RKey 0x054507 VAddr 0x007f0c23f2b000
 GID: 00:00:00:00:00:00:00:00:00:00:255:255:10:01:00:02
 remote address: LID 0000 QPN 0x045b PSN 0x272404 RKey 0x054507 VAddr 0x007f0c23f3b000
 GID: 00:00:00:00:00:00:00:00:00:00:255:255:10:01:00:02
 remote address: LID 0000 QPN 0x045c PSN 0x24f403 RKey 0x054507 VAddr 0x007f0c23f4b000
 GID: 00:00:00:00:00:00:00:00:00:00:255:255:10:01:00:02
 remote address: LID 0000 QPN 0x045d PSN 0xbaebc RKey 0x054507 VAddr 0x007f0c23f5b000
 GID: 00:00:00:00:00:00:00:00:00:00:255:255:10:01:00:02
 remote address: LID 0000 QPN 0x045e PSN 0x6b7436 RKey 0x054507 VAddr 0x007f0c23f6b000
 GID: 00:00:00:00:00:00:00:00:00:00:255:255:10:01:00:02
 remote address: LID 0000 QPN 0x045f PSN 0x9f4c9f RKey 0x054507 VAddr 0x007f0c23f7b000
 GID: 00:00:00:00:00:00:00:00:00:00:255:255:10:01:00:02
 remote address: LID 0000 QPN 0x0460 PSN 0x34455e RKey 0x054507 VAddr 0x007f0c23f8b000
 GID: 00:00:00:00:00:00:00:00:00:00:255:255:10:01:00:02
 remote address: LID 0000 QPN 0x0461 PSN 0xf377e2 RKey 0x054507 VAddr 0x007f0c23f9b000
 GID: 00:00:00:00:00:00:00:00:00:00:255:255:10:01:00:02
 remote address: LID 0000 QPN 0x0462 PSN 0x63b8f3 RKey 0x054507 VAddr 0x007f0c23fab000
 GID: 00:00:00:00:00:00:00:00:00:00:255:255:10:01:00:02
 remote address: LID 0000 QPN 0x0463 PSN 0x15510a RKey 0x054507 VAddr 0x007f0c23fbb000
 GID: 00:00:00:00:00:00:00:00:00:00:255:255:10:01:00:02
 remote address: LID 0000 QPN 0x0464 PSN 0x8680b2 RKey 0x054507 VAddr 0x007f0c23fcb000
 GID: 00:00:00:00:00:00:00:00:00:00:255:255:10:01:00:02
 remote address: LID 0000 QPN 0x0465 PSN 0xd51366 RKey 0x054507 VAddr 0x007f0c23fdb000
 GID: 00:00:00:00:00:00:00:00:00:00:255:255:10:01:00:02
 remote address: LID 0000 QPN 0x0466 PSN 0xe94436 RKey 0x054507 VAddr 0x007f0c23feb000
 GID: 00:00:00:00:00:00:00:00:00:00:255:255:10:01:00:02
 remote address: LID 0000 QPN 0x0467 PSN 0xcfb1fd RKey 0x054507 VAddr 0x007f0c23ffb000
 GID: 00:00:00:00:00:00:00:00:00:00:255:255:10:01:00:02
 remote address: LID 0000 QPN 0x0468 PSN 0x32e7c2 RKey 0x054507 VAddr 0x007f0c2400b000
 GID: 00:00:00:00:00:00:00:00:00:00:255:255:10:01:00:02
 remote address: LID 0000 QPN 0x0469 PSN 0xdf45f1 RKey 0x054507 VAddr 0x007f0c2401b000
 GID: 00:00:00:00:00:00:00:00:00:00:255:255:10:01:00:02
 remote address: LID 0000 QPN 0x046a PSN 0x7579c0 RKey 0x054507 VAddr 0x007f0c2402b000
 GID: 00:00:00:00:00:00:00:00:00:00:255:255:10:01:00:02
 remote address: LID 0000 QPN 0x046b PSN 0x166f9e RKey 0x054507 VAddr 0x007f0c2403b000
 GID: 00:00:00:00:00:00:00:00:00:00:255:255:10:01:00:02
 remote address: LID 0000 QPN 0x046c PSN 0xdca21c RKey 0x054507 VAddr 0x007f0c2404b000
 GID: 00:00:00:00:00:00:00:00:00:00:255:255:10:01:00:02
 remote address: LID 0000 QPN 0x046d PSN 0xe450c3 RKey 0x054507 VAddr 0x007f0c2405b000
 GID: 00:00:00:00:00:00:00:00:00:00:255:255:10:01:00:02
 remote address: LID 0000 QPN 0x046e PSN 0xf8dd42 RKey 0x054507 VAddr 0x007f0c2406b000
 GID: 00:00:00:00:00:00:00:00:00:00:255:255:10:01:00:02
 remote address: LID 0000 QPN 0x046f PSN 0x9a020 RKey 0x054507 VAddr 0x007f0c2407b000
 GID: 00:00:00:00:00:00:00:00:00:00:255:255:10:01:00:02
 remote address: LID 0000 QPN 0x0470 PSN 0xbe6c13 RKey 0x054507 VAddr 0x007f0c2408b000
 GID: 00:00:00:00:00:00:00:00:00:00:255:255:10:01:00:02
 remote address: LID 0000 QPN 0x0471 PSN 0x0e2b RKey 0x054507 VAddr 0x007f0c2409b000
 GID: 00:00:00:00:00:00:00:00:00:00:255:255:10:01:00:02
 remote address: LID 0000 QPN 0x0472 PSN 0x3b9aed RKey 0x054507 VAddr 0x007f0c240ab000
 GID: 00:00:00:00:00:00:00:00:00:00:255:255:10:01:00:02
 remote address: LID 0000 QPN 0x0473 PSN 0x9f8e86 RKey 0x054507 VAddr 0x007f0c240bb000
 GID: 00:00:00:00:00:00:00:00:00:00:255:255:10:01:00:02
 remote address: LID 0000 QPN 0x0474 PSN 0x57fb55 RKey 0x054507 VAddr 0x007f0c240cb000
 GID: 00:00:00:00:00:00:00:00:00:00:255:255:10:01:00:02
 remote address: LID 0000 QPN 0x0475 PSN 0xc62312 RKey 0x054507 VAddr 0x007f0c240db000
 GID: 00:00:00:00:00:00:00:00:00:00:255:255:10:01:00:02
 remote address: LID 0000 QPN 0x0476 PSN 0xa9ce95 RKey 0x054507 VAddr 0x007f0c240eb000
 GID: 00:00:00:00:00:00:00:00:00:00:255:255:10:01:00:02
 remote address: LID 0000 QPN 0x0477 PSN 0x46c386 RKey 0x054507 VAddr 0x007f0c240fb000
 GID: 00:00:00:00:00:00:00:00:00:00:255:255:10:01:00:02
 remote address: LID 0000 QPN 0x0478 PSN 0xbed328 RKey 0x054507 VAddr 0x007f0c2410b000
 GID: 00:00:00:00:00:00:00:00:00:00:255:255:10:01:00:02
 remote address: LID 0000 QPN 0x0479 PSN 0xd077b1 RKey 0x054507 VAddr 0x007f0c2411b000
 GID: 00:00:00:00:00:00:00:00:00:00:255:255:10:01:00:02
 remote address: LID 0000 QPN 0x047a PSN 0x84d380 RKey 0x054507 VAddr 0x007f0c2412b000
 GID: 00:00:00:00:00:00:00:00:00:00:255:255:10:01:00:02
 remote address: LID 0000 QPN 0x047b PSN 0xcc7a88 RKey 0x054507 VAddr 0x007f0c2413b000
 GID: 00:00:00:00:00:00:00:00:00:00:255:255:10:01:00:02
 remote address: LID 0000 QPN 0x047c PSN 0xb5e245 RKey 0x054507 VAddr 0x007f0c2414b000
 GID: 00:00:00:00:00:00:00:00:00:00:255:255:10:01:00:02
 remote address: LID 0000 QPN 0x047d PSN 0x974963 RKey 0x054507 VAddr 0x007f0c2415b000
 GID: 00:00:00:00:00:00:00:00:00:00:255:255:10:01:00:02
 remote address: LID 0000 QPN 0x047e PSN 0x7d86d1 RKey 0x054507 VAddr 0x007f0c2416b000
 GID: 00:00:00:00:00:00:00:00:00:00:255:255:10:01:00:02
 remote address: LID 0000 QPN 0x047f PSN 0x6e24cd RKey 0x054507 VAddr 0x007f0c2417b000
 GID: 00:00:00:00:00:00:00:00:00:00:255:255:10:01:00:02
 remote address: LID 0000 QPN 0x0480 PSN 0x4ae451 RKey 0x054507 VAddr 0x007f0c2418b000
 GID: 00:00:00:00:00:00:00:00:00:00:255:255:10:01:00:02
 remote address: LID 0000 QPN 0x0481 PSN 0x7f4794 RKey 0x054507 VAddr 0x007f0c2419b000
 GID: 00:00:00:00:00:00:00:00:00:00:255:255:10:01:00:02
 remote address: LID 0000 QPN 0x0482 PSN 0xd0068c RKey 0x054507 VAddr 0x007f0c241ab000
 GID: 00:00:00:00:00:00:00:00:00:00:255:255:10:01:00:02
 remote address: LID 0000 QPN 0x0483 PSN 0x84bcad RKey 0x054507 VAddr 0x007f0c241bb000
 GID: 00:00:00:00:00:00:00:00:00:00:255:255:10:01:00:02
 remote address: LID 0000 QPN 0x0484 PSN 0x6e20f4 RKey 0x054507 VAddr 0x007f0c241cb000
 GID: 00:00:00:00:00:00:00:00:00:00:255:255:10:01:00:02
 remote address: LID 0000 QPN 0x0485 PSN 0x1f4dd9 RKey 0x054507 VAddr 0x007f0c241db000
 GID: 00:00:00:00:00:00:00:00:00:00:255:255:10:01:00:02
 remote address: LID 0000 QPN 0x0486 PSN 0xb81745 RKey 0x054507 VAddr 0x007f0c241eb000
 GID: 00:00:00:00:00:00:00:00:00:00:255:255:10:01:00:02
 remote address: LID 0000 QPN 0x0487 PSN 0x22caf9 RKey 0x054507 VAddr 0x007f0c241fb000
 GID: 00:00:00:00:00:00:00:00:00:00:255:255:10:01:00:02
 remote address: LID 0000 QPN 0x0488 PSN 0x68c298 RKey 0x054507 VAddr 0x007f0c2420b000
 GID: 00:00:00:00:00:00:00:00:00:00:255:255:10:01:00:02
 remote address: LID 0000 QPN 0x0489 PSN 0x66d1a RKey 0x054507 VAddr 0x007f0c2421b000
 GID: 00:00:00:00:00:00:00:00:00:00:255:255:10:01:00:02
 remote address: LID 0000 QPN 0x048a PSN 0x1dfa6a RKey 0x054507 VAddr 0x007f0c2422b000
 GID: 00:00:00:00:00:00:00:00:00:00:255:255:10:01:00:02
 remote address: LID 0000 QPN 0x048b PSN 0x6a207f RKey 0x054507 VAddr 0x007f0c2423b000
 GID: 00:00:00:00:00:00:00:00:00:00:255:255:10:01:00:02
 remote address: LID 0000 QPN 0x048c PSN 0xdf9ec0 RKey 0x054507 VAddr 0x007f0c2424b000
 GID: 00:00:00:00:00:00:00:00:00:00:255:255:10:01:00:02
 remote address: LID 0000 QPN 0x048d PSN 0xe415ea RKey 0x054507 VAddr 0x007f0c2425b000
 GID: 00:00:00:00:00:00:00:00:00:00:255:255:10:01:00:02
 remote address: LID 0000 QPN 0x048e PSN 0x4e1f29 RKey 0x054507 VAddr 0x007f0c2426b000
 GID: 00:00:00:00:00:00:00:00:00:00:255:255:10:01:00:02
 remote address: LID 0000 QPN 0x048f PSN 0x6c65ab RKey 0x054507 VAddr 0x007f0c2427b000
 GID: 00:00:00:00:00:00:00:00:00:00:255:255:10:01:00:02
 remote address: LID 0000 QPN 0x0490 PSN 0xd3ea02 RKey 0x054507 VAddr 0x007f0c2428b000
 GID: 00:00:00:00:00:00:00:00:00:00:255:255:10:01:00:02
 remote address: LID 0000 QPN 0x0491 PSN 0xff55f7 RKey 0x054507 VAddr 0x007f0c2429b000
 GID: 00:00:00:00:00:00:00:00:00:00:255:255:10:01:00:02
 remote address: LID 0000 QPN 0x0492 PSN 0xab7ff RKey 0x054507 VAddr 0x007f0c242ab000
 GID: 00:00:00:00:00:00:00:00:00:00:255:255:10:01:00:02
 remote address: LID 0000 QPN 0x0493 PSN 0x39c24a RKey 0x054507 VAddr 0x007f0c242bb000
 GID: 00:00:00:00:00:00:00:00:00:00:255:255:10:01:00:02
 remote address: LID 0000 QPN 0x0494 PSN 0x70f1a3 RKey 0x054507 VAddr 0x007f0c242cb000
 GID: 00:00:00:00:00:00:00:00:00:00:255:255:10:01:00:02
 remote address: LID 0000 QPN 0x0495 PSN 0x873a9d RKey 0x054507 VAddr 0x007f0c242db000
 GID: 00:00:00:00:00:00:00:00:00:00:255:255:10:01:00:02
 remote address: LID 0000 QPN 0x0496 PSN 0xecdedf RKey 0x054507 VAddr 0x007f0c242eb000
 GID: 00:00:00:00:00:00:00:00:00:00:255:255:10:01:00:02
 remote address: LID 0000 QPN 0x0497 PSN 0x72ff6a RKey 0x054507 VAddr 0x007f0c242fb000
 GID: 00:00:00:00:00:00:00:00:00:00:255:255:10:01:00:02
 remote address: LID 0000 QPN 0x0498 PSN 0xd94cd RKey 0x054507 VAddr 0x007f0c2430b000
 GID: 00:00:00:00:00:00:00:00:00:00:255:255:10:01:00:02
 remote address: LID 0000 QPN 0x0499 PSN 0x958a95 RKey 0x054507 VAddr 0x007f0c2431b000
 GID: 00:00:00:00:00:00:00:00:00:00:255:255:10:01:00:02
 remote address: LID 0000 QPN 0x049a PSN 0x7b91fb RKey 0x054507 VAddr 0x007f0c2432b000
 GID: 00:00:00:00:00:00:00:00:00:00:255:255:10:01:00:02
 remote address: LID 0000 QPN 0x049b PSN 0x68a55e RKey 0x054507 VAddr 0x007f0c2433b000
 GID: 00:00:00:00:00:00:00:00:00:00:255:255:10:01:00:02
 remote address: LID 0000 QPN 0x049c PSN 0x39d76f RKey 0x054507 VAddr 0x007f0c2434b000
 GID: 00:00:00:00:00:00:00:00:00:00:255:255:10:01:00:02
 remote address: LID 0000 QPN 0x049d PSN 0xde28ca RKey 0x054507 VAddr 0x007f0c2435b000
 GID: 00:00:00:00:00:00:00:00:00:00:255:255:10:01:00:02
 remote address: LID 0000 QPN 0x049e PSN 0x397331 RKey 0x054507 VAddr 0x007f0c2436b000
 GID: 00:00:00:00:00:00:00:00:00:00:255:255:10:01:00:02
 remote address: LID 0000 QPN 0x049f PSN 0xa6b7de RKey 0x054507 VAddr 0x007f0c2437b000
 GID: 00:00:00:00:00:00:00:00:00:00:255:255:10:01:00:02
 remote address: LID 0000 QPN 0x04a0 PSN 0x9c88b1 RKey 0x054507 VAddr 0x007f0c2438b000
 GID: 00:00:00:00:00:00:00:00:00:00:255:255:10:01:00:02
 remote address: LID 0000 QPN 0x04a1 PSN 0x18924c RKey 0x054507 VAddr 0x007f0c2439b000
 GID: 00:00:00:00:00:00:00:00:00:00:255:255:10:01:00:02
 remote address: LID 0000 QPN 0x04a2 PSN 0xced415 RKey 0x054507 VAddr 0x007f0c243ab000
 GID: 00:00:00:00:00:00:00:00:00:00:255:255:10:01:00:02
 remote address: LID 0000 QPN 0x04a3 PSN 0xe4d24a RKey 0x054507 VAddr 0x007f0c243bb000
 GID: 00:00:00:00:00:00:00:00:00:00:255:255:10:01:00:02
 remote address: LID 0000 QPN 0x04a4 PSN 0x6a9713 RKey 0x054507 VAddr 0x007f0c243cb000
 GID: 00:00:00:00:00:00:00:00:00:00:255:255:10:01:00:02
 remote address: LID 0000 QPN 0x04a5 PSN 0x56095d RKey 0x054507 VAddr 0x007f0c243db000
 GID: 00:00:00:00:00:00:00:00:00:00:255:255:10:01:00:02
 remote address: LID 0000 QPN 0x04a6 PSN 0x43897 RKey 0x054507 VAddr 0x007f0c243eb000
 GID: 00:00:00:00:00:00:00:00:00:00:255:255:10:01:00:02
 remote address: LID 0000 QPN 0x04a7 PSN 0xcc860f RKey 0x054507 VAddr 0x007f0c243fb000
 GID: 00:00:00:00:00:00:00:00:00:00:255:255:10:01:00:02
 remote address: LID 0000 QPN 0x04a8 PSN 0x14c21 RKey 0x054507 VAddr 0x007f0c2440b000
 GID: 00:00:00:00:00:00:00:00:00:00:255:255:10:01:00:02
 remote address: LID 0000 QPN 0x04a9 PSN 0xce1fa9 RKey 0x054507 VAddr 0x007f0c2441b000
 GID: 00:00:00:00:00:00:00:00:00:00:255:255:10:01:00:02
 remote address: LID 0000 QPN 0x04aa PSN 0x1a1a51 RKey 0x054507 VAddr 0x007f0c2442b000
 GID: 00:00:00:00:00:00:00:00:00:00:255:255:10:01:00:02
 remote address: LID 0000 QPN 0x04ab PSN 0x3fd22 RKey 0x054507 VAddr 0x007f0c2443b000
 GID: 00:00:00:00:00:00:00:00:00:00:255:255:10:01:00:02
 remote address: LID 0000 QPN 0x04ac PSN 0x4649d5 RKey 0x054507 VAddr 0x007f0c2444b000
 GID: 00:00:00:00:00:00:00:00:00:00:255:255:10:01:00:02
 remote address: LID 0000 QPN 0x04ad PSN 0x547193 RKey 0x054507 VAddr 0x007f0c2445b000
 GID: 00:00:00:00:00:00:00:00:00:00:255:255:10:01:00:02
 remote address: LID 0000 QPN 0x04ae PSN 0xcd5670 RKey 0x054507 VAddr 0x007f0c2446b000
 GID: 00:00:00:00:00:00:00:00:00:00:255:255:10:01:00:02
 remote address: LID 0000 QPN 0x04af PSN 0x8902aa RKey 0x054507 VAddr 0x007f0c2447b000
 GID: 00:00:00:00:00:00:00:00:00:00:255:255:10:01:00:02
 remote address: LID 0000 QPN 0x04b0 PSN 0x83c389 RKey 0x054507 VAddr 0x007f0c2448b000
 GID: 00:00:00:00:00:00:00:00:00:00:255:255:10:01:00:02
 remote address: LID 0000 QPN 0x04b1 PSN 0xc584ab RKey 0x054507 VAddr 0x007f0c2449b000
 GID: 00:00:00:00:00:00:00:00:00:00:255:255:10:01:00:02
 remote address: LID 0000 QPN 0x04b2 PSN 0xa4503c RKey 0x054507 VAddr 0x007f0c244ab000
 GID: 00:00:00:00:00:00:00:00:00:00:255:255:10:01:00:02
 remote address: LID 0000 QPN 0x04b3 PSN 0xc8b3ba RKey 0x054507 VAddr 0x007f0c244bb000
 GID: 00:00:00:00:00:00:00:00:00:00:255:255:10:01:00:02
 remote address: LID 0000 QPN 0x04b4 PSN 0x250c97 RKey 0x054507 VAddr 0x007f0c244cb000
 GID: 00:00:00:00:00:00:00:00:00:00:255:255:10:01:00:02
 remote address: LID 0000 QPN 0x04b5 PSN 0x65db3b RKey 0x054507 VAddr 0x007f0c244db000
 GID: 00:00:00:00:00:00:00:00:00:00:255:255:10:01:00:02
 remote address: LID 0000 QPN 0x04b6 PSN 0x977245 RKey 0x054507 VAddr 0x007f0c244eb000
 GID: 00:00:00:00:00:00:00:00:00:00:255:255:10:01:00:02
 remote address: LID 0000 QPN 0x04b7 PSN 0x223a3c RKey 0x054507 VAddr 0x007f0c244fb000
 GID: 00:00:00:00:00:00:00:00:00:00:255:255:10:01:00:02
 remote address: LID 0000 QPN 0x04b8 PSN 0x9f368f RKey 0x054507 VAddr 0x007f0c2450b000
 GID: 00:00:00:00:00:00:00:00:00:00:255:255:10:01:00:02
 remote address: LID 0000 QPN 0x04b9 PSN 0x8d6f01 RKey 0x054507 VAddr 0x007f0c2451b000
 GID: 00:00:00:00:00:00:00:00:00:00:255:255:10:01:00:02
 remote address: LID 0000 QPN 0x04ba PSN 0x68582c RKey 0x054507 VAddr 0x007f0c2452b000
 GID: 00:00:00:00:00:00:00:00:00:00:255:255:10:01:00:02
 remote address: LID 0000 QPN 0x04bb PSN 0xc713e9 RKey 0x054507 VAddr 0x007f0c2453b000
 GID: 00:00:00:00:00:00:00:00:00:00:255:255:10:01:00:02
 remote address: LID 0000 QPN 0x04bc PSN 0x931914 RKey 0x054507 VAddr 0x007f0c2454b000
 GID: 00:00:00:00:00:00:00:00:00:00:255:255:10:01:00:02
 remote address: LID 0000 QPN 0x04bd PSN 0x2ae4f6 RKey 0x054507 VAddr 0x007f0c2455b000
 GID: 00:00:00:00:00:00:00:00:00:00:255:255:10:01:00:02
------------------------------------------------------------------------------Conflicting CPU frequency values detected: 2100.000000 != 1150.835000. CPU Frequency is not max.
---------
 #bytes     #iterations    BW peak[Gb/sec]    BW average[Gb/sec]   MsgRate[Mpps]
 65536      2030300          0.00               46.28  		     0.088272
---------------------------------------------------------------------------------------
