 WARNING: BW peak won't be measured in this run.
---------------------------------------------------------------------------------------
                    RDMA_Write BW Test
 Dual-port       : OFF		Device         : mlx5_7
 Number of qps   : 256		Transport type : IB
 Connection type : RC		Using SRQ      : OFF
 PCIe relax order: ON		Lock-free      : OFF
 ibv_wr* API     : ON		Using Enhanced Reorder      : OFF
 TX depth        : 128
 CQ Moderation   : 1
 CQE Poll Batch  : Dynamic
 Mtu             : 1024[B]
 Link type       : Ethernet
 GID index       : 3
 Max inline data : 0[B]
 rdma_cm QPs	 : OFF
 Data ex. method : Ethernet
---------------------------------------------------------------------------------------
 local address: LID 0000 QPN 0x0217 PSN 0xb6372a RKey 0x034506 VAddr 0x007f1326cb1000
 GID: 00:00:00:00:00:00:00:00:00:00:255:255:10:01:01:01
 local address: LID 0000 QPN 0x0218 PSN 0xa4a2cc RKey 0x034506 VAddr 0x007f1326cc1000
 GID: 00:00:00:00:00:00:00:00:00:00:255:255:10:01:01:01
 local address: LID 0000 QPN 0x0219 PSN 0xde1a26 RKey 0x034506 VAddr 0x007f1326cd1000
 GID: 00:00:00:00:00:00:00:00:00:00:255:255:10:01:01:01
 local address: LID 0000 QPN 0x021a PSN 0x3de57d RKey 0x034506 VAddr 0x007f1326ce1000
 GID: 00:00:00:00:00:00:00:00:00:00:255:255:10:01:01:01
 local address: LID 0000 QPN 0x021b PSN 0x36ba4c RKey 0x034506 VAddr 0x007f1326cf1000
 GID: 00:00:00:00:00:00:00:00:00:00:255:255:10:01:01:01
 local address: LID 0000 QPN 0x021c PSN 0x55efbe RKey 0x034506 VAddr 0x007f1326d01000
 GID: 00:00:00:00:00:00:00:00:00:00:255:255:10:01:01:01
 local address: LID 0000 QPN 0x021d PSN 0xd8945 RKey 0x034506 VAddr 0x007f1326d11000
 GID: 00:00:00:00:00:00:00:00:00:00:255:255:10:01:01:01
 local address: LID 0000 QPN 0x021e PSN 0x78ac5a RKey 0x034506 VAddr 0x007f1326d21000
 GID: 00:00:00:00:00:00:00:00:00:00:255:255:10:01:01:01
 local address: LID 0000 QPN 0x021f PSN 0x117f6 RKey 0x034506 VAddr 0x007f1326d31000
 GID: 00:00:00:00:00:00:00:00:00:00:255:255:10:01:01:01
 local address: LID 0000 QPN 0x0220 PSN 0x8cb540 RKey 0x034506 VAddr 0x007f1326d41000
 GID: 00:00:00:00:00:00:00:00:00:00:255:255:10:01:01:01
 local address: LID 0000 QPN 0x0221 PSN 0xd1e1e4 RKey 0x034506 VAddr 0x007f1326d51000
 GID: 00:00:00:00:00:00:00:00:00:00:255:255:10:01:01:01
 local address: LID 0000 QPN 0x0222 PSN 0xbac6a7 RKey 0x034506 VAddr 0x007f1326d61000
 GID: 00:00:00:00:00:00:00:00:00:00:255:255:10:01:01:01
 local address: LID 0000 QPN 0x0223 PSN 0xfd8d07 RKey 0x034506 VAddr 0x007f1326d71000
 GID: 00:00:00:00:00:00:00:00:00:00:255:255:10:01:01:01
 local address: LID 0000 QPN 0x0224 PSN 0x693fa8 RKey 0x034506 VAddr 0x007f1326d81000
 GID: 00:00:00:00:00:00:00:00:00:00:255:255:10:01:01:01
 local address: LID 0000 QPN 0x0225 PSN 0x608f46 RKey 0x034506 VAddr 0x007f1326d91000
 GID: 00:00:00:00:00:00:00:00:00:00:255:255:10:01:01:01
 local address: LID 0000 QPN 0x0226 PSN 0xa7b492 RKey 0x034506 VAddr 0x007f1326da1000
 GID: 00:00:00:00:00:00:00:00:00:00:255:255:10:01:01:01
 local address: LID 0000 QPN 0x0227 PSN 0x5f893f RKey 0x034506 VAddr 0x007f1326db1000
 GID: 00:00:00:00:00:00:00:00:00:00:255:255:10:01:01:01
 local address: LID 0000 QPN 0x0228 PSN 0x73a18d RKey 0x034506 VAddr 0x007f1326dc1000
 GID: 00:00:00:00:00:00:00:00:00:00:255:255:10:01:01:01
 local address: LID 0000 QPN 0x0229 PSN 0x3fb5e4 RKey 0x034506 VAddr 0x007f1326dd1000
 GID: 00:00:00:00:00:00:00:00:00:00:255:255:10:01:01:01
 local address: LID 0000 QPN 0x022a PSN 0xfdb301 RKey 0x034506 VAddr 0x007f1326de1000
 GID: 00:00:00:00:00:00:00:00:00:00:255:255:10:01:01:01
 local address: LID 0000 QPN 0x022b PSN 0x8e76ce RKey 0x034506 VAddr 0x007f1326df1000
 GID: 00:00:00:00:00:00:00:00:00:00:255:255:10:01:01:01
 local address: LID 0000 QPN 0x022c PSN 0x36a585 RKey 0x034506 VAddr 0x007f1326e01000
 GID: 00:00:00:00:00:00:00:00:00:00:255:255:10:01:01:01
 local address: LID 0000 QPN 0x022d PSN 0x4b6f05 RKey 0x034506 VAddr 0x007f1326e11000
 GID: 00:00:00:00:00:00:00:00:00:00:255:255:10:01:01:01
 local address: LID 0000 QPN 0x022e PSN 0x547829 RKey 0x034506 VAddr 0x007f1326e21000
 GID: 00:00:00:00:00:00:00:00:00:00:255:255:10:01:01:01
 local address: LID 0000 QPN 0x022f PSN 0x5f3076 RKey 0x034506 VAddr 0x007f1326e31000
 GID: 00:00:00:00:00:00:00:00:00:00:255:255:10:01:01:01
 local address: LID 0000 QPN 0x0230 PSN 0x98da09 RKey 0x034506 VAddr 0x007f1326e41000
 GID: 00:00:00:00:00:00:00:00:00:00:255:255:10:01:01:01
 local address: LID 0000 QPN 0x0231 PSN 0xa4e3f6 RKey 0x034506 VAddr 0x007f1326e51000
 GID: 00:00:00:00:00:00:00:00:00:00:255:255:10:01:01:01
 local address: LID 0000 QPN 0x0232 PSN 0xd9e740 RKey 0x034506 VAddr 0x007f1326e61000
 GID: 00:00:00:00:00:00:00:00:00:00:255:255:10:01:01:01
 local address: LID 0000 QPN 0x0233 PSN 0xf6705f RKey 0x034506 VAddr 0x007f1326e71000
 GID: 00:00:00:00:00:00:00:00:00:00:255:255:10:01:01:01
 local address: LID 0000 QPN 0x0234 PSN 0x73975 RKey 0x034506 VAddr 0x007f1326e81000
 GID: 00:00:00:00:00:00:00:00:00:00:255:255:10:01:01:01
 local address: LID 0000 QPN 0x0235 PSN 0xa5a2e7 RKey 0x034506 VAddr 0x007f1326e91000
 GID: 00:00:00:00:00:00:00:00:00:00:255:255:10:01:01:01
 local address: LID 0000 QPN 0x0236 PSN 0x210d4a RKey 0x034506 VAddr 0x007f1326ea1000
 GID: 00:00:00:00:00:00:00:00:00:00:255:255:10:01:01:01
 local address: LID 0000 QPN 0x0237 PSN 0xa72177 RKey 0x034506 VAddr 0x007f1326eb1000
 GID: 00:00:00:00:00:00:00:00:00:00:255:255:10:01:01:01
 local address: LID 0000 QPN 0x0238 PSN 0xfb102c RKey 0x034506 VAddr 0x007f1326ec1000
 GID: 00:00:00:00:00:00:00:00:00:00:255:255:10:01:01:01
 local address: LID 0000 QPN 0x0239 PSN 0xfd2762 RKey 0x034506 VAddr 0x007f1326ed1000
 GID: 00:00:00:00:00:00:00:00:00:00:255:255:10:01:01:01
 local address: LID 0000 QPN 0x023a PSN 0xcad910 RKey 0x034506 VAddr 0x007f1326ee1000
 GID: 00:00:00:00:00:00:00:00:00:00:255:255:10:01:01:01
 local address: LID 0000 QPN 0x023b PSN 0x241d83 RKey 0x034506 VAddr 0x007f1326ef1000
 GID: 00:00:00:00:00:00:00:00:00:00:255:255:10:01:01:01
 local address: LID 0000 QPN 0x023c PSN 0x1ce2d9 RKey 0x034506 VAddr 0x007f1326f01000
 GID: 00:00:00:00:00:00:00:00:00:00:255:255:10:01:01:01
 local address: LID 0000 QPN 0x023d PSN 0x443068 RKey 0x034506 VAddr 0x007f1326f11000
 GID: 00:00:00:00:00:00:00:00:00:00:255:255:10:01:01:01
 local address: LID 0000 QPN 0x023e PSN 0x952030 RKey 0x034506 VAddr 0x007f1326f21000
 GID: 00:00:00:00:00:00:00:00:00:00:255:255:10:01:01:01
 local address: LID 0000 QPN 0x023f PSN 0xb81c7 RKey 0x034506 VAddr 0x007f1326f31000
 GID: 00:00:00:00:00:00:00:00:00:00:255:255:10:01:01:01
 local address: LID 0000 QPN 0x0240 PSN 0x6036d0 RKey 0x034506 VAddr 0x007f1326f41000
 GID: 00:00:00:00:00:00:00:00:00:00:255:255:10:01:01:01
 local address: LID 0000 QPN 0x0241 PSN 0x311e2a RKey 0x034506 VAddr 0x007f1326f51000
 GID: 00:00:00:00:00:00:00:00:00:00:255:255:10:01:01:01
 local address: LID 0000 QPN 0x0242 PSN 0x53a34d RKey 0x034506 VAddr 0x007f1326f61000
 GID: 00:00:00:00:00:00:00:00:00:00:255:255:10:01:01:01
 local address: LID 0000 QPN 0x0243 PSN 0xca644e RKey 0x034506 VAddr 0x007f1326f71000
 GID: 00:00:00:00:00:00:00:00:00:00:255:255:10:01:01:01
 local address: LID 0000 QPN 0x0244 PSN 0x103e92 RKey 0x034506 VAddr 0x007f1326f81000
 GID: 00:00:00:00:00:00:00:00:00:00:255:255:10:01:01:01
 local address: LID 0000 QPN 0x0245 PSN 0xd23161 RKey 0x034506 VAddr 0x007f1326f91000
 GID: 00:00:00:00:00:00:00:00:00:00:255:255:10:01:01:01
 local address: LID 0000 QPN 0x0246 PSN 0x9fe366 RKey 0x034506 VAddr 0x007f1326fa1000
 GID: 00:00:00:00:00:00:00:00:00:00:255:255:10:01:01:01
 local address: LID 0000 QPN 0x0247 PSN 0xba53d7 RKey 0x034506 VAddr 0x007f1326fb1000
 GID: 00:00:00:00:00:00:00:00:00:00:255:255:10:01:01:01
 local address: LID 0000 QPN 0x0248 PSN 0x38c6f RKey 0x034506 VAddr 0x007f1326fc1000
 GID: 00:00:00:00:00:00:00:00:00:00:255:255:10:01:01:01
 local address: LID 0000 QPN 0x0249 PSN 0x66264a RKey 0x034506 VAddr 0x007f1326fd1000
 GID: 00:00:00:00:00:00:00:00:00:00:255:255:10:01:01:01
 local address: LID 0000 QPN 0x024a PSN 0xc7ba45 RKey 0x034506 VAddr 0x007f1326fe1000
 GID: 00:00:00:00:00:00:00:00:00:00:255:255:10:01:01:01
 local address: LID 0000 QPN 0x024b PSN 0xc6ac5c RKey 0x034506 VAddr 0x007f1326ff1000
 GID: 00:00:00:00:00:00:00:00:00:00:255:255:10:01:01:01
 local address: LID 0000 QPN 0x024c PSN 0x2d0d46 RKey 0x034506 VAddr 0x007f1327001000
 GID: 00:00:00:00:00:00:00:00:00:00:255:255:10:01:01:01
 local address: LID 0000 QPN 0x024d PSN 0x394542 RKey 0x034506 VAddr 0x007f1327011000
 GID: 00:00:00:00:00:00:00:00:00:00:255:255:10:01:01:01
 local address: LID 0000 QPN 0x024e PSN 0xcfc80e RKey 0x034506 VAddr 0x007f1327021000
 GID: 00:00:00:00:00:00:00:00:00:00:255:255:10:01:01:01
 local address: LID 0000 QPN 0x024f PSN 0x7e6a40 RKey 0x034506 VAddr 0x007f1327031000
 GID: 00:00:00:00:00:00:00:00:00:00:255:255:10:01:01:01
 local address: LID 0000 QPN 0x0250 PSN 0xa2ad68 RKey 0x034506 VAddr 0x007f1327041000
 GID: 00:00:00:00:00:00:00:00:00:00:255:255:10:01:01:01
 local address: LID 0000 QPN 0x0251 PSN 0xf4a2f9 RKey 0x034506 VAddr 0x007f1327051000
 GID: 00:00:00:00:00:00:00:00:00:00:255:255:10:01:01:01
 local address: LID 0000 QPN 0x0252 PSN 0x5de7f7 RKey 0x034506 VAddr 0x007f1327061000
 GID: 00:00:00:00:00:00:00:00:00:00:255:255:10:01:01:01
 local address: LID 0000 QPN 0x0253 PSN 0xd7c614 RKey 0x034506 VAddr 0x007f1327071000
 GID: 00:00:00:00:00:00:00:00:00:00:255:255:10:01:01:01
 local address: LID 0000 QPN 0x0254 PSN 0x16299b RKey 0x034506 VAddr 0x007f1327081000
 GID: 00:00:00:00:00:00:00:00:00:00:255:255:10:01:01:01
 local address: LID 0000 QPN 0x0255 PSN 0xaeea56 RKey 0x034506 VAddr 0x007f1327091000
 GID: 00:00:00:00:00:00:00:00:00:00:255:255:10:01:01:01
 local address: LID 0000 QPN 0x0256 PSN 0x30fe16 RKey 0x034506 VAddr 0x007f13270a1000
 GID: 00:00:00:00:00:00:00:00:00:00:255:255:10:01:01:01
 local address: LID 0000 QPN 0x0257 PSN 0xb58306 RKey 0x034506 VAddr 0x007f13270b1000
 GID: 00:00:00:00:00:00:00:00:00:00:255:255:10:01:01:01
 local address: LID 0000 QPN 0x0258 PSN 0xc2ae3a RKey 0x034506 VAddr 0x007f13270c1000
 GID: 00:00:00:00:00:00:00:00:00:00:255:255:10:01:01:01
 local address: LID 0000 QPN 0x0259 PSN 0x69a9e7 RKey 0x034506 VAddr 0x007f13270d1000
 GID: 00:00:00:00:00:00:00:00:00:00:255:255:10:01:01:01
 local address: LID 0000 QPN 0x025a PSN 0x8e9055 RKey 0x034506 VAddr 0x007f13270e1000
 GID: 00:00:00:00:00:00:00:00:00:00:255:255:10:01:01:01
 local address: LID 0000 QPN 0x025b PSN 0x1279e6 RKey 0x034506 VAddr 0x007f13270f1000
 GID: 00:00:00:00:00:00:00:00:00:00:255:255:10:01:01:01
 local address: LID 0000 QPN 0x025c PSN 0x1a067a RKey 0x034506 VAddr 0x007f1327101000
 GID: 00:00:00:00:00:00:00:00:00:00:255:255:10:01:01:01
 local address: LID 0000 QPN 0x025d PSN 0x1bbf03 RKey 0x034506 VAddr 0x007f1327111000
 GID: 00:00:00:00:00:00:00:00:00:00:255:255:10:01:01:01
 local address: LID 0000 QPN 0x025e PSN 0xe3bc83 RKey 0x034506 VAddr 0x007f1327121000
 GID: 00:00:00:00:00:00:00:00:00:00:255:255:10:01:01:01
 local address: LID 0000 QPN 0x025f PSN 0x368ad6 RKey 0x034506 VAddr 0x007f1327131000
 GID: 00:00:00:00:00:00:00:00:00:00:255:255:10:01:01:01
 local address: LID 0000 QPN 0x0260 PSN 0x263dc7 RKey 0x034506 VAddr 0x007f1327141000
 GID: 00:00:00:00:00:00:00:00:00:00:255:255:10:01:01:01
 local address: LID 0000 QPN 0x0261 PSN 0x99187f RKey 0x034506 VAddr 0x007f1327151000
 GID: 00:00:00:00:00:00:00:00:00:00:255:255:10:01:01:01
 local address: LID 0000 QPN 0x0262 PSN 0xde3d85 RKey 0x034506 VAddr 0x007f1327161000
 GID: 00:00:00:00:00:00:00:00:00:00:255:255:10:01:01:01
 local address: LID 0000 QPN 0x0263 PSN 0x20bf8e RKey 0x034506 VAddr 0x007f1327171000
 GID: 00:00:00:00:00:00:00:00:00:00:255:255:10:01:01:01
 local address: LID 0000 QPN 0x0264 PSN 0xc0b54d RKey 0x034506 VAddr 0x007f1327181000
 GID: 00:00:00:00:00:00:00:00:00:00:255:255:10:01:01:01
 local address: LID 0000 QPN 0x0265 PSN 0x31ab09 RKey 0x034506 VAddr 0x007f1327191000
 GID: 00:00:00:00:00:00:00:00:00:00:255:255:10:01:01:01
 local address: LID 0000 QPN 0x0266 PSN 0x9b51aa RKey 0x034506 VAddr 0x007f13271a1000
 GID: 00:00:00:00:00:00:00:00:00:00:255:255:10:01:01:01
 local address: LID 0000 QPN 0x0267 PSN 0x50849 RKey 0x034506 VAddr 0x007f13271b1000
 GID: 00:00:00:00:00:00:00:00:00:00:255:255:10:01:01:01
 local address: LID 0000 QPN 0x0268 PSN 0x8dcf92 RKey 0x034506 VAddr 0x007f13271c1000
 GID: 00:00:00:00:00:00:00:00:00:00:255:255:10:01:01:01
 local address: LID 0000 QPN 0x0269 PSN 0x651124 RKey 0x034506 VAddr 0x007f13271d1000
 GID: 00:00:00:00:00:00:00:00:00:00:255:255:10:01:01:01
 local address: LID 0000 QPN 0x026a PSN 0x55741c RKey 0x034506 VAddr 0x007f13271e1000
 GID: 00:00:00:00:00:00:00:00:00:00:255:255:10:01:01:01
 local address: LID 0000 QPN 0x026b PSN 0xf89d50 RKey 0x034506 VAddr 0x007f13271f1000
 GID: 00:00:00:00:00:00:00:00:00:00:255:255:10:01:01:01
 local address: LID 0000 QPN 0x026c PSN 0x3c7440 RKey 0x034506 VAddr 0x007f1327201000
 GID: 00:00:00:00:00:00:00:00:00:00:255:255:10:01:01:01
 local address: LID 0000 QPN 0x026d PSN 0x25f0c0 RKey 0x034506 VAddr 0x007f1327211000
 GID: 00:00:00:00:00:00:00:00:00:00:255:255:10:01:01:01
 local address: LID 0000 QPN 0x026e PSN 0x56fb71 RKey 0x034506 VAddr 0x007f1327221000
 GID: 00:00:00:00:00:00:00:00:00:00:255:255:10:01:01:01
 local address: LID 0000 QPN 0x026f PSN 0x4eaf21 RKey 0x034506 VAddr 0x007f1327231000
 GID: 00:00:00:00:00:00:00:00:00:00:255:255:10:01:01:01
 local address: LID 0000 QPN 0x0270 PSN 0xface01 RKey 0x034506 VAddr 0x007f1327241000
 GID: 00:00:00:00:00:00:00:00:00:00:255:255:10:01:01:01
 local address: LID 0000 QPN 0x0271 PSN 0x7fe075 RKey 0x034506 VAddr 0x007f1327251000
 GID: 00:00:00:00:00:00:00:00:00:00:255:255:10:01:01:01
 local address: LID 0000 QPN 0x0272 PSN 0x6cf61 RKey 0x034506 VAddr 0x007f1327261000
 GID: 00:00:00:00:00:00:00:00:00:00:255:255:10:01:01:01
 local address: LID 0000 QPN 0x0273 PSN 0x57af3c RKey 0x034506 VAddr 0x007f1327271000
 GID: 00:00:00:00:00:00:00:00:00:00:255:255:10:01:01:01
 local address: LID 0000 QPN 0x0274 PSN 0x85c483 RKey 0x034506 VAddr 0x007f1327281000
 GID: 00:00:00:00:00:00:00:00:00:00:255:255:10:01:01:01
 local address: LID 0000 QPN 0x0275 PSN 0xa4265c RKey 0x034506 VAddr 0x007f1327291000
 GID: 00:00:00:00:00:00:00:00:00:00:255:255:10:01:01:01
 local address: LID 0000 QPN 0x0276 PSN 0xc58793 RKey 0x034506 VAddr 0x007f13272a1000
 GID: 00:00:00:00:00:00:00:00:00:00:255:255:10:01:01:01
 local address: LID 0000 QPN 0x0277 PSN 0xd01b89 RKey 0x034506 VAddr 0x007f13272b1000
 GID: 00:00:00:00:00:00:00:00:00:00:255:255:10:01:01:01
 local address: LID 0000 QPN 0x0278 PSN 0xced49b RKey 0x034506 VAddr 0x007f13272c1000
 GID: 00:00:00:00:00:00:00:00:00:00:255:255:10:01:01:01
 local address: LID 0000 QPN 0x0279 PSN 0xd4a8a RKey 0x034506 VAddr 0x007f13272d1000
 GID: 00:00:00:00:00:00:00:00:00:00:255:255:10:01:01:01
 local address: LID 0000 QPN 0x027a PSN 0x246590 RKey 0x034506 VAddr 0x007f13272e1000
 GID: 00:00:00:00:00:00:00:00:00:00:255:255:10:01:01:01
 local address: LID 0000 QPN 0x027b PSN 0xf05669 RKey 0x034506 VAddr 0x007f13272f1000
 GID: 00:00:00:00:00:00:00:00:00:00:255:255:10:01:01:01
 local address: LID 0000 QPN 0x027c PSN 0xc0885 RKey 0x034506 VAddr 0x007f1327301000
 GID: 00:00:00:00:00:00:00:00:00:00:255:255:10:01:01:01
 local address: LID 0000 QPN 0x027d PSN 0x2f172a RKey 0x034506 VAddr 0x007f1327311000
 GID: 00:00:00:00:00:00:00:00:00:00:255:255:10:01:01:01
 local address: LID 0000 QPN 0x027e PSN 0xe4bbd9 RKey 0x034506 VAddr 0x007f1327321000
 GID: 00:00:00:00:00:00:00:00:00:00:255:255:10:01:01:01
 local address: LID 0000 QPN 0x027f PSN 0x5db557 RKey 0x034506 VAddr 0x007f1327331000
 GID: 00:00:00:00:00:00:00:00:00:00:255:255:10:01:01:01
 local address: LID 0000 QPN 0x0280 PSN 0x3ff249 RKey 0x034506 VAddr 0x007f1327341000
 GID: 00:00:00:00:00:00:00:00:00:00:255:255:10:01:01:01
 local address: LID 0000 QPN 0x0281 PSN 0xa84036 RKey 0x034506 VAddr 0x007f1327351000
 GID: 00:00:00:00:00:00:00:00:00:00:255:255:10:01:01:01
 local address: LID 0000 QPN 0x0282 PSN 0x457413 RKey 0x034506 VAddr 0x007f1327361000
 GID: 00:00:00:00:00:00:00:00:00:00:255:255:10:01:01:01
 local address: LID 0000 QPN 0x0283 PSN 0xd5903b RKey 0x034506 VAddr 0x007f1327371000
 GID: 00:00:00:00:00:00:00:00:00:00:255:255:10:01:01:01
 local address: LID 0000 QPN 0x0284 PSN 0x3aa3a RKey 0x034506 VAddr 0x007f1327381000
 GID: 00:00:00:00:00:00:00:00:00:00:255:255:10:01:01:01
 local address: LID 0000 QPN 0x0285 PSN 0xc48cd2 RKey 0x034506 VAddr 0x007f1327391000
 GID: 00:00:00:00:00:00:00:00:00:00:255:255:10:01:01:01
 local address: LID 0000 QPN 0x0286 PSN 0x8d8660 RKey 0x034506 VAddr 0x007f13273a1000
 GID: 00:00:00:00:00:00:00:00:00:00:255:255:10:01:01:01
 local address: LID 0000 QPN 0x0287 PSN 0xedbb4b RKey 0x034506 VAddr 0x007f13273b1000
 GID: 00:00:00:00:00:00:00:00:00:00:255:255:10:01:01:01
 local address: LID 0000 QPN 0x0288 PSN 0xbaf399 RKey 0x034506 VAddr 0x007f13273c1000
 GID: 00:00:00:00:00:00:00:00:00:00:255:255:10:01:01:01
 local address: LID 0000 QPN 0x0289 PSN 0xf1fc45 RKey 0x034506 VAddr 0x007f13273d1000
 GID: 00:00:00:00:00:00:00:00:00:00:255:255:10:01:01:01
 local address: LID 0000 QPN 0x028a PSN 0x9d53ca RKey 0x034506 VAddr 0x007f13273e1000
 GID: 00:00:00:00:00:00:00:00:00:00:255:255:10:01:01:01
 local address: LID 0000 QPN 0x028b PSN 0x52759e RKey 0x034506 VAddr 0x007f13273f1000
 GID: 00:00:00:00:00:00:00:00:00:00:255:255:10:01:01:01
 local address: LID 0000 QPN 0x028c PSN 0x7ac956 RKey 0x034506 VAddr 0x007f1327401000
 GID: 00:00:00:00:00:00:00:00:00:00:255:255:10:01:01:01
 local address: LID 0000 QPN 0x028d PSN 0x390094 RKey 0x034506 VAddr 0x007f1327411000
 GID: 00:00:00:00:00:00:00:00:00:00:255:255:10:01:01:01
 local address: LID 0000 QPN 0x028e PSN 0xbdf5d9 RKey 0x034506 VAddr 0x007f1327421000
 GID: 00:00:00:00:00:00:00:00:00:00:255:255:10:01:01:01
 local address: LID 0000 QPN 0x028f PSN 0x20764f RKey 0x034506 VAddr 0x007f1327431000
 GID: 00:00:00:00:00:00:00:00:00:00:255:255:10:01:01:01
 local address: LID 0000 QPN 0x0290 PSN 0xecb4f6 RKey 0x034506 VAddr 0x007f1327441000
 GID: 00:00:00:00:00:00:00:00:00:00:255:255:10:01:01:01
 local address: LID 0000 QPN 0x0291 PSN 0x6f88bd RKey 0x034506 VAddr 0x007f1327451000
 GID: 00:00:00:00:00:00:00:00:00:00:255:255:10:01:01:01
 local address: LID 0000 QPN 0x0292 PSN 0x4b544 RKey 0x034506 VAddr 0x007f1327461000
 GID: 00:00:00:00:00:00:00:00:00:00:255:255:10:01:01:01
 local address: LID 0000 QPN 0x0293 PSN 0xfa624a RKey 0x034506 VAddr 0x007f1327471000
 GID: 00:00:00:00:00:00:00:00:00:00:255:255:10:01:01:01
 local address: LID 0000 QPN 0x0294 PSN 0x7d7190 RKey 0x034506 VAddr 0x007f1327481000
 GID: 00:00:00:00:00:00:00:00:00:00:255:255:10:01:01:01
 local address: LID 0000 QPN 0x0295 PSN 0x60348d RKey 0x034506 VAddr 0x007f1327491000
 GID: 00:00:00:00:00:00:00:00:00:00:255:255:10:01:01:01
 local address: LID 0000 QPN 0x0296 PSN 0x91f9c4 RKey 0x034506 VAddr 0x007f13274a1000
 GID: 00:00:00:00:00:00:00:00:00:00:255:255:10:01:01:01
 local address: LID 0000 QPN 0x0297 PSN 0xe394b6 RKey 0x034506 VAddr 0x007f13274b1000
 GID: 00:00:00:00:00:00:00:00:00:00:255:255:10:01:01:01
 local address: LID 0000 QPN 0x0298 PSN 0x4b7cf1 RKey 0x034506 VAddr 0x007f13274c1000
 GID: 00:00:00:00:00:00:00:00:00:00:255:255:10:01:01:01
 local address: LID 0000 QPN 0x0299 PSN 0x1aac1e RKey 0x034506 VAddr 0x007f13274d1000
 GID: 00:00:00:00:00:00:00:00:00:00:255:255:10:01:01:01
 local address: LID 0000 QPN 0x029a PSN 0xd62503 RKey 0x034506 VAddr 0x007f13274e1000
 GID: 00:00:00:00:00:00:00:00:00:00:255:255:10:01:01:01
 local address: LID 0000 QPN 0x029b PSN 0x5ec3ff RKey 0x034506 VAddr 0x007f13274f1000
 GID: 00:00:00:00:00:00:00:00:00:00:255:255:10:01:01:01
 local address: LID 0000 QPN 0x029c PSN 0xb258df RKey 0x034506 VAddr 0x007f1327501000
 GID: 00:00:00:00:00:00:00:00:00:00:255:255:10:01:01:01
 local address: LID 0000 QPN 0x029d PSN 0xb7b4f1 RKey 0x034506 VAddr 0x007f1327511000
 GID: 00:00:00:00:00:00:00:00:00:00:255:255:10:01:01:01
 local address: LID 0000 QPN 0x029e PSN 0xfbeab4 RKey 0x034506 VAddr 0x007f1327521000
 GID: 00:00:00:00:00:00:00:00:00:00:255:255:10:01:01:01
 local address: LID 0000 QPN 0x029f PSN 0x6dad7e RKey 0x034506 VAddr 0x007f1327531000
 GID: 00:00:00:00:00:00:00:00:00:00:255:255:10:01:01:01
 local address: LID 0000 QPN 0x02a0 PSN 0x195e7b RKey 0x034506 VAddr 0x007f1327541000
 GID: 00:00:00:00:00:00:00:00:00:00:255:255:10:01:01:01
 local address: LID 0000 QPN 0x02a1 PSN 0xab3ea4 RKey 0x034506 VAddr 0x007f1327551000
 GID: 00:00:00:00:00:00:00:00:00:00:255:255:10:01:01:01
 local address: LID 0000 QPN 0x02a2 PSN 0xbed7bc RKey 0x034506 VAddr 0x007f1327561000
 GID: 00:00:00:00:00:00:00:00:00:00:255:255:10:01:01:01
 local address: LID 0000 QPN 0x02a3 PSN 0x7791c8 RKey 0x034506 VAddr 0x007f1327571000
 GID: 00:00:00:00:00:00:00:00:00:00:255:255:10:01:01:01
 local address: LID 0000 QPN 0x02a4 PSN 0xf925bf RKey 0x034506 VAddr 0x007f1327581000
 GID: 00:00:00:00:00:00:00:00:00:00:255:255:10:01:01:01
 local address: LID 0000 QPN 0x02a5 PSN 0xe84150 RKey 0x034506 VAddr 0x007f1327591000
 GID: 00:00:00:00:00:00:00:00:00:00:255:255:10:01:01:01
 local address: LID 0000 QPN 0x02a6 PSN 0x6dda8d RKey 0x034506 VAddr 0x007f13275a1000
 GID: 00:00:00:00:00:00:00:00:00:00:255:255:10:01:01:01
 local address: LID 0000 QPN 0x02a7 PSN 0x6eeb90 RKey 0x034506 VAddr 0x007f13275b1000
 GID: 00:00:00:00:00:00:00:00:00:00:255:255:10:01:01:01
 local address: LID 0000 QPN 0x02a8 PSN 0xf8a327 RKey 0x034506 VAddr 0x007f13275c1000
 GID: 00:00:00:00:00:00:00:00:00:00:255:255:10:01:01:01
 local address: LID 0000 QPN 0x02a9 PSN 0x3de781 RKey 0x034506 VAddr 0x007f13275d1000
 GID: 00:00:00:00:00:00:00:00:00:00:255:255:10:01:01:01
 local address: LID 0000 QPN 0x02aa PSN 0xc4be94 RKey 0x034506 VAddr 0x007f13275e1000
 GID: 00:00:00:00:00:00:00:00:00:00:255:255:10:01:01:01
 local address: LID 0000 QPN 0x02ab PSN 0x6b6b3a RKey 0x034506 VAddr 0x007f13275f1000
 GID: 00:00:00:00:00:00:00:00:00:00:255:255:10:01:01:01
 local address: LID 0000 QPN 0x02ac PSN 0xb33d6d RKey 0x034506 VAddr 0x007f1327601000
 GID: 00:00:00:00:00:00:00:00:00:00:255:255:10:01:01:01
 local address: LID 0000 QPN 0x02ad PSN 0x131dd3 RKey 0x034506 VAddr 0x007f1327611000
 GID: 00:00:00:00:00:00:00:00:00:00:255:255:10:01:01:01
 local address: LID 0000 QPN 0x02ae PSN 0xc4acc8 RKey 0x034506 VAddr 0x007f1327621000
 GID: 00:00:00:00:00:00:00:00:00:00:255:255:10:01:01:01
 local address: LID 0000 QPN 0x02af PSN 0xf3e0fd RKey 0x034506 VAddr 0x007f1327631000
 GID: 00:00:00:00:00:00:00:00:00:00:255:255:10:01:01:01
 local address: LID 0000 QPN 0x02b0 PSN 0x4b3d6c RKey 0x034506 VAddr 0x007f1327641000
 GID: 00:00:00:00:00:00:00:00:00:00:255:255:10:01:01:01
 local address: LID 0000 QPN 0x02b1 PSN 0x9d4225 RKey 0x034506 VAddr 0x007f1327651000
 GID: 00:00:00:00:00:00:00:00:00:00:255:255:10:01:01:01
 local address: LID 0000 QPN 0x02b2 PSN 0xe2e363 RKey 0x034506 VAddr 0x007f1327661000
 GID: 00:00:00:00:00:00:00:00:00:00:255:255:10:01:01:01
 local address: LID 0000 QPN 0x02b3 PSN 0x45fb3 RKey 0x034506 VAddr 0x007f1327671000
 GID: 00:00:00:00:00:00:00:00:00:00:255:255:10:01:01:01
 local address: LID 0000 QPN 0x02b4 PSN 0x801a26 RKey 0x034506 VAddr 0x007f1327681000
 GID: 00:00:00:00:00:00:00:00:00:00:255:255:10:01:01:01
 local address: LID 0000 QPN 0x02b5 PSN 0x804c7d RKey 0x034506 VAddr 0x007f1327691000
 GID: 00:00:00:00:00:00:00:00:00:00:255:255:10:01:01:01
 local address: LID 0000 QPN 0x02b6 PSN 0xe5f6ae RKey 0x034506 VAddr 0x007f13276a1000
 GID: 00:00:00:00:00:00:00:00:00:00:255:255:10:01:01:01
 local address: LID 0000 QPN 0x02b7 PSN 0x178240 RKey 0x034506 VAddr 0x007f13276b1000
 GID: 00:00:00:00:00:00:00:00:00:00:255:255:10:01:01:01
 local address: LID 0000 QPN 0x02b8 PSN 0xb642e1 RKey 0x034506 VAddr 0x007f13276c1000
 GID: 00:00:00:00:00:00:00:00:00:00:255:255:10:01:01:01
 local address: LID 0000 QPN 0x02b9 PSN 0x126b78 RKey 0x034506 VAddr 0x007f13276d1000
 GID: 00:00:00:00:00:00:00:00:00:00:255:255:10:01:01:01
 local address: LID 0000 QPN 0x02ba PSN 0xbd0cf4 RKey 0x034506 VAddr 0x007f13276e1000
 GID: 00:00:00:00:00:00:00:00:00:00:255:255:10:01:01:01
 local address: LID 0000 QPN 0x02bb PSN 0xbe5d9d RKey 0x034506 VAddr 0x007f13276f1000
 GID: 00:00:00:00:00:00:00:00:00:00:255:255:10:01:01:01
 local address: LID 0000 QPN 0x02bc PSN 0x56296c RKey 0x034506 VAddr 0x007f1327701000
 GID: 00:00:00:00:00:00:00:00:00:00:255:255:10:01:01:01
 local address: LID 0000 QPN 0x02bd PSN 0xe2ae6c RKey 0x034506 VAddr 0x007f1327711000
 GID: 00:00:00:00:00:00:00:00:00:00:255:255:10:01:01:01
 local address: LID 0000 QPN 0x02be PSN 0xa1a798 RKey 0x034506 VAddr 0x007f1327721000
 GID: 00:00:00:00:00:00:00:00:00:00:255:255:10:01:01:01
 local address: LID 0000 QPN 0x02bf PSN 0x414980 RKey 0x034506 VAddr 0x007f1327731000
 GID: 00:00:00:00:00:00:00:00:00:00:255:255:10:01:01:01
 local address: LID 0000 QPN 0x02c0 PSN 0x426e7f RKey 0x034506 VAddr 0x007f1327741000
 GID: 00:00:00:00:00:00:00:00:00:00:255:255:10:01:01:01
 local address: LID 0000 QPN 0x02c1 PSN 0x41f71c RKey 0x034506 VAddr 0x007f1327751000
 GID: 00:00:00:00:00:00:00:00:00:00:255:255:10:01:01:01
 local address: LID 0000 QPN 0x02c2 PSN 0xbab43 RKey 0x034506 VAddr 0x007f1327761000
 GID: 00:00:00:00:00:00:00:00:00:00:255:255:10:01:01:01
 local address: LID 0000 QPN 0x02c3 PSN 0xfc49aa RKey 0x034506 VAddr 0x007f1327771000
 GID: 00:00:00:00:00:00:00:00:00:00:255:255:10:01:01:01
 local address: LID 0000 QPN 0x02c4 PSN 0x13240 RKey 0x034506 VAddr 0x007f1327781000
 GID: 00:00:00:00:00:00:00:00:00:00:255:255:10:01:01:01
 local address: LID 0000 QPN 0x02c5 PSN 0x70d16 RKey 0x034506 VAddr 0x007f1327791000
 GID: 00:00:00:00:00:00:00:00:00:00:255:255:10:01:01:01
 local address: LID 0000 QPN 0x02c6 PSN 0x887935 RKey 0x034506 VAddr 0x007f13277a1000
 GID: 00:00:00:00:00:00:00:00:00:00:255:255:10:01:01:01
 local address: LID 0000 QPN 0x02c7 PSN 0x4c81cc RKey 0x034506 VAddr 0x007f13277b1000
 GID: 00:00:00:00:00:00:00:00:00:00:255:255:10:01:01:01
 local address: LID 0000 QPN 0x02c8 PSN 0xb2aae2 RKey 0x034506 VAddr 0x007f13277c1000
 GID: 00:00:00:00:00:00:00:00:00:00:255:255:10:01:01:01
 local address: LID 0000 QPN 0x02c9 PSN 0x3a4cad RKey 0x034506 VAddr 0x007f13277d1000
 GID: 00:00:00:00:00:00:00:00:00:00:255:255:10:01:01:01
 local address: LID 0000 QPN 0x02ca PSN 0x810bbd RKey 0x034506 VAddr 0x007f13277e1000
 GID: 00:00:00:00:00:00:00:00:00:00:255:255:10:01:01:01
 local address: LID 0000 QPN 0x02cb PSN 0x90be17 RKey 0x034506 VAddr 0x007f13277f1000
 GID: 00:00:00:00:00:00:00:00:00:00:255:255:10:01:01:01
 local address: LID 0000 QPN 0x02cc PSN 0x2f4368 RKey 0x034506 VAddr 0x007f1327801000
 GID: 00:00:00:00:00:00:00:00:00:00:255:255:10:01:01:01
 local address: LID 0000 QPN 0x02cd PSN 0x630b8f RKey 0x034506 VAddr 0x007f1327811000
 GID: 00:00:00:00:00:00:00:00:00:00:255:255:10:01:01:01
 local address: LID 0000 QPN 0x02ce PSN 0x8827c4 RKey 0x034506 VAddr 0x007f1327821000
 GID: 00:00:00:00:00:00:00:00:00:00:255:255:10:01:01:01
 local address: LID 0000 QPN 0x02cf PSN 0x95ba5f RKey 0x034506 VAddr 0x007f1327831000
 GID: 00:00:00:00:00:00:00:00:00:00:255:255:10:01:01:01
 local address: LID 0000 QPN 0x02d0 PSN 0xc9a488 RKey 0x034506 VAddr 0x007f1327841000
 GID: 00:00:00:00:00:00:00:00:00:00:255:255:10:01:01:01
 local address: LID 0000 QPN 0x02d1 PSN 0x786d02 RKey 0x034506 VAddr 0x007f1327851000
 GID: 00:00:00:00:00:00:00:00:00:00:255:255:10:01:01:01
 local address: LID 0000 QPN 0x02d2 PSN 0x8d583 RKey 0x034506 VAddr 0x007f1327861000
 GID: 00:00:00:00:00:00:00:00:00:00:255:255:10:01:01:01
 local address: LID 0000 QPN 0x02d3 PSN 0x6771ea RKey 0x034506 VAddr 0x007f1327871000
 GID: 00:00:00:00:00:00:00:00:00:00:255:255:10:01:01:01
 local address: LID 0000 QPN 0x02d4 PSN 0x5529aa RKey 0x034506 VAddr 0x007f1327881000
 GID: 00:00:00:00:00:00:00:00:00:00:255:255:10:01:01:01
 local address: LID 0000 QPN 0x02d5 PSN 0x98ffbf RKey 0x034506 VAddr 0x007f1327891000
 GID: 00:00:00:00:00:00:00:00:00:00:255:255:10:01:01:01
 local address: LID 0000 QPN 0x02d6 PSN 0x3e7255 RKey 0x034506 VAddr 0x007f13278a1000
 GID: 00:00:00:00:00:00:00:00:00:00:255:255:10:01:01:01
 local address: LID 0000 QPN 0x02d7 PSN 0x8b61db RKey 0x034506 VAddr 0x007f13278b1000
 GID: 00:00:00:00:00:00:00:00:00:00:255:255:10:01:01:01
 local address: LID 0000 QPN 0x02d8 PSN 0x57640f RKey 0x034506 VAddr 0x007f13278c1000
 GID: 00:00:00:00:00:00:00:00:00:00:255:255:10:01:01:01
 local address: LID 0000 QPN 0x02d9 PSN 0x481f6b RKey 0x034506 VAddr 0x007f13278d1000
 GID: 00:00:00:00:00:00:00:00:00:00:255:255:10:01:01:01
 local address: LID 0000 QPN 0x02da PSN 0x62cda6 RKey 0x034506 VAddr 0x007f13278e1000
 GID: 00:00:00:00:00:00:00:00:00:00:255:255:10:01:01:01
 local address: LID 0000 QPN 0x02db PSN 0xbc4836 RKey 0x034506 VAddr 0x007f13278f1000
 GID: 00:00:00:00:00:00:00:00:00:00:255:255:10:01:01:01
 local address: LID 0000 QPN 0x02dc PSN 0xd36e0f RKey 0x034506 VAddr 0x007f1327901000
 GID: 00:00:00:00:00:00:00:00:00:00:255:255:10:01:01:01
 local address: LID 0000 QPN 0x02dd PSN 0xa5b3ae RKey 0x034506 VAddr 0x007f1327911000
 GID: 00:00:00:00:00:00:00:00:00:00:255:255:10:01:01:01
 local address: LID 0000 QPN 0x02de PSN 0x13e30b RKey 0x034506 VAddr 0x007f1327921000
 GID: 00:00:00:00:00:00:00:00:00:00:255:255:10:01:01:01
 local address: LID 0000 QPN 0x02df PSN 0xfe898f RKey 0x034506 VAddr 0x007f1327931000
 GID: 00:00:00:00:00:00:00:00:00:00:255:255:10:01:01:01
 local address: LID 0000 QPN 0x02e0 PSN 0x7f07b RKey 0x034506 VAddr 0x007f1327941000
 GID: 00:00:00:00:00:00:00:00:00:00:255:255:10:01:01:01
 local address: LID 0000 QPN 0x02e1 PSN 0x8486f2 RKey 0x034506 VAddr 0x007f1327951000
 GID: 00:00:00:00:00:00:00:00:00:00:255:255:10:01:01:01
 local address: LID 0000 QPN 0x02e2 PSN 0x39e36c RKey 0x034506 VAddr 0x007f1327961000
 GID: 00:00:00:00:00:00:00:00:00:00:255:255:10:01:01:01
 local address: LID 0000 QPN 0x02e3 PSN 0xed0754 RKey 0x034506 VAddr 0x007f1327971000
 GID: 00:00:00:00:00:00:00:00:00:00:255:255:10:01:01:01
 local address: LID 0000 QPN 0x02e4 PSN 0xe4dc21 RKey 0x034506 VAddr 0x007f1327981000
 GID: 00:00:00:00:00:00:00:00:00:00:255:255:10:01:01:01
 local address: LID 0000 QPN 0x02e5 PSN 0xd0eba RKey 0x034506 VAddr 0x007f1327991000
 GID: 00:00:00:00:00:00:00:00:00:00:255:255:10:01:01:01
 local address: LID 0000 QPN 0x02e6 PSN 0x4f5f5c RKey 0x034506 VAddr 0x007f13279a1000
 GID: 00:00:00:00:00:00:00:00:00:00:255:255:10:01:01:01
 local address: LID 0000 QPN 0x02e7 PSN 0x10d0b3 RKey 0x034506 VAddr 0x007f13279b1000
 GID: 00:00:00:00:00:00:00:00:00:00:255:255:10:01:01:01
 local address: LID 0000 QPN 0x02e8 PSN 0xbf96d RKey 0x034506 VAddr 0x007f13279c1000
 GID: 00:00:00:00:00:00:00:00:00:00:255:255:10:01:01:01
 local address: LID 0000 QPN 0x02e9 PSN 0x5e1f9c RKey 0x034506 VAddr 0x007f13279d1000
 GID: 00:00:00:00:00:00:00:00:00:00:255:255:10:01:01:01
 local address: LID 0000 QPN 0x02ea PSN 0xf88489 RKey 0x034506 VAddr 0x007f13279e1000
 GID: 00:00:00:00:00:00:00:00:00:00:255:255:10:01:01:01
 local address: LID 0000 QPN 0x02eb PSN 0x92b829 RKey 0x034506 VAddr 0x007f13279f1000
 GID: 00:00:00:00:00:00:00:00:00:00:255:255:10:01:01:01
 local address: LID 0000 QPN 0x02ec PSN 0xff902c RKey 0x034506 VAddr 0x007f1327a01000
 GID: 00:00:00:00:00:00:00:00:00:00:255:255:10:01:01:01
 local address: LID 0000 QPN 0x02ed PSN 0xfaa6dd RKey 0x034506 VAddr 0x007f1327a11000
 GID: 00:00:00:00:00:00:00:00:00:00:255:255:10:01:01:01
 local address: LID 0000 QPN 0x02ee PSN 0x73804f RKey 0x034506 VAddr 0x007f1327a21000
 GID: 00:00:00:00:00:00:00:00:00:00:255:255:10:01:01:01
 local address: LID 0000 QPN 0x02ef PSN 0x3c77a9 RKey 0x034506 VAddr 0x007f1327a31000
 GID: 00:00:00:00:00:00:00:00:00:00:255:255:10:01:01:01
 local address: LID 0000 QPN 0x02f0 PSN 0xd4896c RKey 0x034506 VAddr 0x007f1327a41000
 GID: 00:00:00:00:00:00:00:00:00:00:255:255:10:01:01:01
 local address: LID 0000 QPN 0x02f1 PSN 0x6b23a7 RKey 0x034506 VAddr 0x007f1327a51000
 GID: 00:00:00:00:00:00:00:00:00:00:255:255:10:01:01:01
 local address: LID 0000 QPN 0x02f2 PSN 0xbb3967 RKey 0x034506 VAddr 0x007f1327a61000
 GID: 00:00:00:00:00:00:00:00:00:00:255:255:10:01:01:01
 local address: LID 0000 QPN 0x02f3 PSN 0x2fad65 RKey 0x034506 VAddr 0x007f1327a71000
 GID: 00:00:00:00:00:00:00:00:00:00:255:255:10:01:01:01
 local address: LID 0000 QPN 0x02f4 PSN 0x718d80 RKey 0x034506 VAddr 0x007f1327a81000
 GID: 00:00:00:00:00:00:00:00:00:00:255:255:10:01:01:01
 local address: LID 0000 QPN 0x02f5 PSN 0xeb39e9 RKey 0x034506 VAddr 0x007f1327a91000
 GID: 00:00:00:00:00:00:00:00:00:00:255:255:10:01:01:01
 local address: LID 0000 QPN 0x02f6 PSN 0x56b2bc RKey 0x034506 VAddr 0x007f1327aa1000
 GID: 00:00:00:00:00:00:00:00:00:00:255:255:10:01:01:01
 local address: LID 0000 QPN 0x02f7 PSN 0x939b3b RKey 0x034506 VAddr 0x007f1327ab1000
 GID: 00:00:00:00:00:00:00:00:00:00:255:255:10:01:01:01
 local address: LID 0000 QPN 0x02f8 PSN 0x3ac020 RKey 0x034506 VAddr 0x007f1327ac1000
 GID: 00:00:00:00:00:00:00:00:00:00:255:255:10:01:01:01
 local address: LID 0000 QPN 0x02f9 PSN 0xe758cb RKey 0x034506 VAddr 0x007f1327ad1000
 GID: 00:00:00:00:00:00:00:00:00:00:255:255:10:01:01:01
 local address: LID 0000 QPN 0x02fa PSN 0xe2895e RKey 0x034506 VAddr 0x007f1327ae1000
 GID: 00:00:00:00:00:00:00:00:00:00:255:255:10:01:01:01
 local address: LID 0000 QPN 0x02fb PSN 0x5f32bf RKey 0x034506 VAddr 0x007f1327af1000
 GID: 00:00:00:00:00:00:00:00:00:00:255:255:10:01:01:01
 local address: LID 0000 QPN 0x02fc PSN 0x21dcac RKey 0x034506 VAddr 0x007f1327b01000
 GID: 00:00:00:00:00:00:00:00:00:00:255:255:10:01:01:01
 local address: LID 0000 QPN 0x02fd PSN 0x140ecd RKey 0x034506 VAddr 0x007f1327b11000
 GID: 00:00:00:00:00:00:00:00:00:00:255:255:10:01:01:01
 local address: LID 0000 QPN 0x02fe PSN 0x871f8f RKey 0x034506 VAddr 0x007f1327b21000
 GID: 00:00:00:00:00:00:00:00:00:00:255:255:10:01:01:01
 local address: LID 0000 QPN 0x02ff PSN 0xf397e1 RKey 0x034506 VAddr 0x007f1327b31000
 GID: 00:00:00:00:00:00:00:00:00:00:255:255:10:01:01:01
 local address: LID 0000 QPN 0x0300 PSN 0x8c9491 RKey 0x034506 VAddr 0x007f1327b41000
 GID: 00:00:00:00:00:00:00:00:00:00:255:255:10:01:01:01
 local address: LID 0000 QPN 0x0301 PSN 0xa8457b RKey 0x034506 VAddr 0x007f1327b51000
 GID: 00:00:00:00:00:00:00:00:00:00:255:255:10:01:01:01
 local address: LID 0000 QPN 0x0302 PSN 0xe526fb RKey 0x034506 VAddr 0x007f1327b61000
 GID: 00:00:00:00:00:00:00:00:00:00:255:255:10:01:01:01
 local address: LID 0000 QPN 0x0303 PSN 0x13e43b RKey 0x034506 VAddr 0x007f1327b71000
 GID: 00:00:00:00:00:00:00:00:00:00:255:255:10:01:01:01
 local address: LID 0000 QPN 0x0304 PSN 0x7f31c4 RKey 0x034506 VAddr 0x007f1327b81000
 GID: 00:00:00:00:00:00:00:00:00:00:255:255:10:01:01:01
 local address: LID 0000 QPN 0x0305 PSN 0x5d3ecf RKey 0x034506 VAddr 0x007f1327b91000
 GID: 00:00:00:00:00:00:00:00:00:00:255:255:10:01:01:01
 local address: LID 0000 QPN 0x0306 PSN 0xab5c05 RKey 0x034506 VAddr 0x007f1327ba1000
 GID: 00:00:00:00:00:00:00:00:00:00:255:255:10:01:01:01
 local address: LID 0000 QPN 0x0307 PSN 0x8994fa RKey 0x034506 VAddr 0x007f1327bb1000
 GID: 00:00:00:00:00:00:00:00:00:00:255:255:10:01:01:01
 local address: LID 0000 QPN 0x0308 PSN 0x179f6c RKey 0x034506 VAddr 0x007f1327bc1000
 GID: 00:00:00:00:00:00:00:00:00:00:255:255:10:01:01:01
 local address: LID 0000 QPN 0x0309 PSN 0xeace23 RKey 0x034506 VAddr 0x007f1327bd1000
 GID: 00:00:00:00:00:00:00:00:00:00:255:255:10:01:01:01
 local address: LID 0000 QPN 0x030a PSN 0x23643d RKey 0x034506 VAddr 0x007f1327be1000
 GID: 00:00:00:00:00:00:00:00:00:00:255:255:10:01:01:01
 local address: LID 0000 QPN 0x030b PSN 0x11ad66 RKey 0x034506 VAddr 0x007f1327bf1000
 GID: 00:00:00:00:00:00:00:00:00:00:255:255:10:01:01:01
 local address: LID 0000 QPN 0x030c PSN 0xc51a9c RKey 0x034506 VAddr 0x007f1327c01000
 GID: 00:00:00:00:00:00:00:00:00:00:255:255:10:01:01:01
 local address: LID 0000 QPN 0x030d PSN 0x63e6d1 RKey 0x034506 VAddr 0x007f1327c11000
 GID: 00:00:00:00:00:00:00:00:00:00:255:255:10:01:01:01
 local address: LID 0000 QPN 0x030e PSN 0xb0e1ed RKey 0x034506 VAddr 0x007f1327c21000
 GID: 00:00:00:00:00:00:00:00:00:00:255:255:10:01:01:01
 local address: LID 0000 QPN 0x030f PSN 0xa5380f RKey 0x034506 VAddr 0x007f1327c31000
 GID: 00:00:00:00:00:00:00:00:00:00:255:255:10:01:01:01
 local address: LID 0000 QPN 0x0310 PSN 0xeaed3e RKey 0x034506 VAddr 0x007f1327c41000
 GID: 00:00:00:00:00:00:00:00:00:00:255:255:10:01:01:01
 local address: LID 0000 QPN 0x0311 PSN 0xbf3a69 RKey 0x034506 VAddr 0x007f1327c51000
 GID: 00:00:00:00:00:00:00:00:00:00:255:255:10:01:01:01
 local address: LID 0000 QPN 0x0312 PSN 0x9ceed3 RKey 0x034506 VAddr 0x007f1327c61000
 GID: 00:00:00:00:00:00:00:00:00:00:255:255:10:01:01:01
 local address: LID 0000 QPN 0x0313 PSN 0x707096 RKey 0x034506 VAddr 0x007f1327c71000
 GID: 00:00:00:00:00:00:00:00:00:00:255:255:10:01:01:01
 local address: LID 0000 QPN 0x0314 PSN 0xe0b50b RKey 0x034506 VAddr 0x007f1327c81000
 GID: 00:00:00:00:00:00:00:00:00:00:255:255:10:01:01:01
 local address: LID 0000 QPN 0x0315 PSN 0x99408e RKey 0x034506 VAddr 0x007f1327c91000
 GID: 00:00:00:00:00:00:00:00:00:00:255:255:10:01:01:01
 local address: LID 0000 QPN 0x0316 PSN 0xb94fe8 RKey 0x034506 VAddr 0x007f1327ca1000
 GID: 00:00:00:00:00:00:00:00:00:00:255:255:10:01:01:01
 remote address: LID 0000 QPN 0x0218 PSN 0x24b014 RKey 0x034506 VAddr 0x007f975af03000
 GID: 00:00:00:00:00:00:00:00:00:00:255:255:10:01:01:02
 remote address: LID 0000 QPN 0x0219 PSN 0x85a6e RKey 0x034506 VAddr 0x007f975af13000
 GID: 00:00:00:00:00:00:00:00:00:00:255:255:10:01:01:02
 remote address: LID 0000 QPN 0x021a PSN 0xa6d620 RKey 0x034506 VAddr 0x007f975af23000
 GID: 00:00:00:00:00:00:00:00:00:00:255:255:10:01:01:02
 remote address: LID 0000 QPN 0x021b PSN 0x108aef RKey 0x034506 VAddr 0x007f975af33000
 GID: 00:00:00:00:00:00:00:00:00:00:255:255:10:01:01:02
 remote address: LID 0000 QPN 0x021c PSN 0xa397d6 RKey 0x034506 VAddr 0x007f975af43000
 GID: 00:00:00:00:00:00:00:00:00:00:255:255:10:01:01:02
 remote address: LID 0000 QPN 0x021d PSN 0xf23f80 RKey 0x034506 VAddr 0x007f975af53000
 GID: 00:00:00:00:00:00:00:00:00:00:255:255:10:01:01:02
 remote address: LID 0000 QPN 0x021e PSN 0x1bcadf RKey 0x034506 VAddr 0x007f975af63000
 GID: 00:00:00:00:00:00:00:00:00:00:255:255:10:01:01:02
 remote address: LID 0000 QPN 0x021f PSN 0x72f6ec RKey 0x034506 VAddr 0x007f975af73000
 GID: 00:00:00:00:00:00:00:00:00:00:255:255:10:01:01:02
 remote address: LID 0000 QPN 0x0220 PSN 0x2a0420 RKey 0x034506 VAddr 0x007f975af83000
 GID: 00:00:00:00:00:00:00:00:00:00:255:255:10:01:01:02
 remote address: LID 0000 QPN 0x0221 PSN 0xdeff22 RKey 0x034506 VAddr 0x007f975af93000
 GID: 00:00:00:00:00:00:00:00:00:00:255:255:10:01:01:02
 remote address: LID 0000 QPN 0x0222 PSN 0x94631e RKey 0x034506 VAddr 0x007f975afa3000
 GID: 00:00:00:00:00:00:00:00:00:00:255:255:10:01:01:02
 remote address: LID 0000 QPN 0x0223 PSN 0x1de859 RKey 0x034506 VAddr 0x007f975afb3000
 GID: 00:00:00:00:00:00:00:00:00:00:255:255:10:01:01:02
 remote address: LID 0000 QPN 0x0224 PSN 0x90d1d1 RKey 0x034506 VAddr 0x007f975afc3000
 GID: 00:00:00:00:00:00:00:00:00:00:255:255:10:01:01:02
 remote address: LID 0000 QPN 0x0225 PSN 0x2305aa RKey 0x034506 VAddr 0x007f975afd3000
 GID: 00:00:00:00:00:00:00:00:00:00:255:255:10:01:01:02
 remote address: LID 0000 QPN 0x0226 PSN 0x37aa20 RKey 0x034506 VAddr 0x007f975afe3000
 GID: 00:00:00:00:00:00:00:00:00:00:255:255:10:01:01:02
 remote address: LID 0000 QPN 0x0227 PSN 0x55ff64 RKey 0x034506 VAddr 0x007f975aff3000
 GID: 00:00:00:00:00:00:00:00:00:00:255:255:10:01:01:02
 remote address: LID 0000 QPN 0x0228 PSN 0x6610a9 RKey 0x034506 VAddr 0x007f975b003000
 GID: 00:00:00:00:00:00:00:00:00:00:255:255:10:01:01:02
 remote address: LID 0000 QPN 0x0229 PSN 0x9c85af RKey 0x034506 VAddr 0x007f975b013000
 GID: 00:00:00:00:00:00:00:00:00:00:255:255:10:01:01:02
 remote address: LID 0000 QPN 0x022a PSN 0xf7645e RKey 0x034506 VAddr 0x007f975b023000
 GID: 00:00:00:00:00:00:00:00:00:00:255:255:10:01:01:02
 remote address: LID 0000 QPN 0x022b PSN 0x6c98f3 RKey 0x034506 VAddr 0x007f975b033000
 GID: 00:00:00:00:00:00:00:00:00:00:255:255:10:01:01:02
 remote address: LID 0000 QPN 0x022c PSN 0x75cad8 RKey 0x034506 VAddr 0x007f975b043000
 GID: 00:00:00:00:00:00:00:00:00:00:255:255:10:01:01:02
 remote address: LID 0000 QPN 0x022d PSN 0x6e69c7 RKey 0x034506 VAddr 0x007f975b053000
 GID: 00:00:00:00:00:00:00:00:00:00:255:255:10:01:01:02
 remote address: LID 0000 QPN 0x022e PSN 0x354b1f RKey 0x034506 VAddr 0x007f975b063000
 GID: 00:00:00:00:00:00:00:00:00:00:255:255:10:01:01:02
 remote address: LID 0000 QPN 0x022f PSN 0x9e8b3b RKey 0x034506 VAddr 0x007f975b073000
 GID: 00:00:00:00:00:00:00:00:00:00:255:255:10:01:01:02
 remote address: LID 0000 QPN 0x0230 PSN 0xa37b20 RKey 0x034506 VAddr 0x007f975b083000
 GID: 00:00:00:00:00:00:00:00:00:00:255:255:10:01:01:02
 remote address: LID 0000 QPN 0x0231 PSN 0x79606b RKey 0x034506 VAddr 0x007f975b093000
 GID: 00:00:00:00:00:00:00:00:00:00:255:255:10:01:01:02
 remote address: LID 0000 QPN 0x0232 PSN 0x5227b0 RKey 0x034506 VAddr 0x007f975b0a3000
 GID: 00:00:00:00:00:00:00:00:00:00:255:255:10:01:01:02
 remote address: LID 0000 QPN 0x0233 PSN 0xf0d972 RKey 0x034506 VAddr 0x007f975b0b3000
 GID: 00:00:00:00:00:00:00:00:00:00:255:255:10:01:01:02
 remote address: LID 0000 QPN 0x0234 PSN 0x6c7ba9 RKey 0x034506 VAddr 0x007f975b0c3000
 GID: 00:00:00:00:00:00:00:00:00:00:255:255:10:01:01:02
 remote address: LID 0000 QPN 0x0235 PSN 0xa683f7 RKey 0x034506 VAddr 0x007f975b0d3000
 GID: 00:00:00:00:00:00:00:00:00:00:255:255:10:01:01:02
 remote address: LID 0000 QPN 0x0236 PSN 0x412841 RKey 0x034506 VAddr 0x007f975b0e3000
 GID: 00:00:00:00:00:00:00:00:00:00:255:255:10:01:01:02
 remote address: LID 0000 QPN 0x0237 PSN 0x1fb09c RKey 0x034506 VAddr 0x007f975b0f3000
 GID: 00:00:00:00:00:00:00:00:00:00:255:255:10:01:01:02
 remote address: LID 0000 QPN 0x0238 PSN 0x665761 RKey 0x034506 VAddr 0x007f975b103000
 GID: 00:00:00:00:00:00:00:00:00:00:255:255:10:01:01:02
 remote address: LID 0000 QPN 0x0239 PSN 0x8d40ce RKey 0x034506 VAddr 0x007f975b113000
 GID: 00:00:00:00:00:00:00:00:00:00:255:255:10:01:01:02
 remote address: LID 0000 QPN 0x023a PSN 0x45685c RKey 0x034506 VAddr 0x007f975b123000
 GID: 00:00:00:00:00:00:00:00:00:00:255:255:10:01:01:02
 remote address: LID 0000 QPN 0x023b PSN 0x671f82 RKey 0x034506 VAddr 0x007f975b133000
 GID: 00:00:00:00:00:00:00:00:00:00:255:255:10:01:01:02
 remote address: LID 0000 QPN 0x023c PSN 0x10880d RKey 0x034506 VAddr 0x007f975b143000
 GID: 00:00:00:00:00:00:00:00:00:00:255:255:10:01:01:02
 remote address: LID 0000 QPN 0x023d PSN 0xb63b9b RKey 0x034506 VAddr 0x007f975b153000
 GID: 00:00:00:00:00:00:00:00:00:00:255:255:10:01:01:02
 remote address: LID 0000 QPN 0x023e PSN 0x254702 RKey 0x034506 VAddr 0x007f975b163000
 GID: 00:00:00:00:00:00:00:00:00:00:255:255:10:01:01:02
 remote address: LID 0000 QPN 0x023f PSN 0xb21bc2 RKey 0x034506 VAddr 0x007f975b173000
 GID: 00:00:00:00:00:00:00:00:00:00:255:255:10:01:01:02
 remote address: LID 0000 QPN 0x0240 PSN 0xffcaf1 RKey 0x034506 VAddr 0x007f975b183000
 GID: 00:00:00:00:00:00:00:00:00:00:255:255:10:01:01:02
 remote address: LID 0000 QPN 0x0241 PSN 0xd719b2 RKey 0x034506 VAddr 0x007f975b193000
 GID: 00:00:00:00:00:00:00:00:00:00:255:255:10:01:01:02
 remote address: LID 0000 QPN 0x0242 PSN 0xfec464 RKey 0x034506 VAddr 0x007f975b1a3000
 GID: 00:00:00:00:00:00:00:00:00:00:255:255:10:01:01:02
 remote address: LID 0000 QPN 0x0243 PSN 0xb385ff RKey 0x034506 VAddr 0x007f975b1b3000
 GID: 00:00:00:00:00:00:00:00:00:00:255:255:10:01:01:02
 remote address: LID 0000 QPN 0x0244 PSN 0x61d618 RKey 0x034506 VAddr 0x007f975b1c3000
 GID: 00:00:00:00:00:00:00:00:00:00:255:255:10:01:01:02
 remote address: LID 0000 QPN 0x0245 PSN 0xff2d94 RKey 0x034506 VAddr 0x007f975b1d3000
 GID: 00:00:00:00:00:00:00:00:00:00:255:255:10:01:01:02
 remote address: LID 0000 QPN 0x0246 PSN 0x21c13b RKey 0x034506 VAddr 0x007f975b1e3000
 GID: 00:00:00:00:00:00:00:00:00:00:255:255:10:01:01:02
 remote address: LID 0000 QPN 0x0247 PSN 0xb5ff38 RKey 0x034506 VAddr 0x007f975b1f3000
 GID: 00:00:00:00:00:00:00:00:00:00:255:255:10:01:01:02
 remote address: LID 0000 QPN 0x0248 PSN 0xbad841 RKey 0x034506 VAddr 0x007f975b203000
 GID: 00:00:00:00:00:00:00:00:00:00:255:255:10:01:01:02
 remote address: LID 0000 QPN 0x0249 PSN 0xeb2991 RKey 0x034506 VAddr 0x007f975b213000
 GID: 00:00:00:00:00:00:00:00:00:00:255:255:10:01:01:02
 remote address: LID 0000 QPN 0x024a PSN 0x8899c4 RKey 0x034506 VAddr 0x007f975b223000
 GID: 00:00:00:00:00:00:00:00:00:00:255:255:10:01:01:02
 remote address: LID 0000 QPN 0x024b PSN 0xaa8137 RKey 0x034506 VAddr 0x007f975b233000
 GID: 00:00:00:00:00:00:00:00:00:00:255:255:10:01:01:02
 remote address: LID 0000 QPN 0x024c PSN 0x2acd66 RKey 0x034506 VAddr 0x007f975b243000
 GID: 00:00:00:00:00:00:00:00:00:00:255:255:10:01:01:02
 remote address: LID 0000 QPN 0x024d PSN 0xb61a88 RKey 0x034506 VAddr 0x007f975b253000
 GID: 00:00:00:00:00:00:00:00:00:00:255:255:10:01:01:02
 remote address: LID 0000 QPN 0x024e PSN 0x55365c RKey 0x034506 VAddr 0x007f975b263000
 GID: 00:00:00:00:00:00:00:00:00:00:255:255:10:01:01:02
 remote address: LID 0000 QPN 0x024f PSN 0x4acc20 RKey 0x034506 VAddr 0x007f975b273000
 GID: 00:00:00:00:00:00:00:00:00:00:255:255:10:01:01:02
 remote address: LID 0000 QPN 0x0250 PSN 0x1f51ea RKey 0x034506 VAddr 0x007f975b283000
 GID: 00:00:00:00:00:00:00:00:00:00:255:255:10:01:01:02
 remote address: LID 0000 QPN 0x0251 PSN 0x0cca RKey 0x034506 VAddr 0x007f975b293000
 GID: 00:00:00:00:00:00:00:00:00:00:255:255:10:01:01:02
 remote address: LID 0000 QPN 0x0252 PSN 0xc04bb3 RKey 0x034506 VAddr 0x007f975b2a3000
 GID: 00:00:00:00:00:00:00:00:00:00:255:255:10:01:01:02
 remote address: LID 0000 QPN 0x0253 PSN 0x23db29 RKey 0x034506 VAddr 0x007f975b2b3000
 GID: 00:00:00:00:00:00:00:00:00:00:255:255:10:01:01:02
 remote address: LID 0000 QPN 0x0254 PSN 0xb73e5e RKey 0x034506 VAddr 0x007f975b2c3000
 GID: 00:00:00:00:00:00:00:00:00:00:255:255:10:01:01:02
 remote address: LID 0000 QPN 0x0255 PSN 0x86dd1d RKey 0x034506 VAddr 0x007f975b2d3000
 GID: 00:00:00:00:00:00:00:00:00:00:255:255:10:01:01:02
 remote address: LID 0000 QPN 0x0256 PSN 0xca24b0 RKey 0x034506 VAddr 0x007f975b2e3000
 GID: 00:00:00:00:00:00:00:00:00:00:255:255:10:01:01:02
 remote address: LID 0000 QPN 0x0257 PSN 0x2db268 RKey 0x034506 VAddr 0x007f975b2f3000
 GID: 00:00:00:00:00:00:00:00:00:00:255:255:10:01:01:02
 remote address: LID 0000 QPN 0x0258 PSN 0xe7f5f0 RKey 0x034506 VAddr 0x007f975b303000
 GID: 00:00:00:00:00:00:00:00:00:00:255:255:10:01:01:02
 remote address: LID 0000 QPN 0x0259 PSN 0x33d7dc RKey 0x034506 VAddr 0x007f975b313000
 GID: 00:00:00:00:00:00:00:00:00:00:255:255:10:01:01:02
 remote address: LID 0000 QPN 0x025a PSN 0x57efe1 RKey 0x034506 VAddr 0x007f975b323000
 GID: 00:00:00:00:00:00:00:00:00:00:255:255:10:01:01:02
 remote address: LID 0000 QPN 0x025b PSN 0x58f7c7 RKey 0x034506 VAddr 0x007f975b333000
 GID: 00:00:00:00:00:00:00:00:00:00:255:255:10:01:01:02
 remote address: LID 0000 QPN 0x025c PSN 0x48f170 RKey 0x034506 VAddr 0x007f975b343000
 GID: 00:00:00:00:00:00:00:00:00:00:255:255:10:01:01:02
 remote address: LID 0000 QPN 0x025d PSN 0xe8e83c RKey 0x034506 VAddr 0x007f975b353000
 GID: 00:00:00:00:00:00:00:00:00:00:255:255:10:01:01:02
 remote address: LID 0000 QPN 0x025e PSN 0xde2a9d RKey 0x034506 VAddr 0x007f975b363000
 GID: 00:00:00:00:00:00:00:00:00:00:255:255:10:01:01:02
 remote address: LID 0000 QPN 0x025f PSN 0x4fe915 RKey 0x034506 VAddr 0x007f975b373000
 GID: 00:00:00:00:00:00:00:00:00:00:255:255:10:01:01:02
 remote address: LID 0000 QPN 0x0260 PSN 0xe8b100 RKey 0x034506 VAddr 0x007f975b383000
 GID: 00:00:00:00:00:00:00:00:00:00:255:255:10:01:01:02
 remote address: LID 0000 QPN 0x0261 PSN 0x239a9 RKey 0x034506 VAddr 0x007f975b393000
 GID: 00:00:00:00:00:00:00:00:00:00:255:255:10:01:01:02
 remote address: LID 0000 QPN 0x0262 PSN 0xe863b9 RKey 0x034506 VAddr 0x007f975b3a3000
 GID: 00:00:00:00:00:00:00:00:00:00:255:255:10:01:01:02
 remote address: LID 0000 QPN 0x0263 PSN 0xaf6137 RKey 0x034506 VAddr 0x007f975b3b3000
 GID: 00:00:00:00:00:00:00:00:00:00:255:255:10:01:01:02
 remote address: LID 0000 QPN 0x0264 PSN 0x56de58 RKey 0x034506 VAddr 0x007f975b3c3000
 GID: 00:00:00:00:00:00:00:00:00:00:255:255:10:01:01:02
 remote address: LID 0000 QPN 0x0265 PSN 0xad4d4f RKey 0x034506 VAddr 0x007f975b3d3000
 GID: 00:00:00:00:00:00:00:00:00:00:255:255:10:01:01:02
 remote address: LID 0000 QPN 0x0266 PSN 0x582fe3 RKey 0x034506 VAddr 0x007f975b3e3000
 GID: 00:00:00:00:00:00:00:00:00:00:255:255:10:01:01:02
 remote address: LID 0000 QPN 0x0267 PSN 0x55be7c RKey 0x034506 VAddr 0x007f975b3f3000
 GID: 00:00:00:00:00:00:00:00:00:00:255:255:10:01:01:02
 remote address: LID 0000 QPN 0x0268 PSN 0xc209b3 RKey 0x034506 VAddr 0x007f975b403000
 GID: 00:00:00:00:00:00:00:00:00:00:255:255:10:01:01:02
 remote address: LID 0000 QPN 0x0269 PSN 0x4a5b4 RKey 0x034506 VAddr 0x007f975b413000
 GID: 00:00:00:00:00:00:00:00:00:00:255:255:10:01:01:02
 remote address: LID 0000 QPN 0x026a PSN 0xb8c99e RKey 0x034506 VAddr 0x007f975b423000
 GID: 00:00:00:00:00:00:00:00:00:00:255:255:10:01:01:02
 remote address: LID 0000 QPN 0x026b PSN 0x309c0e RKey 0x034506 VAddr 0x007f975b433000
 GID: 00:00:00:00:00:00:00:00:00:00:255:255:10:01:01:02
 remote address: LID 0000 QPN 0x026c PSN 0x440b5a RKey 0x034506 VAddr 0x007f975b443000
 GID: 00:00:00:00:00:00:00:00:00:00:255:255:10:01:01:02
 remote address: LID 0000 QPN 0x026d PSN 0x6f4a82 RKey 0x034506 VAddr 0x007f975b453000
 GID: 00:00:00:00:00:00:00:00:00:00:255:255:10:01:01:02
 remote address: LID 0000 QPN 0x026e PSN 0x2276da RKey 0x034506 VAddr 0x007f975b463000
 GID: 00:00:00:00:00:00:00:00:00:00:255:255:10:01:01:02
 remote address: LID 0000 QPN 0x026f PSN 0x4f7083 RKey 0x034506 VAddr 0x007f975b473000
 GID: 00:00:00:00:00:00:00:00:00:00:255:255:10:01:01:02
 remote address: LID 0000 QPN 0x0270 PSN 0xdeb3cb RKey 0x034506 VAddr 0x007f975b483000
 GID: 00:00:00:00:00:00:00:00:00:00:255:255:10:01:01:02
 remote address: LID 0000 QPN 0x0271 PSN 0x358663 RKey 0x034506 VAddr 0x007f975b493000
 GID: 00:00:00:00:00:00:00:00:00:00:255:255:10:01:01:02
 remote address: LID 0000 QPN 0x0272 PSN 0x806e2f RKey 0x034506 VAddr 0x007f975b4a3000
 GID: 00:00:00:00:00:00:00:00:00:00:255:255:10:01:01:02
 remote address: LID 0000 QPN 0x0273 PSN 0x104393 RKey 0x034506 VAddr 0x007f975b4b3000
 GID: 00:00:00:00:00:00:00:00:00:00:255:255:10:01:01:02
 remote address: LID 0000 QPN 0x0274 PSN 0xdb1486 RKey 0x034506 VAddr 0x007f975b4c3000
 GID: 00:00:00:00:00:00:00:00:00:00:255:255:10:01:01:02
 remote address: LID 0000 QPN 0x0275 PSN 0xb06105 RKey 0x034506 VAddr 0x007f975b4d3000
 GID: 00:00:00:00:00:00:00:00:00:00:255:255:10:01:01:02
 remote address: LID 0000 QPN 0x0276 PSN 0x3d95b6 RKey 0x034506 VAddr 0x007f975b4e3000
 GID: 00:00:00:00:00:00:00:00:00:00:255:255:10:01:01:02
 remote address: LID 0000 QPN 0x0277 PSN 0x1ccce5 RKey 0x034506 VAddr 0x007f975b4f3000
 GID: 00:00:00:00:00:00:00:00:00:00:255:255:10:01:01:02
 remote address: LID 0000 QPN 0x0278 PSN 0xd84b73 RKey 0x034506 VAddr 0x007f975b503000
 GID: 00:00:00:00:00:00:00:00:00:00:255:255:10:01:01:02
 remote address: LID 0000 QPN 0x0279 PSN 0xf773d RKey 0x034506 VAddr 0x007f975b513000
 GID: 00:00:00:00:00:00:00:00:00:00:255:255:10:01:01:02
 remote address: LID 0000 QPN 0x027a PSN 0x81584 RKey 0x034506 VAddr 0x007f975b523000
 GID: 00:00:00:00:00:00:00:00:00:00:255:255:10:01:01:02
 remote address: LID 0000 QPN 0x027b PSN 0xc16e02 RKey 0x034506 VAddr 0x007f975b533000
 GID: 00:00:00:00:00:00:00:00:00:00:255:255:10:01:01:02
 remote address: LID 0000 QPN 0x027c PSN 0x7b5af3 RKey 0x034506 VAddr 0x007f975b543000
 GID: 00:00:00:00:00:00:00:00:00:00:255:255:10:01:01:02
 remote address: LID 0000 QPN 0x027d PSN 0x88f347 RKey 0x034506 VAddr 0x007f975b553000
 GID: 00:00:00:00:00:00:00:00:00:00:255:255:10:01:01:02
 remote address: LID 0000 QPN 0x027e PSN 0x2157c4 RKey 0x034506 VAddr 0x007f975b563000
 GID: 00:00:00:00:00:00:00:00:00:00:255:255:10:01:01:02
 remote address: LID 0000 QPN 0x027f PSN 0xc996b RKey 0x034506 VAddr 0x007f975b573000
 GID: 00:00:00:00:00:00:00:00:00:00:255:255:10:01:01:02
 remote address: LID 0000 QPN 0x0280 PSN 0x3881 RKey 0x034506 VAddr 0x007f975b583000
 GID: 00:00:00:00:00:00:00:00:00:00:255:255:10:01:01:02
 remote address: LID 0000 QPN 0x0281 PSN 0x1872b RKey 0x034506 VAddr 0x007f975b593000
 GID: 00:00:00:00:00:00:00:00:00:00:255:255:10:01:01:02
 remote address: LID 0000 QPN 0x0282 PSN 0x2fb070 RKey 0x034506 VAddr 0x007f975b5a3000
 GID: 00:00:00:00:00:00:00:00:00:00:255:255:10:01:01:02
 remote address: LID 0000 QPN 0x0283 PSN 0x3c58c5 RKey 0x034506 VAddr 0x007f975b5b3000
 GID: 00:00:00:00:00:00:00:00:00:00:255:255:10:01:01:02
 remote address: LID 0000 QPN 0x0284 PSN 0x84dc05 RKey 0x034506 VAddr 0x007f975b5c3000
 GID: 00:00:00:00:00:00:00:00:00:00:255:255:10:01:01:02
 remote address: LID 0000 QPN 0x0285 PSN 0xf66b3c RKey 0x034506 VAddr 0x007f975b5d3000
 GID: 00:00:00:00:00:00:00:00:00:00:255:255:10:01:01:02
 remote address: LID 0000 QPN 0x0286 PSN 0x6086ac RKey 0x034506 VAddr 0x007f975b5e3000
 GID: 00:00:00:00:00:00:00:00:00:00:255:255:10:01:01:02
 remote address: LID 0000 QPN 0x0287 PSN 0x68c432 RKey 0x034506 VAddr 0x007f975b5f3000
 GID: 00:00:00:00:00:00:00:00:00:00:255:255:10:01:01:02
 remote address: LID 0000 QPN 0x0288 PSN 0x69b9b5 RKey 0x034506 VAddr 0x007f975b603000
 GID: 00:00:00:00:00:00:00:00:00:00:255:255:10:01:01:02
 remote address: LID 0000 QPN 0x0289 PSN 0xd182bb RKey 0x034506 VAddr 0x007f975b613000
 GID: 00:00:00:00:00:00:00:00:00:00:255:255:10:01:01:02
 remote address: LID 0000 QPN 0x028a PSN 0x7d79bf RKey 0x034506 VAddr 0x007f975b623000
 GID: 00:00:00:00:00:00:00:00:00:00:255:255:10:01:01:02
 remote address: LID 0000 QPN 0x028b PSN 0x355cbc RKey 0x034506 VAddr 0x007f975b633000
 GID: 00:00:00:00:00:00:00:00:00:00:255:255:10:01:01:02
 remote address: LID 0000 QPN 0x028c PSN 0x2fb0a8 RKey 0x034506 VAddr 0x007f975b643000
 GID: 00:00:00:00:00:00:00:00:00:00:255:255:10:01:01:02
 remote address: LID 0000 QPN 0x028d PSN 0xefe898 RKey 0x034506 VAddr 0x007f975b653000
 GID: 00:00:00:00:00:00:00:00:00:00:255:255:10:01:01:02
 remote address: LID 0000 QPN 0x028e PSN 0x49bae RKey 0x034506 VAddr 0x007f975b663000
 GID: 00:00:00:00:00:00:00:00:00:00:255:255:10:01:01:02
 remote address: LID 0000 QPN 0x028f PSN 0xc05beb RKey 0x034506 VAddr 0x007f975b673000
 GID: 00:00:00:00:00:00:00:00:00:00:255:255:10:01:01:02
 remote address: LID 0000 QPN 0x0290 PSN 0x7217f9 RKey 0x034506 VAddr 0x007f975b683000
 GID: 00:00:00:00:00:00:00:00:00:00:255:255:10:01:01:02
 remote address: LID 0000 QPN 0x0291 PSN 0xa54658 RKey 0x034506 VAddr 0x007f975b693000
 GID: 00:00:00:00:00:00:00:00:00:00:255:255:10:01:01:02
 remote address: LID 0000 QPN 0x0292 PSN 0xfb7b77 RKey 0x034506 VAddr 0x007f975b6a3000
 GID: 00:00:00:00:00:00:00:00:00:00:255:255:10:01:01:02
 remote address: LID 0000 QPN 0x0293 PSN 0x262a76 RKey 0x034506 VAddr 0x007f975b6b3000
 GID: 00:00:00:00:00:00:00:00:00:00:255:255:10:01:01:02
 remote address: LID 0000 QPN 0x0294 PSN 0x9c3494 RKey 0x034506 VAddr 0x007f975b6c3000
 GID: 00:00:00:00:00:00:00:00:00:00:255:255:10:01:01:02
 remote address: LID 0000 QPN 0x0295 PSN 0x8a7712 RKey 0x034506 VAddr 0x007f975b6d3000
 GID: 00:00:00:00:00:00:00:00:00:00:255:255:10:01:01:02
 remote address: LID 0000 QPN 0x0296 PSN 0xb658e7 RKey 0x034506 VAddr 0x007f975b6e3000
 GID: 00:00:00:00:00:00:00:00:00:00:255:255:10:01:01:02
 remote address: LID 0000 QPN 0x0297 PSN 0xe05016 RKey 0x034506 VAddr 0x007f975b6f3000
 GID: 00:00:00:00:00:00:00:00:00:00:255:255:10:01:01:02
 remote address: LID 0000 QPN 0x0298 PSN 0x6401a0 RKey 0x034506 VAddr 0x007f975b703000
 GID: 00:00:00:00:00:00:00:00:00:00:255:255:10:01:01:02
 remote address: LID 0000 QPN 0x0299 PSN 0x8c1893 RKey 0x034506 VAddr 0x007f975b713000
 GID: 00:00:00:00:00:00:00:00:00:00:255:255:10:01:01:02
 remote address: LID 0000 QPN 0x029a PSN 0xc87c18 RKey 0x034506 VAddr 0x007f975b723000
 GID: 00:00:00:00:00:00:00:00:00:00:255:255:10:01:01:02
 remote address: LID 0000 QPN 0x029b PSN 0x2a4e75 RKey 0x034506 VAddr 0x007f975b733000
 GID: 00:00:00:00:00:00:00:00:00:00:255:255:10:01:01:02
 remote address: LID 0000 QPN 0x029c PSN 0x88d589 RKey 0x034506 VAddr 0x007f975b743000
 GID: 00:00:00:00:00:00:00:00:00:00:255:255:10:01:01:02
 remote address: LID 0000 QPN 0x029d PSN 0x95cca1 RKey 0x034506 VAddr 0x007f975b753000
 GID: 00:00:00:00:00:00:00:00:00:00:255:255:10:01:01:02
 remote address: LID 0000 QPN 0x029e PSN 0x684a8b RKey 0x034506 VAddr 0x007f975b763000
 GID: 00:00:00:00:00:00:00:00:00:00:255:255:10:01:01:02
 remote address: LID 0000 QPN 0x029f PSN 0x8bf946 RKey 0x034506 VAddr 0x007f975b773000
 GID: 00:00:00:00:00:00:00:00:00:00:255:255:10:01:01:02
 remote address: LID 0000 QPN 0x02a0 PSN 0x730da8 RKey 0x034506 VAddr 0x007f975b783000
 GID: 00:00:00:00:00:00:00:00:00:00:255:255:10:01:01:02
 remote address: LID 0000 QPN 0x02a1 PSN 0x810c5d RKey 0x034506 VAddr 0x007f975b793000
 GID: 00:00:00:00:00:00:00:00:00:00:255:255:10:01:01:02
 remote address: LID 0000 QPN 0x02a2 PSN 0x6153de RKey 0x034506 VAddr 0x007f975b7a3000
 GID: 00:00:00:00:00:00:00:00:00:00:255:255:10:01:01:02
 remote address: LID 0000 QPN 0x02a3 PSN 0xcffd6e RKey 0x034506 VAddr 0x007f975b7b3000
 GID: 00:00:00:00:00:00:00:00:00:00:255:255:10:01:01:02
 remote address: LID 0000 QPN 0x02a4 PSN 0xba8a92 RKey 0x034506 VAddr 0x007f975b7c3000
 GID: 00:00:00:00:00:00:00:00:00:00:255:255:10:01:01:02
 remote address: LID 0000 QPN 0x02a5 PSN 0x3a8fc1 RKey 0x034506 VAddr 0x007f975b7d3000
 GID: 00:00:00:00:00:00:00:00:00:00:255:255:10:01:01:02
 remote address: LID 0000 QPN 0x02a6 PSN 0xd8302a RKey 0x034506 VAddr 0x007f975b7e3000
 GID: 00:00:00:00:00:00:00:00:00:00:255:255:10:01:01:02
 remote address: LID 0000 QPN 0x02a7 PSN 0x26695f RKey 0x034506 VAddr 0x007f975b7f3000
 GID: 00:00:00:00:00:00:00:00:00:00:255:255:10:01:01:02
 remote address: LID 0000 QPN 0x02a8 PSN 0xec66fa RKey 0x034506 VAddr 0x007f975b803000
 GID: 00:00:00:00:00:00:00:00:00:00:255:255:10:01:01:02
 remote address: LID 0000 QPN 0x02a9 PSN 0xff6b49 RKey 0x034506 VAddr 0x007f975b813000
 GID: 00:00:00:00:00:00:00:00:00:00:255:255:10:01:01:02
 remote address: LID 0000 QPN 0x02aa PSN 0x47a9fb RKey 0x034506 VAddr 0x007f975b823000
 GID: 00:00:00:00:00:00:00:00:00:00:255:255:10:01:01:02
 remote address: LID 0000 QPN 0x02ab PSN 0x1e2886 RKey 0x034506 VAddr 0x007f975b833000
 GID: 00:00:00:00:00:00:00:00:00:00:255:255:10:01:01:02
 remote address: LID 0000 QPN 0x02ac PSN 0xc4f344 RKey 0x034506 VAddr 0x007f975b843000
 GID: 00:00:00:00:00:00:00:00:00:00:255:255:10:01:01:02
 remote address: LID 0000 QPN 0x02ad PSN 0x4325af RKey 0x034506 VAddr 0x007f975b853000
 GID: 00:00:00:00:00:00:00:00:00:00:255:255:10:01:01:02
 remote address: LID 0000 QPN 0x02ae PSN 0xdc4ded RKey 0x034506 VAddr 0x007f975b863000
 GID: 00:00:00:00:00:00:00:00:00:00:255:255:10:01:01:02
 remote address: LID 0000 QPN 0x02af PSN 0x9d83da RKey 0x034506 VAddr 0x007f975b873000
 GID: 00:00:00:00:00:00:00:00:00:00:255:255:10:01:01:02
 remote address: LID 0000 QPN 0x02b0 PSN 0x199fa7 RKey 0x034506 VAddr 0x007f975b883000
 GID: 00:00:00:00:00:00:00:00:00:00:255:255:10:01:01:02
 remote address: LID 0000 QPN 0x02b1 PSN 0x6227ce RKey 0x034506 VAddr 0x007f975b893000
 GID: 00:00:00:00:00:00:00:00:00:00:255:255:10:01:01:02
 remote address: LID 0000 QPN 0x02b2 PSN 0x4b19df RKey 0x034506 VAddr 0x007f975b8a3000
 GID: 00:00:00:00:00:00:00:00:00:00:255:255:10:01:01:02
 remote address: LID 0000 QPN 0x02b3 PSN 0x30d995 RKey 0x034506 VAddr 0x007f975b8b3000
 GID: 00:00:00:00:00:00:00:00:00:00:255:255:10:01:01:02
 remote address: LID 0000 QPN 0x02b4 PSN 0x7f1efd RKey 0x034506 VAddr 0x007f975b8c3000
 GID: 00:00:00:00:00:00:00:00:00:00:255:255:10:01:01:02
 remote address: LID 0000 QPN 0x02b5 PSN 0xd808a8 RKey 0x034506 VAddr 0x007f975b8d3000
 GID: 00:00:00:00:00:00:00:00:00:00:255:255:10:01:01:02
 remote address: LID 0000 QPN 0x02b6 PSN 0x11a5d7 RKey 0x034506 VAddr 0x007f975b8e3000
 GID: 00:00:00:00:00:00:00:00:00:00:255:255:10:01:01:02
 remote address: LID 0000 QPN 0x02b7 PSN 0x7de00 RKey 0x034506 VAddr 0x007f975b8f3000
 GID: 00:00:00:00:00:00:00:00:00:00:255:255:10:01:01:02
 remote address: LID 0000 QPN 0x02b8 PSN 0xf2ac2a RKey 0x034506 VAddr 0x007f975b903000
 GID: 00:00:00:00:00:00:00:00:00:00:255:255:10:01:01:02
 remote address: LID 0000 QPN 0x02b9 PSN 0x675783 RKey 0x034506 VAddr 0x007f975b913000
 GID: 00:00:00:00:00:00:00:00:00:00:255:255:10:01:01:02
 remote address: LID 0000 QPN 0x02ba PSN 0x59c072 RKey 0x034506 VAddr 0x007f975b923000
 GID: 00:00:00:00:00:00:00:00:00:00:255:255:10:01:01:02
 remote address: LID 0000 QPN 0x02bb PSN 0xecd766 RKey 0x034506 VAddr 0x007f975b933000
 GID: 00:00:00:00:00:00:00:00:00:00:255:255:10:01:01:02
 remote address: LID 0000 QPN 0x02bc PSN 0x11fc27 RKey 0x034506 VAddr 0x007f975b943000
 GID: 00:00:00:00:00:00:00:00:00:00:255:255:10:01:01:02
 remote address: LID 0000 QPN 0x02bd PSN 0x98a62e RKey 0x034506 VAddr 0x007f975b953000
 GID: 00:00:00:00:00:00:00:00:00:00:255:255:10:01:01:02
 remote address: LID 0000 QPN 0x02be PSN 0x201906 RKey 0x034506 VAddr 0x007f975b963000
 GID: 00:00:00:00:00:00:00:00:00:00:255:255:10:01:01:02
 remote address: LID 0000 QPN 0x02bf PSN 0x86672a RKey 0x034506 VAddr 0x007f975b973000
 GID: 00:00:00:00:00:00:00:00:00:00:255:255:10:01:01:02
 remote address: LID 0000 QPN 0x02c0 PSN 0x5c06aa RKey 0x034506 VAddr 0x007f975b983000
 GID: 00:00:00:00:00:00:00:00:00:00:255:255:10:01:01:02
 remote address: LID 0000 QPN 0x02c1 PSN 0x50b561 RKey 0x034506 VAddr 0x007f975b993000
 GID: 00:00:00:00:00:00:00:00:00:00:255:255:10:01:01:02
 remote address: LID 0000 QPN 0x02c2 PSN 0x5d3156 RKey 0x034506 VAddr 0x007f975b9a3000
 GID: 00:00:00:00:00:00:00:00:00:00:255:255:10:01:01:02
 remote address: LID 0000 QPN 0x02c3 PSN 0x6b91f5 RKey 0x034506 VAddr 0x007f975b9b3000
 GID: 00:00:00:00:00:00:00:00:00:00:255:255:10:01:01:02
 remote address: LID 0000 QPN 0x02c4 PSN 0x2d6f74 RKey 0x034506 VAddr 0x007f975b9c3000
 GID: 00:00:00:00:00:00:00:00:00:00:255:255:10:01:01:02
 remote address: LID 0000 QPN 0x02c5 PSN 0x19c542 RKey 0x034506 VAddr 0x007f975b9d3000
 GID: 00:00:00:00:00:00:00:00:00:00:255:255:10:01:01:02
 remote address: LID 0000 QPN 0x02c6 PSN 0x6970f0 RKey 0x034506 VAddr 0x007f975b9e3000
 GID: 00:00:00:00:00:00:00:00:00:00:255:255:10:01:01:02
 remote address: LID 0000 QPN 0x02c7 PSN 0x1ad907 RKey 0x034506 VAddr 0x007f975b9f3000
 GID: 00:00:00:00:00:00:00:00:00:00:255:255:10:01:01:02
 remote address: LID 0000 QPN 0x02c8 PSN 0x4dfa36 RKey 0x034506 VAddr 0x007f975ba03000
 GID: 00:00:00:00:00:00:00:00:00:00:255:255:10:01:01:02
 remote address: LID 0000 QPN 0x02c9 PSN 0x3a2c04 RKey 0x034506 VAddr 0x007f975ba13000
 GID: 00:00:00:00:00:00:00:00:00:00:255:255:10:01:01:02
 remote address: LID 0000 QPN 0x02ca PSN 0x48d427 RKey 0x034506 VAddr 0x007f975ba23000
 GID: 00:00:00:00:00:00:00:00:00:00:255:255:10:01:01:02
 remote address: LID 0000 QPN 0x02cb PSN 0xe056af RKey 0x034506 VAddr 0x007f975ba33000
 GID: 00:00:00:00:00:00:00:00:00:00:255:255:10:01:01:02
 remote address: LID 0000 QPN 0x02cc PSN 0x911321 RKey 0x034506 VAddr 0x007f975ba43000
 GID: 00:00:00:00:00:00:00:00:00:00:255:255:10:01:01:02
 remote address: LID 0000 QPN 0x02cd PSN 0xf274aa RKey 0x034506 VAddr 0x007f975ba53000
 GID: 00:00:00:00:00:00:00:00:00:00:255:255:10:01:01:02
 remote address: LID 0000 QPN 0x02ce PSN 0x9850a9 RKey 0x034506 VAddr 0x007f975ba63000
 GID: 00:00:00:00:00:00:00:00:00:00:255:255:10:01:01:02
 remote address: LID 0000 QPN 0x02cf PSN 0x43efd6 RKey 0x034506 VAddr 0x007f975ba73000
 GID: 00:00:00:00:00:00:00:00:00:00:255:255:10:01:01:02
 remote address: LID 0000 QPN 0x02d0 PSN 0xe21609 RKey 0x034506 VAddr 0x007f975ba83000
 GID: 00:00:00:00:00:00:00:00:00:00:255:255:10:01:01:02
 remote address: LID 0000 QPN 0x02d1 PSN 0x5f67ea RKey 0x034506 VAddr 0x007f975ba93000
 GID: 00:00:00:00:00:00:00:00:00:00:255:255:10:01:01:02
 remote address: LID 0000 QPN 0x02d2 PSN 0x1ea9bc RKey 0x034506 VAddr 0x007f975baa3000
 GID: 00:00:00:00:00:00:00:00:00:00:255:255:10:01:01:02
 remote address: LID 0000 QPN 0x02d3 PSN 0xd7ccb5 RKey 0x034506 VAddr 0x007f975bab3000
 GID: 00:00:00:00:00:00:00:00:00:00:255:255:10:01:01:02
 remote address: LID 0000 QPN 0x02d4 PSN 0xb59e34 RKey 0x034506 VAddr 0x007f975bac3000
 GID: 00:00:00:00:00:00:00:00:00:00:255:255:10:01:01:02
 remote address: LID 0000 QPN 0x02d5 PSN 0xa0812c RKey 0x034506 VAddr 0x007f975bad3000
 GID: 00:00:00:00:00:00:00:00:00:00:255:255:10:01:01:02
 remote address: LID 0000 QPN 0x02d6 PSN 0x240e19 RKey 0x034506 VAddr 0x007f975bae3000
 GID: 00:00:00:00:00:00:00:00:00:00:255:255:10:01:01:02
 remote address: LID 0000 QPN 0x02d7 PSN 0x506aa7 RKey 0x034506 VAddr 0x007f975baf3000
 GID: 00:00:00:00:00:00:00:00:00:00:255:255:10:01:01:02
 remote address: LID 0000 QPN 0x02d8 PSN 0xe3c8c5 RKey 0x034506 VAddr 0x007f975bb03000
 GID: 00:00:00:00:00:00:00:00:00:00:255:255:10:01:01:02
 remote address: LID 0000 QPN 0x02d9 PSN 0x2971b1 RKey 0x034506 VAddr 0x007f975bb13000
 GID: 00:00:00:00:00:00:00:00:00:00:255:255:10:01:01:02
 remote address: LID 0000 QPN 0x02da PSN 0x4f7965 RKey 0x034506 VAddr 0x007f975bb23000
 GID: 00:00:00:00:00:00:00:00:00:00:255:255:10:01:01:02
 remote address: LID 0000 QPN 0x02db PSN 0xd2b918 RKey 0x034506 VAddr 0x007f975bb33000
 GID: 00:00:00:00:00:00:00:00:00:00:255:255:10:01:01:02
 remote address: LID 0000 QPN 0x02dc PSN 0x3f3c0 RKey 0x034506 VAddr 0x007f975bb43000
 GID: 00:00:00:00:00:00:00:00:00:00:255:255:10:01:01:02
 remote address: LID 0000 QPN 0x02dd PSN 0xad73d1 RKey 0x034506 VAddr 0x007f975bb53000
 GID: 00:00:00:00:00:00:00:00:00:00:255:255:10:01:01:02
 remote address: LID 0000 QPN 0x02de PSN 0x7e7348 RKey 0x034506 VAddr 0x007f975bb63000
 GID: 00:00:00:00:00:00:00:00:00:00:255:255:10:01:01:02
 remote address: LID 0000 QPN 0x02df PSN 0x79d39d RKey 0x034506 VAddr 0x007f975bb73000
 GID: 00:00:00:00:00:00:00:00:00:00:255:255:10:01:01:02
 remote address: LID 0000 QPN 0x02e0 PSN 0x2123b9 RKey 0x034506 VAddr 0x007f975bb83000
 GID: 00:00:00:00:00:00:00:00:00:00:255:255:10:01:01:02
 remote address: LID 0000 QPN 0x02e1 PSN 0xfd505d RKey 0x034506 VAddr 0x007f975bb93000
 GID: 00:00:00:00:00:00:00:00:00:00:255:255:10:01:01:02
 remote address: LID 0000 QPN 0x02e2 PSN 0x7b662c RKey 0x034506 VAddr 0x007f975bba3000
 GID: 00:00:00:00:00:00:00:00:00:00:255:255:10:01:01:02
 remote address: LID 0000 QPN 0x02e3 PSN 0x5d0b1e RKey 0x034506 VAddr 0x007f975bbb3000
 GID: 00:00:00:00:00:00:00:00:00:00:255:255:10:01:01:02
 remote address: LID 0000 QPN 0x02e4 PSN 0xa6da1e RKey 0x034506 VAddr 0x007f975bbc3000
 GID: 00:00:00:00:00:00:00:00:00:00:255:255:10:01:01:02
 remote address: LID 0000 QPN 0x02e5 PSN 0x9d1823 RKey 0x034506 VAddr 0x007f975bbd3000
 GID: 00:00:00:00:00:00:00:00:00:00:255:255:10:01:01:02
 remote address: LID 0000 QPN 0x02e6 PSN 0x406794 RKey 0x034506 VAddr 0x007f975bbe3000
 GID: 00:00:00:00:00:00:00:00:00:00:255:255:10:01:01:02
 remote address: LID 0000 QPN 0x02e7 PSN 0xf8102e RKey 0x034506 VAddr 0x007f975bbf3000
 GID: 00:00:00:00:00:00:00:00:00:00:255:255:10:01:01:02
 remote address: LID 0000 QPN 0x02e8 PSN 0x58c61d RKey 0x034506 VAddr 0x007f975bc03000
 GID: 00:00:00:00:00:00:00:00:00:00:255:255:10:01:01:02
 remote address: LID 0000 QPN 0x02e9 PSN 0xe4b38f RKey 0x034506 VAddr 0x007f975bc13000
 GID: 00:00:00:00:00:00:00:00:00:00:255:255:10:01:01:02
 remote address: LID 0000 QPN 0x02ea PSN 0x37ec16 RKey 0x034506 VAddr 0x007f975bc23000
 GID: 00:00:00:00:00:00:00:00:00:00:255:255:10:01:01:02
 remote address: LID 0000 QPN 0x02eb PSN 0xe2307b RKey 0x034506 VAddr 0x007f975bc33000
 GID: 00:00:00:00:00:00:00:00:00:00:255:255:10:01:01:02
 remote address: LID 0000 QPN 0x02ec PSN 0xa45a33 RKey 0x034506 VAddr 0x007f975bc43000
 GID: 00:00:00:00:00:00:00:00:00:00:255:255:10:01:01:02
 remote address: LID 0000 QPN 0x02ed PSN 0x4e8a6e RKey 0x034506 VAddr 0x007f975bc53000
 GID: 00:00:00:00:00:00:00:00:00:00:255:255:10:01:01:02
 remote address: LID 0000 QPN 0x02ee PSN 0x4a80f7 RKey 0x034506 VAddr 0x007f975bc63000
 GID: 00:00:00:00:00:00:00:00:00:00:255:255:10:01:01:02
 remote address: LID 0000 QPN 0x02ef PSN 0x5eb961 RKey 0x034506 VAddr 0x007f975bc73000
 GID: 00:00:00:00:00:00:00:00:00:00:255:255:10:01:01:02
 remote address: LID 0000 QPN 0x02f0 PSN 0x41f053 RKey 0x034506 VAddr 0x007f975bc83000
 GID: 00:00:00:00:00:00:00:00:00:00:255:255:10:01:01:02
 remote address: LID 0000 QPN 0x02f1 PSN 0x49a5ce RKey 0x034506 VAddr 0x007f975bc93000
 GID: 00:00:00:00:00:00:00:00:00:00:255:255:10:01:01:02
 remote address: LID 0000 QPN 0x02f2 PSN 0x204561 RKey 0x034506 VAddr 0x007f975bca3000
 GID: 00:00:00:00:00:00:00:00:00:00:255:255:10:01:01:02
 remote address: LID 0000 QPN 0x02f3 PSN 0x9fb199 RKey 0x034506 VAddr 0x007f975bcb3000
 GID: 00:00:00:00:00:00:00:00:00:00:255:255:10:01:01:02
 remote address: LID 0000 QPN 0x02f4 PSN 0x8bc6af RKey 0x034506 VAddr 0x007f975bcc3000
 GID: 00:00:00:00:00:00:00:00:00:00:255:255:10:01:01:02
 remote address: LID 0000 QPN 0x02f5 PSN 0x98ce02 RKey 0x034506 VAddr 0x007f975bcd3000
 GID: 00:00:00:00:00:00:00:00:00:00:255:255:10:01:01:02
 remote address: LID 0000 QPN 0x02f6 PSN 0x6e7d43 RKey 0x034506 VAddr 0x007f975bce3000
 GID: 00:00:00:00:00:00:00:00:00:00:255:255:10:01:01:02
 remote address: LID 0000 QPN 0x02f7 PSN 0xb53c0e RKey 0x034506 VAddr 0x007f975bcf3000
 GID: 00:00:00:00:00:00:00:00:00:00:255:255:10:01:01:02
 remote address: LID 0000 QPN 0x02f8 PSN 0xcbbf25 RKey 0x034506 VAddr 0x007f975bd03000
 GID: 00:00:00:00:00:00:00:00:00:00:255:255:10:01:01:02
 remote address: LID 0000 QPN 0x02f9 PSN 0x1e46c2 RKey 0x034506 VAddr 0x007f975bd13000
 GID: 00:00:00:00:00:00:00:00:00:00:255:255:10:01:01:02
 remote address: LID 0000 QPN 0x02fa PSN 0x1537c5 RKey 0x034506 VAddr 0x007f975bd23000
 GID: 00:00:00:00:00:00:00:00:00:00:255:255:10:01:01:02
 remote address: LID 0000 QPN 0x02fb PSN 0x3715d0 RKey 0x034506 VAddr 0x007f975bd33000
 GID: 00:00:00:00:00:00:00:00:00:00:255:255:10:01:01:02
 remote address: LID 0000 QPN 0x02fc PSN 0xa56b49 RKey 0x034506 VAddr 0x007f975bd43000
 GID: 00:00:00:00:00:00:00:00:00:00:255:255:10:01:01:02
 remote address: LID 0000 QPN 0x02fd PSN 0xbeb6e RKey 0x034506 VAddr 0x007f975bd53000
 GID: 00:00:00:00:00:00:00:00:00:00:255:255:10:01:01:02
 remote address: LID 0000 QPN 0x02fe PSN 0xd6a367 RKey 0x034506 VAddr 0x007f975bd63000
 GID: 00:00:00:00:00:00:00:00:00:00:255:255:10:01:01:02
 remote address: LID 0000 QPN 0x02ff PSN 0xdac121 RKey 0x034506 VAddr 0x007f975bd73000
 GID: 00:00:00:00:00:00:00:00:00:00:255:255:10:01:01:02
 remote address: LID 0000 QPN 0x0300 PSN 0x508f0b RKey 0x034506 VAddr 0x007f975bd83000
 GID: 00:00:00:00:00:00:00:00:00:00:255:255:10:01:01:02
 remote address: LID 0000 QPN 0x0301 PSN 0xe98d73 RKey 0x034506 VAddr 0x007f975bd93000
 GID: 00:00:00:00:00:00:00:00:00:00:255:255:10:01:01:02
 remote address: LID 0000 QPN 0x0302 PSN 0x3149b5 RKey 0x034506 VAddr 0x007f975bda3000
 GID: 00:00:00:00:00:00:00:00:00:00:255:255:10:01:01:02
 remote address: LID 0000 QPN 0x0303 PSN 0x800fad RKey 0x034506 VAddr 0x007f975bdb3000
 GID: 00:00:00:00:00:00:00:00:00:00:255:255:10:01:01:02
 remote address: LID 0000 QPN 0x0304 PSN 0x30e405 RKey 0x034506 VAddr 0x007f975bdc3000
 GID: 00:00:00:00:00:00:00:00:00:00:255:255:10:01:01:02
 remote address: LID 0000 QPN 0x0305 PSN 0xdf96c6 RKey 0x034506 VAddr 0x007f975bdd3000
 GID: 00:00:00:00:00:00:00:00:00:00:255:255:10:01:01:02
 remote address: LID 0000 QPN 0x0306 PSN 0x0ca9 RKey 0x034506 VAddr 0x007f975bde3000
 GID: 00:00:00:00:00:00:00:00:00:00:255:255:10:01:01:02
 remote address: LID 0000 QPN 0x0307 PSN 0xe6ddd7 RKey 0x034506 VAddr 0x007f975bdf3000
 GID: 00:00:00:00:00:00:00:00:00:00:255:255:10:01:01:02
 remote address: LID 0000 QPN 0x0308 PSN 0x1a8764 RKey 0x034506 VAddr 0x007f975be03000
 GID: 00:00:00:00:00:00:00:00:00:00:255:255:10:01:01:02
 remote address: LID 0000 QPN 0x0309 PSN 0x52128e RKey 0x034506 VAddr 0x007f975be13000
 GID: 00:00:00:00:00:00:00:00:00:00:255:255:10:01:01:02
 remote address: LID 0000 QPN 0x030a PSN 0x965f9d RKey 0x034506 VAddr 0x007f975be23000
 GID: 00:00:00:00:00:00:00:00:00:00:255:255:10:01:01:02
 remote address: LID 0000 QPN 0x030b PSN 0x5bf12f RKey 0x034506 VAddr 0x007f975be33000
 GID: 00:00:00:00:00:00:00:00:00:00:255:255:10:01:01:02
 remote address: LID 0000 QPN 0x030c PSN 0xdf1c70 RKey 0x034506 VAddr 0x007f975be43000
 GID: 00:00:00:00:00:00:00:00:00:00:255:255:10:01:01:02
 remote address: LID 0000 QPN 0x030d PSN 0x385dde RKey 0x034506 VAddr 0x007f975be53000
 GID: 00:00:00:00:00:00:00:00:00:00:255:255:10:01:01:02
 remote address: LID 0000 QPN 0x030e PSN 0xbcd5eb RKey 0x034506 VAddr 0x007f975be63000
 GID: 00:00:00:00:00:00:00:00:00:00:255:255:10:01:01:02
 remote address: LID 0000 QPN 0x030f PSN 0x580bff RKey 0x034506 VAddr 0x007f975be73000
 GID: 00:00:00:00:00:00:00:00:00:00:255:255:10:01:01:02
 remote address: LID 0000 QPN 0x0310 PSN 0x364db9 RKey 0x034506 VAddr 0x007f975be83000
 GID: 00:00:00:00:00:00:00:00:00:00:255:255:10:01:01:02
 remote address: LID 0000 QPN 0x0311 PSN 0xdfe2a0 RKey 0x034506 VAddr 0x007f975be93000
 GID: 00:00:00:00:00:00:00:00:00:00:255:255:10:01:01:02
 remote address: LID 0000 QPN 0x0312 PSN 0xd9c123 RKey 0x034506 VAddr 0x007f975bea3000
 GID: 00:00:00:00:00:00:00:00:00:00:255:255:10:01:01:02
 remote address: LID 0000 QPN 0x0313 PSN 0x6b6805 RKey 0x034506 VAddr 0x007f975beb3000
 GID: 00:00:00:00:00:00:00:00:00:00:255:255:10:01:01:02
 remote address: LID 0000 QPN 0x0314 PSN 0x54f6e0 RKey 0x034506 VAddr 0x007f975bec3000
 GID: 00:00:00:00:00:00:00:00:00:00:255:255:10:01:01:02
 remote address: LID 0000 QPN 0x0315 PSN 0xc5e8d RKey 0x034506 VAddr 0x007f975bed3000
 GID: 00:00:00:00:00:00:00:00:00:00:255:255:10:01:01:02
 remote address: LID 0000 QPN 0x0316 PSN 0x5338e8 RKey 0x034506 VAddr 0x007f975bee3000
 GID: 00:00:00:00:00:00:00:00:00:00:255:255:10:01:01:02
 remote address: LID 0000 QPN 0x0317 PSN 0xea3a RKey 0x034506 VAddr 0x007f975bef3000
 GID: 00:00:00:00:00:00:00:00:00:00:255:255:10:01:01:02
---------------------------------------------------------------------------------------Conflicting CPU frequency values detected: 2100.000000 != 1150.835000. CPU Frequency is not max.

 #bytes     #iterations    BW peak[Gb/sec]    BW average[Gb/sec]   MsgRate[Mpps]
 65536      2030307          0.00               46.28  		     0.088273
---------------------------------------------------------------------------------------
