 WARNING: BW peak won't be measured in this run.
---------------------------------------------------------------------------------------
                    RDMA_Write BW Test
 Dual-port       : OFF		Device         : mlx5_8
 Number of qps   : 256		Transport type : IB
 Connection type : RC		Using SRQ      : OFF
 PCIe relax order: ON		Lock-free      : OFF
 ibv_wr* API     : ON		Using Enhanced Reorder      : OFF
 TX depth        : 128
 CQ Moderation   : 1
 CQE Poll Batch  : Dynamic
 Mtu             : 1024[B]
 Link type       : Ethernet
 GID index       : 3
 Max inline data : 0[B]
 rdma_cm QPs	 : OFF
 Data ex. method : Ethernet
---------------------------------------------------------------------------------------
 local address: LID 0000 QPN 0x0306 PSN 0xf2325b RKey 0x074506 VAddr 0x007f9f19d45000
 GID: 00:00:00:00:00:00:00:00:00:00:255:255:10:01:02:01
 local address: LID 0000 QPN 0x0307 PSN 0x89ca9 RKey 0x074506 VAddr 0x007f9f19d55000
 GID: 00:00:00:00:00:00:00:00:00:00:255:255:10:01:02:01
 local address: LID 0000 QPN 0x0308 PSN 0xa80b3f RKey 0x074506 VAddr 0x007f9f19d65000
 GID: 00:00:00:00:00:00:00:00:00:00:255:255:10:01:02:01
 local address: LID 0000 QPN 0x0309 PSN 0xe20322 RKey 0x074506 VAddr 0x007f9f19d75000
 GID: 00:00:00:00:00:00:00:00:00:00:255:255:10:01:02:01
 local address: LID 0000 QPN 0x030a PSN 0xd5978d RKey 0x074506 VAddr 0x007f9f19d85000
 GID: 00:00:00:00:00:00:00:00:00:00:255:255:10:01:02:01
 local address: LID 0000 QPN 0x030b PSN 0xae8a6b RKey 0x074506 VAddr 0x007f9f19d95000
 GID: 00:00:00:00:00:00:00:00:00:00:255:255:10:01:02:01
 local address: LID 0000 QPN 0x030c PSN 0x3ad2ee RKey 0x074506 VAddr 0x007f9f19da5000
 GID: 00:00:00:00:00:00:00:00:00:00:255:255:10:01:02:01
 local address: LID 0000 QPN 0x030d PSN 0xbadf4f RKey 0x074506 VAddr 0x007f9f19db5000
 GID: 00:00:00:00:00:00:00:00:00:00:255:255:10:01:02:01
 local address: LID 0000 QPN 0x030e PSN 0xd4e847 RKey 0x074506 VAddr 0x007f9f19dc5000
 GID: 00:00:00:00:00:00:00:00:00:00:255:255:10:01:02:01
 local address: LID 0000 QPN 0x030f PSN 0x912dbd RKey 0x074506 VAddr 0x007f9f19dd5000
 GID: 00:00:00:00:00:00:00:00:00:00:255:255:10:01:02:01
 local address: LID 0000 QPN 0x0310 PSN 0x357d1d RKey 0x074506 VAddr 0x007f9f19de5000
 GID: 00:00:00:00:00:00:00:00:00:00:255:255:10:01:02:01
 local address: LID 0000 QPN 0x0311 PSN 0x2513ec RKey 0x074506 VAddr 0x007f9f19df5000
 GID: 00:00:00:00:00:00:00:00:00:00:255:255:10:01:02:01
 local address: LID 0000 QPN 0x0312 PSN 0x487168 RKey 0x074506 VAddr 0x007f9f19e05000
 GID: 00:00:00:00:00:00:00:00:00:00:255:255:10:01:02:01
 local address: LID 0000 QPN 0x0313 PSN 0xe7a2f5 RKey 0x074506 VAddr 0x007f9f19e15000
 GID: 00:00:00:00:00:00:00:00:00:00:255:255:10:01:02:01
 local address: LID 0000 QPN 0x0314 PSN 0x64050f RKey 0x074506 VAddr 0x007f9f19e25000
 GID: 00:00:00:00:00:00:00:00:00:00:255:255:10:01:02:01
 local address: LID 0000 QPN 0x0315 PSN 0x3f7127 RKey 0x074506 VAddr 0x007f9f19e35000
 GID: 00:00:00:00:00:00:00:00:00:00:255:255:10:01:02:01
 local address: LID 0000 QPN 0x0316 PSN 0xc4b2b0 RKey 0x074506 VAddr 0x007f9f19e45000
 GID: 00:00:00:00:00:00:00:00:00:00:255:255:10:01:02:01
 local address: LID 0000 QPN 0x0317 PSN 0xedccaa RKey 0x074506 VAddr 0x007f9f19e55000
 GID: 00:00:00:00:00:00:00:00:00:00:255:255:10:01:02:01
 local address: LID 0000 QPN 0x0318 PSN 0xbc1f3d RKey 0x074506 VAddr 0x007f9f19e65000
 GID: 00:00:00:00:00:00:00:00:00:00:255:255:10:01:02:01
 local address: LID 0000 QPN 0x0319 PSN 0xa883e6 RKey 0x074506 VAddr 0x007f9f19e75000
 GID: 00:00:00:00:00:00:00:00:00:00:255:255:10:01:02:01
 local address: LID 0000 QPN 0x031a PSN 0x13264f RKey 0x074506 VAddr 0x007f9f19e85000
 GID: 00:00:00:00:00:00:00:00:00:00:255:255:10:01:02:01
 local address: LID 0000 QPN 0x031b PSN 0x4f4572 RKey 0x074506 VAddr 0x007f9f19e95000
 GID: 00:00:00:00:00:00:00:00:00:00:255:255:10:01:02:01
 local address: LID 0000 QPN 0x031c PSN 0xf274ee RKey 0x074506 VAddr 0x007f9f19ea5000
 GID: 00:00:00:00:00:00:00:00:00:00:255:255:10:01:02:01
 local address: LID 0000 QPN 0x031d PSN 0x8d525e RKey 0x074506 VAddr 0x007f9f19eb5000
 GID: 00:00:00:00:00:00:00:00:00:00:255:255:10:01:02:01
 local address: LID 0000 QPN 0x031e PSN 0x7bb707 RKey 0x074506 VAddr 0x007f9f19ec5000
 GID: 00:00:00:00:00:00:00:00:00:00:255:255:10:01:02:01
 local address: LID 0000 QPN 0x031f PSN 0x506bc6 RKey 0x074506 VAddr 0x007f9f19ed5000
 GID: 00:00:00:00:00:00:00:00:00:00:255:255:10:01:02:01
 local address: LID 0000 QPN 0x0320 PSN 0xf9bf6f RKey 0x074506 VAddr 0x007f9f19ee5000
 GID: 00:00:00:00:00:00:00:00:00:00:255:255:10:01:02:01
 local address: LID 0000 QPN 0x0321 PSN 0xb60fc5 RKey 0x074506 VAddr 0x007f9f19ef5000
 GID: 00:00:00:00:00:00:00:00:00:00:255:255:10:01:02:01
 local address: LID 0000 QPN 0x0322 PSN 0xb72f00 RKey 0x074506 VAddr 0x007f9f19f05000
 GID: 00:00:00:00:00:00:00:00:00:00:255:255:10:01:02:01
 local address: LID 0000 QPN 0x0323 PSN 0xc90a02 RKey 0x074506 VAddr 0x007f9f19f15000
 GID: 00:00:00:00:00:00:00:00:00:00:255:255:10:01:02:01
 local address: LID 0000 QPN 0x0324 PSN 0x861cf0 RKey 0x074506 VAddr 0x007f9f19f25000
 GID: 00:00:00:00:00:00:00:00:00:00:255:255:10:01:02:01
 local address: LID 0000 QPN 0x0325 PSN 0xa5191f RKey 0x074506 VAddr 0x007f9f19f35000
 GID: 00:00:00:00:00:00:00:00:00:00:255:255:10:01:02:01
 local address: LID 0000 QPN 0x0326 PSN 0xdd8928 RKey 0x074506 VAddr 0x007f9f19f45000
 GID: 00:00:00:00:00:00:00:00:00:00:255:255:10:01:02:01
 local address: LID 0000 QPN 0x0327 PSN 0x7a3c89 RKey 0x074506 VAddr 0x007f9f19f55000
 GID: 00:00:00:00:00:00:00:00:00:00:255:255:10:01:02:01
 local address: LID 0000 QPN 0x0328 PSN 0xba98fb RKey 0x074506 VAddr 0x007f9f19f65000
 GID: 00:00:00:00:00:00:00:00:00:00:255:255:10:01:02:01
 local address: LID 0000 QPN 0x0329 PSN 0x8fad35 RKey 0x074506 VAddr 0x007f9f19f75000
 GID: 00:00:00:00:00:00:00:00:00:00:255:255:10:01:02:01
 local address: LID 0000 QPN 0x032a PSN 0xa7af44 RKey 0x074506 VAddr 0x007f9f19f85000
 GID: 00:00:00:00:00:00:00:00:00:00:255:255:10:01:02:01
 local address: LID 0000 QPN 0x032b PSN 0x15806 RKey 0x074506 VAddr 0x007f9f19f95000
 GID: 00:00:00:00:00:00:00:00:00:00:255:255:10:01:02:01
 local address: LID 0000 QPN 0x032c PSN 0x4c8291 RKey 0x074506 VAddr 0x007f9f19fa5000
 GID: 00:00:00:00:00:00:00:00:00:00:255:255:10:01:02:01
 local address: LID 0000 QPN 0x032d PSN 0xbcf1a5 RKey 0x074506 VAddr 0x007f9f19fb5000
 GID: 00:00:00:00:00:00:00:00:00:00:255:255:10:01:02:01
 local address: LID 0000 QPN 0x032e PSN 0xace98 RKey 0x074506 VAddr 0x007f9f19fc5000
 GID: 00:00:00:00:00:00:00:00:00:00:255:255:10:01:02:01
 local address: LID 0000 QPN 0x032f PSN 0xc3b1cd RKey 0x074506 VAddr 0x007f9f19fd5000
 GID: 00:00:00:00:00:00:00:00:00:00:255:255:10:01:02:01
 local address: LID 0000 QPN 0x0330 PSN 0x47c9e3 RKey 0x074506 VAddr 0x007f9f19fe5000
 GID: 00:00:00:00:00:00:00:00:00:00:255:255:10:01:02:01
 local address: LID 0000 QPN 0x0331 PSN 0xcef712 RKey 0x074506 VAddr 0x007f9f19ff5000
 GID: 00:00:00:00:00:00:00:00:00:00:255:255:10:01:02:01
 local address: LID 0000 QPN 0x0332 PSN 0x2c0d2f RKey 0x074506 VAddr 0x007f9f1a005000
 GID: 00:00:00:00:00:00:00:00:00:00:255:255:10:01:02:01
 local address: LID 0000 QPN 0x0333 PSN 0xcb4c5f RKey 0x074506 VAddr 0x007f9f1a015000
 GID: 00:00:00:00:00:00:00:00:00:00:255:255:10:01:02:01
 local address: LID 0000 QPN 0x0334 PSN 0xd93faa RKey 0x074506 VAddr 0x007f9f1a025000
 GID: 00:00:00:00:00:00:00:00:00:00:255:255:10:01:02:01
 local address: LID 0000 QPN 0x0335 PSN 0xc28e7b RKey 0x074506 VAddr 0x007f9f1a035000
 GID: 00:00:00:00:00:00:00:00:00:00:255:255:10:01:02:01
 local address: LID 0000 QPN 0x0336 PSN 0x8e09c8 RKey 0x074506 VAddr 0x007f9f1a045000
 GID: 00:00:00:00:00:00:00:00:00:00:255:255:10:01:02:01
 local address: LID 0000 QPN 0x0337 PSN 0xca8a0c RKey 0x074506 VAddr 0x007f9f1a055000
 GID: 00:00:00:00:00:00:00:00:00:00:255:255:10:01:02:01
 local address: LID 0000 QPN 0x0338 PSN 0xb73023 RKey 0x074506 VAddr 0x007f9f1a065000
 GID: 00:00:00:00:00:00:00:00:00:00:255:255:10:01:02:01
 local address: LID 0000 QPN 0x0339 PSN 0x2de1aa RKey 0x074506 VAddr 0x007f9f1a075000
 GID: 00:00:00:00:00:00:00:00:00:00:255:255:10:01:02:01
 local address: LID 0000 QPN 0x033a PSN 0xc6305d RKey 0x074506 VAddr 0x007f9f1a085000
 GID: 00:00:00:00:00:00:00:00:00:00:255:255:10:01:02:01
 local address: LID 0000 QPN 0x033b PSN 0x7d27b3 RKey 0x074506 VAddr 0x007f9f1a095000
 GID: 00:00:00:00:00:00:00:00:00:00:255:255:10:01:02:01
 local address: LID 0000 QPN 0x033c PSN 0x8e73ab RKey 0x074506 VAddr 0x007f9f1a0a5000
 GID: 00:00:00:00:00:00:00:00:00:00:255:255:10:01:02:01
 local address: LID 0000 QPN 0x033d PSN 0x92e0c3 RKey 0x074506 VAddr 0x007f9f1a0b5000
 GID: 00:00:00:00:00:00:00:00:00:00:255:255:10:01:02:01
 local address: LID 0000 QPN 0x033e PSN 0x9e8d51 RKey 0x074506 VAddr 0x007f9f1a0c5000
 GID: 00:00:00:00:00:00:00:00:00:00:255:255:10:01:02:01
 local address: LID 0000 QPN 0x033f PSN 0x7ee1a5 RKey 0x074506 VAddr 0x007f9f1a0d5000
 GID: 00:00:00:00:00:00:00:00:00:00:255:255:10:01:02:01
 local address: LID 0000 QPN 0x0340 PSN 0xe1aef2 RKey 0x074506 VAddr 0x007f9f1a0e5000
 GID: 00:00:00:00:00:00:00:00:00:00:255:255:10:01:02:01
 local address: LID 0000 QPN 0x0341 PSN 0x99b6fc RKey 0x074506 VAddr 0x007f9f1a0f5000
 GID: 00:00:00:00:00:00:00:00:00:00:255:255:10:01:02:01
 local address: LID 0000 QPN 0x0342 PSN 0xe96935 RKey 0x074506 VAddr 0x007f9f1a105000
 GID: 00:00:00:00:00:00:00:00:00:00:255:255:10:01:02:01
 local address: LID 0000 QPN 0x0343 PSN 0x9444a8 RKey 0x074506 VAddr 0x007f9f1a115000
 GID: 00:00:00:00:00:00:00:00:00:00:255:255:10:01:02:01
 local address: LID 0000 QPN 0x0344 PSN 0xaa1cdf RKey 0x074506 VAddr 0x007f9f1a125000
 GID: 00:00:00:00:00:00:00:00:00:00:255:255:10:01:02:01
 local address: LID 0000 QPN 0x0345 PSN 0xd8986b RKey 0x074506 VAddr 0x007f9f1a135000
 GID: 00:00:00:00:00:00:00:00:00:00:255:255:10:01:02:01
 local address: LID 0000 QPN 0x0346 PSN 0x169737 RKey 0x074506 VAddr 0x007f9f1a145000
 GID: 00:00:00:00:00:00:00:00:00:00:255:255:10:01:02:01
 local address: LID 0000 QPN 0x0347 PSN 0x684d17 RKey 0x074506 VAddr 0x007f9f1a155000
 GID: 00:00:00:00:00:00:00:00:00:00:255:255:10:01:02:01
 local address: LID 0000 QPN 0x0348 PSN 0x64dc00 RKey 0x074506 VAddr 0x007f9f1a165000
 GID: 00:00:00:00:00:00:00:00:00:00:255:255:10:01:02:01
 local address: LID 0000 QPN 0x0349 PSN 0x915afa RKey 0x074506 VAddr 0x007f9f1a175000
 GID: 00:00:00:00:00:00:00:00:00:00:255:255:10:01:02:01
 local address: LID 0000 QPN 0x034a PSN 0x6f0027 RKey 0x074506 VAddr 0x007f9f1a185000
 GID: 00:00:00:00:00:00:00:00:00:00:255:255:10:01:02:01
 local address: LID 0000 QPN 0x034b PSN 0x99627 RKey 0x074506 VAddr 0x007f9f1a195000
 GID: 00:00:00:00:00:00:00:00:00:00:255:255:10:01:02:01
 local address: LID 0000 QPN 0x034c PSN 0xad59ac RKey 0x074506 VAddr 0x007f9f1a1a5000
 GID: 00:00:00:00:00:00:00:00:00:00:255:255:10:01:02:01
 local address: LID 0000 QPN 0x034d PSN 0xa26c78 RKey 0x074506 VAddr 0x007f9f1a1b5000
 GID: 00:00:00:00:00:00:00:00:00:00:255:255:10:01:02:01
 local address: LID 0000 QPN 0x034e PSN 0x599427 RKey 0x074506 VAddr 0x007f9f1a1c5000
 GID: 00:00:00:00:00:00:00:00:00:00:255:255:10:01:02:01
 local address: LID 0000 QPN 0x034f PSN 0x1bfb44 RKey 0x074506 VAddr 0x007f9f1a1d5000
 GID: 00:00:00:00:00:00:00:00:00:00:255:255:10:01:02:01
 local address: LID 0000 QPN 0x0350 PSN 0xb514b8 RKey 0x074506 VAddr 0x007f9f1a1e5000
 GID: 00:00:00:00:00:00:00:00:00:00:255:255:10:01:02:01
 local address: LID 0000 QPN 0x0351 PSN 0xefd7ca RKey 0x074506 VAddr 0x007f9f1a1f5000
 GID: 00:00:00:00:00:00:00:00:00:00:255:255:10:01:02:01
 local address: LID 0000 QPN 0x0352 PSN 0xd56cef RKey 0x074506 VAddr 0x007f9f1a205000
 GID: 00:00:00:00:00:00:00:00:00:00:255:255:10:01:02:01
 local address: LID 0000 QPN 0x0353 PSN 0xdfad9a RKey 0x074506 VAddr 0x007f9f1a215000
 GID: 00:00:00:00:00:00:00:00:00:00:255:255:10:01:02:01
 local address: LID 0000 QPN 0x0354 PSN 0x7291d2 RKey 0x074506 VAddr 0x007f9f1a225000
 GID: 00:00:00:00:00:00:00:00:00:00:255:255:10:01:02:01
 local address: LID 0000 QPN 0x0355 PSN 0xe22b3f RKey 0x074506 VAddr 0x007f9f1a235000
 GID: 00:00:00:00:00:00:00:00:00:00:255:255:10:01:02:01
 local address: LID 0000 QPN 0x0356 PSN 0x78aba RKey 0x074506 VAddr 0x007f9f1a245000
 GID: 00:00:00:00:00:00:00:00:00:00:255:255:10:01:02:01
 local address: LID 0000 QPN 0x0357 PSN 0xfcdfaf RKey 0x074506 VAddr 0x007f9f1a255000
 GID: 00:00:00:00:00:00:00:00:00:00:255:255:10:01:02:01
 local address: LID 0000 QPN 0x0358 PSN 0xe4fb7d RKey 0x074506 VAddr 0x007f9f1a265000
 GID: 00:00:00:00:00:00:00:00:00:00:255:255:10:01:02:01
 local address: LID 0000 QPN 0x0359 PSN 0x643201 RKey 0x074506 VAddr 0x007f9f1a275000
 GID: 00:00:00:00:00:00:00:00:00:00:255:255:10:01:02:01
 local address: LID 0000 QPN 0x035a PSN 0xf735d1 RKey 0x074506 VAddr 0x007f9f1a285000
 GID: 00:00:00:00:00:00:00:00:00:00:255:255:10:01:02:01
 local address: LID 0000 QPN 0x035b PSN 0x93492d RKey 0x074506 VAddr 0x007f9f1a295000
 GID: 00:00:00:00:00:00:00:00:00:00:255:255:10:01:02:01
 local address: LID 0000 QPN 0x035c PSN 0xe787a9 RKey 0x074506 VAddr 0x007f9f1a2a5000
 GID: 00:00:00:00:00:00:00:00:00:00:255:255:10:01:02:01
 local address: LID 0000 QPN 0x035d PSN 0x2592a6 RKey 0x074506 VAddr 0x007f9f1a2b5000
 GID: 00:00:00:00:00:00:00:00:00:00:255:255:10:01:02:01
 local address: LID 0000 QPN 0x035e PSN 0xfaaeb2 RKey 0x074506 VAddr 0x007f9f1a2c5000
 GID: 00:00:00:00:00:00:00:00:00:00:255:255:10:01:02:01
 local address: LID 0000 QPN 0x035f PSN 0x7ee4be RKey 0x074506 VAddr 0x007f9f1a2d5000
 GID: 00:00:00:00:00:00:00:00:00:00:255:255:10:01:02:01
 local address: LID 0000 QPN 0x0360 PSN 0x675cee RKey 0x074506 VAddr 0x007f9f1a2e5000
 GID: 00:00:00:00:00:00:00:00:00:00:255:255:10:01:02:01
 local address: LID 0000 QPN 0x0361 PSN 0xf784e6 RKey 0x074506 VAddr 0x007f9f1a2f5000
 GID: 00:00:00:00:00:00:00:00:00:00:255:255:10:01:02:01
 local address: LID 0000 QPN 0x0362 PSN 0x8676dd RKey 0x074506 VAddr 0x007f9f1a305000
 GID: 00:00:00:00:00:00:00:00:00:00:255:255:10:01:02:01
 local address: LID 0000 QPN 0x0363 PSN 0x376a10 RKey 0x074506 VAddr 0x007f9f1a315000
 GID: 00:00:00:00:00:00:00:00:00:00:255:255:10:01:02:01
 local address: LID 0000 QPN 0x0364 PSN 0x5165 RKey 0x074506 VAddr 0x007f9f1a325000
 GID: 00:00:00:00:00:00:00:00:00:00:255:255:10:01:02:01
 local address: LID 0000 QPN 0x0365 PSN 0xf9f068 RKey 0x074506 VAddr 0x007f9f1a335000
 GID: 00:00:00:00:00:00:00:00:00:00:255:255:10:01:02:01
 local address: LID 0000 QPN 0x0366 PSN 0xac1c3a RKey 0x074506 VAddr 0x007f9f1a345000
 GID: 00:00:00:00:00:00:00:00:00:00:255:255:10:01:02:01
 local address: LID 0000 QPN 0x0367 PSN 0x4625f8 RKey 0x074506 VAddr 0x007f9f1a355000
 GID: 00:00:00:00:00:00:00:00:00:00:255:255:10:01:02:01
 local address: LID 0000 QPN 0x0368 PSN 0xb07d23 RKey 0x074506 VAddr 0x007f9f1a365000
 GID: 00:00:00:00:00:00:00:00:00:00:255:255:10:01:02:01
 local address: LID 0000 QPN 0x0369 PSN 0x2266b5 RKey 0x074506 VAddr 0x007f9f1a375000
 GID: 00:00:00:00:00:00:00:00:00:00:255:255:10:01:02:01
 local address: LID 0000 QPN 0x036a PSN 0x3a112a RKey 0x074506 VAddr 0x007f9f1a385000
 GID: 00:00:00:00:00:00:00:00:00:00:255:255:10:01:02:01
 local address: LID 0000 QPN 0x036b PSN 0x25f2b2 RKey 0x074506 VAddr 0x007f9f1a395000
 GID: 00:00:00:00:00:00:00:00:00:00:255:255:10:01:02:01
 local address: LID 0000 QPN 0x036c PSN 0x183a53 RKey 0x074506 VAddr 0x007f9f1a3a5000
 GID: 00:00:00:00:00:00:00:00:00:00:255:255:10:01:02:01
 local address: LID 0000 QPN 0x036d PSN 0x8b8a4e RKey 0x074506 VAddr 0x007f9f1a3b5000
 GID: 00:00:00:00:00:00:00:00:00:00:255:255:10:01:02:01
 local address: LID 0000 QPN 0x036e PSN 0xbcbb28 RKey 0x074506 VAddr 0x007f9f1a3c5000
 GID: 00:00:00:00:00:00:00:00:00:00:255:255:10:01:02:01
 local address: LID 0000 QPN 0x036f PSN 0x9b3246 RKey 0x074506 VAddr 0x007f9f1a3d5000
 GID: 00:00:00:00:00:00:00:00:00:00:255:255:10:01:02:01
 local address: LID 0000 QPN 0x0370 PSN 0x3bccef RKey 0x074506 VAddr 0x007f9f1a3e5000
 GID: 00:00:00:00:00:00:00:00:00:00:255:255:10:01:02:01
 local address: LID 0000 QPN 0x0371 PSN 0x1294d8 RKey 0x074506 VAddr 0x007f9f1a3f5000
 GID: 00:00:00:00:00:00:00:00:00:00:255:255:10:01:02:01
 local address: LID 0000 QPN 0x0372 PSN 0x39821c RKey 0x074506 VAddr 0x007f9f1a405000
 GID: 00:00:00:00:00:00:00:00:00:00:255:255:10:01:02:01
 local address: LID 0000 QPN 0x0373 PSN 0x4dcd07 RKey 0x074506 VAddr 0x007f9f1a415000
 GID: 00:00:00:00:00:00:00:00:00:00:255:255:10:01:02:01
 local address: LID 0000 QPN 0x0374 PSN 0x958c1b RKey 0x074506 VAddr 0x007f9f1a425000
 GID: 00:00:00:00:00:00:00:00:00:00:255:255:10:01:02:01
 local address: LID 0000 QPN 0x0375 PSN 0x31ce75 RKey 0x074506 VAddr 0x007f9f1a435000
 GID: 00:00:00:00:00:00:00:00:00:00:255:255:10:01:02:01
 local address: LID 0000 QPN 0x0376 PSN 0xff4a3c RKey 0x074506 VAddr 0x007f9f1a445000
 GID: 00:00:00:00:00:00:00:00:00:00:255:255:10:01:02:01
 local address: LID 0000 QPN 0x0377 PSN 0xcd5636 RKey 0x074506 VAddr 0x007f9f1a455000
 GID: 00:00:00:00:00:00:00:00:00:00:255:255:10:01:02:01
 local address: LID 0000 QPN 0x0378 PSN 0x1b071e RKey 0x074506 VAddr 0x007f9f1a465000
 GID: 00:00:00:00:00:00:00:00:00:00:255:255:10:01:02:01
 local address: LID 0000 QPN 0x0379 PSN 0xe1e82f RKey 0x074506 VAddr 0x007f9f1a475000
 GID: 00:00:00:00:00:00:00:00:00:00:255:255:10:01:02:01
 local address: LID 0000 QPN 0x037a PSN 0xf4629f RKey 0x074506 VAddr 0x007f9f1a485000
 GID: 00:00:00:00:00:00:00:00:00:00:255:255:10:01:02:01
 local address: LID 0000 QPN 0x037b PSN 0x4798c3 RKey 0x074506 VAddr 0x007f9f1a495000
 GID: 00:00:00:00:00:00:00:00:00:00:255:255:10:01:02:01
 local address: LID 0000 QPN 0x037c PSN 0x453ffd RKey 0x074506 VAddr 0x007f9f1a4a5000
 GID: 00:00:00:00:00:00:00:00:00:00:255:255:10:01:02:01
 local address: LID 0000 QPN 0x037d PSN 0xb94b8e RKey 0x074506 VAddr 0x007f9f1a4b5000
 GID: 00:00:00:00:00:00:00:00:00:00:255:255:10:01:02:01
 local address: LID 0000 QPN 0x037e PSN 0x9260 RKey 0x074506 VAddr 0x007f9f1a4c5000
 GID: 00:00:00:00:00:00:00:00:00:00:255:255:10:01:02:01
 local address: LID 0000 QPN 0x037f PSN 0x3bee33 RKey 0x074506 VAddr 0x007f9f1a4d5000
 GID: 00:00:00:00:00:00:00:00:00:00:255:255:10:01:02:01
 local address: LID 0000 QPN 0x0380 PSN 0xd3b5b6 RKey 0x074506 VAddr 0x007f9f1a4e5000
 GID: 00:00:00:00:00:00:00:00:00:00:255:255:10:01:02:01
 local address: LID 0000 QPN 0x0381 PSN 0x9f9149 RKey 0x074506 VAddr 0x007f9f1a4f5000
 GID: 00:00:00:00:00:00:00:00:00:00:255:255:10:01:02:01
 local address: LID 0000 QPN 0x0382 PSN 0x328e6b RKey 0x074506 VAddr 0x007f9f1a505000
 GID: 00:00:00:00:00:00:00:00:00:00:255:255:10:01:02:01
 local address: LID 0000 QPN 0x0383 PSN 0x79e19d RKey 0x074506 VAddr 0x007f9f1a515000
 GID: 00:00:00:00:00:00:00:00:00:00:255:255:10:01:02:01
 local address: LID 0000 QPN 0x0384 PSN 0x839816 RKey 0x074506 VAddr 0x007f9f1a525000
 GID: 00:00:00:00:00:00:00:00:00:00:255:255:10:01:02:01
 local address: LID 0000 QPN 0x0385 PSN 0x5c7119 RKey 0x074506 VAddr 0x007f9f1a535000
 GID: 00:00:00:00:00:00:00:00:00:00:255:255:10:01:02:01
 local address: LID 0000 QPN 0x0386 PSN 0xaac1e7 RKey 0x074506 VAddr 0x007f9f1a545000
 GID: 00:00:00:00:00:00:00:00:00:00:255:255:10:01:02:01
 local address: LID 0000 QPN 0x0387 PSN 0xdfc0ce RKey 0x074506 VAddr 0x007f9f1a555000
 GID: 00:00:00:00:00:00:00:00:00:00:255:255:10:01:02:01
 local address: LID 0000 QPN 0x0388 PSN 0xf01f37 RKey 0x074506 VAddr 0x007f9f1a565000
 GID: 00:00:00:00:00:00:00:00:00:00:255:255:10:01:02:01
 local address: LID 0000 QPN 0x0389 PSN 0x2c9ca8 RKey 0x074506 VAddr 0x007f9f1a575000
 GID: 00:00:00:00:00:00:00:00:00:00:255:255:10:01:02:01
 local address: LID 0000 QPN 0x038a PSN 0xc9f340 RKey 0x074506 VAddr 0x007f9f1a585000
 GID: 00:00:00:00:00:00:00:00:00:00:255:255:10:01:02:01
 local address: LID 0000 QPN 0x038b PSN 0xb5dd8c RKey 0x074506 VAddr 0x007f9f1a595000
 GID: 00:00:00:00:00:00:00:00:00:00:255:255:10:01:02:01
 local address: LID 0000 QPN 0x038c PSN 0xe6a09a RKey 0x074506 VAddr 0x007f9f1a5a5000
 GID: 00:00:00:00:00:00:00:00:00:00:255:255:10:01:02:01
 local address: LID 0000 QPN 0x038d PSN 0x7c17a9 RKey 0x074506 VAddr 0x007f9f1a5b5000
 GID: 00:00:00:00:00:00:00:00:00:00:255:255:10:01:02:01
 local address: LID 0000 QPN 0x038e PSN 0x40efcf RKey 0x074506 VAddr 0x007f9f1a5c5000
 GID: 00:00:00:00:00:00:00:00:00:00:255:255:10:01:02:01
 local address: LID 0000 QPN 0x038f PSN 0x4d60f8 RKey 0x074506 VAddr 0x007f9f1a5d5000
 GID: 00:00:00:00:00:00:00:00:00:00:255:255:10:01:02:01
 local address: LID 0000 QPN 0x0390 PSN 0x489bdd RKey 0x074506 VAddr 0x007f9f1a5e5000
 GID: 00:00:00:00:00:00:00:00:00:00:255:255:10:01:02:01
 local address: LID 0000 QPN 0x0391 PSN 0xcbf01 RKey 0x074506 VAddr 0x007f9f1a5f5000
 GID: 00:00:00:00:00:00:00:00:00:00:255:255:10:01:02:01
 local address: LID 0000 QPN 0x0392 PSN 0x70829 RKey 0x074506 VAddr 0x007f9f1a605000
 GID: 00:00:00:00:00:00:00:00:00:00:255:255:10:01:02:01
 local address: LID 0000 QPN 0x0393 PSN 0xd5b30c RKey 0x074506 VAddr 0x007f9f1a615000
 GID: 00:00:00:00:00:00:00:00:00:00:255:255:10:01:02:01
 local address: LID 0000 QPN 0x0394 PSN 0xbf9919 RKey 0x074506 VAddr 0x007f9f1a625000
 GID: 00:00:00:00:00:00:00:00:00:00:255:255:10:01:02:01
 local address: LID 0000 QPN 0x0395 PSN 0x48d122 RKey 0x074506 VAddr 0x007f9f1a635000
 GID: 00:00:00:00:00:00:00:00:00:00:255:255:10:01:02:01
 local address: LID 0000 QPN 0x0396 PSN 0x8fc701 RKey 0x074506 VAddr 0x007f9f1a645000
 GID: 00:00:00:00:00:00:00:00:00:00:255:255:10:01:02:01
 local address: LID 0000 QPN 0x0397 PSN 0x499844 RKey 0x074506 VAddr 0x007f9f1a655000
 GID: 00:00:00:00:00:00:00:00:00:00:255:255:10:01:02:01
 local address: LID 0000 QPN 0x0398 PSN 0xaa52da RKey 0x074506 VAddr 0x007f9f1a665000
 GID: 00:00:00:00:00:00:00:00:00:00:255:255:10:01:02:01
 local address: LID 0000 QPN 0x0399 PSN 0x6c6979 RKey 0x074506 VAddr 0x007f9f1a675000
 GID: 00:00:00:00:00:00:00:00:00:00:255:255:10:01:02:01
 local address: LID 0000 QPN 0x039a PSN 0x74ecbb RKey 0x074506 VAddr 0x007f9f1a685000
 GID: 00:00:00:00:00:00:00:00:00:00:255:255:10:01:02:01
 local address: LID 0000 QPN 0x039b PSN 0x5475a RKey 0x074506 VAddr 0x007f9f1a695000
 GID: 00:00:00:00:00:00:00:00:00:00:255:255:10:01:02:01
 local address: LID 0000 QPN 0x039c PSN 0x6845bc RKey 0x074506 VAddr 0x007f9f1a6a5000
 GID: 00:00:00:00:00:00:00:00:00:00:255:255:10:01:02:01
 local address: LID 0000 QPN 0x039d PSN 0xae00fd RKey 0x074506 VAddr 0x007f9f1a6b5000
 GID: 00:00:00:00:00:00:00:00:00:00:255:255:10:01:02:01
 local address: LID 0000 QPN 0x039e PSN 0xd0598e RKey 0x074506 VAddr 0x007f9f1a6c5000
 GID: 00:00:00:00:00:00:00:00:00:00:255:255:10:01:02:01
 local address: LID 0000 QPN 0x039f PSN 0x28d929 RKey 0x074506 VAddr 0x007f9f1a6d5000
 GID: 00:00:00:00:00:00:00:00:00:00:255:255:10:01:02:01
 local address: LID 0000 QPN 0x03a0 PSN 0x205f9e RKey 0x074506 VAddr 0x007f9f1a6e5000
 GID: 00:00:00:00:00:00:00:00:00:00:255:255:10:01:02:01
 local address: LID 0000 QPN 0x03a1 PSN 0xbd25e8 RKey 0x074506 VAddr 0x007f9f1a6f5000
 GID: 00:00:00:00:00:00:00:00:00:00:255:255:10:01:02:01
 local address: LID 0000 QPN 0x03a2 PSN 0x523054 RKey 0x074506 VAddr 0x007f9f1a705000
 GID: 00:00:00:00:00:00:00:00:00:00:255:255:10:01:02:01
 local address: LID 0000 QPN 0x03a3 PSN 0x7e94b3 RKey 0x074506 VAddr 0x007f9f1a715000
 GID: 00:00:00:00:00:00:00:00:00:00:255:255:10:01:02:01
 local address: LID 0000 QPN 0x03a4 PSN 0xf12886 RKey 0x074506 VAddr 0x007f9f1a725000
 GID: 00:00:00:00:00:00:00:00:00:00:255:255:10:01:02:01
 local address: LID 0000 QPN 0x03a5 PSN 0xefbc83 RKey 0x074506 VAddr 0x007f9f1a735000
 GID: 00:00:00:00:00:00:00:00:00:00:255:255:10:01:02:01
 local address: LID 0000 QPN 0x03a6 PSN 0x5a1bf1 RKey 0x074506 VAddr 0x007f9f1a745000
 GID: 00:00:00:00:00:00:00:00:00:00:255:255:10:01:02:01
 local address: LID 0000 QPN 0x03a7 PSN 0x52b93e RKey 0x074506 VAddr 0x007f9f1a755000
 GID: 00:00:00:00:00:00:00:00:00:00:255:255:10:01:02:01
 local address: LID 0000 QPN 0x03a8 PSN 0xc45f11 RKey 0x074506 VAddr 0x007f9f1a765000
 GID: 00:00:00:00:00:00:00:00:00:00:255:255:10:01:02:01
 local address: LID 0000 QPN 0x03a9 PSN 0x693b19 RKey 0x074506 VAddr 0x007f9f1a775000
 GID: 00:00:00:00:00:00:00:00:00:00:255:255:10:01:02:01
 local address: LID 0000 QPN 0x03aa PSN 0x9f415e RKey 0x074506 VAddr 0x007f9f1a785000
 GID: 00:00:00:00:00:00:00:00:00:00:255:255:10:01:02:01
 local address: LID 0000 QPN 0x03ab PSN 0xa28899 RKey 0x074506 VAddr 0x007f9f1a795000
 GID: 00:00:00:00:00:00:00:00:00:00:255:255:10:01:02:01
 local address: LID 0000 QPN 0x03ac PSN 0x65a295 RKey 0x074506 VAddr 0x007f9f1a7a5000
 GID: 00:00:00:00:00:00:00:00:00:00:255:255:10:01:02:01
 local address: LID 0000 QPN 0x03ad PSN 0x8c730d RKey 0x074506 VAddr 0x007f9f1a7b5000
 GID: 00:00:00:00:00:00:00:00:00:00:255:255:10:01:02:01
 local address: LID 0000 QPN 0x03ae PSN 0xe10851 RKey 0x074506 VAddr 0x007f9f1a7c5000
 GID: 00:00:00:00:00:00:00:00:00:00:255:255:10:01:02:01
 local address: LID 0000 QPN 0x03af PSN 0x62737c RKey 0x074506 VAddr 0x007f9f1a7d5000
 GID: 00:00:00:00:00:00:00:00:00:00:255:255:10:01:02:01
 local address: LID 0000 QPN 0x03b0 PSN 0x9b64d5 RKey 0x074506 VAddr 0x007f9f1a7e5000
 GID: 00:00:00:00:00:00:00:00:00:00:255:255:10:01:02:01
 local address: LID 0000 QPN 0x03b1 PSN 0x3f9908 RKey 0x074506 VAddr 0x007f9f1a7f5000
 GID: 00:00:00:00:00:00:00:00:00:00:255:255:10:01:02:01
 local address: LID 0000 QPN 0x03b2 PSN 0x53848b RKey 0x074506 VAddr 0x007f9f1a805000
 GID: 00:00:00:00:00:00:00:00:00:00:255:255:10:01:02:01
 local address: LID 0000 QPN 0x03b3 PSN 0x776a0d RKey 0x074506 VAddr 0x007f9f1a815000
 GID: 00:00:00:00:00:00:00:00:00:00:255:255:10:01:02:01
 local address: LID 0000 QPN 0x03b4 PSN 0x7afd5f RKey 0x074506 VAddr 0x007f9f1a825000
 GID: 00:00:00:00:00:00:00:00:00:00:255:255:10:01:02:01
 local address: LID 0000 QPN 0x03b5 PSN 0x135e4a RKey 0x074506 VAddr 0x007f9f1a835000
 GID: 00:00:00:00:00:00:00:00:00:00:255:255:10:01:02:01
 local address: LID 0000 QPN 0x03b6 PSN 0x9ce9bd RKey 0x074506 VAddr 0x007f9f1a845000
 GID: 00:00:00:00:00:00:00:00:00:00:255:255:10:01:02:01
 local address: LID 0000 QPN 0x03b7 PSN 0x7d727f RKey 0x074506 VAddr 0x007f9f1a855000
 GID: 00:00:00:00:00:00:00:00:00:00:255:255:10:01:02:01
 local address: LID 0000 QPN 0x03b8 PSN 0xa45886 RKey 0x074506 VAddr 0x007f9f1a865000
 GID: 00:00:00:00:00:00:00:00:00:00:255:255:10:01:02:01
 local address: LID 0000 QPN 0x03b9 PSN 0x590d22 RKey 0x074506 VAddr 0x007f9f1a875000
 GID: 00:00:00:00:00:00:00:00:00:00:255:255:10:01:02:01
 local address: LID 0000 QPN 0x03ba PSN 0xe61418 RKey 0x074506 VAddr 0x007f9f1a885000
 GID: 00:00:00:00:00:00:00:00:00:00:255:255:10:01:02:01
 local address: LID 0000 QPN 0x03bb PSN 0xb5c7d5 RKey 0x074506 VAddr 0x007f9f1a895000
 GID: 00:00:00:00:00:00:00:00:00:00:255:255:10:01:02:01
 local address: LID 0000 QPN 0x03bc PSN 0x1f5bf8 RKey 0x074506 VAddr 0x007f9f1a8a5000
 GID: 00:00:00:00:00:00:00:00:00:00:255:255:10:01:02:01
 local address: LID 0000 QPN 0x03bd PSN 0xc0ba79 RKey 0x074506 VAddr 0x007f9f1a8b5000
 GID: 00:00:00:00:00:00:00:00:00:00:255:255:10:01:02:01
 local address: LID 0000 QPN 0x03be PSN 0x56cf70 RKey 0x074506 VAddr 0x007f9f1a8c5000
 GID: 00:00:00:00:00:00:00:00:00:00:255:255:10:01:02:01
 local address: LID 0000 QPN 0x03bf PSN 0x98e2c5 RKey 0x074506 VAddr 0x007f9f1a8d5000
 GID: 00:00:00:00:00:00:00:00:00:00:255:255:10:01:02:01
 local address: LID 0000 QPN 0x03c0 PSN 0xdcbafb RKey 0x074506 VAddr 0x007f9f1a8e5000
 GID: 00:00:00:00:00:00:00:00:00:00:255:255:10:01:02:01
 local address: LID 0000 QPN 0x03c1 PSN 0x57be88 RKey 0x074506 VAddr 0x007f9f1a8f5000
 GID: 00:00:00:00:00:00:00:00:00:00:255:255:10:01:02:01
 local address: LID 0000 QPN 0x03c2 PSN 0xf7270b RKey 0x074506 VAddr 0x007f9f1a905000
 GID: 00:00:00:00:00:00:00:00:00:00:255:255:10:01:02:01
 local address: LID 0000 QPN 0x03c3 PSN 0xaceeb7 RKey 0x074506 VAddr 0x007f9f1a915000
 GID: 00:00:00:00:00:00:00:00:00:00:255:255:10:01:02:01
 local address: LID 0000 QPN 0x03c4 PSN 0xfd9448 RKey 0x074506 VAddr 0x007f9f1a925000
 GID: 00:00:00:00:00:00:00:00:00:00:255:255:10:01:02:01
 local address: LID 0000 QPN 0x03c5 PSN 0xd0c6aa RKey 0x074506 VAddr 0x007f9f1a935000
 GID: 00:00:00:00:00:00:00:00:00:00:255:255:10:01:02:01
 local address: LID 0000 QPN 0x03c6 PSN 0xf9a80c RKey 0x074506 VAddr 0x007f9f1a945000
 GID: 00:00:00:00:00:00:00:00:00:00:255:255:10:01:02:01
 local address: LID 0000 QPN 0x03c7 PSN 0x874cec RKey 0x074506 VAddr 0x007f9f1a955000
 GID: 00:00:00:00:00:00:00:00:00:00:255:255:10:01:02:01
 local address: LID 0000 QPN 0x03c8 PSN 0xa0d384 RKey 0x074506 VAddr 0x007f9f1a965000
 GID: 00:00:00:00:00:00:00:00:00:00:255:255:10:01:02:01
 local address: LID 0000 QPN 0x03c9 PSN 0x1f24b RKey 0x074506 VAddr 0x007f9f1a975000
 GID: 00:00:00:00:00:00:00:00:00:00:255:255:10:01:02:01
 local address: LID 0000 QPN 0x03ca PSN 0x872077 RKey 0x074506 VAddr 0x007f9f1a985000
 GID: 00:00:00:00:00:00:00:00:00:00:255:255:10:01:02:01
 local address: LID 0000 QPN 0x03cb PSN 0x67e7bc RKey 0x074506 VAddr 0x007f9f1a995000
 GID: 00:00:00:00:00:00:00:00:00:00:255:255:10:01:02:01
 local address: LID 0000 QPN 0x03cc PSN 0xaaf057 RKey 0x074506 VAddr 0x007f9f1a9a5000
 GID: 00:00:00:00:00:00:00:00:00:00:255:255:10:01:02:01
 local address: LID 0000 QPN 0x03cd PSN 0x9a8d00 RKey 0x074506 VAddr 0x007f9f1a9b5000
 GID: 00:00:00:00:00:00:00:00:00:00:255:255:10:01:02:01
 local address: LID 0000 QPN 0x03ce PSN 0xe304e0 RKey 0x074506 VAddr 0x007f9f1a9c5000
 GID: 00:00:00:00:00:00:00:00:00:00:255:255:10:01:02:01
 local address: LID 0000 QPN 0x03cf PSN 0xc737f8 RKey 0x074506 VAddr 0x007f9f1a9d5000
 GID: 00:00:00:00:00:00:00:00:00:00:255:255:10:01:02:01
 local address: LID 0000 QPN 0x03d0 PSN 0x6c452b RKey 0x074506 VAddr 0x007f9f1a9e5000
 GID: 00:00:00:00:00:00:00:00:00:00:255:255:10:01:02:01
 local address: LID 0000 QPN 0x03d1 PSN 0x5917b1 RKey 0x074506 VAddr 0x007f9f1a9f5000
 GID: 00:00:00:00:00:00:00:00:00:00:255:255:10:01:02:01
 local address: LID 0000 QPN 0x03d2 PSN 0xc846b5 RKey 0x074506 VAddr 0x007f9f1aa05000
 GID: 00:00:00:00:00:00:00:00:00:00:255:255:10:01:02:01
 local address: LID 0000 QPN 0x03d3 PSN 0x9bfe6e RKey 0x074506 VAddr 0x007f9f1aa15000
 GID: 00:00:00:00:00:00:00:00:00:00:255:255:10:01:02:01
 local address: LID 0000 QPN 0x03d4 PSN 0xd3d783 RKey 0x074506 VAddr 0x007f9f1aa25000
 GID: 00:00:00:00:00:00:00:00:00:00:255:255:10:01:02:01
 local address: LID 0000 QPN 0x03d5 PSN 0xa372f1 RKey 0x074506 VAddr 0x007f9f1aa35000
 GID: 00:00:00:00:00:00:00:00:00:00:255:255:10:01:02:01
 local address: LID 0000 QPN 0x03d6 PSN 0xd10524 RKey 0x074506 VAddr 0x007f9f1aa45000
 GID: 00:00:00:00:00:00:00:00:00:00:255:255:10:01:02:01
 local address: LID 0000 QPN 0x03d7 PSN 0x2bd38a RKey 0x074506 VAddr 0x007f9f1aa55000
 GID: 00:00:00:00:00:00:00:00:00:00:255:255:10:01:02:01
 local address: LID 0000 QPN 0x03d8 PSN 0xa00bf5 RKey 0x074506 VAddr 0x007f9f1aa65000
 GID: 00:00:00:00:00:00:00:00:00:00:255:255:10:01:02:01
 local address: LID 0000 QPN 0x03d9 PSN 0x6e1c6e RKey 0x074506 VAddr 0x007f9f1aa75000
 GID: 00:00:00:00:00:00:00:00:00:00:255:255:10:01:02:01
 local address: LID 0000 QPN 0x03da PSN 0x3822aa RKey 0x074506 VAddr 0x007f9f1aa85000
 GID: 00:00:00:00:00:00:00:00:00:00:255:255:10:01:02:01
 local address: LID 0000 QPN 0x03db PSN 0x9cf19 RKey 0x074506 VAddr 0x007f9f1aa95000
 GID: 00:00:00:00:00:00:00:00:00:00:255:255:10:01:02:01
 local address: LID 0000 QPN 0x03dc PSN 0x5c5fc6 RKey 0x074506 VAddr 0x007f9f1aaa5000
 GID: 00:00:00:00:00:00:00:00:00:00:255:255:10:01:02:01
 local address: LID 0000 QPN 0x03dd PSN 0xfc9184 RKey 0x074506 VAddr 0x007f9f1aab5000
 GID: 00:00:00:00:00:00:00:00:00:00:255:255:10:01:02:01
 local address: LID 0000 QPN 0x03de PSN 0xea693a RKey 0x074506 VAddr 0x007f9f1aac5000
 GID: 00:00:00:00:00:00:00:00:00:00:255:255:10:01:02:01
 local address: LID 0000 QPN 0x03df PSN 0x98aa29 RKey 0x074506 VAddr 0x007f9f1aad5000
 GID: 00:00:00:00:00:00:00:00:00:00:255:255:10:01:02:01
 local address: LID 0000 QPN 0x03e0 PSN 0x92e220 RKey 0x074506 VAddr 0x007f9f1aae5000
 GID: 00:00:00:00:00:00:00:00:00:00:255:255:10:01:02:01
 local address: LID 0000 QPN 0x03e1 PSN 0x5408ec RKey 0x074506 VAddr 0x007f9f1aaf5000
 GID: 00:00:00:00:00:00:00:00:00:00:255:255:10:01:02:01
 local address: LID 0000 QPN 0x03e2 PSN 0x4d8706 RKey 0x074506 VAddr 0x007f9f1ab05000
 GID: 00:00:00:00:00:00:00:00:00:00:255:255:10:01:02:01
 local address: LID 0000 QPN 0x03e3 PSN 0x19dd0d RKey 0x074506 VAddr 0x007f9f1ab15000
 GID: 00:00:00:00:00:00:00:00:00:00:255:255:10:01:02:01
 local address: LID 0000 QPN 0x03e4 PSN 0x9c6f2 RKey 0x074506 VAddr 0x007f9f1ab25000
 GID: 00:00:00:00:00:00:00:00:00:00:255:255:10:01:02:01
 local address: LID 0000 QPN 0x03e5 PSN 0x5ad591 RKey 0x074506 VAddr 0x007f9f1ab35000
 GID: 00:00:00:00:00:00:00:00:00:00:255:255:10:01:02:01
 local address: LID 0000 QPN 0x03e6 PSN 0xfdcdec RKey 0x074506 VAddr 0x007f9f1ab45000
 GID: 00:00:00:00:00:00:00:00:00:00:255:255:10:01:02:01
 local address: LID 0000 QPN 0x03e7 PSN 0x295b7d RKey 0x074506 VAddr 0x007f9f1ab55000
 GID: 00:00:00:00:00:00:00:00:00:00:255:255:10:01:02:01
 local address: LID 0000 QPN 0x03e8 PSN 0xd10d64 RKey 0x074506 VAddr 0x007f9f1ab65000
 GID: 00:00:00:00:00:00:00:00:00:00:255:255:10:01:02:01
 local address: LID 0000 QPN 0x03e9 PSN 0xb1e483 RKey 0x074506 VAddr 0x007f9f1ab75000
 GID: 00:00:00:00:00:00:00:00:00:00:255:255:10:01:02:01
 local address: LID 0000 QPN 0x03ea PSN 0xa83f80 RKey 0x074506 VAddr 0x007f9f1ab85000
 GID: 00:00:00:00:00:00:00:00:00:00:255:255:10:01:02:01
 local address: LID 0000 QPN 0x03eb PSN 0x9db0d9 RKey 0x074506 VAddr 0x007f9f1ab95000
 GID: 00:00:00:00:00:00:00:00:00:00:255:255:10:01:02:01
 local address: LID 0000 QPN 0x03ec PSN 0xe9d3f6 RKey 0x074506 VAddr 0x007f9f1aba5000
 GID: 00:00:00:00:00:00:00:00:00:00:255:255:10:01:02:01
 local address: LID 0000 QPN 0x03ed PSN 0x7ae804 RKey 0x074506 VAddr 0x007f9f1abb5000
 GID: 00:00:00:00:00:00:00:00:00:00:255:255:10:01:02:01
 local address: LID 0000 QPN 0x03ee PSN 0xb50fb2 RKey 0x074506 VAddr 0x007f9f1abc5000
 GID: 00:00:00:00:00:00:00:00:00:00:255:255:10:01:02:01
 local address: LID 0000 QPN 0x03ef PSN 0x3e5e8e RKey 0x074506 VAddr 0x007f9f1abd5000
 GID: 00:00:00:00:00:00:00:00:00:00:255:255:10:01:02:01
 local address: LID 0000 QPN 0x03f0 PSN 0x109434 RKey 0x074506 VAddr 0x007f9f1abe5000
 GID: 00:00:00:00:00:00:00:00:00:00:255:255:10:01:02:01
 local address: LID 0000 QPN 0x03f1 PSN 0x94e1c0 RKey 0x074506 VAddr 0x007f9f1abf5000
 GID: 00:00:00:00:00:00:00:00:00:00:255:255:10:01:02:01
 local address: LID 0000 QPN 0x03f2 PSN 0x4f681c RKey 0x074506 VAddr 0x007f9f1ac05000
 GID: 00:00:00:00:00:00:00:00:00:00:255:255:10:01:02:01
 local address: LID 0000 QPN 0x03f3 PSN 0xbe7e91 RKey 0x074506 VAddr 0x007f9f1ac15000
 GID: 00:00:00:00:00:00:00:00:00:00:255:255:10:01:02:01
 local address: LID 0000 QPN 0x03f4 PSN 0x4d2018 RKey 0x074506 VAddr 0x007f9f1ac25000
 GID: 00:00:00:00:00:00:00:00:00:00:255:255:10:01:02:01
 local address: LID 0000 QPN 0x03f5 PSN 0x81de1a RKey 0x074506 VAddr 0x007f9f1ac35000
 GID: 00:00:00:00:00:00:00:00:00:00:255:255:10:01:02:01
 local address: LID 0000 QPN 0x03f6 PSN 0x19d5eb RKey 0x074506 VAddr 0x007f9f1ac45000
 GID: 00:00:00:00:00:00:00:00:00:00:255:255:10:01:02:01
 local address: LID 0000 QPN 0x03f7 PSN 0x7cc09 RKey 0x074506 VAddr 0x007f9f1ac55000
 GID: 00:00:00:00:00:00:00:00:00:00:255:255:10:01:02:01
 local address: LID 0000 QPN 0x03f8 PSN 0xfedafc RKey 0x074506 VAddr 0x007f9f1ac65000
 GID: 00:00:00:00:00:00:00:00:00:00:255:255:10:01:02:01
 local address: LID 0000 QPN 0x03f9 PSN 0x43d2a2 RKey 0x074506 VAddr 0x007f9f1ac75000
 GID: 00:00:00:00:00:00:00:00:00:00:255:255:10:01:02:01
 local address: LID 0000 QPN 0x03fa PSN 0x2b6c67 RKey 0x074506 VAddr 0x007f9f1ac85000
 GID: 00:00:00:00:00:00:00:00:00:00:255:255:10:01:02:01
 local address: LID 0000 QPN 0x03fb PSN 0x425409 RKey 0x074506 VAddr 0x007f9f1ac95000
 GID: 00:00:00:00:00:00:00:00:00:00:255:255:10:01:02:01
 local address: LID 0000 QPN 0x03fc PSN 0xc9483a RKey 0x074506 VAddr 0x007f9f1aca5000
 GID: 00:00:00:00:00:00:00:00:00:00:255:255:10:01:02:01
 local address: LID 0000 QPN 0x03fd PSN 0x2bb1a2 RKey 0x074506 VAddr 0x007f9f1acb5000
 GID: 00:00:00:00:00:00:00:00:00:00:255:255:10:01:02:01
 local address: LID 0000 QPN 0x03fe PSN 0x684620 RKey 0x074506 VAddr 0x007f9f1acc5000
 GID: 00:00:00:00:00:00:00:00:00:00:255:255:10:01:02:01
 local address: LID 0000 QPN 0x03ff PSN 0x47307b RKey 0x074506 VAddr 0x007f9f1acd5000
 GID: 00:00:00:00:00:00:00:00:00:00:255:255:10:01:02:01
 local address: LID 0000 QPN 0x0400 PSN 0xaca962 RKey 0x074506 VAddr 0x007f9f1ace5000
 GID: 00:00:00:00:00:00:00:00:00:00:255:255:10:01:02:01
 local address: LID 0000 QPN 0x0401 PSN 0xf4e4d8 RKey 0x074506 VAddr 0x007f9f1acf5000
 GID: 00:00:00:00:00:00:00:00:00:00:255:255:10:01:02:01
 local address: LID 0000 QPN 0x0402 PSN 0x88aeb7 RKey 0x074506 VAddr 0x007f9f1ad05000
 GID: 00:00:00:00:00:00:00:00:00:00:255:255:10:01:02:01
 local address: LID 0000 QPN 0x0403 PSN 0x70cf18 RKey 0x074506 VAddr 0x007f9f1ad15000
 GID: 00:00:00:00:00:00:00:00:00:00:255:255:10:01:02:01
 local address: LID 0000 QPN 0x0404 PSN 0x580617 RKey 0x074506 VAddr 0x007f9f1ad25000
 GID: 00:00:00:00:00:00:00:00:00:00:255:255:10:01:02:01
 local address: LID 0000 QPN 0x0405 PSN 0xb8813d RKey 0x074506 VAddr 0x007f9f1ad35000
 GID: 00:00:00:00:00:00:00:00:00:00:255:255:10:01:02:01
 remote address: LID 0000 QPN 0x030f PSN 0x53b608 RKey 0x074506 VAddr 0x007fe7ca665000
 GID: 00:00:00:00:00:00:00:00:00:00:255:255:10:01:02:02
 remote address: LID 0000 QPN 0x0310 PSN 0x571b52 RKey 0x074506 VAddr 0x007fe7ca675000
 GID: 00:00:00:00:00:00:00:00:00:00:255:255:10:01:02:02
 remote address: LID 0000 QPN 0x0311 PSN 0xabcf34 RKey 0x074506 VAddr 0x007fe7ca685000
 GID: 00:00:00:00:00:00:00:00:00:00:255:255:10:01:02:02
 remote address: LID 0000 QPN 0x0312 PSN 0x669073 RKey 0x074506 VAddr 0x007fe7ca695000
 GID: 00:00:00:00:00:00:00:00:00:00:255:255:10:01:02:02
 remote address: LID 0000 QPN 0x0313 PSN 0xe8890a RKey 0x074506 VAddr 0x007fe7ca6a5000
 GID: 00:00:00:00:00:00:00:00:00:00:255:255:10:01:02:02
 remote address: LID 0000 QPN 0x0314 PSN 0xf1aaa4 RKey 0x074506 VAddr 0x007fe7ca6b5000
 GID: 00:00:00:00:00:00:00:00:00:00:255:255:10:01:02:02
 remote address: LID 0000 QPN 0x0315 PSN 0x4ec133 RKey 0x074506 VAddr 0x007fe7ca6c5000
 GID: 00:00:00:00:00:00:00:00:00:00:255:255:10:01:02:02
 remote address: LID 0000 QPN 0x0316 PSN 0xe550b0 RKey 0x074506 VAddr 0x007fe7ca6d5000
 GID: 00:00:00:00:00:00:00:00:00:00:255:255:10:01:02:02
 remote address: LID 0000 QPN 0x0317 PSN 0x305494 RKey 0x074506 VAddr 0x007fe7ca6e5000
 GID: 00:00:00:00:00:00:00:00:00:00:255:255:10:01:02:02
 remote address: LID 0000 QPN 0x0318 PSN 0xc77886 RKey 0x074506 VAddr 0x007fe7ca6f5000
 GID: 00:00:00:00:00:00:00:00:00:00:255:255:10:01:02:02
 remote address: LID 0000 QPN 0x0319 PSN 0xcfeab2 RKey 0x074506 VAddr 0x007fe7ca705000
 GID: 00:00:00:00:00:00:00:00:00:00:255:255:10:01:02:02
 remote address: LID 0000 QPN 0x031a PSN 0xb59a5d RKey 0x074506 VAddr 0x007fe7ca715000
 GID: 00:00:00:00:00:00:00:00:00:00:255:255:10:01:02:02
 remote address: LID 0000 QPN 0x031b PSN 0xc73585 RKey 0x074506 VAddr 0x007fe7ca725000
 GID: 00:00:00:00:00:00:00:00:00:00:255:255:10:01:02:02
 remote address: LID 0000 QPN 0x031c PSN 0xcf314e RKey 0x074506 VAddr 0x007fe7ca735000
 GID: 00:00:00:00:00:00:00:00:00:00:255:255:10:01:02:02
 remote address: LID 0000 QPN 0x031d PSN 0xeb96f4 RKey 0x074506 VAddr 0x007fe7ca745000
 GID: 00:00:00:00:00:00:00:00:00:00:255:255:10:01:02:02
 remote address: LID 0000 QPN 0x031e PSN 0x284da8 RKey 0x074506 VAddr 0x007fe7ca755000
 GID: 00:00:00:00:00:00:00:00:00:00:255:255:10:01:02:02
 remote address: LID 0000 QPN 0x031f PSN 0xf27b9d RKey 0x074506 VAddr 0x007fe7ca765000
 GID: 00:00:00:00:00:00:00:00:00:00:255:255:10:01:02:02
 remote address: LID 0000 QPN 0x0320 PSN 0x6d4793 RKey 0x074506 VAddr 0x007fe7ca775000
 GID: 00:00:00:00:00:00:00:00:00:00:255:255:10:01:02:02
 remote address: LID 0000 QPN 0x0321 PSN 0x3cca72 RKey 0x074506 VAddr 0x007fe7ca785000
 GID: 00:00:00:00:00:00:00:00:00:00:255:255:10:01:02:02
 remote address: LID 0000 QPN 0x0322 PSN 0x1f0777 RKey 0x074506 VAddr 0x007fe7ca795000
 GID: 00:00:00:00:00:00:00:00:00:00:255:255:10:01:02:02
 remote address: LID 0000 QPN 0x0323 PSN 0x69710c RKey 0x074506 VAddr 0x007fe7ca7a5000
 GID: 00:00:00:00:00:00:00:00:00:00:255:255:10:01:02:02
 remote address: LID 0000 QPN 0x0324 PSN 0x6ee5eb RKey 0x074506 VAddr 0x007fe7ca7b5000
 GID: 00:00:00:00:00:00:00:00:00:00:255:255:10:01:02:02
 remote address: LID 0000 QPN 0x0325 PSN 0x227e73 RKey 0x074506 VAddr 0x007fe7ca7c5000
 GID: 00:00:00:00:00:00:00:00:00:00:255:255:10:01:02:02
 remote address: LID 0000 QPN 0x0326 PSN 0x2addff RKey 0x074506 VAddr 0x007fe7ca7d5000
 GID: 00:00:00:00:00:00:00:00:00:00:255:255:10:01:02:02
 remote address: LID 0000 QPN 0x0327 PSN 0x6ed094 RKey 0x074506 VAddr 0x007fe7ca7e5000
 GID: 00:00:00:00:00:00:00:00:00:00:255:255:10:01:02:02
 remote address: LID 0000 QPN 0x0328 PSN 0xc2facf RKey 0x074506 VAddr 0x007fe7ca7f5000
 GID: 00:00:00:00:00:00:00:00:00:00:255:255:10:01:02:02
 remote address: LID 0000 QPN 0x0329 PSN 0x8ebc44 RKey 0x074506 VAddr 0x007fe7ca805000
 GID: 00:00:00:00:00:00:00:00:00:00:255:255:10:01:02:02
 remote address: LID 0000 QPN 0x032a PSN 0xa91476 RKey 0x074506 VAddr 0x007fe7ca815000
 GID: 00:00:00:00:00:00:00:00:00:00:255:255:10:01:02:02
 remote address: LID 0000 QPN 0x032b PSN 0x93345d RKey 0x074506 VAddr 0x007fe7ca825000
 GID: 00:00:00:00:00:00:00:00:00:00:255:255:10:01:02:02
 remote address: LID 0000 QPN 0x032c PSN 0x4e09b RKey 0x074506 VAddr 0x007fe7ca835000
 GID: 00:00:00:00:00:00:00:00:00:00:255:255:10:01:02:02
 remote address: LID 0000 QPN 0x032d PSN 0xd9f215 RKey 0x074506 VAddr 0x007fe7ca845000
 GID: 00:00:00:00:00:00:00:00:00:00:255:255:10:01:02:02
 remote address: LID 0000 QPN 0x032e PSN 0xf217e0 RKey 0x074506 VAddr 0x007fe7ca855000
 GID: 00:00:00:00:00:00:00:00:00:00:255:255:10:01:02:02
 remote address: LID 0000 QPN 0x032f PSN 0x736755 RKey 0x074506 VAddr 0x007fe7ca865000
 GID: 00:00:00:00:00:00:00:00:00:00:255:255:10:01:02:02
 remote address: LID 0000 QPN 0x0330 PSN 0x6243b2 RKey 0x074506 VAddr 0x007fe7ca875000
 GID: 00:00:00:00:00:00:00:00:00:00:255:255:10:01:02:02
 remote address: LID 0000 QPN 0x0331 PSN 0xc07b70 RKey 0x074506 VAddr 0x007fe7ca885000
 GID: 00:00:00:00:00:00:00:00:00:00:255:255:10:01:02:02
 remote address: LID 0000 QPN 0x0332 PSN 0x623706 RKey 0x074506 VAddr 0x007fe7ca895000
 GID: 00:00:00:00:00:00:00:00:00:00:255:255:10:01:02:02
 remote address: LID 0000 QPN 0x0333 PSN 0xca2341 RKey 0x074506 VAddr 0x007fe7ca8a5000
 GID: 00:00:00:00:00:00:00:00:00:00:255:255:10:01:02:02
 remote address: LID 0000 QPN 0x0334 PSN 0x1e08bf RKey 0x074506 VAddr 0x007fe7ca8b5000
 GID: 00:00:00:00:00:00:00:00:00:00:255:255:10:01:02:02
 remote address: LID 0000 QPN 0x0335 PSN 0xd5f756 RKey 0x074506 VAddr 0x007fe7ca8c5000
 GID: 00:00:00:00:00:00:00:00:00:00:255:255:10:01:02:02
 remote address: LID 0000 QPN 0x0336 PSN 0xc8a786 RKey 0x074506 VAddr 0x007fe7ca8d5000
 GID: 00:00:00:00:00:00:00:00:00:00:255:255:10:01:02:02
 remote address: LID 0000 QPN 0x0337 PSN 0xdb6565 RKey 0x074506 VAddr 0x007fe7ca8e5000
 GID: 00:00:00:00:00:00:00:00:00:00:255:255:10:01:02:02
 remote address: LID 0000 QPN 0x0338 PSN 0xc1516 RKey 0x074506 VAddr 0x007fe7ca8f5000
 GID: 00:00:00:00:00:00:00:00:00:00:255:255:10:01:02:02
 remote address: LID 0000 QPN 0x0339 PSN 0x99a5f8 RKey 0x074506 VAddr 0x007fe7ca905000
 GID: 00:00:00:00:00:00:00:00:00:00:255:255:10:01:02:02
 remote address: LID 0000 QPN 0x033a PSN 0xc08a03 RKey 0x074506 VAddr 0x007fe7ca915000
 GID: 00:00:00:00:00:00:00:00:00:00:255:255:10:01:02:02
 remote address: LID 0000 QPN 0x033b PSN 0x3823cc RKey 0x074506 VAddr 0x007fe7ca925000
 GID: 00:00:00:00:00:00:00:00:00:00:255:255:10:01:02:02
 remote address: LID 0000 QPN 0x033c PSN 0xfdfb38 RKey 0x074506 VAddr 0x007fe7ca935000
 GID: 00:00:00:00:00:00:00:00:00:00:255:255:10:01:02:02
 remote address: LID 0000 QPN 0x033d PSN 0x90a80f RKey 0x074506 VAddr 0x007fe7ca945000
 GID: 00:00:00:00:00:00:00:00:00:00:255:255:10:01:02:02
 remote address: LID 0000 QPN 0x033e PSN 0xc0bf7c RKey 0x074506 VAddr 0x007fe7ca955000
 GID: 00:00:00:00:00:00:00:00:00:00:255:255:10:01:02:02
 remote address: LID 0000 QPN 0x033f PSN 0xbbcd35 RKey 0x074506 VAddr 0x007fe7ca965000
 GID: 00:00:00:00:00:00:00:00:00:00:255:255:10:01:02:02
 remote address: LID 0000 QPN 0x0340 PSN 0x56ad75 RKey 0x074506 VAddr 0x007fe7ca975000
 GID: 00:00:00:00:00:00:00:00:00:00:255:255:10:01:02:02
 remote address: LID 0000 QPN 0x0341 PSN 0xfe99d8 RKey 0x074506 VAddr 0x007fe7ca985000
 GID: 00:00:00:00:00:00:00:00:00:00:255:255:10:01:02:02
 remote address: LID 0000 QPN 0x0342 PSN 0x6a81bb RKey 0x074506 VAddr 0x007fe7ca995000
 GID: 00:00:00:00:00:00:00:00:00:00:255:255:10:01:02:02
 remote address: LID 0000 QPN 0x0343 PSN 0x119d9a RKey 0x074506 VAddr 0x007fe7ca9a5000
 GID: 00:00:00:00:00:00:00:00:00:00:255:255:10:01:02:02
 remote address: LID 0000 QPN 0x0344 PSN 0xfb78ac RKey 0x074506 VAddr 0x007fe7ca9b5000
 GID: 00:00:00:00:00:00:00:00:00:00:255:255:10:01:02:02
 remote address: LID 0000 QPN 0x0345 PSN 0xa2a3b0 RKey 0x074506 VAddr 0x007fe7ca9c5000
 GID: 00:00:00:00:00:00:00:00:00:00:255:255:10:01:02:02
 remote address: LID 0000 QPN 0x0346 PSN 0xebd0e4 RKey 0x074506 VAddr 0x007fe7ca9d5000
 GID: 00:00:00:00:00:00:00:00:00:00:255:255:10:01:02:02
 remote address: LID 0000 QPN 0x0347 PSN 0xa6715e RKey 0x074506 VAddr 0x007fe7ca9e5000
 GID: 00:00:00:00:00:00:00:00:00:00:255:255:10:01:02:02
 remote address: LID 0000 QPN 0x0348 PSN 0xbaa92e RKey 0x074506 VAddr 0x007fe7ca9f5000
 GID: 00:00:00:00:00:00:00:00:00:00:255:255:10:01:02:02
 remote address: LID 0000 QPN 0x0349 PSN 0xe6ba47 RKey 0x074506 VAddr 0x007fe7caa05000
 GID: 00:00:00:00:00:00:00:00:00:00:255:255:10:01:02:02
 remote address: LID 0000 QPN 0x034a PSN 0x49e82d RKey 0x074506 VAddr 0x007fe7caa15000
 GID: 00:00:00:00:00:00:00:00:00:00:255:255:10:01:02:02
 remote address: LID 0000 QPN 0x034b PSN 0x4c6112 RKey 0x074506 VAddr 0x007fe7caa25000
 GID: 00:00:00:00:00:00:00:00:00:00:255:255:10:01:02:02
 remote address: LID 0000 QPN 0x034c PSN 0x245bc1 RKey 0x074506 VAddr 0x007fe7caa35000
 GID: 00:00:00:00:00:00:00:00:00:00:255:255:10:01:02:02
 remote address: LID 0000 QPN 0x034d PSN 0xd06884 RKey 0x074506 VAddr 0x007fe7caa45000
 GID: 00:00:00:00:00:00:00:00:00:00:255:255:10:01:02:02
 remote address: LID 0000 QPN 0x034e PSN 0x390bac RKey 0x074506 VAddr 0x007fe7caa55000
 GID: 00:00:00:00:00:00:00:00:00:00:255:255:10:01:02:02
 remote address: LID 0000 QPN 0x034f PSN 0xa00fe4 RKey 0x074506 VAddr 0x007fe7caa65000
 GID: 00:00:00:00:00:00:00:00:00:00:255:255:10:01:02:02
 remote address: LID 0000 QPN 0x0350 PSN 0xd81cc0 RKey 0x074506 VAddr 0x007fe7caa75000
 GID: 00:00:00:00:00:00:00:00:00:00:255:255:10:01:02:02
 remote address: LID 0000 QPN 0x0351 PSN 0x5e1cf5 RKey 0x074506 VAddr 0x007fe7caa85000
 GID: 00:00:00:00:00:00:00:00:00:00:255:255:10:01:02:02
 remote address: LID 0000 QPN 0x0352 PSN 0xea214b RKey 0x074506 VAddr 0x007fe7caa95000
 GID: 00:00:00:00:00:00:00:00:00:00:255:255:10:01:02:02
 remote address: LID 0000 QPN 0x0353 PSN 0x1436a4 RKey 0x074506 VAddr 0x007fe7caaa5000
 GID: 00:00:00:00:00:00:00:00:00:00:255:255:10:01:02:02
 remote address: LID 0000 QPN 0x0354 PSN 0x921760 RKey 0x074506 VAddr 0x007fe7caab5000
 GID: 00:00:00:00:00:00:00:00:00:00:255:255:10:01:02:02
 remote address: LID 0000 QPN 0x0355 PSN 0x7194f1 RKey 0x074506 VAddr 0x007fe7caac5000
 GID: 00:00:00:00:00:00:00:00:00:00:255:255:10:01:02:02
 remote address: LID 0000 QPN 0x0356 PSN 0xba6d9 RKey 0x074506 VAddr 0x007fe7caad5000
 GID: 00:00:00:00:00:00:00:00:00:00:255:255:10:01:02:02
 remote address: LID 0000 QPN 0x0357 PSN 0x69574 RKey 0x074506 VAddr 0x007fe7caae5000
 GID: 00:00:00:00:00:00:00:00:00:00:255:255:10:01:02:02
 remote address: LID 0000 QPN 0x0358 PSN 0xecb70d RKey 0x074506 VAddr 0x007fe7caaf5000
 GID: 00:00:00:00:00:00:00:00:00:00:255:255:10:01:02:02
 remote address: LID 0000 QPN 0x0359 PSN 0x979f4d RKey 0x074506 VAddr 0x007fe7cab05000
 GID: 00:00:00:00:00:00:00:00:00:00:255:255:10:01:02:02
 remote address: LID 0000 QPN 0x035a PSN 0x42b73b RKey 0x074506 VAddr 0x007fe7cab15000
 GID: 00:00:00:00:00:00:00:00:00:00:255:255:10:01:02:02
 remote address: LID 0000 QPN 0x035b PSN 0xa160c RKey 0x074506 VAddr 0x007fe7cab25000
 GID: 00:00:00:00:00:00:00:00:00:00:255:255:10:01:02:02
 remote address: LID 0000 QPN 0x035c PSN 0xf7bcf3 RKey 0x074506 VAddr 0x007fe7cab35000
 GID: 00:00:00:00:00:00:00:00:00:00:255:255:10:01:02:02
 remote address: LID 0000 QPN 0x035d PSN 0x8710b7 RKey 0x074506 VAddr 0x007fe7cab45000
 GID: 00:00:00:00:00:00:00:00:00:00:255:255:10:01:02:02
 remote address: LID 0000 QPN 0x035e PSN 0xb9f0c0 RKey 0x074506 VAddr 0x007fe7cab55000
 GID: 00:00:00:00:00:00:00:00:00:00:255:255:10:01:02:02
 remote address: LID 0000 QPN 0x035f PSN 0x4488a7 RKey 0x074506 VAddr 0x007fe7cab65000
 GID: 00:00:00:00:00:00:00:00:00:00:255:255:10:01:02:02
 remote address: LID 0000 QPN 0x0360 PSN 0x93eb98 RKey 0x074506 VAddr 0x007fe7cab75000
 GID: 00:00:00:00:00:00:00:00:00:00:255:255:10:01:02:02
 remote address: LID 0000 QPN 0x0361 PSN 0xb463b2 RKey 0x074506 VAddr 0x007fe7cab85000
 GID: 00:00:00:00:00:00:00:00:00:00:255:255:10:01:02:02
 remote address: LID 0000 QPN 0x0362 PSN 0x2f2e92 RKey 0x074506 VAddr 0x007fe7cab95000
 GID: 00:00:00:00:00:00:00:00:00:00:255:255:10:01:02:02
 remote address: LID 0000 QPN 0x0363 PSN 0xfb058e RKey 0x074506 VAddr 0x007fe7caba5000
 GID: 00:00:00:00:00:00:00:00:00:00:255:255:10:01:02:02
 remote address: LID 0000 QPN 0x0364 PSN 0x128aa6 RKey 0x074506 VAddr 0x007fe7cabb5000
 GID: 00:00:00:00:00:00:00:00:00:00:255:255:10:01:02:02
 remote address: LID 0000 QPN 0x0365 PSN 0x751e2e RKey 0x074506 VAddr 0x007fe7cabc5000
 GID: 00:00:00:00:00:00:00:00:00:00:255:255:10:01:02:02
 remote address: LID 0000 QPN 0x0366 PSN 0x462747 RKey 0x074506 VAddr 0x007fe7cabd5000
 GID: 00:00:00:00:00:00:00:00:00:00:255:255:10:01:02:02
 remote address: LID 0000 QPN 0x0367 PSN 0xce9d3f RKey 0x074506 VAddr 0x007fe7cabe5000
 GID: 00:00:00:00:00:00:00:00:00:00:255:255:10:01:02:02
 remote address: LID 0000 QPN 0x0368 PSN 0xa24c7 RKey 0x074506 VAddr 0x007fe7cabf5000
 GID: 00:00:00:00:00:00:00:00:00:00:255:255:10:01:02:02
 remote address: LID 0000 QPN 0x0369 PSN 0x85b6c3 RKey 0x074506 VAddr 0x007fe7cac05000
 GID: 00:00:00:00:00:00:00:00:00:00:255:255:10:01:02:02
 remote address: LID 0000 QPN 0x036a PSN 0xf52297 RKey 0x074506 VAddr 0x007fe7cac15000
 GID: 00:00:00:00:00:00:00:00:00:00:255:255:10:01:02:02
 remote address: LID 0000 QPN 0x036b PSN 0x5ba13a RKey 0x074506 VAddr 0x007fe7cac25000
 GID: 00:00:00:00:00:00:00:00:00:00:255:255:10:01:02:02
 remote address: LID 0000 QPN 0x036c PSN 0xc601a9 RKey 0x074506 VAddr 0x007fe7cac35000
 GID: 00:00:00:00:00:00:00:00:00:00:255:255:10:01:02:02
 remote address: LID 0000 QPN 0x036d PSN 0xf6538a RKey 0x074506 VAddr 0x007fe7cac45000
 GID: 00:00:00:00:00:00:00:00:00:00:255:255:10:01:02:02
 remote address: LID 0000 QPN 0x036e PSN 0xc21829 RKey 0x074506 VAddr 0x007fe7cac55000
 GID: 00:00:00:00:00:00:00:00:00:00:255:255:10:01:02:02
 remote address: LID 0000 QPN 0x036f PSN 0x886f67 RKey 0x074506 VAddr 0x007fe7cac65000
 GID: 00:00:00:00:00:00:00:00:00:00:255:255:10:01:02:02
 remote address: LID 0000 QPN 0x0370 PSN 0x4bfe21 RKey 0x074506 VAddr 0x007fe7cac75000
 GID: 00:00:00:00:00:00:00:00:00:00:255:255:10:01:02:02
 remote address: LID 0000 QPN 0x0371 PSN 0x2e5c98 RKey 0x074506 VAddr 0x007fe7cac85000
 GID: 00:00:00:00:00:00:00:00:00:00:255:255:10:01:02:02
 remote address: LID 0000 QPN 0x0372 PSN 0x59a986 RKey 0x074506 VAddr 0x007fe7cac95000
 GID: 00:00:00:00:00:00:00:00:00:00:255:255:10:01:02:02
 remote address: LID 0000 QPN 0x0373 PSN 0x754a27 RKey 0x074506 VAddr 0x007fe7caca5000
 GID: 00:00:00:00:00:00:00:00:00:00:255:255:10:01:02:02
 remote address: LID 0000 QPN 0x0374 PSN 0xcc846b RKey 0x074506 VAddr 0x007fe7cacb5000
 GID: 00:00:00:00:00:00:00:00:00:00:255:255:10:01:02:02
 remote address: LID 0000 QPN 0x0375 PSN 0x7c7c18 RKey 0x074506 VAddr 0x007fe7cacc5000
 GID: 00:00:00:00:00:00:00:00:00:00:255:255:10:01:02:02
 remote address: LID 0000 QPN 0x0376 PSN 0xee892f RKey 0x074506 VAddr 0x007fe7cacd5000
 GID: 00:00:00:00:00:00:00:00:00:00:255:255:10:01:02:02
 remote address: LID 0000 QPN 0x0377 PSN 0x4d66f5 RKey 0x074506 VAddr 0x007fe7cace5000
 GID: 00:00:00:00:00:00:00:00:00:00:255:255:10:01:02:02
 remote address: LID 0000 QPN 0x0378 PSN 0x8a868f RKey 0x074506 VAddr 0x007fe7cacf5000
 GID: 00:00:00:00:00:00:00:00:00:00:255:255:10:01:02:02
 remote address: LID 0000 QPN 0x0379 PSN 0x284604 RKey 0x074506 VAddr 0x007fe7cad05000
 GID: 00:00:00:00:00:00:00:00:00:00:255:255:10:01:02:02
 remote address: LID 0000 QPN 0x037a PSN 0xe700c9 RKey 0x074506 VAddr 0x007fe7cad15000
 GID: 00:00:00:00:00:00:00:00:00:00:255:255:10:01:02:02
 remote address: LID 0000 QPN 0x037b PSN 0xd1fdb9 RKey 0x074506 VAddr 0x007fe7cad25000
 GID: 00:00:00:00:00:00:00:00:00:00:255:255:10:01:02:02
 remote address: LID 0000 QPN 0x037c PSN 0x57ce0 RKey 0x074506 VAddr 0x007fe7cad35000
 GID: 00:00:00:00:00:00:00:00:00:00:255:255:10:01:02:02
 remote address: LID 0000 QPN 0x037d PSN 0xd46180 RKey 0x074506 VAddr 0x007fe7cad45000
 GID: 00:00:00:00:00:00:00:00:00:00:255:255:10:01:02:02
 remote address: LID 0000 QPN 0x037e PSN 0xc76876 RKey 0x074506 VAddr 0x007fe7cad55000
 GID: 00:00:00:00:00:00:00:00:00:00:255:255:10:01:02:02
 remote address: LID 0000 QPN 0x037f PSN 0xfac2a9 RKey 0x074506 VAddr 0x007fe7cad65000
 GID: 00:00:00:00:00:00:00:00:00:00:255:255:10:01:02:02
 remote address: LID 0000 QPN 0x0380 PSN 0x8d8a9f RKey 0x074506 VAddr 0x007fe7cad75000
 GID: 00:00:00:00:00:00:00:00:00:00:255:255:10:01:02:02
 remote address: LID 0000 QPN 0x0381 PSN 0xd3add3 RKey 0x074506 VAddr 0x007fe7cad85000
 GID: 00:00:00:00:00:00:00:00:00:00:255:255:10:01:02:02
 remote address: LID 0000 QPN 0x0382 PSN 0x238140 RKey 0x074506 VAddr 0x007fe7cad95000
 GID: 00:00:00:00:00:00:00:00:00:00:255:255:10:01:02:02
 remote address: LID 0000 QPN 0x0383 PSN 0x13d4dc RKey 0x074506 VAddr 0x007fe7cada5000
 GID: 00:00:00:00:00:00:00:00:00:00:255:255:10:01:02:02
 remote address: LID 0000 QPN 0x0384 PSN 0x8a0abc RKey 0x074506 VAddr 0x007fe7cadb5000
 GID: 00:00:00:00:00:00:00:00:00:00:255:255:10:01:02:02
 remote address: LID 0000 QPN 0x0385 PSN 0x817d02 RKey 0x074506 VAddr 0x007fe7cadc5000
 GID: 00:00:00:00:00:00:00:00:00:00:255:255:10:01:02:02
 remote address: LID 0000 QPN 0x0386 PSN 0xcdc4af RKey 0x074506 VAddr 0x007fe7cadd5000
 GID: 00:00:00:00:00:00:00:00:00:00:255:255:10:01:02:02
 remote address: LID 0000 QPN 0x0387 PSN 0xf7cb6d RKey 0x074506 VAddr 0x007fe7cade5000
 GID: 00:00:00:00:00:00:00:00:00:00:255:255:10:01:02:02
 remote address: LID 0000 QPN 0x0388 PSN 0xbce6bc RKey 0x074506 VAddr 0x007fe7cadf5000
 GID: 00:00:00:00:00:00:00:00:00:00:255:255:10:01:02:02
 remote address: LID 0000 QPN 0x0389 PSN 0x549e0b RKey 0x074506 VAddr 0x007fe7cae05000
 GID: 00:00:00:00:00:00:00:00:00:00:255:255:10:01:02:02
 remote address: LID 0000 QPN 0x038a PSN 0x9adb7a RKey 0x074506 VAddr 0x007fe7cae15000
 GID: 00:00:00:00:00:00:00:00:00:00:255:255:10:01:02:02
 remote address: LID 0000 QPN 0x038b PSN 0x52b48 RKey 0x074506 VAddr 0x007fe7cae25000
 GID: 00:00:00:00:00:00:00:00:00:00:255:255:10:01:02:02
 remote address: LID 0000 QPN 0x038c PSN 0xd139b6 RKey 0x074506 VAddr 0x007fe7cae35000
 GID: 00:00:00:00:00:00:00:00:00:00:255:255:10:01:02:02
 remote address: LID 0000 QPN 0x038d PSN 0xe690bb RKey 0x074506 VAddr 0x007fe7cae45000
 GID: 00:00:00:00:00:00:00:00:00:00:255:255:10:01:02:02
 remote address: LID 0000 QPN 0x038e PSN 0x8d5a RKey 0x074506 VAddr 0x007fe7cae55000
 GID: 00:00:00:00:00:00:00:00:00:00:255:255:10:01:02:02
 remote address: LID 0000 QPN 0x038f PSN 0xd92f94 RKey 0x074506 VAddr 0x007fe7cae65000
 GID: 00:00:00:00:00:00:00:00:00:00:255:255:10:01:02:02
 remote address: LID 0000 QPN 0x0390 PSN 0xa9e177 RKey 0x074506 VAddr 0x007fe7cae75000
 GID: 00:00:00:00:00:00:00:00:00:00:255:255:10:01:02:02
 remote address: LID 0000 QPN 0x0391 PSN 0x23dd2c RKey 0x074506 VAddr 0x007fe7cae85000
 GID: 00:00:00:00:00:00:00:00:00:00:255:255:10:01:02:02
 remote address: LID 0000 QPN 0x0392 PSN 0xba9bf9 RKey 0x074506 VAddr 0x007fe7cae95000
 GID: 00:00:00:00:00:00:00:00:00:00:255:255:10:01:02:02
 remote address: LID 0000 QPN 0x0393 PSN 0x4e6ebd RKey 0x074506 VAddr 0x007fe7caea5000
 GID: 00:00:00:00:00:00:00:00:00:00:255:255:10:01:02:02
 remote address: LID 0000 QPN 0x0394 PSN 0x4cbfc5 RKey 0x074506 VAddr 0x007fe7caeb5000
 GID: 00:00:00:00:00:00:00:00:00:00:255:255:10:01:02:02
 remote address: LID 0000 QPN 0x0395 PSN 0xf028df RKey 0x074506 VAddr 0x007fe7caec5000
 GID: 00:00:00:00:00:00:00:00:00:00:255:255:10:01:02:02
 remote address: LID 0000 QPN 0x0396 PSN 0x951b0a RKey 0x074506 VAddr 0x007fe7caed5000
 GID: 00:00:00:00:00:00:00:00:00:00:255:255:10:01:02:02
 remote address: LID 0000 QPN 0x0397 PSN 0x5c861c RKey 0x074506 VAddr 0x007fe7caee5000
 GID: 00:00:00:00:00:00:00:00:00:00:255:255:10:01:02:02
 remote address: LID 0000 QPN 0x0398 PSN 0x118dc1 RKey 0x074506 VAddr 0x007fe7caef5000
 GID: 00:00:00:00:00:00:00:00:00:00:255:255:10:01:02:02
 remote address: LID 0000 QPN 0x0399 PSN 0x584372 RKey 0x074506 VAddr 0x007fe7caf05000
 GID: 00:00:00:00:00:00:00:00:00:00:255:255:10:01:02:02
 remote address: LID 0000 QPN 0x039a PSN 0xa2f772 RKey 0x074506 VAddr 0x007fe7caf15000
 GID: 00:00:00:00:00:00:00:00:00:00:255:255:10:01:02:02
 remote address: LID 0000 QPN 0x039b PSN 0xde9646 RKey 0x074506 VAddr 0x007fe7caf25000
 GID: 00:00:00:00:00:00:00:00:00:00:255:255:10:01:02:02
 remote address: LID 0000 QPN 0x039c PSN 0x74365 RKey 0x074506 VAddr 0x007fe7caf35000
 GID: 00:00:00:00:00:00:00:00:00:00:255:255:10:01:02:02
 remote address: LID 0000 QPN 0x039d PSN 0x9604fe RKey 0x074506 VAddr 0x007fe7caf45000
 GID: 00:00:00:00:00:00:00:00:00:00:255:255:10:01:02:02
 remote address: LID 0000 QPN 0x039e PSN 0xa07fa3 RKey 0x074506 VAddr 0x007fe7caf55000
 GID: 00:00:00:00:00:00:00:00:00:00:255:255:10:01:02:02
 remote address: LID 0000 QPN 0x039f PSN 0x98f9ee RKey 0x074506 VAddr 0x007fe7caf65000
 GID: 00:00:00:00:00:00:00:00:00:00:255:255:10:01:02:02
 remote address: LID 0000 QPN 0x03a0 PSN 0x71352d RKey 0x074506 VAddr 0x007fe7caf75000
 GID: 00:00:00:00:00:00:00:00:00:00:255:255:10:01:02:02
 remote address: LID 0000 QPN 0x03a1 PSN 0x4d780f RKey 0x074506 VAddr 0x007fe7caf85000
 GID: 00:00:00:00:00:00:00:00:00:00:255:255:10:01:02:02
 remote address: LID 0000 QPN 0x03a2 PSN 0x2cdf0a RKey 0x074506 VAddr 0x007fe7caf95000
 GID: 00:00:00:00:00:00:00:00:00:00:255:255:10:01:02:02
 remote address: LID 0000 QPN 0x03a3 PSN 0xb34178 RKey 0x074506 VAddr 0x007fe7cafa5000
 GID: 00:00:00:00:00:00:00:00:00:00:255:255:10:01:02:02
 remote address: LID 0000 QPN 0x03a4 PSN 0xed29d3 RKey 0x074506 VAddr 0x007fe7cafb5000
 GID: 00:00:00:00:00:00:00:00:00:00:255:255:10:01:02:02
 remote address: LID 0000 QPN 0x03a5 PSN 0x286941 RKey 0x074506 VAddr 0x007fe7cafc5000
 GID: 00:00:00:00:00:00:00:00:00:00:255:255:10:01:02:02
 remote address: LID 0000 QPN 0x03a6 PSN 0x29e9e RKey 0x074506 VAddr 0x007fe7cafd5000
 GID: 00:00:00:00:00:00:00:00:00:00:255:255:10:01:02:02
 remote address: LID 0000 QPN 0x03a7 PSN 0xe21d1b RKey 0x074506 VAddr 0x007fe7cafe5000
 GID: 00:00:00:00:00:00:00:00:00:00:255:255:10:01:02:02
 remote address: LID 0000 QPN 0x03a8 PSN 0x65ca32 RKey 0x074506 VAddr 0x007fe7caff5000
 GID: 00:00:00:00:00:00:00:00:00:00:255:255:10:01:02:02
 remote address: LID 0000 QPN 0x03a9 PSN 0xed1673 RKey 0x074506 VAddr 0x007fe7cb005000
 GID: 00:00:00:00:00:00:00:00:00:00:255:255:10:01:02:02
 remote address: LID 0000 QPN 0x03aa PSN 0x865c99 RKey 0x074506 VAddr 0x007fe7cb015000
 GID: 00:00:00:00:00:00:00:00:00:00:255:255:10:01:02:02
 remote address: LID 0000 QPN 0x03ab PSN 0x4d7fb1 RKey 0x074506 VAddr 0x007fe7cb025000
 GID: 00:00:00:00:00:00:00:00:00:00:255:255:10:01:02:02
 remote address: LID 0000 QPN 0x03ac PSN 0x88ed4c RKey 0x074506 VAddr 0x007fe7cb035000
 GID: 00:00:00:00:00:00:00:00:00:00:255:255:10:01:02:02
 remote address: LID 0000 QPN 0x03ad PSN 0xfe57ab RKey 0x074506 VAddr 0x007fe7cb045000
 GID: 00:00:00:00:00:00:00:00:00:00:255:255:10:01:02:02
 remote address: LID 0000 QPN 0x03ae PSN 0x40d44 RKey 0x074506 VAddr 0x007fe7cb055000
 GID: 00:00:00:00:00:00:00:00:00:00:255:255:10:01:02:02
 remote address: LID 0000 QPN 0x03af PSN 0x79e41e RKey 0x074506 VAddr 0x007fe7cb065000
 GID: 00:00:00:00:00:00:00:00:00:00:255:255:10:01:02:02
 remote address: LID 0000 QPN 0x03b0 PSN 0x2f6267 RKey 0x074506 VAddr 0x007fe7cb075000
 GID: 00:00:00:00:00:00:00:00:00:00:255:255:10:01:02:02
 remote address: LID 0000 QPN 0x03b1 PSN 0x7f3b86 RKey 0x074506 VAddr 0x007fe7cb085000
 GID: 00:00:00:00:00:00:00:00:00:00:255:255:10:01:02:02
 remote address: LID 0000 QPN 0x03b2 PSN 0xe636ea RKey 0x074506 VAddr 0x007fe7cb095000
 GID: 00:00:00:00:00:00:00:00:00:00:255:255:10:01:02:02
 remote address: LID 0000 QPN 0x03b3 PSN 0xc03f5b RKey 0x074506 VAddr 0x007fe7cb0a5000
 GID: 00:00:00:00:00:00:00:00:00:00:255:255:10:01:02:02
 remote address: LID 0000 QPN 0x03b4 PSN 0x1bfb52 RKey 0x074506 VAddr 0x007fe7cb0b5000
 GID: 00:00:00:00:00:00:00:00:00:00:255:255:10:01:02:02
 remote address: LID 0000 QPN 0x03b5 PSN 0xb9b15a RKey 0x074506 VAddr 0x007fe7cb0c5000
 GID: 00:00:00:00:00:00:00:00:00:00:255:255:10:01:02:02
 remote address: LID 0000 QPN 0x03b6 PSN 0x37baee RKey 0x074506 VAddr 0x007fe7cb0d5000
 GID: 00:00:00:00:00:00:00:00:00:00:255:255:10:01:02:02
 remote address: LID 0000 QPN 0x03b7 PSN 0xcec91e RKey 0x074506 VAddr 0x007fe7cb0e5000
 GID: 00:00:00:00:00:00:00:00:00:00:255:255:10:01:02:02
 remote address: LID 0000 QPN 0x03b8 PSN 0xd1b8c5 RKey 0x074506 VAddr 0x007fe7cb0f5000
 GID: 00:00:00:00:00:00:00:00:00:00:255:255:10:01:02:02
 remote address: LID 0000 QPN 0x03b9 PSN 0x877aea RKey 0x074506 VAddr 0x007fe7cb105000
 GID: 00:00:00:00:00:00:00:00:00:00:255:255:10:01:02:02
 remote address: LID 0000 QPN 0x03ba PSN 0xf7ddf9 RKey 0x074506 VAddr 0x007fe7cb115000
 GID: 00:00:00:00:00:00:00:00:00:00:255:255:10:01:02:02
 remote address: LID 0000 QPN 0x03bb PSN 0xe56528 RKey 0x074506 VAddr 0x007fe7cb125000
 GID: 00:00:00:00:00:00:00:00:00:00:255:255:10:01:02:02
 remote address: LID 0000 QPN 0x03bc PSN 0x1d1ae6 RKey 0x074506 VAddr 0x007fe7cb135000
 GID: 00:00:00:00:00:00:00:00:00:00:255:255:10:01:02:02
 remote address: LID 0000 QPN 0x03bd PSN 0xf63fc4 RKey 0x074506 VAddr 0x007fe7cb145000
 GID: 00:00:00:00:00:00:00:00:00:00:255:255:10:01:02:02
 remote address: LID 0000 QPN 0x03be PSN 0x51614b RKey 0x074506 VAddr 0x007fe7cb155000
 GID: 00:00:00:00:00:00:00:00:00:00:255:255:10:01:02:02
 remote address: LID 0000 QPN 0x03bf PSN 0xa3172a RKey 0x074506 VAddr 0x007fe7cb165000
 GID: 00:00:00:00:00:00:00:00:00:00:255:255:10:01:02:02
 remote address: LID 0000 QPN 0x03c0 PSN 0x6ab7e8 RKey 0x074506 VAddr 0x007fe7cb175000
 GID: 00:00:00:00:00:00:00:00:00:00:255:255:10:01:02:02
 remote address: LID 0000 QPN 0x03c1 PSN 0xd33c3b RKey 0x074506 VAddr 0x007fe7cb185000
 GID: 00:00:00:00:00:00:00:00:00:00:255:255:10:01:02:02
 remote address: LID 0000 QPN 0x03c2 PSN 0xc09f33 RKey 0x074506 VAddr 0x007fe7cb195000
 GID: 00:00:00:00:00:00:00:00:00:00:255:255:10:01:02:02
 remote address: LID 0000 QPN 0x03c3 PSN 0xe68b55 RKey 0x074506 VAddr 0x007fe7cb1a5000
 GID: 00:00:00:00:00:00:00:00:00:00:255:255:10:01:02:02
 remote address: LID 0000 QPN 0x03c4 PSN 0x455ace RKey 0x074506 VAddr 0x007fe7cb1b5000
 GID: 00:00:00:00:00:00:00:00:00:00:255:255:10:01:02:02
 remote address: LID 0000 QPN 0x03c5 PSN 0xd8a5fd RKey 0x074506 VAddr 0x007fe7cb1c5000
 GID: 00:00:00:00:00:00:00:00:00:00:255:255:10:01:02:02
 remote address: LID 0000 QPN 0x03c6 PSN 0xc1bc9a RKey 0x074506 VAddr 0x007fe7cb1d5000
 GID: 00:00:00:00:00:00:00:00:00:00:255:255:10:01:02:02
 remote address: LID 0000 QPN 0x03c7 PSN 0x1a5d7d RKey 0x074506 VAddr 0x007fe7cb1e5000
 GID: 00:00:00:00:00:00:00:00:00:00:255:255:10:01:02:02
 remote address: LID 0000 QPN 0x03c8 PSN 0x780c4e RKey 0x074506 VAddr 0x007fe7cb1f5000
 GID: 00:00:00:00:00:00:00:00:00:00:255:255:10:01:02:02
 remote address: LID 0000 QPN 0x03c9 PSN 0x7e8050 RKey 0x074506 VAddr 0x007fe7cb205000
 GID: 00:00:00:00:00:00:00:00:00:00:255:255:10:01:02:02
 remote address: LID 0000 QPN 0x03ca PSN 0xdf21b9 RKey 0x074506 VAddr 0x007fe7cb215000
 GID: 00:00:00:00:00:00:00:00:00:00:255:255:10:01:02:02
 remote address: LID 0000 QPN 0x03cb PSN 0xe668e8 RKey 0x074506 VAddr 0x007fe7cb225000
 GID: 00:00:00:00:00:00:00:00:00:00:255:255:10:01:02:02
 remote address: LID 0000 QPN 0x03cc PSN 0x7487d0 RKey 0x074506 VAddr 0x007fe7cb235000
 GID: 00:00:00:00:00:00:00:00:00:00:255:255:10:01:02:02
 remote address: LID 0000 QPN 0x03cd PSN 0x9239ed RKey 0x074506 VAddr 0x007fe7cb245000
 GID: 00:00:00:00:00:00:00:00:00:00:255:255:10:01:02:02
 remote address: LID 0000 QPN 0x03ce PSN 0x98beb RKey 0x074506 VAddr 0x007fe7cb255000
 GID: 00:00:00:00:00:00:00:00:00:00:255:255:10:01:02:02
 remote address: LID 0000 QPN 0x03cf PSN 0x4a0ab9 RKey 0x074506 VAddr 0x007fe7cb265000
 GID: 00:00:00:00:00:00:00:00:00:00:255:255:10:01:02:02
 remote address: LID 0000 QPN 0x03d0 PSN 0xe4be95 RKey 0x074506 VAddr 0x007fe7cb275000
 GID: 00:00:00:00:00:00:00:00:00:00:255:255:10:01:02:02
 remote address: LID 0000 QPN 0x03d1 PSN 0x540e79 RKey 0x074506 VAddr 0x007fe7cb285000
 GID: 00:00:00:00:00:00:00:00:00:00:255:255:10:01:02:02
 remote address: LID 0000 QPN 0x03d2 PSN 0x262a9c RKey 0x074506 VAddr 0x007fe7cb295000
 GID: 00:00:00:00:00:00:00:00:00:00:255:255:10:01:02:02
 remote address: LID 0000 QPN 0x03d3 PSN 0x37e0f4 RKey 0x074506 VAddr 0x007fe7cb2a5000
 GID: 00:00:00:00:00:00:00:00:00:00:255:255:10:01:02:02
 remote address: LID 0000 QPN 0x03d4 PSN 0xd62af5 RKey 0x074506 VAddr 0x007fe7cb2b5000
 GID: 00:00:00:00:00:00:00:00:00:00:255:255:10:01:02:02
 remote address: LID 0000 QPN 0x03d5 PSN 0x8ec59c RKey 0x074506 VAddr 0x007fe7cb2c5000
 GID: 00:00:00:00:00:00:00:00:00:00:255:255:10:01:02:02
 remote address: LID 0000 QPN 0x03d6 PSN 0xd45961 RKey 0x074506 VAddr 0x007fe7cb2d5000
 GID: 00:00:00:00:00:00:00:00:00:00:255:255:10:01:02:02
 remote address: LID 0000 QPN 0x03d7 PSN 0x8a302d RKey 0x074506 VAddr 0x007fe7cb2e5000
 GID: 00:00:00:00:00:00:00:00:00:00:255:255:10:01:02:02
 remote address: LID 0000 QPN 0x03d8 PSN 0xd7d5c1 RKey 0x074506 VAddr 0x007fe7cb2f5000
 GID: 00:00:00:00:00:00:00:00:00:00:255:255:10:01:02:02
 remote address: LID 0000 QPN 0x03d9 PSN 0x8e09c0 RKey 0x074506 VAddr 0x007fe7cb305000
 GID: 00:00:00:00:00:00:00:00:00:00:255:255:10:01:02:02
 remote address: LID 0000 QPN 0x03da PSN 0xb3a922 RKey 0x074506 VAddr 0x007fe7cb315000
 GID: 00:00:00:00:00:00:00:00:00:00:255:255:10:01:02:02
 remote address: LID 0000 QPN 0x03db PSN 0x2fb9d2 RKey 0x074506 VAddr 0x007fe7cb325000
 GID: 00:00:00:00:00:00:00:00:00:00:255:255:10:01:02:02
 remote address: LID 0000 QPN 0x03dc PSN 0xd00fc7 RKey 0x074506 VAddr 0x007fe7cb335000
 GID: 00:00:00:00:00:00:00:00:00:00:255:255:10:01:02:02
 remote address: LID 0000 QPN 0x03dd PSN 0xa13068 RKey 0x074506 VAddr 0x007fe7cb345000
 GID: 00:00:00:00:00:00:00:00:00:00:255:255:10:01:02:02
 remote address: LID 0000 QPN 0x03de PSN 0xc0a72 RKey 0x074506 VAddr 0x007fe7cb355000
 GID: 00:00:00:00:00:00:00:00:00:00:255:255:10:01:02:02
 remote address: LID 0000 QPN 0x03df PSN 0x636d11 RKey 0x074506 VAddr 0x007fe7cb365000
 GID: 00:00:00:00:00:00:00:00:00:00:255:255:10:01:02:02
 remote address: LID 0000 QPN 0x03e0 PSN 0x5d0173 RKey 0x074506 VAddr 0x007fe7cb375000
 GID: 00:00:00:00:00:00:00:00:00:00:255:255:10:01:02:02
 remote address: LID 0000 QPN 0x03e1 PSN 0x9bee2a RKey 0x074506 VAddr 0x007fe7cb385000
 GID: 00:00:00:00:00:00:00:00:00:00:255:255:10:01:02:02
 remote address: LID 0000 QPN 0x03e2 PSN 0xc50aff RKey 0x074506 VAddr 0x007fe7cb395000
 GID: 00:00:00:00:00:00:00:00:00:00:255:255:10:01:02:02
 remote address: LID 0000 QPN 0x03e3 PSN 0x3dfc67 RKey 0x074506 VAddr 0x007fe7cb3a5000
 GID: 00:00:00:00:00:00:00:00:00:00:255:255:10:01:02:02
 remote address: LID 0000 QPN 0x03e4 PSN 0x635292 RKey 0x074506 VAddr 0x007fe7cb3b5000
 GID: 00:00:00:00:00:00:00:00:00:00:255:255:10:01:02:02
 remote address: LID 0000 QPN 0x03e5 PSN 0x24104b RKey 0x074506 VAddr 0x007fe7cb3c5000
 GID: 00:00:00:00:00:00:00:00:00:00:255:255:10:01:02:02
 remote address: LID 0000 QPN 0x03e6 PSN 0x363825 RKey 0x074506 VAddr 0x007fe7cb3d5000
 GID: 00:00:00:00:00:00:00:00:00:00:255:255:10:01:02:02
 remote address: LID 0000 QPN 0x03e7 PSN 0x9701c7 RKey 0x074506 VAddr 0x007fe7cb3e5000
 GID: 00:00:00:00:00:00:00:00:00:00:255:255:10:01:02:02
 remote address: LID 0000 QPN 0x03e8 PSN 0x204c32 RKey 0x074506 VAddr 0x007fe7cb3f5000
 GID: 00:00:00:00:00:00:00:00:00:00:255:255:10:01:02:02
 remote address: LID 0000 QPN 0x03e9 PSN 0x32f5f5 RKey 0x074506 VAddr 0x007fe7cb405000
 GID: 00:00:00:00:00:00:00:00:00:00:255:255:10:01:02:02
 remote address: LID 0000 QPN 0x03ea PSN 0xa9d89d RKey 0x074506 VAddr 0x007fe7cb415000
 GID: 00:00:00:00:00:00:00:00:00:00:255:255:10:01:02:02
 remote address: LID 0000 QPN 0x03eb PSN 0x9bfb63 RKey 0x074506 VAddr 0x007fe7cb425000
 GID: 00:00:00:00:00:00:00:00:00:00:255:255:10:01:02:02
 remote address: LID 0000 QPN 0x03ec PSN 0xc8f6a6 RKey 0x074506 VAddr 0x007fe7cb435000
 GID: 00:00:00:00:00:00:00:00:00:00:255:255:10:01:02:02
 remote address: LID 0000 QPN 0x03ed PSN 0xa32317 RKey 0x074506 VAddr 0x007fe7cb445000
 GID: 00:00:00:00:00:00:00:00:00:00:255:255:10:01:02:02
 remote address: LID 0000 QPN 0x03ee PSN 0x8c4f52 RKey 0x074506 VAddr 0x007fe7cb455000
 GID: 00:00:00:00:00:00:00:00:00:00:255:255:10:01:02:02
 remote address: LID 0000 QPN 0x03ef PSN 0x5e0b19 RKey 0x074506 VAddr 0x007fe7cb465000
 GID: 00:00:00:00:00:00:00:00:00:00:255:255:10:01:02:02
 remote address: LID 0000 QPN 0x03f0 PSN 0x95d5a6 RKey 0x074506 VAddr 0x007fe7cb475000
 GID: 00:00:00:00:00:00:00:00:00:00:255:255:10:01:02:02
 remote address: LID 0000 QPN 0x03f1 PSN 0x8de6d9 RKey 0x074506 VAddr 0x007fe7cb485000
 GID: 00:00:00:00:00:00:00:00:00:00:255:255:10:01:02:02
 remote address: LID 0000 QPN 0x03f2 PSN 0x559954 RKey 0x074506 VAddr 0x007fe7cb495000
 GID: 00:00:00:00:00:00:00:00:00:00:255:255:10:01:02:02
 remote address: LID 0000 QPN 0x03f3 PSN 0x7c027d RKey 0x074506 VAddr 0x007fe7cb4a5000
 GID: 00:00:00:00:00:00:00:00:00:00:255:255:10:01:02:02
 remote address: LID 0000 QPN 0x03f4 PSN 0x330492 RKey 0x074506 VAddr 0x007fe7cb4b5000
 GID: 00:00:00:00:00:00:00:00:00:00:255:255:10:01:02:02
 remote address: LID 0000 QPN 0x03f5 PSN 0x42afbb RKey 0x074506 VAddr 0x007fe7cb4c5000
 GID: 00:00:00:00:00:00:00:00:00:00:255:255:10:01:02:02
 remote address: LID 0000 QPN 0x03f6 PSN 0x5f78e5 RKey 0x074506 VAddr 0x007fe7cb4d5000
 GID: 00:00:00:00:00:00:00:00:00:00:255:255:10:01:02:02
 remote address: LID 0000 QPN 0x03f7 PSN 0x9ce57f RKey 0x074506 VAddr 0x007fe7cb4e5000
 GID: 00:00:00:00:00:00:00:00:00:00:255:255:10:01:02:02
 remote address: LID 0000 QPN 0x03f8 PSN 0x694d7 RKey 0x074506 VAddr 0x007fe7cb4f5000
 GID: 00:00:00:00:00:00:00:00:00:00:255:255:10:01:02:02
 remote address: LID 0000 QPN 0x03f9 PSN 0x614749 RKey 0x074506 VAddr 0x007fe7cb505000
 GID: 00:00:00:00:00:00:00:00:00:00:255:255:10:01:02:02
 remote address: LID 0000 QPN 0x03fa PSN 0x31ffb1 RKey 0x074506 VAddr 0x007fe7cb515000
 GID: 00:00:00:00:00:00:00:00:00:00:255:255:10:01:02:02
 remote address: LID 0000 QPN 0x03fb PSN 0x47adb9 RKey 0x074506 VAddr 0x007fe7cb525000
 GID: 00:00:00:00:00:00:00:00:00:00:255:255:10:01:02:02
 remote address: LID 0000 QPN 0x03fc PSN 0xbb306a RKey 0x074506 VAddr 0x007fe7cb535000
 GID: 00:00:00:00:00:00:00:00:00:00:255:255:10:01:02:02
 remote address: LID 0000 QPN 0x03fd PSN 0xb9cf7d RKey 0x074506 VAddr 0x007fe7cb545000
 GID: 00:00:00:00:00:00:00:00:00:00:255:255:10:01:02:02
 remote address: LID 0000 QPN 0x03fe PSN 0x794a1b RKey 0x074506 VAddr 0x007fe7cb555000
 GID: 00:00:00:00:00:00:00:00:00:00:255:255:10:01:02:02
 remote address: LID 0000 QPN 0x03ff PSN 0x67b858 RKey 0x074506 VAddr 0x007fe7cb565000
 GID: 00:00:00:00:00:00:00:00:00:00:255:255:10:01:02:02
 remote address: LID 0000 QPN 0x0400 PSN 0x1b2272 RKey 0x074506 VAddr 0x007fe7cb575000
 GID: 00:00:00:00:00:00:00:00:00:00:255:255:10:01:02:02
 remote address: LID 0000 QPN 0x0401 PSN 0xa8fbb1 RKey 0x074506 VAddr 0x007fe7cb585000
 GID: 00:00:00:00:00:00:00:00:00:00:255:255:10:01:02:02
 remote address: LID 0000 QPN 0x0402 PSN 0xf25db3 RKey 0x074506 VAddr 0x007fe7cb595000
 GID: 00:00:00:00:00:00:00:00:00:00:255:255:10:01:02:02
 remote address: LID 0000 QPN 0x0403 PSN 0x19e8a4 RKey 0x074506 VAddr 0x007fe7cb5a5000
 GID: 00:00:00:00:00:00:00:00:00:00:255:255:10:01:02:02
 remote address: LID 0000 QPN 0x0404 PSN 0xa80802 RKey 0x074506 VAddr 0x007fe7cb5b5000
 GID: 00:00:00:00:00:00:00:00:00:00:255:255:10:01:02:02
 remote address: LID 0000 QPN 0x0405 PSN 0x549f3f RKey 0x074506 VAddr 0x007fe7cb5c5000
 GID: 00:00:00:00:00:00:00:00:00:00:255:255:10:01:02:02
 remote address: LID 0000 QPN 0x0406 PSN 0x4a3cc3 RKey 0x074506 VAddr 0x007fe7cb5d5000
 GID: 00:00:00:00:00:00:00:00:00:00:255:255:10:01:02:02
 remote address: LID 0000 QPN 0x0407 PSN 0xd5292d RKey 0x074506 VAddr 0x007fe7cb5e5000
 GID: 00:00:00:00:00:00:00:00:00:00:255:255:10:01:02:02
 remote address: LID 0000 QPN 0x0408 PSN 0x9d8b04 RKey 0x074506 VAddr 0x007fe7cb5f5000
 GID: 00:00:00:00:00:00:00:00:00:00:255:255:10:01:02:02
 remote address: LID 0000 QPN 0x0409 PSN 0x144bb7 RKey 0x074506 VAddr 0x007fe7cb605000
 GID: 00:00:00:00:00:00:00:00:00:00:255:255:10:01:02:02
 remote address: LID 0000 QPN 0x040a PSN 0x496109 RKey 0x074506 VAddr 0x007fe7cb615000
 GID: 00:00:00:00:00:00:00:00:00:00:255:255:10:01:02:02
 remote address: LID 0000 QPN 0x040b PSN 0x419594 RKey 0x074506 VAddr 0x007fe7cb625000
 GID: 00:00:00:00:00:00:00:00:00:00:255:255:10:01:02:02
 remote address: LID 0000 QPN 0x040c PSN 0x51a931 RKey 0x074506 VAddr 0x007fe7cb635000
 GID: 00:00:00:00:00:00:00:00:00:00:255:255:10:01:02:02
 remote address: LID 0000 QPN 0x040d PSN 0x1358bc RKey 0x074506 VAddr 0x007fe7cb645000
 GID: 00:00:00:00:00:00:00:00:00:00:255:255:10:01:02:02
 remote address: LID 0000 QPN 0x040e PSN 0xd6ef7e RKey 0x074506 VAddr 0x007fe7cb655000
 GID: 00:00:00:00:00:00:00:00:00:00:255:255:10:01:02:02
--------------------------------------------------------------------------------Conflicting CPU frequency values detected: 2100.000000 != 2700.000000. CPU Frequency is not max.
-------
 #bytes     #iterations    BW peak[Gb/sec]    BW average[Gb/sec]   MsgRate[Mpps]
 65536      2030300          0.00               46.28  		     0.088272
---------------------------------------------------------------------------------------
