 WARNING: BW peak won't be measured in this run.
---------------------------------------------------------------------------------------
                    RDMA_Write BW Test
 Dual-port       : OFF		Device         : mlx5_7
 Number of qps   : 64		Transport type : IB
 Connection type : RC		Using SRQ      : OFF
 PCIe relax order: ON		Lock-free      : OFF
 ibv_wr* API     : ON		Using Enhanced Reorder      : OFF
 TX depth        : 128
 CQ Moderation   : 1
 CQE Poll Batch  : Dynamic
 Mtu             : 1024[B]
 Link type       : Ethernet
 GID index       : 3
 Max inline data : 0[B]
 rdma_cm QPs	 : OFF
 Data ex. method : Ethernet
---------------------------------------------------------------------------------------
 local address: LID 0000 QPN 0x0717 PSN 0xa34463 RKey 0x034400 VAddr 0x007f2018f73000
 GID: 00:00:00:00:00:00:00:00:00:00:255:255:10:01:01:01
 local address: LID 0000 QPN 0x0718 PSN 0x76ed48 RKey 0x034400 VAddr 0x007f2018f83000
 GID: 00:00:00:00:00:00:00:00:00:00:255:255:10:01:01:01
 local address: LID 0000 QPN 0x0719 PSN 0x2cc5bc RKey 0x034400 VAddr 0x007f2018f93000
 GID: 00:00:00:00:00:00:00:00:00:00:255:255:10:01:01:01
 local address: LID 0000 QPN 0x071a PSN 0xb74524 RKey 0x034400 VAddr 0x007f2018fa3000
 GID: 00:00:00:00:00:00:00:00:00:00:255:255:10:01:01:01
 local address: LID 0000 QPN 0x071b PSN 0x3ef19e RKey 0x034400 VAddr 0x007f2018fb3000
 GID: 00:00:00:00:00:00:00:00:00:00:255:255:10:01:01:01
 local address: LID 0000 QPN 0x071c PSN 0xaab672 RKey 0x034400 VAddr 0x007f2018fc3000
 GID: 00:00:00:00:00:00:00:00:00:00:255:255:10:01:01:01
 local address: LID 0000 QPN 0x071d PSN 0x2568b3 RKey 0x034400 VAddr 0x007f2018fd3000
 GID: 00:00:00:00:00:00:00:00:00:00:255:255:10:01:01:01
 local address: LID 0000 QPN 0x071e PSN 0x512efa RKey 0x034400 VAddr 0x007f2018fe3000
 GID: 00:00:00:00:00:00:00:00:00:00:255:255:10:01:01:01
 local address: LID 0000 QPN 0x071f PSN 0x9602e0 RKey 0x034400 VAddr 0x007f2018ff3000
 GID: 00:00:00:00:00:00:00:00:00:00:255:255:10:01:01:01
 local address: LID 0000 QPN 0x0720 PSN 0x4483ab RKey 0x034400 VAddr 0x007f2019003000
 GID: 00:00:00:00:00:00:00:00:00:00:255:255:10:01:01:01
 local address: LID 0000 QPN 0x0721 PSN 0xa35aa9 RKey 0x034400 VAddr 0x007f2019013000
 GID: 00:00:00:00:00:00:00:00:00:00:255:255:10:01:01:01
 local address: LID 0000 QPN 0x0722 PSN 0x7ea3bf RKey 0x034400 VAddr 0x007f2019023000
 GID: 00:00:00:00:00:00:00:00:00:00:255:255:10:01:01:01
 local address: LID 0000 QPN 0x0723 PSN 0xafcd09 RKey 0x034400 VAddr 0x007f2019033000
 GID: 00:00:00:00:00:00:00:00:00:00:255:255:10:01:01:01
 local address: LID 0000 QPN 0x0724 PSN 0x31d94b RKey 0x034400 VAddr 0x007f2019043000
 GID: 00:00:00:00:00:00:00:00:00:00:255:255:10:01:01:01
 local address: LID 0000 QPN 0x0725 PSN 0x8cdee3 RKey 0x034400 VAddr 0x007f2019053000
 GID: 00:00:00:00:00:00:00:00:00:00:255:255:10:01:01:01
 local address: LID 0000 QPN 0x0726 PSN 0x3f1ba1 RKey 0x034400 VAddr 0x007f2019063000
 GID: 00:00:00:00:00:00:00:00:00:00:255:255:10:01:01:01
 local address: LID 0000 QPN 0x0727 PSN 0xb857d9 RKey 0x034400 VAddr 0x007f2019073000
 GID: 00:00:00:00:00:00:00:00:00:00:255:255:10:01:01:01
 local address: LID 0000 QPN 0x0728 PSN 0x6381e8 RKey 0x034400 VAddr 0x007f2019083000
 GID: 00:00:00:00:00:00:00:00:00:00:255:255:10:01:01:01
 local address: LID 0000 QPN 0x0729 PSN 0x4e71da RKey 0x034400 VAddr 0x007f2019093000
 GID: 00:00:00:00:00:00:00:00:00:00:255:255:10:01:01:01
 local address: LID 0000 QPN 0x072a PSN 0x744b88 RKey 0x034400 VAddr 0x007f20190a3000
 GID: 00:00:00:00:00:00:00:00:00:00:255:255:10:01:01:01
 local address: LID 0000 QPN 0x072b PSN 0x1257f RKey 0x034400 VAddr 0x007f20190b3000
 GID: 00:00:00:00:00:00:00:00:00:00:255:255:10:01:01:01
 local address: LID 0000 QPN 0x072c PSN 0xa08019 RKey 0x034400 VAddr 0x007f20190c3000
 GID: 00:00:00:00:00:00:00:00:00:00:255:255:10:01:01:01
 local address: LID 0000 QPN 0x072d PSN 0xb804d3 RKey 0x034400 VAddr 0x007f20190d3000
 GID: 00:00:00:00:00:00:00:00:00:00:255:255:10:01:01:01
 local address: LID 0000 QPN 0x072e PSN 0x98e1a9 RKey 0x034400 VAddr 0x007f20190e3000
 GID: 00:00:00:00:00:00:00:00:00:00:255:255:10:01:01:01
 local address: LID 0000 QPN 0x072f PSN 0xd2a8c0 RKey 0x034400 VAddr 0x007f20190f3000
 GID: 00:00:00:00:00:00:00:00:00:00:255:255:10:01:01:01
 local address: LID 0000 QPN 0x0730 PSN 0x971a55 RKey 0x034400 VAddr 0x007f2019103000
 GID: 00:00:00:00:00:00:00:00:00:00:255:255:10:01:01:01
 local address: LID 0000 QPN 0x0731 PSN 0x44191c RKey 0x034400 VAddr 0x007f2019113000
 GID: 00:00:00:00:00:00:00:00:00:00:255:255:10:01:01:01
 local address: LID 0000 QPN 0x0732 PSN 0xf53938 RKey 0x034400 VAddr 0x007f2019123000
 GID: 00:00:00:00:00:00:00:00:00:00:255:255:10:01:01:01
 local address: LID 0000 QPN 0x0733 PSN 0x66b3c0 RKey 0x034400 VAddr 0x007f2019133000
 GID: 00:00:00:00:00:00:00:00:00:00:255:255:10:01:01:01
 local address: LID 0000 QPN 0x0734 PSN 0x3f82f9 RKey 0x034400 VAddr 0x007f2019143000
 GID: 00:00:00:00:00:00:00:00:00:00:255:255:10:01:01:01
 local address: LID 0000 QPN 0x0735 PSN 0xe314e4 RKey 0x034400 VAddr 0x007f2019153000
 GID: 00:00:00:00:00:00:00:00:00:00:255:255:10:01:01:01
 local address: LID 0000 QPN 0x0736 PSN 0x66573a RKey 0x034400 VAddr 0x007f2019163000
 GID: 00:00:00:00:00:00:00:00:00:00:255:255:10:01:01:01
 local address: LID 0000 QPN 0x0737 PSN 0x5ec971 RKey 0x034400 VAddr 0x007f2019173000
 GID: 00:00:00:00:00:00:00:00:00:00:255:255:10:01:01:01
 local address: LID 0000 QPN 0x0738 PSN 0x19be68 RKey 0x034400 VAddr 0x007f2019183000
 GID: 00:00:00:00:00:00:00:00:00:00:255:255:10:01:01:01
 local address: LID 0000 QPN 0x0739 PSN 0x70cbb8 RKey 0x034400 VAddr 0x007f2019193000
 GID: 00:00:00:00:00:00:00:00:00:00:255:255:10:01:01:01
 local address: LID 0000 QPN 0x073a PSN 0x7ea278 RKey 0x034400 VAddr 0x007f20191a3000
 GID: 00:00:00:00:00:00:00:00:00:00:255:255:10:01:01:01
 local address: LID 0000 QPN 0x073b PSN 0xddb95 RKey 0x034400 VAddr 0x007f20191b3000
 GID: 00:00:00:00:00:00:00:00:00:00:255:255:10:01:01:01
 local address: LID 0000 QPN 0x073c PSN 0x88894c RKey 0x034400 VAddr 0x007f20191c3000
 GID: 00:00:00:00:00:00:00:00:00:00:255:255:10:01:01:01
 local address: LID 0000 QPN 0x073d PSN 0x1fd496 RKey 0x034400 VAddr 0x007f20191d3000
 GID: 00:00:00:00:00:00:00:00:00:00:255:255:10:01:01:01
 local address: LID 0000 QPN 0x073e PSN 0x8ce88f RKey 0x034400 VAddr 0x007f20191e3000
 GID: 00:00:00:00:00:00:00:00:00:00:255:255:10:01:01:01
 local address: LID 0000 QPN 0x073f PSN 0x9b9f71 RKey 0x034400 VAddr 0x007f20191f3000
 GID: 00:00:00:00:00:00:00:00:00:00:255:255:10:01:01:01
 local address: LID 0000 QPN 0x0740 PSN 0xa520fb RKey 0x034400 VAddr 0x007f2019203000
 GID: 00:00:00:00:00:00:00:00:00:00:255:255:10:01:01:01
 local address: LID 0000 QPN 0x0741 PSN 0x5e7af RKey 0x034400 VAddr 0x007f2019213000
 GID: 00:00:00:00:00:00:00:00:00:00:255:255:10:01:01:01
 local address: LID 0000 QPN 0x0742 PSN 0xd6225 RKey 0x034400 VAddr 0x007f2019223000
 GID: 00:00:00:00:00:00:00:00:00:00:255:255:10:01:01:01
 local address: LID 0000 QPN 0x0743 PSN 0x4310 RKey 0x034400 VAddr 0x007f2019233000
 GID: 00:00:00:00:00:00:00:00:00:00:255:255:10:01:01:01
 local address: LID 0000 QPN 0x0744 PSN 0x83eff6 RKey 0x034400 VAddr 0x007f2019243000
 GID: 00:00:00:00:00:00:00:00:00:00:255:255:10:01:01:01
 local address: LID 0000 QPN 0x0745 PSN 0x2e1dbe RKey 0x034400 VAddr 0x007f2019253000
 GID: 00:00:00:00:00:00:00:00:00:00:255:255:10:01:01:01
 local address: LID 0000 QPN 0x0746 PSN 0x518836 RKey 0x034400 VAddr 0x007f2019263000
 GID: 00:00:00:00:00:00:00:00:00:00:255:255:10:01:01:01
 local address: LID 0000 QPN 0x0747 PSN 0xb9ed30 RKey 0x034400 VAddr 0x007f2019273000
 GID: 00:00:00:00:00:00:00:00:00:00:255:255:10:01:01:01
 local address: LID 0000 QPN 0x0748 PSN 0x20408b RKey 0x034400 VAddr 0x007f2019283000
 GID: 00:00:00:00:00:00:00:00:00:00:255:255:10:01:01:01
 local address: LID 0000 QPN 0x0749 PSN 0xc98b00 RKey 0x034400 VAddr 0x007f2019293000
 GID: 00:00:00:00:00:00:00:00:00:00:255:255:10:01:01:01
 local address: LID 0000 QPN 0x074a PSN 0xe6ac8c RKey 0x034400 VAddr 0x007f20192a3000
 GID: 00:00:00:00:00:00:00:00:00:00:255:255:10:01:01:01
 local address: LID 0000 QPN 0x074b PSN 0x8a11ce RKey 0x034400 VAddr 0x007f20192b3000
 GID: 00:00:00:00:00:00:00:00:00:00:255:255:10:01:01:01
 local address: LID 0000 QPN 0x074c PSN 0x25379a RKey 0x034400 VAddr 0x007f20192c3000
 GID: 00:00:00:00:00:00:00:00:00:00:255:255:10:01:01:01
 local address: LID 0000 QPN 0x074d PSN 0xe44fcf RKey 0x034400 VAddr 0x007f20192d3000
 GID: 00:00:00:00:00:00:00:00:00:00:255:255:10:01:01:01
 local address: LID 0000 QPN 0x074e PSN 0x90674d RKey 0x034400 VAddr 0x007f20192e3000
 GID: 00:00:00:00:00:00:00:00:00:00:255:255:10:01:01:01
 local address: LID 0000 QPN 0x074f PSN 0x1f4549 RKey 0x034400 VAddr 0x007f20192f3000
 GID: 00:00:00:00:00:00:00:00:00:00:255:255:10:01:01:01
 local address: LID 0000 QPN 0x0750 PSN 0xac7974 RKey 0x034400 VAddr 0x007f2019303000
 GID: 00:00:00:00:00:00:00:00:00:00:255:255:10:01:01:01
 local address: LID 0000 QPN 0x0751 PSN 0xcd8df RKey 0x034400 VAddr 0x007f2019313000
 GID: 00:00:00:00:00:00:00:00:00:00:255:255:10:01:01:01
 local address: LID 0000 QPN 0x0752 PSN 0xab0bae RKey 0x034400 VAddr 0x007f2019323000
 GID: 00:00:00:00:00:00:00:00:00:00:255:255:10:01:01:01
 local address: LID 0000 QPN 0x0753 PSN 0xf0d835 RKey 0x034400 VAddr 0x007f2019333000
 GID: 00:00:00:00:00:00:00:00:00:00:255:255:10:01:01:01
 local address: LID 0000 QPN 0x0754 PSN 0xeefadf RKey 0x034400 VAddr 0x007f2019343000
 GID: 00:00:00:00:00:00:00:00:00:00:255:255:10:01:01:01
 local address: LID 0000 QPN 0x0755 PSN 0x3ca913 RKey 0x034400 VAddr 0x007f2019353000
 GID: 00:00:00:00:00:00:00:00:00:00:255:255:10:01:01:01
 local address: LID 0000 QPN 0x0756 PSN 0x9b75c6 RKey 0x034400 VAddr 0x007f2019363000
 GID: 00:00:00:00:00:00:00:00:00:00:255:255:10:01:01:01
 remote address: LID 0000 QPN 0x0718 PSN 0xf4858 RKey 0x034400 VAddr 0x007fc71bf56000
 GID: 00:00:00:00:00:00:00:00:00:00:255:255:10:01:01:02
 remote address: LID 0000 QPN 0x0719 PSN 0xdeba99 RKey 0x034400 VAddr 0x007fc71bf66000
 GID: 00:00:00:00:00:00:00:00:00:00:255:255:10:01:01:02
 remote address: LID 0000 QPN 0x071a PSN 0x81f739 RKey 0x034400 VAddr 0x007fc71bf76000
 GID: 00:00:00:00:00:00:00:00:00:00:255:255:10:01:01:02
 remote address: LID 0000 QPN 0x071b PSN 0xafa55d RKey 0x034400 VAddr 0x007fc71bf86000
 GID: 00:00:00:00:00:00:00:00:00:00:255:255:10:01:01:02
 remote address: LID 0000 QPN 0x071c PSN 0xff1fe3 RKey 0x034400 VAddr 0x007fc71bf96000
 GID: 00:00:00:00:00:00:00:00:00:00:255:255:10:01:01:02
 remote address: LID 0000 QPN 0x071d PSN 0xac67d3 RKey 0x034400 VAddr 0x007fc71bfa6000
 GID: 00:00:00:00:00:00:00:00:00:00:255:255:10:01:01:02
 remote address: LID 0000 QPN 0x071e PSN 0xa71500 RKey 0x034400 VAddr 0x007fc71bfb6000
 GID: 00:00:00:00:00:00:00:00:00:00:255:255:10:01:01:02
 remote address: LID 0000 QPN 0x071f PSN 0x50b9c3 RKey 0x034400 VAddr 0x007fc71bfc6000
 GID: 00:00:00:00:00:00:00:00:00:00:255:255:10:01:01:02
 remote address: LID 0000 QPN 0x0720 PSN 0x60b075 RKey 0x034400 VAddr 0x007fc71bfd6000
 GID: 00:00:00:00:00:00:00:00:00:00:255:255:10:01:01:02
 remote address: LID 0000 QPN 0x0721 PSN 0xe04a1c RKey 0x034400 VAddr 0x007fc71bfe6000
 GID: 00:00:00:00:00:00:00:00:00:00:255:255:10:01:01:02
 remote address: LID 0000 QPN 0x0722 PSN 0x6c5ec6 RKey 0x034400 VAddr 0x007fc71bff6000
 GID: 00:00:00:00:00:00:00:00:00:00:255:255:10:01:01:02
 remote address: LID 0000 QPN 0x0723 PSN 0x837218 RKey 0x034400 VAddr 0x007fc71c006000
 GID: 00:00:00:00:00:00:00:00:00:00:255:255:10:01:01:02
 remote address: LID 0000 QPN 0x0724 PSN 0x2b9eee RKey 0x034400 VAddr 0x007fc71c016000
 GID: 00:00:00:00:00:00:00:00:00:00:255:255:10:01:01:02
 remote address: LID 0000 QPN 0x0725 PSN 0x99f5cc RKey 0x034400 VAddr 0x007fc71c026000
 GID: 00:00:00:00:00:00:00:00:00:00:255:255:10:01:01:02
 remote address: LID 0000 QPN 0x0726 PSN 0x68e7d0 RKey 0x034400 VAddr 0x007fc71c036000
 GID: 00:00:00:00:00:00:00:00:00:00:255:255:10:01:01:02
 remote address: LID 0000 QPN 0x0727 PSN 0x6fd68a RKey 0x034400 VAddr 0x007fc71c046000
 GID: 00:00:00:00:00:00:00:00:00:00:255:255:10:01:01:02
 remote address: LID 0000 QPN 0x0728 PSN 0x31430e RKey 0x034400 VAddr 0x007fc71c056000
 GID: 00:00:00:00:00:00:00:00:00:00:255:255:10:01:01:02
 remote address: LID 0000 QPN 0x0729 PSN 0xd4579 RKey 0x034400 VAddr 0x007fc71c066000
 GID: 00:00:00:00:00:00:00:00:00:00:255:255:10:01:01:02
 remote address: LID 0000 QPN 0x072a PSN 0xf6fc97 RKey 0x034400 VAddr 0x007fc71c076000
 GID: 00:00:00:00:00:00:00:00:00:00:255:255:10:01:01:02
 remote address: LID 0000 QPN 0x072b PSN 0x192c01 RKey 0x034400 VAddr 0x007fc71c086000
 GID: 00:00:00:00:00:00:00:00:00:00:255:255:10:01:01:02
 remote address: LID 0000 QPN 0x072c PSN 0x6d6f04 RKey 0x034400 VAddr 0x007fc71c096000
 GID: 00:00:00:00:00:00:00:00:00:00:255:255:10:01:01:02
 remote address: LID 0000 QPN 0x072d PSN 0x654bba RKey 0x034400 VAddr 0x007fc71c0a6000
 GID: 00:00:00:00:00:00:00:00:00:00:255:255:10:01:01:02
 remote address: LID 0000 QPN 0x072e PSN 0xe15e60 RKey 0x034400 VAddr 0x007fc71c0b6000
 GID: 00:00:00:00:00:00:00:00:00:00:255:255:10:01:01:02
 remote address: LID 0000 QPN 0x072f PSN 0xa4b0b2 RKey 0x034400 VAddr 0x007fc71c0c6000
 GID: 00:00:00:00:00:00:00:00:00:00:255:255:10:01:01:02
 remote address: LID 0000 QPN 0x0730 PSN 0x27e595 RKey 0x034400 VAddr 0x007fc71c0d6000
 GID: 00:00:00:00:00:00:00:00:00:00:255:255:10:01:01:02
 remote address: LID 0000 QPN 0x0731 PSN 0xe55f06 RKey 0x034400 VAddr 0x007fc71c0e6000
 GID: 00:00:00:00:00:00:00:00:00:00:255:255:10:01:01:02
 remote address: LID 0000 QPN 0x0732 PSN 0x7a5e79 RKey 0x034400 VAddr 0x007fc71c0f6000
 GID: 00:00:00:00:00:00:00:00:00:00:255:255:10:01:01:02
 remote address: LID 0000 QPN 0x0733 PSN 0x1e4fd1 RKey 0x034400 VAddr 0x007fc71c106000
 GID: 00:00:00:00:00:00:00:00:00:00:255:255:10:01:01:02
 remote address: LID 0000 QPN 0x0734 PSN 0x3ec8e5 RKey 0x034400 VAddr 0x007fc71c116000
 GID: 00:00:00:00:00:00:00:00:00:00:255:255:10:01:01:02
 remote address: LID 0000 QPN 0x0735 PSN 0x5bc1ba RKey 0x034400 VAddr 0x007fc71c126000
 GID: 00:00:00:00:00:00:00:00:00:00:255:255:10:01:01:02
 remote address: LID 0000 QPN 0x0736 PSN 0x373311 RKey 0x034400 VAddr 0x007fc71c136000
 GID: 00:00:00:00:00:00:00:00:00:00:255:255:10:01:01:02
 remote address: LID 0000 QPN 0x0737 PSN 0xcf9e63 RKey 0x034400 VAddr 0x007fc71c146000
 GID: 00:00:00:00:00:00:00:00:00:00:255:255:10:01:01:02
 remote address: LID 0000 QPN 0x0738 PSN 0xecebe6 RKey 0x034400 VAddr 0x007fc71c156000
 GID: 00:00:00:00:00:00:00:00:00:00:255:255:10:01:01:02
 remote address: LID 0000 QPN 0x0739 PSN 0x6f8839 RKey 0x034400 VAddr 0x007fc71c166000
 GID: 00:00:00:00:00:00:00:00:00:00:255:255:10:01:01:02
 remote address: LID 0000 QPN 0x073a PSN 0xf57fb5 RKey 0x034400 VAddr 0x007fc71c176000
 GID: 00:00:00:00:00:00:00:00:00:00:255:255:10:01:01:02
 remote address: LID 0000 QPN 0x073b PSN 0xf09331 RKey 0x034400 VAddr 0x007fc71c186000
 GID: 00:00:00:00:00:00:00:00:00:00:255:255:10:01:01:02
 remote address: LID 0000 QPN 0x073c PSN 0x63905a RKey 0x034400 VAddr 0x007fc71c196000
 GID: 00:00:00:00:00:00:00:00:00:00:255:255:10:01:01:02
 remote address: LID 0000 QPN 0x073d PSN 0xb7f2d RKey 0x034400 VAddr 0x007fc71c1a6000
 GID: 00:00:00:00:00:00:00:00:00:00:255:255:10:01:01:02
 remote address: LID 0000 QPN 0x073e PSN 0x36ab63 RKey 0x034400 VAddr 0x007fc71c1b6000
 GID: 00:00:00:00:00:00:00:00:00:00:255:255:10:01:01:02
 remote address: LID 0000 QPN 0x073f PSN 0x3e8bd8 RKey 0x034400 VAddr 0x007fc71c1c6000
 GID: 00:00:00:00:00:00:00:00:00:00:255:255:10:01:01:02
 remote address: LID 0000 QPN 0x0740 PSN 0x3dbb86 RKey 0x034400 VAddr 0x007fc71c1d6000
 GID: 00:00:00:00:00:00:00:00:00:00:255:255:10:01:01:02
 remote address: LID 0000 QPN 0x0741 PSN 0x41f3ec RKey 0x034400 VAddr 0x007fc71c1e6000
 GID: 00:00:00:00:00:00:00:00:00:00:255:255:10:01:01:02
 remote address: LID 0000 QPN 0x0742 PSN 0x7c3e4c RKey 0x034400 VAddr 0x007fc71c1f6000
 GID: 00:00:00:00:00:00:00:00:00:00:255:255:10:01:01:02
 remote address: LID 0000 QPN 0x0743 PSN 0xfd50fe RKey 0x034400 VAddr 0x007fc71c206000
 GID: 00:00:00:00:00:00:00:00:00:00:255:255:10:01:01:02
 remote address: LID 0000 QPN 0x0744 PSN 0xcbeb75 RKey 0x034400 VAddr 0x007fc71c216000
 GID: 00:00:00:00:00:00:00:00:00:00:255:255:10:01:01:02
 remote address: LID 0000 QPN 0x0745 PSN 0xa160f7 RKey 0x034400 VAddr 0x007fc71c226000
 GID: 00:00:00:00:00:00:00:00:00:00:255:255:10:01:01:02
 remote aConflicting CPU frequency values detected: 2100.000000 != 2700.000000. CPU Frequency is not max.
ddress: LID 0000 QPN 0x0746 PSN 0x2a212b RKey 0x034400 VAddr 0x007fc71c236000
 GID: 00:00:00:00:00:00:00:00:00:00:255:255:10:01:01:02
 remote address: LID 0000 QPN 0x0747 PSN 0x2eeb9f RKey 0x034400 VAddr 0x007fc71c246000
 GID: 00:00:00:00:00:00:00:00:00:00:255:255:10:01:01:02
 remote address: LID 0000 QPN 0x0748 PSN 0x1996e5 RKey 0x034400 VAddr 0x007fc71c256000
 GID: 00:00:00:00:00:00:00:00:00:00:255:255:10:01:01:02
 remote address: LID 0000 QPN 0x0749 PSN 0x30209c RKey 0x034400 VAddr 0x007fc71c266000
 GID: 00:00:00:00:00:00:00:00:00:00:255:255:10:01:01:02
 remote address: LID 0000 QPN 0x074a PSN 0x87383d RKey 0x034400 VAddr 0x007fc71c276000
 GID: 00:00:00:00:00:00:00:00:00:00:255:255:10:01:01:02
 remote address: LID 0000 QPN 0x074b PSN 0x8a3d85 RKey 0x034400 VAddr 0x007fc71c286000
 GID: 00:00:00:00:00:00:00:00:00:00:255:255:10:01:01:02
 remote address: LID 0000 QPN 0x074c PSN 0xfa81d3 RKey 0x034400 VAddr 0x007fc71c296000
 GID: 00:00:00:00:00:00:00:00:00:00:255:255:10:01:01:02
 remote address: LID 0000 QPN 0x074d PSN 0x4567bb RKey 0x034400 VAddr 0x007fc71c2a6000
 GID: 00:00:00:00:00:00:00:00:00:00:255:255:10:01:01:02
 remote address: LID 0000 QPN 0x074e PSN 0x4273dc RKey 0x034400 VAddr 0x007fc71c2b6000
 GID: 00:00:00:00:00:00:00:00:00:00:255:255:10:01:01:02
 remote address: LID 0000 QPN 0x074f PSN 0x56ed6 RKey 0x034400 VAddr 0x007fc71c2c6000
 GID: 00:00:00:00:00:00:00:00:00:00:255:255:10:01:01:02
 remote address: LID 0000 QPN 0x0750 PSN 0x4909e RKey 0x034400 VAddr 0x007fc71c2d6000
 GID: 00:00:00:00:00:00:00:00:00:00:255:255:10:01:01:02
 remote address: LID 0000 QPN 0x0751 PSN 0x57eaa5 RKey 0x034400 VAddr 0x007fc71c2e6000
 GID: 00:00:00:00:00:00:00:00:00:00:255:255:10:01:01:02
 remote address: LID 0000 QPN 0x0752 PSN 0xea10bc RKey 0x034400 VAddr 0x007fc71c2f6000
 GID: 00:00:00:00:00:00:00:00:00:00:255:255:10:01:01:02
 remote address: LID 0000 QPN 0x0753 PSN 0xc862c7 RKey 0x034400 VAddr 0x007fc71c306000
 GID: 00:00:00:00:00:00:00:00:00:00:255:255:10:01:01:02
 remote address: LID 0000 QPN 0x0754 PSN 0xbb63da RKey 0x034400 VAddr 0x007fc71c316000
 GID: 00:00:00:00:00:00:00:00:00:00:255:255:10:01:01:02
 remote address: LID 0000 QPN 0x0755 PSN 0xbeae20 RKey 0x034400 VAddr 0x007fc71c326000
 GID: 00:00:00:00:00:00:00:00:00:00:255:255:10:01:01:02
 remote address: LID 0000 QPN 0x0756 PSN 0xa461c0 RKey 0x034400 VAddr 0x007fc71c336000
 GID: 00:00:00:00:00:00:00:00:00:00:255:255:10:01:01:02
 remote address: LID 0000 QPN 0x0757 PSN 0x2c856f RKey 0x034400 VAddr 0x007fc71c346000
 GID: 00:00:00:00:00:00:00:00:00:00:255:255:10:01:01:02
---------------------------------------------------------------------------------------
 #bytes     #iterations    BW peak[Gb/sec]    BW average[Gb/sec]   MsgRate[Mpps]
 65536      1540818          0.00               35.12  		     0.066991
---------------------------------------------------------------------------------------
