 WARNING: BW peak won't be measured in this run.
---------------------------------------------------------------------------------------
                    RDMA_Write BW Test
 Dual-port       : OFF		Device         : mlx5_9
 Number of qps   : 64		Transport type : IB
 Connection type : RC		Using SRQ      : OFF
 PCIe relax order: ON		Lock-free      : OFF
 ibv_wr* API     : ON		Using Enhanced Reorder      : OFF
 TX depth        : 128
 CQ Moderation   : 1
 CQE Poll Batch  : Dynamic
 Mtu             : 1024[B]
 Link type       : Ethernet
 GID index       : 3
 Max inline data : 0[B]
 rdma_cm QPs	 : OFF
 Data ex. method : Ethernet
---------------------------------------------------------------------------------------
 local address: LID 0000 QPN 0x0674 PSN 0x16e2dc RKey 0x00c400 VAddr 0x007f6d0b54d000
 GID: 00:00:00:00:00:00:00:00:00:00:255:255:10:01:03:01
 local address: LID 0000 QPN 0x0675 PSN 0x9e1ccd RKey 0x00c400 VAddr 0x007f6d0b55d000
 GID: 00:00:00:00:00:00:00:00:00:00:255:255:10:01:03:01
 local address: LID 0000 QPN 0x0676 PSN 0x297f5d RKey 0x00c400 VAddr 0x007f6d0b56d000
 GID: 00:00:00:00:00:00:00:00:00:00:255:255:10:01:03:01
 local address: LID 0000 QPN 0x0677 PSN 0x84f4b1 RKey 0x00c400 VAddr 0x007f6d0b57d000
 GID: 00:00:00:00:00:00:00:00:00:00:255:255:10:01:03:01
 local address: LID 0000 QPN 0x0678 PSN 0x875ea7 RKey 0x00c400 VAddr 0x007f6d0b58d000
 GID: 00:00:00:00:00:00:00:00:00:00:255:255:10:01:03:01
 local address: LID 0000 QPN 0x0679 PSN 0xc33947 RKey 0x00c400 VAddr 0x007f6d0b59d000
 GID: 00:00:00:00:00:00:00:00:00:00:255:255:10:01:03:01
 local address: LID 0000 QPN 0x067a PSN 0x7c7b64 RKey 0x00c400 VAddr 0x007f6d0b5ad000
 GID: 00:00:00:00:00:00:00:00:00:00:255:255:10:01:03:01
 local address: LID 0000 QPN 0x067b PSN 0x5b2a57 RKey 0x00c400 VAddr 0x007f6d0b5bd000
 GID: 00:00:00:00:00:00:00:00:00:00:255:255:10:01:03:01
 local address: LID 0000 QPN 0x067c PSN 0x679779 RKey 0x00c400 VAddr 0x007f6d0b5cd000
 GID: 00:00:00:00:00:00:00:00:00:00:255:255:10:01:03:01
 local address: LID 0000 QPN 0x067d PSN 0xe3ed0 RKey 0x00c400 VAddr 0x007f6d0b5dd000
 GID: 00:00:00:00:00:00:00:00:00:00:255:255:10:01:03:01
 local address: LID 0000 QPN 0x067e PSN 0xc7476a RKey 0x00c400 VAddr 0x007f6d0b5ed000
 GID: 00:00:00:00:00:00:00:00:00:00:255:255:10:01:03:01
 local address: LID 0000 QPN 0x067f PSN 0x6bd7ec RKey 0x00c400 VAddr 0x007f6d0b5fd000
 GID: 00:00:00:00:00:00:00:00:00:00:255:255:10:01:03:01
 local address: LID 0000 QPN 0x0680 PSN 0xb7232 RKey 0x00c400 VAddr 0x007f6d0b60d000
 GID: 00:00:00:00:00:00:00:00:00:00:255:255:10:01:03:01
 local address: LID 0000 QPN 0x0681 PSN 0x6601c0 RKey 0x00c400 VAddr 0x007f6d0b61d000
 GID: 00:00:00:00:00:00:00:00:00:00:255:255:10:01:03:01
 local address: LID 0000 QPN 0x0682 PSN 0xf736b4 RKey 0x00c400 VAddr 0x007f6d0b62d000
 GID: 00:00:00:00:00:00:00:00:00:00:255:255:10:01:03:01
 local address: LID 0000 QPN 0x0683 PSN 0x18459e RKey 0x00c400 VAddr 0x007f6d0b63d000
 GID: 00:00:00:00:00:00:00:00:00:00:255:255:10:01:03:01
 local address: LID 0000 QPN 0x0684 PSN 0x248692 RKey 0x00c400 VAddr 0x007f6d0b64d000
 GID: 00:00:00:00:00:00:00:00:00:00:255:255:10:01:03:01
 local address: LID 0000 QPN 0x0685 PSN 0xf99cad RKey 0x00c400 VAddr 0x007f6d0b65d000
 GID: 00:00:00:00:00:00:00:00:00:00:255:255:10:01:03:01
 local address: LID 0000 QPN 0x0686 PSN 0xe0d5bb RKey 0x00c400 VAddr 0x007f6d0b66d000
 GID: 00:00:00:00:00:00:00:00:00:00:255:255:10:01:03:01
 local address: LID 0000 QPN 0x0687 PSN 0xf0f855 RKey 0x00c400 VAddr 0x007f6d0b67d000
 GID: 00:00:00:00:00:00:00:00:00:00:255:255:10:01:03:01
 local address: LID 0000 QPN 0x0688 PSN 0x52e6c8 RKey 0x00c400 VAddr 0x007f6d0b68d000
 GID: 00:00:00:00:00:00:00:00:00:00:255:255:10:01:03:01
 local address: LID 0000 QPN 0x0689 PSN 0x63622e RKey 0x00c400 VAddr 0x007f6d0b69d000
 GID: 00:00:00:00:00:00:00:00:00:00:255:255:10:01:03:01
 local address: LID 0000 QPN 0x068a PSN 0x2d25c4 RKey 0x00c400 VAddr 0x007f6d0b6ad000
 GID: 00:00:00:00:00:00:00:00:00:00:255:255:10:01:03:01
 local address: LID 0000 QPN 0x068b PSN 0x3c6e46 RKey 0x00c400 VAddr 0x007f6d0b6bd000
 GID: 00:00:00:00:00:00:00:00:00:00:255:255:10:01:03:01
 local address: LID 0000 QPN 0x068c PSN 0x869599 RKey 0x00c400 VAddr 0x007f6d0b6cd000
 GID: 00:00:00:00:00:00:00:00:00:00:255:255:10:01:03:01
 local address: LID 0000 QPN 0x068d PSN 0x9e8ba RKey 0x00c400 VAddr 0x007f6d0b6dd000
 GID: 00:00:00:00:00:00:00:00:00:00:255:255:10:01:03:01
 local address: LID 0000 QPN 0x068e PSN 0xb0b81d RKey 0x00c400 VAddr 0x007f6d0b6ed000
 GID: 00:00:00:00:00:00:00:00:00:00:255:255:10:01:03:01
 local address: LID 0000 QPN 0x068f PSN 0xfbd2a5 RKey 0x00c400 VAddr 0x007f6d0b6fd000
 GID: 00:00:00:00:00:00:00:00:00:00:255:255:10:01:03:01
 local address: LID 0000 QPN 0x0690 PSN 0x89f529 RKey 0x00c400 VAddr 0x007f6d0b70d000
 GID: 00:00:00:00:00:00:00:00:00:00:255:255:10:01:03:01
 local address: LID 0000 QPN 0x0691 PSN 0xd2b2ae RKey 0x00c400 VAddr 0x007f6d0b71d000
 GID: 00:00:00:00:00:00:00:00:00:00:255:255:10:01:03:01
 local address: LID 0000 QPN 0x0692 PSN 0x4702f5 RKey 0x00c400 VAddr 0x007f6d0b72d000
 GID: 00:00:00:00:00:00:00:00:00:00:255:255:10:01:03:01
 local address: LID 0000 QPN 0x0693 PSN 0x81fa77 RKey 0x00c400 VAddr 0x007f6d0b73d000
 GID: 00:00:00:00:00:00:00:00:00:00:255:255:10:01:03:01
 local address: LID 0000 QPN 0x0694 PSN 0x8186a RKey 0x00c400 VAddr 0x007f6d0b74d000
 GID: 00:00:00:00:00:00:00:00:00:00:255:255:10:01:03:01
 local address: LID 0000 QPN 0x0695 PSN 0xb0146d RKey 0x00c400 VAddr 0x007f6d0b75d000
 GID: 00:00:00:00:00:00:00:00:00:00:255:255:10:01:03:01
 local address: LID 0000 QPN 0x0696 PSN 0x57e9d9 RKey 0x00c400 VAddr 0x007f6d0b76d000
 GID: 00:00:00:00:00:00:00:00:00:00:255:255:10:01:03:01
 local address: LID 0000 QPN 0x0697 PSN 0x641c85 RKey 0x00c400 VAddr 0x007f6d0b77d000
 GID: 00:00:00:00:00:00:00:00:00:00:255:255:10:01:03:01
 local address: LID 0000 QPN 0x0698 PSN 0x66811e RKey 0x00c400 VAddr 0x007f6d0b78d000
 GID: 00:00:00:00:00:00:00:00:00:00:255:255:10:01:03:01
 local address: LID 0000 QPN 0x0699 PSN 0x4c1aa1 RKey 0x00c400 VAddr 0x007f6d0b79d000
 GID: 00:00:00:00:00:00:00:00:00:00:255:255:10:01:03:01
 local address: LID 0000 QPN 0x069a PSN 0x5313c7 RKey 0x00c400 VAddr 0x007f6d0b7ad000
 GID: 00:00:00:00:00:00:00:00:00:00:255:255:10:01:03:01
 local address: LID 0000 QPN 0x069b PSN 0x50d66c RKey 0x00c400 VAddr 0x007f6d0b7bd000
 GID: 00:00:00:00:00:00:00:00:00:00:255:255:10:01:03:01
 local address: LID 0000 QPN 0x069c PSN 0x78748a RKey 0x00c400 VAddr 0x007f6d0b7cd000
 GID: 00:00:00:00:00:00:00:00:00:00:255:255:10:01:03:01
 local address: LID 0000 QPN 0x069d PSN 0x2c52a0 RKey 0x00c400 VAddr 0x007f6d0b7dd000
 GID: 00:00:00:00:00:00:00:00:00:00:255:255:10:01:03:01
 local address: LID 0000 QPN 0x069e PSN 0x4c48f0 RKey 0x00c400 VAddr 0x007f6d0b7ed000
 GID: 00:00:00:00:00:00:00:00:00:00:255:255:10:01:03:01
 local address: LID 0000 QPN 0x069f PSN 0x5130d2 RKey 0x00c400 VAddr 0x007f6d0b7fd000
 GID: 00:00:00:00:00:00:00:00:00:00:255:255:10:01:03:01
 local address: LID 0000 QPN 0x06a0 PSN 0xab0b9 RKey 0x00c400 VAddr 0x007f6d0b80d000
 GID: 00:00:00:00:00:00:00:00:00:00:255:255:10:01:03:01
 local address: LID 0000 QPN 0x06a1 PSN 0x4676eb RKey 0x00c400 VAddr 0x007f6d0b81d000
 GID: 00:00:00:00:00:00:00:00:00:00:255:255:10:01:03:01
 local address: LID 0000 QPN 0x06a2 PSN 0x1db20f RKey 0x00c400 VAddr 0x007f6d0b82d000
 GID: 00:00:00:00:00:00:00:00:00:00:255:255:10:01:03:01
 local address: LID 0000 QPN 0x06a3 PSN 0x4074b3 RKey 0x00c400 VAddr 0x007f6d0b83d000
 GID: 00:00:00:00:00:00:00:00:00:00:255:255:10:01:03:01
 local address: LID 0000 QPN 0x06a4 PSN 0x28ec69 RKey 0x00c400 VAddr 0x007f6d0b84d000
 GID: 00:00:00:00:00:00:00:00:00:00:255:255:10:01:03:01
 local address: LID 0000 QPN 0x06a5 PSN 0x3c21d0 RKey 0x00c400 VAddr 0x007f6d0b85d000
 GID: 00:00:00:00:00:00:00:00:00:00:255:255:10:01:03:01
 local address: LID 0000 QPN 0x06a6 PSN 0xa87361 RKey 0x00c400 VAddr 0x007f6d0b86d000
 GID: 00:00:00:00:00:00:00:00:00:00:255:255:10:01:03:01
 local address: LID 0000 QPN 0x06a7 PSN 0x2c3d9 RKey 0x00c400 VAddr 0x007f6d0b87d000
 GID: 00:00:00:00:00:00:00:00:00:00:255:255:10:01:03:01
 local address: LID 0000 QPN 0x06a8 PSN 0x6b2b97 RKey 0x00c400 VAddr 0x007f6d0b88d000
 GID: 00:00:00:00:00:00:00:00:00:00:255:255:10:01:03:01
 local address: LID 0000 QPN 0x06a9 PSN 0x73c82f RKey 0x00c400 VAddr 0x007f6d0b89d000
 GID: 00:00:00:00:00:00:00:00:00:00:255:255:10:01:03:01
 local address: LID 0000 QPN 0x06aa PSN 0x99bd40 RKey 0x00c400 VAddr 0x007f6d0b8ad000
 GID: 00:00:00:00:00:00:00:00:00:00:255:255:10:01:03:01
 local address: LID 0000 QPN 0x06ab PSN 0x4f866a RKey 0x00c400 VAddr 0x007f6d0b8bd000
 GID: 00:00:00:00:00:00:00:00:00:00:255:255:10:01:03:01
 local address: LID 0000 QPN 0x06ac PSN 0x2f92a2 RKey 0x00c400 VAddr 0x007f6d0b8cd000
 GID: 00:00:00:00:00:00:00:00:00:00:255:255:10:01:03:01
 local address: LID 0000 QPN 0x06ad PSN 0x275e59 RKey 0x00c400 VAddr 0x007f6d0b8dd000
 GID: 00:00:00:00:00:00:00:00:00:00:255:255:10:01:03:01
 local address: LID 0000 QPN 0x06ae PSN 0x220c60 RKey 0x00c400 VAddr 0x007f6d0b8ed000
 GID: 00:00:00:00:00:00:00:00:00:00:255:255:10:01:03:01
 local address: LID 0000 QPN 0x06af PSN 0xe3df9b RKey 0x00c400 VAddr 0x007f6d0b8fd000
 GID: 00:00:00:00:00:00:00:00:00:00:255:255:10:01:03:01
 local address: LID 0000 QPN 0x06b0 PSN 0x6021e RKey 0x00c400 VAddr 0x007f6d0b90d000
 GID: 00:00:00:00:00:00:00:00:00:00:255:255:10:01:03:01
 local address: LID 0000 QPN 0x06b1 PSN 0x652914 RKey 0x00c400 VAddr 0x007f6d0b91d000
 GID: 00:00:00:00:00:00:00:00:00:00:255:255:10:01:03:01
 local address: LID 0000 QPN 0x06b2 PSN 0xedf3a4 RKey 0x00c400 VAddr 0x007f6d0b92d000
 GID: 00:00:00:00:00:00:00:00:00:00:255:255:10:01:03:01
 local address: LID 0000 QPN 0x06b3 PSN 0xc27b83 RKey 0x00c400 VAddr 0x007f6d0b93d000
 GID: 00:00:00:00:00:00:00:00:00:00:255:255:10:01:03:01
 remote address: LID 0000 QPN 0x066f PSN 0x17da73 RKey 0x00c400 VAddr 0x007f603b7fd000
 GID: 00:00:00:00:00:00:00:00:00:00:255:255:10:01:03:02
 remote address: LID 0000 QPN 0x0670 PSN 0xad3218 RKey 0x00c400 VAddr 0x007f603b80d000
 GID: 00:00:00:00:00:00:00:00:00:00:255:255:10:01:03:02
 remote address: LID 0000 QPN 0x0671 PSN 0xdaf24c RKey 0x00c400 VAddr 0x007f603b81d000
 GID: 00:00:00:00:00:00:00:00:00:00:255:255:10:01:03:02
 remote address: LID 0000 QPN 0x0672 PSN 0xa99e74 RKey 0x00c400 VAddr 0x007f603b82d000
 GID: 00:00:00:00:00:00:00:00:00:00:255:255:10:01:03:02
 remote address: LID 0000 QPN 0x0673 PSN 0x6cd8ae RKey 0x00c400 VAddr 0x007f603b83d000
 GID: 00:00:00:00:00:00:00:00:00:00:255:255:10:01:03:02
 remote address: LID 0000 QPN 0x0674 PSN 0x8e7842 RKey 0x00c400 VAddr 0x007f603b84d000
 GID: 00:00:00:00:00:00:00:00:00:00:255:255:10:01:03:02
 remote address: LID 0000 QPN 0x0675 PSN 0xffce43 RKey 0x00c400 VAddr 0x007f603b85d000
 GID: 00:00:00:00:00:00:00:00:00:00:255:255:10:01:03:02
 remote address: LID 0000 QPN 0x0676 PSN 0x4dcd4a RKey 0x00c400 VAddr 0x007f603b86d000
 GID: 00:00:00:00:00:00:00:00:00:00:255:255:10:01:03:02
 remote address: LID 0000 QPN 0x0677 PSN 0x214af0 RKey 0x00c400 VAddr 0x007f603b87d000
 GID: 00:00:00:00:00:00:00:00:00:00:255:255:10:01:03:02
 remote address: LID 0000 QPN 0x0678 PSN 0x10927b RKey 0x00c400 VAddr 0x007f603b88d000
 GID: 00:00:00:00:00:00:00:00:00:00:255:255:10:01:03:02
 remote address: LID 0000 QPN 0x0679 PSN 0x948939 RKey 0x00c400 VAddr 0x007f603b89d000
 GID: 00:00:00:00:00:00:00:00:00:00:255:255:10:01:03:02
 remote address: LID 0000 QPN 0x067a PSN 0xc4d70f RKey 0x00c400 VAddr 0x007f603b8ad000
 GID: 00:00:00:00:00:00:00:00:00:00:255:255:10:01:03:02
 remote address: LID 0000 QPN 0x067b PSN 0x6d8619 RKey 0x00c400 VAddr 0x007f603b8bd000
 GID: 00:00:00:00:00:00:00:00:00:00:255:255:10:01:03:02
 remote address: LID 0000 QPN 0x067c PSN 0xfe051b RKey 0x00c400 VAddr 0x007f603b8cd000
 GID: 00:00:00:00:00:00:00:00:00:00:255:255:10:01:03:02
 remote address: LID 0000 QPN 0x067d PSN 0x986673 RKey 0x00c400 VAddr 0x007f603b8dd000
 GID: 00:00:00:00:00:00:00:00:00:00:255:255:10:01:03:02
 remote address: LID 0000 QPN 0x067e PSN 0xb333f1 RKey 0x00c400 VAddr 0x007f603b8ed000
 GID: 00:00:00:00:00:00:00:00:00:00:255:255:10:01:03:02
 remote address: LID 0000 QPN 0x067f PSN 0xbe91e9 RKey 0x00c400 VAddr 0x007f603b8fd000
 GID: 00:00:00:00:00:00:00:00:00:00:255:255:10:01:03:02
 remote address: LID 0000 QPN 0x0680 PSN 0xf49ab8 RKey 0x00c400 VAddr 0x007f603b90d000
 GID: 00:00:00:00:00:00:00:00:00:00:255:255:10:01:03:02
 remote address: LID 0000 QPN 0x0681 PSN 0x20e26a RKey 0x00c400 VAddr 0x007f603b91d000
 GID: 00:00:00:00:00:00:00:00:00:00:255:255:10:01:03:02
 remote address: LID 0000 QPN 0x0682 PSN 0xef98d8 RKey 0x00c400 VAddr 0x007f603b92d000
 GID: 00:00:00:00:00:00:00:00:00:00:255:255:10:01:03:02
 remote address: LID 0000 QPN 0x0683 PSN 0xb6f08f RKey 0x00c400 VAddr 0x007f603b93d000
 GID: 00:00:00:00:00:00:00:00:00:00:255:255:10:01:03:02
 remote address: LID 0000 QPN 0x0684 PSN 0x3855e9 RKey 0x00c400 VAddr 0x007f603b94d000
 GID: 00:00:00:00:00:00:00:00:00:00:255:255:10:01:03:02
 remote address: LID 0000 QPN 0x0685 PSN 0x36ee63 RKey 0x00c400 VAddr 0x007f603b95d000
 GID: 00:00:00:00:00:00:00:00:00:00:255:255:10:01:03:02
 remote address: LID 0000 QPN 0x0686 PSN 0x39b3f9 RKey 0x00c400 VAddr 0x007f603b96d000
 GID: 00:00:00:00:00:00:00:00:00:00:255:255:10:01:03:02
 remote address: LID 0000 QPN 0x0687 PSN 0x14d0 RKey 0x00c400 VAddr 0x007f603b97d000
 GID: 00:00:00:00:00:00:00:00:00:00:255:255:10:01:03:02
 remote address: LID 0000 QPN 0x0688 PSN 0xc47d25 RKey 0x00c400 VAddr 0x007f603b98d000
 GID: 00:00:00:00:00:00:00:00:00:00:255:255:10:01:03:02
 remote address: LID 0000 QPN 0x0689 PSN 0x1e0bac RKey 0x00c400 VAddr 0x007f603b99d000
 GID: 00:00:00:00:00:00:00:00:00:00:255:255:10:01:03:02
 remote address: LID 0000 QPN 0x068a PSN 0x6ee088 RKey 0x00c400 VAddr 0x007f603b9ad000
 GID: 00:00:00:00:00:00:00:00:00:00:255:255:10:01:03:02
 remote address: LID 0000 QPN 0x068b PSN 0x44d0d0 RKey 0x00c400 VAddr 0x007f603b9bd000
 GID: 00:00:00:00:00:00:00:00:00:00:255:255:10:01:03:02
 remote address: LID 0000 QPN 0x068c PSN 0xae42c9 RKey 0x00c400 VAddr 0x007f603b9cd000
 GID: 00:00:00:00:00:00:00:00:00:00:255:255:10:01:03:02
 remote address: LID 0000 QPN 0x068d PSN 0x1fa074 RKey 0x00c400 VAddr 0x007f603b9dd000
 GID: 00:00:00:00:00:00:00:00:00:00:255:255:10:01:03:02
 remote address: LID 0000 QPN 0x068e PSN 0x51238a RKey 0x00c400 VAddr 0x007f603b9ed000
 GID: 00:00:00:00:00:00:00:00:00:00:255:255:10:01:03:02
 remote address: LID 0000 QPN 0x068f PSN 0xa7a781 RKey 0x00c400 VAddr 0x007f603b9fd000
 GID: 00:00:00:00:00:00:00:00:00:00:255:255:10:01:03:02
 remote address: LID 0000 QPN 0x0690 PSN 0x62ab38 RKey 0x00c400 VAddr 0x007f603ba0d000
 GID: 00:00:00:00:00:00:00:00:00:00:255:255:10:01:03:02
 remote address: LID 0000 QPN 0x0691 PSN 0x8048 RKey 0x00c400 VAddr 0x007f603ba1d000
 GID: 00:00:00:00:00:00:00:00:00:00:255:255:10:01:03:02
 remote address: LID 0000 QPN 0x0692 PSN 0xa7e3c8 RKey 0x00c400 VAddr 0x007f603ba2d000
 GID: 00:00:00:00:00:00:00:00:00:00:255:255:10:01:03:02
 remote address: LID 0000 QPN 0x0693 PSN 0xc8aa5 RKey 0x00c400 VAddr 0x007f603ba3d000
 GID: 00:00:00:00:00:00:00:00:00:00:255:255:10:01:03:02
 remote address: LID 0000 QPN 0x0694 PSN 0x1731c RKey 0x00c400 VAddr 0x007f603ba4d000
 GID: 00:00:00:00:00:00:00:00:00:00:255:255:10:01:03:02
 remote address: LID 0000 QPN 0x0695 PSN 0x6c4226 RKey 0x00c400 VAddr 0x007f603ba5d000
 GID: 00:00:00:00:00:00:00:00:00:00:255:255:10:01:03:02
 remote address: LID 0000 QPN 0x0696 PSN 0x46eedf RKey 0x00c400 VAddr 0x007f603ba6d000
 GID: 00:00:00:00:00:00:00:00:00:00:255:255:10:01:03:02
 remote address: LID 0000 QPN 0x0697 PSN 0x3c2f81 RKey 0x00c400 VAddr 0x007f603ba7d000
 GID: 00:00:00:00:00:00:00:00:00:00:255:255:10:01:03:02
 remote address: LID 0000 QPN 0x0698 PSN 0x30d7cb RKey 0x00c400 VAddr 0x007f603ba8d000
 GID: 00:00:00:00:00:00:00:00:00:00:255:255:10:01:03:02
 remote address: LID 0000 QPN 0x0699 PSN 0x819e3f RKey 0x00c400 VAddr 0x007f603ba9d000
 GID: 00:00:00:00:00:00:00:00:00:00:255:255:10:01:03:02
 remote address: LID 0000 QPN 0x069a PSN 0x7f7d75 RKey 0x00c400 VAddr 0x007f603baad000
 GID: 00:00:00:00:00:00:00:00:00:00:255:255:10:01:03:02
 remote address: LID 0000 QPN 0x069b PSN 0xdfc420 RKey 0x00c400 VAddr 0x007f603babd000
 GID: 00:00:00:00:00:00:00:00:00:00:255:255:10:01:03:02
 remote address: LID 0000 QPN 0x069c PSN 0x6243c6 RKey 0x00c400 VAddr 0x007f603bacd000
 GID: 00:00:00:00:00:00:00:00:00:00:255:255:10:01:03:02
 remote addrConflicting CPU frequency values detected: 2100.000000 != 2700.000000. CPU Frequency is not max.
ess: LID 0000 QPN 0x069d PSN 0xe4ad4e RKey 0x00c400 VAddr 0x007f603badd000
 GID: 00:00:00:00:00:00:00:00:00:00:255:255:10:01:03:02
 remote address: LID 0000 QPN 0x069e PSN 0xc80886 RKey 0x00c400 VAddr 0x007f603baed000
 GID: 00:00:00:00:00:00:00:00:00:00:255:255:10:01:03:02
 remote address: LID 0000 QPN 0x069f PSN 0x366f40 RKey 0x00c400 VAddr 0x007f603bafd000
 GID: 00:00:00:00:00:00:00:00:00:00:255:255:10:01:03:02
 remote address: LID 0000 QPN 0x06a0 PSN 0xbe015b RKey 0x00c400 VAddr 0x007f603bb0d000
 GID: 00:00:00:00:00:00:00:00:00:00:255:255:10:01:03:02
 remote address: LID 0000 QPN 0x06a1 PSN 0xef8390 RKey 0x00c400 VAddr 0x007f603bb1d000
 GID: 00:00:00:00:00:00:00:00:00:00:255:255:10:01:03:02
 remote address: LID 0000 QPN 0x06a2 PSN 0x22e1dc RKey 0x00c400 VAddr 0x007f603bb2d000
 GID: 00:00:00:00:00:00:00:00:00:00:255:255:10:01:03:02
 remote address: LID 0000 QPN 0x06a3 PSN 0xd2a4de RKey 0x00c400 VAddr 0x007f603bb3d000
 GID: 00:00:00:00:00:00:00:00:00:00:255:255:10:01:03:02
 remote address: LID 0000 QPN 0x06a4 PSN 0xec356a RKey 0x00c400 VAddr 0x007f603bb4d000
 GID: 00:00:00:00:00:00:00:00:00:00:255:255:10:01:03:02
 remote address: LID 0000 QPN 0x06a5 PSN 0x67415f RKey 0x00c400 VAddr 0x007f603bb5d000
 GID: 00:00:00:00:00:00:00:00:00:00:255:255:10:01:03:02
 remote address: LID 0000 QPN 0x06a6 PSN 0x18a19d RKey 0x00c400 VAddr 0x007f603bb6d000
 GID: 00:00:00:00:00:00:00:00:00:00:255:255:10:01:03:02
 remote address: LID 0000 QPN 0x06a7 PSN 0x43f959 RKey 0x00c400 VAddr 0x007f603bb7d000
 GID: 00:00:00:00:00:00:00:00:00:00:255:255:10:01:03:02
 remote address: LID 0000 QPN 0x06a8 PSN 0xd38444 RKey 0x00c400 VAddr 0x007f603bb8d000
 GID: 00:00:00:00:00:00:00:00:00:00:255:255:10:01:03:02
 remote address: LID 0000 QPN 0x06a9 PSN 0x23536f RKey 0x00c400 VAddr 0x007f603bb9d000
 GID: 00:00:00:00:00:00:00:00:00:00:255:255:10:01:03:02
 remote address: LID 0000 QPN 0x06aa PSN 0x1a9afe RKey 0x00c400 VAddr 0x007f603bbad000
 GID: 00:00:00:00:00:00:00:00:00:00:255:255:10:01:03:02
 remote address: LID 0000 QPN 0x06ab PSN 0xf2bd45 RKey 0x00c400 VAddr 0x007f603bbbd000
 GID: 00:00:00:00:00:00:00:00:00:00:255:255:10:01:03:02
 remote address: LID 0000 QPN 0x06ac PSN 0x49e2af RKey 0x00c400 VAddr 0x007f603bbcd000
 GID: 00:00:00:00:00:00:00:00:00:00:255:255:10:01:03:02
 remote address: LID 0000 QPN 0x06ad PSN 0xf63ca3 RKey 0x00c400 VAddr 0x007f603bbdd000
 GID: 00:00:00:00:00:00:00:00:00:00:255:255:10:01:03:02
 remote address: LID 0000 QPN 0x06ae PSN 0xf2aa16 RKey 0x00c400 VAddr 0x007f603bbed000
 GID: 00:00:00:00:00:00:00:00:00:00:255:255:10:01:03:02
---------------------------------------------------------------------------------------
 #bytes     #iterations    BW peak[Gb/sec]    BW average[Gb/sec]   MsgRate[Mpps]
 65536      1514404          0.00               34.52  		     0.065842
---------------------------------------------------------------------------------------
