 WARNING: BW peak won't be measured in this run.
---------------------------------------------------------------------------------------
                    RDMA_Write BW Test
 Dual-port       : OFF		Device         : mlx5_8
 Number of qps   : 64		Transport type : IB
 Connection type : RC		Using SRQ      : OFF
 PCIe relax order: ON		Lock-free      : OFF
 ibv_wr* API     : ON		Using Enhanced Reorder      : OFF
 TX depth        : 128
 CQ Moderation   : 1
 CQE Poll Batch  : Dynamic
 Mtu             : 1024[B]
 Link type       : Ethernet
 GID index       : 3
 Max inline data : 0[B]
 rdma_cm QPs	 : OFF
 Data ex. method : Ethernet
---------------------------------------------------------------------------------------
 local address: LID 0000 QPN 0x02c6 PSN 0x67faa1 RKey 0x074405 VAddr 0x007f21af607000
 GID: 00:00:00:00:00:00:00:00:00:00:255:255:10:01:02:01
 local address: LID 0000 QPN 0x02c7 PSN 0xa5c677 RKey 0x074405 VAddr 0x007f21af617000
 GID: 00:00:00:00:00:00:00:00:00:00:255:255:10:01:02:01
 local address: LID 0000 QPN 0x02c8 PSN 0x9ebf5 RKey 0x074405 VAddr 0x007f21af627000
 GID: 00:00:00:00:00:00:00:00:00:00:255:255:10:01:02:01
 local address: LID 0000 QPN 0x02c9 PSN 0x3a34a0 RKey 0x074405 VAddr 0x007f21af637000
 GID: 00:00:00:00:00:00:00:00:00:00:255:255:10:01:02:01
 local address: LID 0000 QPN 0x02ca PSN 0x1de33 RKey 0x074405 VAddr 0x007f21af647000
 GID: 00:00:00:00:00:00:00:00:00:00:255:255:10:01:02:01
 local address: LID 0000 QPN 0x02cb PSN 0x9c319 RKey 0x074405 VAddr 0x007f21af657000
 GID: 00:00:00:00:00:00:00:00:00:00:255:255:10:01:02:01
 local address: LID 0000 QPN 0x02cc PSN 0x664904 RKey 0x074405 VAddr 0x007f21af667000
 GID: 00:00:00:00:00:00:00:00:00:00:255:255:10:01:02:01
 local address: LID 0000 QPN 0x02cd PSN 0x9beaad RKey 0x074405 VAddr 0x007f21af677000
 GID: 00:00:00:00:00:00:00:00:00:00:255:255:10:01:02:01
 local address: LID 0000 QPN 0x02ce PSN 0x85334d RKey 0x074405 VAddr 0x007f21af687000
 GID: 00:00:00:00:00:00:00:00:00:00:255:255:10:01:02:01
 local address: LID 0000 QPN 0x02cf PSN 0x90834b RKey 0x074405 VAddr 0x007f21af697000
 GID: 00:00:00:00:00:00:00:00:00:00:255:255:10:01:02:01
 local address: LID 0000 QPN 0x02d0 PSN 0xb27e93 RKey 0x074405 VAddr 0x007f21af6a7000
 GID: 00:00:00:00:00:00:00:00:00:00:255:255:10:01:02:01
 local address: LID 0000 QPN 0x02d1 PSN 0x76b72a RKey 0x074405 VAddr 0x007f21af6b7000
 GID: 00:00:00:00:00:00:00:00:00:00:255:255:10:01:02:01
 local address: LID 0000 QPN 0x02d2 PSN 0xdca6ce RKey 0x074405 VAddr 0x007f21af6c7000
 GID: 00:00:00:00:00:00:00:00:00:00:255:255:10:01:02:01
 local address: LID 0000 QPN 0x02d3 PSN 0x40363 RKey 0x074405 VAddr 0x007f21af6d7000
 GID: 00:00:00:00:00:00:00:00:00:00:255:255:10:01:02:01
 local address: LID 0000 QPN 0x02d4 PSN 0x83e7e5 RKey 0x074405 VAddr 0x007f21af6e7000
 GID: 00:00:00:00:00:00:00:00:00:00:255:255:10:01:02:01
 local address: LID 0000 QPN 0x02d5 PSN 0xe74a45 RKey 0x074405 VAddr 0x007f21af6f7000
 GID: 00:00:00:00:00:00:00:00:00:00:255:255:10:01:02:01
 local address: LID 0000 QPN 0x02d6 PSN 0xf51876 RKey 0x074405 VAddr 0x007f21af707000
 GID: 00:00:00:00:00:00:00:00:00:00:255:255:10:01:02:01
 local address: LID 0000 QPN 0x02d7 PSN 0x8105f8 RKey 0x074405 VAddr 0x007f21af717000
 GID: 00:00:00:00:00:00:00:00:00:00:255:255:10:01:02:01
 local address: LID 0000 QPN 0x02d8 PSN 0xcf9973 RKey 0x074405 VAddr 0x007f21af727000
 GID: 00:00:00:00:00:00:00:00:00:00:255:255:10:01:02:01
 local address: LID 0000 QPN 0x02d9 PSN 0x8810e4 RKey 0x074405 VAddr 0x007f21af737000
 GID: 00:00:00:00:00:00:00:00:00:00:255:255:10:01:02:01
 local address: LID 0000 QPN 0x02da PSN 0x166275 RKey 0x074405 VAddr 0x007f21af747000
 GID: 00:00:00:00:00:00:00:00:00:00:255:255:10:01:02:01
 local address: LID 0000 QPN 0x02db PSN 0xc205a0 RKey 0x074405 VAddr 0x007f21af757000
 GID: 00:00:00:00:00:00:00:00:00:00:255:255:10:01:02:01
 local address: LID 0000 QPN 0x02dc PSN 0xdf9c84 RKey 0x074405 VAddr 0x007f21af767000
 GID: 00:00:00:00:00:00:00:00:00:00:255:255:10:01:02:01
 local address: LID 0000 QPN 0x02dd PSN 0x5ff13c RKey 0x074405 VAddr 0x007f21af777000
 GID: 00:00:00:00:00:00:00:00:00:00:255:255:10:01:02:01
 local address: LID 0000 QPN 0x02de PSN 0x8ccf8d RKey 0x074405 VAddr 0x007f21af787000
 GID: 00:00:00:00:00:00:00:00:00:00:255:255:10:01:02:01
 local address: LID 0000 QPN 0x02df PSN 0x2840d4 RKey 0x074405 VAddr 0x007f21af797000
 GID: 00:00:00:00:00:00:00:00:00:00:255:255:10:01:02:01
 local address: LID 0000 QPN 0x02e0 PSN 0x320a65 RKey 0x074405 VAddr 0x007f21af7a7000
 GID: 00:00:00:00:00:00:00:00:00:00:255:255:10:01:02:01
 local address: LID 0000 QPN 0x02e1 PSN 0xcefe83 RKey 0x074405 VAddr 0x007f21af7b7000
 GID: 00:00:00:00:00:00:00:00:00:00:255:255:10:01:02:01
 local address: LID 0000 QPN 0x02e2 PSN 0xfb89e6 RKey 0x074405 VAddr 0x007f21af7c7000
 GID: 00:00:00:00:00:00:00:00:00:00:255:255:10:01:02:01
 local address: LID 0000 QPN 0x02e3 PSN 0x9661f0 RKey 0x074405 VAddr 0x007f21af7d7000
 GID: 00:00:00:00:00:00:00:00:00:00:255:255:10:01:02:01
 local address: LID 0000 QPN 0x02e4 PSN 0x5c6146 RKey 0x074405 VAddr 0x007f21af7e7000
 GID: 00:00:00:00:00:00:00:00:00:00:255:255:10:01:02:01
 local address: LID 0000 QPN 0x02e5 PSN 0x8d75bd RKey 0x074405 VAddr 0x007f21af7f7000
 GID: 00:00:00:00:00:00:00:00:00:00:255:255:10:01:02:01
 local address: LID 0000 QPN 0x02e6 PSN 0xaaec6e RKey 0x074405 VAddr 0x007f21af807000
 GID: 00:00:00:00:00:00:00:00:00:00:255:255:10:01:02:01
 local address: LID 0000 QPN 0x02e7 PSN 0xa66557 RKey 0x074405 VAddr 0x007f21af817000
 GID: 00:00:00:00:00:00:00:00:00:00:255:255:10:01:02:01
 local address: LID 0000 QPN 0x02e8 PSN 0x190cb1 RKey 0x074405 VAddr 0x007f21af827000
 GID: 00:00:00:00:00:00:00:00:00:00:255:255:10:01:02:01
 local address: LID 0000 QPN 0x02e9 PSN 0x8475b3 RKey 0x074405 VAddr 0x007f21af837000
 GID: 00:00:00:00:00:00:00:00:00:00:255:255:10:01:02:01
 local address: LID 0000 QPN 0x02ea PSN 0x2a40ea RKey 0x074405 VAddr 0x007f21af847000
 GID: 00:00:00:00:00:00:00:00:00:00:255:255:10:01:02:01
 local address: LID 0000 QPN 0x02eb PSN 0x7c7fb4 RKey 0x074405 VAddr 0x007f21af857000
 GID: 00:00:00:00:00:00:00:00:00:00:255:255:10:01:02:01
 local address: LID 0000 QPN 0x02ec PSN 0xcabba7 RKey 0x074405 VAddr 0x007f21af867000
 GID: 00:00:00:00:00:00:00:00:00:00:255:255:10:01:02:01
 local address: LID 0000 QPN 0x02ed PSN 0xd0403 RKey 0x074405 VAddr 0x007f21af877000
 GID: 00:00:00:00:00:00:00:00:00:00:255:255:10:01:02:01
 local address: LID 0000 QPN 0x02ee PSN 0x4b149e RKey 0x074405 VAddr 0x007f21af887000
 GID: 00:00:00:00:00:00:00:00:00:00:255:255:10:01:02:01
 local address: LID 0000 QPN 0x02ef PSN 0x92e65b RKey 0x074405 VAddr 0x007f21af897000
 GID: 00:00:00:00:00:00:00:00:00:00:255:255:10:01:02:01
 local address: LID 0000 QPN 0x02f0 PSN 0xa0be59 RKey 0x074405 VAddr 0x007f21af8a7000
 GID: 00:00:00:00:00:00:00:00:00:00:255:255:10:01:02:01
 local address: LID 0000 QPN 0x02f1 PSN 0x191150 RKey 0x074405 VAddr 0x007f21af8b7000
 GID: 00:00:00:00:00:00:00:00:00:00:255:255:10:01:02:01
 local address: LID 0000 QPN 0x02f2 PSN 0x74ed95 RKey 0x074405 VAddr 0x007f21af8c7000
 GID: 00:00:00:00:00:00:00:00:00:00:255:255:10:01:02:01
 local address: LID 0000 QPN 0x02f3 PSN 0x767bcd RKey 0x074405 VAddr 0x007f21af8d7000
 GID: 00:00:00:00:00:00:00:00:00:00:255:255:10:01:02:01
 local address: LID 0000 QPN 0x02f4 PSN 0xc14580 RKey 0x074405 VAddr 0x007f21af8e7000
 GID: 00:00:00:00:00:00:00:00:00:00:255:255:10:01:02:01
 local address: LID 0000 QPN 0x02f5 PSN 0x134e99 RKey 0x074405 VAddr 0x007f21af8f7000
 GID: 00:00:00:00:00:00:00:00:00:00:255:255:10:01:02:01
 local address: LID 0000 QPN 0x02f6 PSN 0x32ca8e RKey 0x074405 VAddr 0x007f21af907000
 GID: 00:00:00:00:00:00:00:00:00:00:255:255:10:01:02:01
 local address: LID 0000 QPN 0x02f7 PSN 0xaa825a RKey 0x074405 VAddr 0x007f21af917000
 GID: 00:00:00:00:00:00:00:00:00:00:255:255:10:01:02:01
 local address: LID 0000 QPN 0x02f8 PSN 0x11fd59 RKey 0x074405 VAddr 0x007f21af927000
 GID: 00:00:00:00:00:00:00:00:00:00:255:255:10:01:02:01
 local address: LID 0000 QPN 0x02f9 PSN 0xfdc5a8 RKey 0x074405 VAddr 0x007f21af937000
 GID: 00:00:00:00:00:00:00:00:00:00:255:255:10:01:02:01
 local address: LID 0000 QPN 0x02fa PSN 0x487783 RKey 0x074405 VAddr 0x007f21af947000
 GID: 00:00:00:00:00:00:00:00:00:00:255:255:10:01:02:01
 local address: LID 0000 QPN 0x02fb PSN 0xe996e1 RKey 0x074405 VAddr 0x007f21af957000
 GID: 00:00:00:00:00:00:00:00:00:00:255:255:10:01:02:01
 local address: LID 0000 QPN 0x02fc PSN 0x51e41 RKey 0x074405 VAddr 0x007f21af967000
 GID: 00:00:00:00:00:00:00:00:00:00:255:255:10:01:02:01
 local address: LID 0000 QPN 0x02fd PSN 0xa446a1 RKey 0x074405 VAddr 0x007f21af977000
 GID: 00:00:00:00:00:00:00:00:00:00:255:255:10:01:02:01
 local address: LID 0000 QPN 0x02fe PSN 0x3460d7 RKey 0x074405 VAddr 0x007f21af987000
 GID: 00:00:00:00:00:00:00:00:00:00:255:255:10:01:02:01
 local address: LID 0000 QPN 0x02ff PSN 0xdc55b3 RKey 0x074405 VAddr 0x007f21af997000
 GID: 00:00:00:00:00:00:00:00:00:00:255:255:10:01:02:01
 local address: LID 0000 QPN 0x0300 PSN 0xd8ace8 RKey 0x074405 VAddr 0x007f21af9a7000
 GID: 00:00:00:00:00:00:00:00:00:00:255:255:10:01:02:01
 local address: LID 0000 QPN 0x0301 PSN 0xb6dcba RKey 0x074405 VAddr 0x007f21af9b7000
 GID: 00:00:00:00:00:00:00:00:00:00:255:255:10:01:02:01
 local address: LID 0000 QPN 0x0302 PSN 0x632f1b RKey 0x074405 VAddr 0x007f21af9c7000
 GID: 00:00:00:00:00:00:00:00:00:00:255:255:10:01:02:01
 local address: LID 0000 QPN 0x0303 PSN 0x422b96 RKey 0x074405 VAddr 0x007f21af9d7000
 GID: 00:00:00:00:00:00:00:00:00:00:255:255:10:01:02:01
 local address: LID 0000 QPN 0x0304 PSN 0x974435 RKey 0x074405 VAddr 0x007f21af9e7000
 GID: 00:00:00:00:00:00:00:00:00:00:255:255:10:01:02:01
 local address: LID 0000 QPN 0x0305 PSN 0x719c09 RKey 0x074405 VAddr 0x007f21af9f7000
 GID: 00:00:00:00:00:00:00:00:00:00:255:255:10:01:02:01
 remote address: LID 0000 QPN 0x02cf PSN 0xdb26b6 RKey 0x074405 VAddr 0x007fb4b3fd6000
 GID: 00:00:00:00:00:00:00:00:00:00:255:255:10:01:02:02
 remote address: LID 0000 QPN 0x02d0 PSN 0xa66968 RKey 0x074405 VAddr 0x007fb4b3fe6000
 GID: 00:00:00:00:00:00:00:00:00:00:255:255:10:01:02:02
 remote address: LID 0000 QPN 0x02d1 PSN 0xdfd292 RKey 0x074405 VAddr 0x007fb4b3ff6000
 GID: 00:00:00:00:00:00:00:00:00:00:255:255:10:01:02:02
 remote address: LID 0000 QPN 0x02d2 PSN 0x3a7379 RKey 0x074405 VAddr 0x007fb4b4006000
 GID: 00:00:00:00:00:00:00:00:00:00:255:255:10:01:02:02
 remote address: LID 0000 QPN 0x02d3 PSN 0x9f9698 RKey 0x074405 VAddr 0x007fb4b4016000
 GID: 00:00:00:00:00:00:00:00:00:00:255:255:10:01:02:02
 remote address: LID 0000 QPN 0x02d4 PSN 0xf8041a RKey 0x074405 VAddr 0x007fb4b4026000
 GID: 00:00:00:00:00:00:00:00:00:00:255:255:10:01:02:02
 remote address: LID 0000 QPN 0x02d5 PSN 0x2adc71 RKey 0x074405 VAddr 0x007fb4b4036000
 GID: 00:00:00:00:00:00:00:00:00:00:255:255:10:01:02:02
 remote address: LID 0000 QPN 0x02d6 PSN 0x3e9e16 RKey 0x074405 VAddr 0x007fb4b4046000
 GID: 00:00:00:00:00:00:00:00:00:00:255:255:10:01:02:02
 remote address: LID 0000 QPN 0x02d7 PSN 0xc7ed02 RKey 0x074405 VAddr 0x007fb4b4056000
 GID: 00:00:00:00:00:00:00:00:00:00:255:255:10:01:02:02
 remote address: LID 0000 QPN 0x02d8 PSN 0xae335c RKey 0x074405 VAddr 0x007fb4b4066000
 GID: 00:00:00:00:00:00:00:00:00:00:255:255:10:01:02:02
 remote address: LID 0000 QPN 0x02d9 PSN 0x31bbd0 RKey 0x074405 VAddr 0x007fb4b4076000
 GID: 00:00:00:00:00:00:00:00:00:00:255:255:10:01:02:02
 remote address: LID 0000 QPN 0x02da PSN 0xe49823 RKey 0x074405 VAddr 0x007fb4b4086000
 GID: 00:00:00:00:00:00:00:00:00:00:255:255:10:01:02:02
 remote address: LID 0000 QPN 0x02db PSN 0x5126d3 RKey 0x074405 VAddr 0x007fb4b4096000
 GID: 00:00:00:00:00:00:00:00:00:00:255:255:10:01:02:02
 remote address: LID 0000 QPN 0x02dc PSN 0x3f0384 RKey 0x074405 VAddr 0x007fb4b40a6000
 GID: 00:00:00:00:00:00:00:00:00:00:255:255:10:01:02:02
 remote address: LID 0000 QPN 0x02dd PSN 0x2c9bf2 RKey 0x074405 VAddr 0x007fb4b40b6000
 GID: 00:00:00:00:00:00:00:00:00:00:255:255:10:01:02:02
 remote address: LID 0000 QPN 0x02de PSN 0x7ba1ce RKey 0x074405 VAddr 0x007fb4b40c6000
 GID: 00:00:00:00:00:00:00:00:00:00:255:255:10:01:02:02
 remote address: LID 0000 QPN 0x02df PSN 0xf73cb RKey 0x074405 VAddr 0x007fb4b40d6000
 GID: 00:00:00:00:00:00:00:00:00:00:255:255:10:01:02:02
 remote address: LID 0000 QPN 0x02e0 PSN 0x244729 RKey 0x074405 VAddr 0x007fb4b40e6000
 GID: 00:00:00:00:00:00:00:00:00:00:255:255:10:01:02:02
 remote address: LID 0000 QPN 0x02e1 PSN 0x106150 RKey 0x074405 VAddr 0x007fb4b40f6000
 GID: 00:00:00:00:00:00:00:00:00:00:255:255:10:01:02:02
 remote address: LID 0000 QPN 0x02e2 PSN 0x69b7fd RKey 0x074405 VAddr 0x007fb4b4106000
 GID: 00:00:00:00:00:00:00:00:00:00:255:255:10:01:02:02
 remote address: LID 0000 QPN 0x02e3 PSN 0x56fe1a RKey 0x074405 VAddr 0x007fb4b4116000
 GID: 00:00:00:00:00:00:00:00:00:00:255:255:10:01:02:02
 remote address: LID 0000 QPN 0x02e4 PSN 0x3688e1 RKey 0x074405 VAddr 0x007fb4b4126000
 GID: 00:00:00:00:00:00:00:00:00:00:255:255:10:01:02:02
 remote address: LID 0000 QPN 0x02e5 PSN 0x53e531 RKey 0x074405 VAddr 0x007fb4b4136000
 GID: 00:00:00:00:00:00:00:00:00:00:255:255:10:01:02:02
 remote address: LID 0000 QPN 0x02e6 PSN 0xaa50e5 RKey 0x074405 VAddr 0x007fb4b4146000
 GID: 00:00:00:00:00:00:00:00:00:00:255:255:10:01:02:02
 remote address: LID 0000 QPN 0x02e7 PSN 0xf56082 RKey 0x074405 VAddr 0x007fb4b4156000
 GID: 00:00:00:00:00:00:00:00:00:00:255:255:10:01:02:02
 remote address: LID 0000 QPN 0x02e8 PSN 0xc61725 RKey 0x074405 VAddr 0x007fb4b4166000
 GID: 00:00:00:00:00:00:00:00:00:00:255:255:10:01:02:02
 remote address: LID 0000 QPN 0x02e9 PSN 0x9f10e2 RKey 0x074405 VAddr 0x007fb4b4176000
 GID: 00:00:00:00:00:00:00:00:00:00:255:255:10:01:02:02
 remote address: LID 0000 QPN 0x02ea PSN 0x4b0fbc RKey 0x074405 VAddr 0x007fb4b4186000
 GID: 00:00:00:00:00:00:00:00:00:00:255:255:10:01:02:02
 remote address: LID 0000 QPN 0x02eb PSN 0xd4152b RKey 0x074405 VAddr 0x007fb4b4196000
 GID: 00:00:00:00:00:00:00:00:00:00:255:255:10:01:02:02
 remote address: LID 0000 QPN 0x02ec PSN 0x85ac51 RKey 0x074405 VAddr 0x007fb4b41a6000
 GID: 00:00:00:00:00:00:00:00:00:00:255:255:10:01:02:02
 remote address: LID 0000 QPN 0x02ed PSN 0x7e3293 RKey 0x074405 VAddr 0x007fb4b41b6000
 GID: 00:00:00:00:00:00:00:00:00:00:255:255:10:01:02:02
 remote address: LID 0000 QPN 0x02ee PSN 0xfac186 RKey 0x074405 VAddr 0x007fb4b41c6000
 GID: 00:00:00:00:00:00:00:00:00:00:255:255:10:01:02:02
 remote address: LID 0000 QPN 0x02ef PSN 0x96c703 RKey 0x074405 VAddr 0x007fb4b41d6000
 GID: 00:00:00:00:00:00:00:00:00:00:255:255:10:01:02:02
 remote address: LID 0000 QPN 0x02f0 PSN 0xd054c8 RKey 0x074405 VAddr 0x007fb4b41e6000
 GID: 00:00:00:00:00:00:00:00:00:00:255:255:10:01:02:02
 remote address: LID 0000 QPN 0x02f1 PSN 0x3f85ce RKey 0x074405 VAddr 0x007fb4b41f6000
 GID: 00:00:00:00:00:00:00:00:00:00:255:255:10:01:02:02
 remote address: LID 0000 QPN 0x02f2 PSN 0x72150c RKey 0x074405 VAddr 0x007fb4b4206000
 GID: 00:00:00:00:00:00:00:00:00:00:255:255:10:01:02:02
 remote address: LID 0000 QPN 0x02f3 PSN 0x8d0fcf RKey 0x074405 VAddr 0x007fb4b4216000
 GID: 00:00:00:00:00:00:00:00:00:00:255:255:10:01:02:02
 remote address: LID 0000 QPN 0x02f4 PSN 0x8c5535 RKey 0x074405 VAddr 0x007fb4b4226000
 GID: 00:00:00:00:00:00:00:00:00:00:255:255:10:01:02:02
 remote address: LID 0000 QPN 0x02f5 PSN 0x468994 RKey 0x074405 VAddr 0x007fb4b4236000
 GID: 00:00:00:00:00:00:00:00:00:00:255:255:10:01:02:02
 remote address: LID 0000 QPN 0x02f6 PSN 0x429fec RKey 0x074405 VAddr 0x007fb4b4246000
 GID: 00:00:00:00:00:00:00:00:00:00:255:255:10:01:02:02
 remote address: LID 0000 QPN 0x02f7 PSN 0xfdccd3 RKey 0x074405 VAddr 0x007fb4b4256000
 GID: 00:00:00:00:00:00:00:00:00:00:255:255:10:01:02:02
 remote address: LID 0000 QPN 0x02f8 PSN 0x6f2ec RKey 0x074405 VAddr 0x007fb4b4266000
 GID: 00:00:00:00:00:00:00:00:00:00:255:255:10:01:02:02
 remote address: LID 0000 QPN 0x02f9 PSN 0x5e16 RKey 0x074405 VAddr 0x007fb4b4276000
 GID: 00:00:00:00:00:00:00:00:00:00:255:255:10:01:02:02
 remote address: LID 0000 QPN 0x02fa PSN 0x8fe2c9 RKey 0x074405 VAddr 0x007fb4b4286000
 GID: 00:00:00:00:00:00:00:00:00:00:255:255:10:01:02:02
 remote address: LID 0000 QPN 0x02fb PSN 0xcad41a RKey 0x074405 VAddr 0x007fb4b4296000
 GID: 00:00:00:00:00:00:00:00:00:00:255:255:10:01:02:02
 remote address: LID 0000 QPN 0x02fc PSN 0xc1206e RKey 0x074405 VAddr 0x007fb4b42a6000
 GID: 00:00:00:00:00:00:00:00:00:00:255:255:10:01:02:02
 remote aConflicting CPU frequency values detected: 803.976000 != 2100.000000. CPU Frequency is not max.
ddress: LID 0000 QPN 0x02fd PSN 0xde040d RKey 0x074405 VAddr 0x007fb4b42b6000
 GID: 00:00:00:00:00:00:00:00:00:00:255:255:10:01:02:02
 remote address: LID 0000 QPN 0x02fe PSN 0x7f1ea2 RKey 0x074405 VAddr 0x007fb4b42c6000
 GID: 00:00:00:00:00:00:00:00:00:00:255:255:10:01:02:02
 remote address: LID 0000 QPN 0x02ff PSN 0x4e7463 RKey 0x074405 VAddr 0x007fb4b42d6000
 GID: 00:00:00:00:00:00:00:00:00:00:255:255:10:01:02:02
 remote address: LID 0000 QPN 0x0300 PSN 0x63300b RKey 0x074405 VAddr 0x007fb4b42e6000
 GID: 00:00:00:00:00:00:00:00:00:00:255:255:10:01:02:02
 remote address: LID 0000 QPN 0x0301 PSN 0xecf7b6 RKey 0x074405 VAddr 0x007fb4b42f6000
 GID: 00:00:00:00:00:00:00:00:00:00:255:255:10:01:02:02
 remote address: LID 0000 QPN 0x0302 PSN 0xe5ed41 RKey 0x074405 VAddr 0x007fb4b4306000
 GID: 00:00:00:00:00:00:00:00:00:00:255:255:10:01:02:02
 remote address: LID 0000 QPN 0x0303 PSN 0xc0c9a8 RKey 0x074405 VAddr 0x007fb4b4316000
 GID: 00:00:00:00:00:00:00:00:00:00:255:255:10:01:02:02
 remote address: LID 0000 QPN 0x0304 PSN 0xdcea2 RKey 0x074405 VAddr 0x007fb4b4326000
 GID: 00:00:00:00:00:00:00:00:00:00:255:255:10:01:02:02
 remote address: LID 0000 QPN 0x0305 PSN 0x74416e RKey 0x074405 VAddr 0x007fb4b4336000
 GID: 00:00:00:00:00:00:00:00:00:00:255:255:10:01:02:02
 remote address: LID 0000 QPN 0x0306 PSN 0xcaeca RKey 0x074405 VAddr 0x007fb4b4346000
 GID: 00:00:00:00:00:00:00:00:00:00:255:255:10:01:02:02
 remote address: LID 0000 QPN 0x0307 PSN 0x9904c RKey 0x074405 VAddr 0x007fb4b4356000
 GID: 00:00:00:00:00:00:00:00:00:00:255:255:10:01:02:02
 remote address: LID 0000 QPN 0x0308 PSN 0x20a884 RKey 0x074405 VAddr 0x007fb4b4366000
 GID: 00:00:00:00:00:00:00:00:00:00:255:255:10:01:02:02
 remote address: LID 0000 QPN 0x0309 PSN 0x3b5e5 RKey 0x074405 VAddr 0x007fb4b4376000
 GID: 00:00:00:00:00:00:00:00:00:00:255:255:10:01:02:02
 remote address: LID 0000 QPN 0x030a PSN 0x58fe73 RKey 0x074405 VAddr 0x007fb4b4386000
 GID: 00:00:00:00:00:00:00:00:00:00:255:255:10:01:02:02
 remote address: LID 0000 QPN 0x030b PSN 0x43c0e0 RKey 0x074405 VAddr 0x007fb4b4396000
 GID: 00:00:00:00:00:00:00:00:00:00:255:255:10:01:02:02
 remote address: LID 0000 QPN 0x030c PSN 0x733a77 RKey 0x074405 VAddr 0x007fb4b43a6000
 GID: 00:00:00:00:00:00:00:00:00:00:255:255:10:01:02:02
 remote address: LID 0000 QPN 0x030d PSN 0x44c002 RKey 0x074405 VAddr 0x007fb4b43b6000
 GID: 00:00:00:00:00:00:00:00:00:00:255:255:10:01:02:02
 remote address: LID 0000 QPN 0x030e PSN 0x858052 RKey 0x074405 VAddr 0x007fb4b43c6000
 GID: 00:00:00:00:00:00:00:00:00:00:255:255:10:01:02:02
---------------------------------------------------------------------------------------
 #bytes     #iterations    BW peak[Gb/sec]    BW average[Gb/sec]   MsgRate[Mpps]
 65536      2037145          0.00               46.44  		     0.088572
---------------------------------------------------------------------------------------
