Conflicting CPU frequency values detected: 801.575000 != 2699.997000. CPU Frequency is not max.
 WARNING: BW peak won't be measured in this run.
---------------------------------------------------------------------------------------
                    RDMA_Write BW Test
 Dual-port       : OFF		Device         : mlx5_9
 Number of qps   : 1		Transport type : IB
 Connection type : RC		Using SRQ      : OFF
 PCIe relax order: ON		Lock-free      : OFF
 ibv_wr* API     : ON		Using Enhanced Reorder      : OFF
 TX depth        : 128
 CQ Moderation   : 1
 CQE Poll Batch  : Dynamic
 Mtu             : 1024[B]
 Link type       : Ethernet
 GID index       : 3
 Max inline data : 0[B]
 rdma_cm QPs	 : OFF
 Data ex. method : Ethernet
---------------------------------------------------------------------------------------
 local address: LID 0000 QPN 0x013c PSN 0xf83588 RKey 0x00c700 VAddr 0x007f1453fc0000
 GID: 00:00:00:00:00:00:00:00:00:00:255:255:10:01:00:14
 remote address: LID 0000 QPN 0x0320 PSN 0xb36f5c RKey 0x055c00 VAddr 0x007fa6289fe000
 GID: 00:00:00:00:00:00:00:00:00:00:255:255:10:01:00:02
---------------------------------------------------------------------------------------
 #bytes     #iterations    BW peak[Gb/sec]    BW average[Gb/sec]   MsgRate[Mpps]
 65536      38127            0.00               1.54   		     0.002933
---------------------------------------------------------------------------------------
