 WARNING: BW peak won't be measured in this run.
---------------------------------------------------------------------------------------
                    RDMA_Write BW Test
 Dual-port       : OFF		Device         : mlx5_3
 Number of qps   : 1		Transport type : IB
 Connection type : RC		Using SRQ      : OFF
 PCIe relax order: ON		Lock-free      : OFF
 ibv_wr* API     : ON		Using Enhanced Reorder      : OFF
 TX depth        : 128
 CQ Moderation   : 1
 CQE Poll Batch  : Dynamic
 Mtu             : 4096[B]
 Link type       : Ethernet
 GID index       : 3
 Max inline data : 0[B]
 rdma_cm QPs	 : OFF
 Data ex. method : Ethernet
---------------------------------------------------------------------------------------
 local address: LID 0000 QPN 0x02c3 PSN 0xe3301e RKey 0x23fd00 VAddr 0x007f149bcb9000
 GID: 00:00:00:00:00:00:00:00:00:00:255:255:101:02:01:01
 remote address: LID 0000 QPN 0x02ca PSN 0xa5e50b RKey 0x23fd00 VAddr 0x007f5362f4f000
 GID: 00:00:00:00:00:00:00:00:00:00:255:255:101:02:01:02
---------------------------------------------------------------------------------------
 #bytes     #iterations    BW peak[Gb/sec]    BW average[Gb/sec]   MsgRate[Mpps]
 65536      241159           0.00               9.73   		     0.018550
---------------------------------------------------------------------------------------
