Conflicting CPU frequency values detected: 2100.000000 != 2697.597000. CPU Frequency is not max.
 WARNING: BW peak won't be measured in this run.
---------------------------------------------------------------------------------------
                    RDMA_Write BW Test
 Dual-port       : OFF		Device         : mlx5_9
 Number of qps   : 1		Transport type : IB
 Connection type : RC		Using SRQ      : OFF
 PCIe relax order: ON		Lock-free      : OFF
 ibv_wr* API     : ON		Using Enhanced Reorder      : OFF
 TX depth        : 128
 CQ Moderation   : 1
 CQE Poll Batch  : Dynamic
 Mtu             : 1024[B]
 Link type       : Ethernet
 GID index       : 3
 Max inline data : 0[B]
 rdma_cm QPs	 : OFF
 Data ex. method : Ethernet
---------------------------------------------------------------------------------------
 local address: LID 0000 QPN 0x0153 PSN 0x190bfc RKey 0x00c500 VAddr 0x007efe9cfbe000
 GID: 00:00:00:00:00:00:00:00:00:00:255:255:10:01:00:14
 remote address: LID 0000 QPN 0x037e PSN 0x6df204 RKey 0x055e00 VAddr 0x007f6b5b42c000
 GID: 00:00:00:00:00:00:00:00:00:00:255:255:10:01:00:02
---------------------------------------------------------------------------------------
 #bytes     #iterations    BW peak[Gb/sec]    BW average[Gb/sec]   MsgRate[Mpps]
 65536      14945            0.00               0.60   		     0.001150
---------------------------------------------------------------------------------------
