 WARNING: BW peak won't be measured in this run.
---------------------------------------------------------------------------------------
                    RDMA_Write BW Test
 Dual-port       : OFF		Device         : mlx5_6
 Number of qps   : 64		Transport type : IB
 Connection type : RC		Using SRQ      : OFF
 PCIe relax order: ON		Lock-free      : OFF
 ibv_wr* API     : ON		Using Enhanced Reorder      : OFF
 TX depth        : 128
 CQ Moderation   : 1
 CQE Poll Batch  : Dynamic
 Mtu             : 4096[B]
 Link type       : Ethernet
 GID index       : 3
 Max inline data : 0[B]
 rdma_cm QPs	 : OFF
 Data ex. method : Ethernet
---------------------------------------------------------------------------------------
 local address: LID 0000 QPN 0x01e4 PSN 0xb1b4fc RKey 0x055105 VAddr 0x007f386cafd000
 GID: 00:00:00:00:00:00:00:00:00:00:255:255:10:01:00:01
 local address: LID 0000 QPN 0x01e5 PSN 0x5be136 RKey 0x055105 VAddr 0x007f386cb0d000
 GID: 00:00:00:00:00:00:00:00:00:00:255:255:10:01:00:01
 local address: LID 0000 QPN 0x01e6 PSN 0xaee948 RKey 0x055105 VAddr 0x007f386cb1d000
 GID: 00:00:00:00:00:00:00:00:00:00:255:255:10:01:00:01
 local address: LID 0000 QPN 0x01e7 PSN 0x96a2f7 RKey 0x055105 VAddr 0x007f386cb2d000
 GID: 00:00:00:00:00:00:00:00:00:00:255:255:10:01:00:01
 local address: LID 0000 QPN 0x01e8 PSN 0xb3033e RKey 0x055105 VAddr 0x007f386cb3d000
 GID: 00:00:00:00:00:00:00:00:00:00:255:255:10:01:00:01
 local address: LID 0000 QPN 0x01e9 PSN 0xe26ac8 RKey 0x055105 VAddr 0x007f386cb4d000
 GID: 00:00:00:00:00:00:00:00:00:00:255:255:10:01:00:01
 local address: LID 0000 QPN 0x01ea PSN 0xa0e887 RKey 0x055105 VAddr 0x007f386cb5d000
 GID: 00:00:00:00:00:00:00:00:00:00:255:255:10:01:00:01
 local address: LID 0000 QPN 0x01eb PSN 0xa58774 RKey 0x055105 VAddr 0x007f386cb6d000
 GID: 00:00:00:00:00:00:00:00:00:00:255:255:10:01:00:01
 local address: LID 0000 QPN 0x01ec PSN 0xebbe08 RKey 0x055105 VAddr 0x007f386cb7d000
 GID: 00:00:00:00:00:00:00:00:00:00:255:255:10:01:00:01
 local address: LID 0000 QPN 0x01ed PSN 0x4196ea RKey 0x055105 VAddr 0x007f386cb8d000
 GID: 00:00:00:00:00:00:00:00:00:00:255:255:10:01:00:01
 local address: LID 0000 QPN 0x01ee PSN 0x4cb346 RKey 0x055105 VAddr 0x007f386cb9d000
 GID: 00:00:00:00:00:00:00:00:00:00:255:255:10:01:00:01
 local address: LID 0000 QPN 0x01ef PSN 0x7bf961 RKey 0x055105 VAddr 0x007f386cbad000
 GID: 00:00:00:00:00:00:00:00:00:00:255:255:10:01:00:01
 local address: LID 0000 QPN 0x01f0 PSN 0x4b4239 RKey 0x055105 VAddr 0x007f386cbbd000
 GID: 00:00:00:00:00:00:00:00:00:00:255:255:10:01:00:01
 local address: LID 0000 QPN 0x01f1 PSN 0x6251f2 RKey 0x055105 VAddr 0x007f386cbcd000
 GID: 00:00:00:00:00:00:00:00:00:00:255:255:10:01:00:01
 local address: LID 0000 QPN 0x01f2 PSN 0x13d4c8 RKey 0x055105 VAddr 0x007f386cbdd000
 GID: 00:00:00:00:00:00:00:00:00:00:255:255:10:01:00:01
 local address: LID 0000 QPN 0x01f3 PSN 0x4718ec RKey 0x055105 VAddr 0x007f386cbed000
 GID: 00:00:00:00:00:00:00:00:00:00:255:255:10:01:00:01
 local address: LID 0000 QPN 0x01f4 PSN 0x5e1f91 RKey 0x055105 VAddr 0x007f386cbfd000
 GID: 00:00:00:00:00:00:00:00:00:00:255:255:10:01:00:01
 local address: LID 0000 QPN 0x01f5 PSN 0x7f4e77 RKey 0x055105 VAddr 0x007f386cc0d000
 GID: 00:00:00:00:00:00:00:00:00:00:255:255:10:01:00:01
 local address: LID 0000 QPN 0x01f6 PSN 0x4a9186 RKey 0x055105 VAddr 0x007f386cc1d000
 GID: 00:00:00:00:00:00:00:00:00:00:255:255:10:01:00:01
 local address: LID 0000 QPN 0x01f7 PSN 0x48c2fb RKey 0x055105 VAddr 0x007f386cc2d000
 GID: 00:00:00:00:00:00:00:00:00:00:255:255:10:01:00:01
 local address: LID 0000 QPN 0x01f8 PSN 0x56e040 RKey 0x055105 VAddr 0x007f386cc3d000
 GID: 00:00:00:00:00:00:00:00:00:00:255:255:10:01:00:01
 local address: LID 0000 QPN 0x01f9 PSN 0x5ff70f RKey 0x055105 VAddr 0x007f386cc4d000
 GID: 00:00:00:00:00:00:00:00:00:00:255:255:10:01:00:01
 local address: LID 0000 QPN 0x01fa PSN 0x5d22c7 RKey 0x055105 VAddr 0x007f386cc5d000
 GID: 00:00:00:00:00:00:00:00:00:00:255:255:10:01:00:01
 local address: LID 0000 QPN 0x01fb PSN 0x364dc3 RKey 0x055105 VAddr 0x007f386cc6d000
 GID: 00:00:00:00:00:00:00:00:00:00:255:255:10:01:00:01
 local address: LID 0000 QPN 0x01fc PSN 0x677f08 RKey 0x055105 VAddr 0x007f386cc7d000
 GID: 00:00:00:00:00:00:00:00:00:00:255:255:10:01:00:01
 local address: LID 0000 QPN 0x01fd PSN 0x517a33 RKey 0x055105 VAddr 0x007f386cc8d000
 GID: 00:00:00:00:00:00:00:00:00:00:255:255:10:01:00:01
 local address: LID 0000 QPN 0x01fe PSN 0xded1d8 RKey 0x055105 VAddr 0x007f386cc9d000
 GID: 00:00:00:00:00:00:00:00:00:00:255:255:10:01:00:01
 local address: LID 0000 QPN 0x01ff PSN 0x953c7a RKey 0x055105 VAddr 0x007f386ccad000
 GID: 00:00:00:00:00:00:00:00:00:00:255:255:10:01:00:01
 local address: LID 0000 QPN 0x0200 PSN 0xc3d611 RKey 0x055105 VAddr 0x007f386ccbd000
 GID: 00:00:00:00:00:00:00:00:00:00:255:255:10:01:00:01
 local address: LID 0000 QPN 0x0201 PSN 0xf1723f RKey 0x055105 VAddr 0x007f386cccd000
 GID: 00:00:00:00:00:00:00:00:00:00:255:255:10:01:00:01
 local address: LID 0000 QPN 0x0202 PSN 0x9d4ce9 RKey 0x055105 VAddr 0x007f386ccdd000
 GID: 00:00:00:00:00:00:00:00:00:00:255:255:10:01:00:01
 local address: LID 0000 QPN 0x0203 PSN 0x2a3c24 RKey 0x055105 VAddr 0x007f386cced000
 GID: 00:00:00:00:00:00:00:00:00:00:255:255:10:01:00:01
 local address: LID 0000 QPN 0x0204 PSN 0x9ff049 RKey 0x055105 VAddr 0x007f386ccfd000
 GID: 00:00:00:00:00:00:00:00:00:00:255:255:10:01:00:01
 local address: LID 0000 QPN 0x0205 PSN 0x53cb96 RKey 0x055105 VAddr 0x007f386cd0d000
 GID: 00:00:00:00:00:00:00:00:00:00:255:255:10:01:00:01
 local address: LID 0000 QPN 0x0206 PSN 0xde2f84 RKey 0x055105 VAddr 0x007f386cd1d000
 GID: 00:00:00:00:00:00:00:00:00:00:255:255:10:01:00:01
 local address: LID 0000 QPN 0x0207 PSN 0x41db8a RKey 0x055105 VAddr 0x007f386cd2d000
 GID: 00:00:00:00:00:00:00:00:00:00:255:255:10:01:00:01
 local address: LID 0000 QPN 0x0208 PSN 0x81c775 RKey 0x055105 VAddr 0x007f386cd3d000
 GID: 00:00:00:00:00:00:00:00:00:00:255:255:10:01:00:01
 local address: LID 0000 QPN 0x0209 PSN 0xc5aae3 RKey 0x055105 VAddr 0x007f386cd4d000
 GID: 00:00:00:00:00:00:00:00:00:00:255:255:10:01:00:01
 local address: LID 0000 QPN 0x020a PSN 0x1258aa RKey 0x055105 VAddr 0x007f386cd5d000
 GID: 00:00:00:00:00:00:00:00:00:00:255:255:10:01:00:01
 local address: LID 0000 QPN 0x020b PSN 0x5f904a RKey 0x055105 VAddr 0x007f386cd6d000
 GID: 00:00:00:00:00:00:00:00:00:00:255:255:10:01:00:01
 local address: LID 0000 QPN 0x020c PSN 0xec98d9 RKey 0x055105 VAddr 0x007f386cd7d000
 GID: 00:00:00:00:00:00:00:00:00:00:255:255:10:01:00:01
 local address: LID 0000 QPN 0x020d PSN 0x89357a RKey 0x055105 VAddr 0x007f386cd8d000
 GID: 00:00:00:00:00:00:00:00:00:00:255:255:10:01:00:01
 local address: LID 0000 QPN 0x020e PSN 0x2a488c RKey 0x055105 VAddr 0x007f386cd9d000
 GID: 00:00:00:00:00:00:00:00:00:00:255:255:10:01:00:01
 local address: LID 0000 QPN 0x020f PSN 0xd6bb07 RKey 0x055105 VAddr 0x007f386cdad000
 GID: 00:00:00:00:00:00:00:00:00:00:255:255:10:01:00:01
 local address: LID 0000 QPN 0x0210 PSN 0x649a80 RKey 0x055105 VAddr 0x007f386cdbd000
 GID: 00:00:00:00:00:00:00:00:00:00:255:255:10:01:00:01
 local address: LID 0000 QPN 0x0211 PSN 0x823ddc RKey 0x055105 VAddr 0x007f386cdcd000
 GID: 00:00:00:00:00:00:00:00:00:00:255:255:10:01:00:01
 local address: LID 0000 QPN 0x0212 PSN 0xf05fe3 RKey 0x055105 VAddr 0x007f386cddd000
 GID: 00:00:00:00:00:00:00:00:00:00:255:255:10:01:00:01
 local address: LID 0000 QPN 0x0213 PSN 0x1a7cc0 RKey 0x055105 VAddr 0x007f386cded000
 GID: 00:00:00:00:00:00:00:00:00:00:255:255:10:01:00:01
 local address: LID 0000 QPN 0x0214 PSN 0xac7b29 RKey 0x055105 VAddr 0x007f386cdfd000
 GID: 00:00:00:00:00:00:00:00:00:00:255:255:10:01:00:01
 local address: LID 0000 QPN 0x0215 PSN 0x9f659 RKey 0x055105 VAddr 0x007f386ce0d000
 GID: 00:00:00:00:00:00:00:00:00:00:255:255:10:01:00:01
 local address: LID 0000 QPN 0x0216 PSN 0x17aec RKey 0x055105 VAddr 0x007f386ce1d000
 GID: 00:00:00:00:00:00:00:00:00:00:255:255:10:01:00:01
 local address: LID 0000 QPN 0x0217 PSN 0x4c4f3f RKey 0x055105 VAddr 0x007f386ce2d000
 GID: 00:00:00:00:00:00:00:00:00:00:255:255:10:01:00:01
 local address: LID 0000 QPN 0x0218 PSN 0x8ab6ce RKey 0x055105 VAddr 0x007f386ce3d000
 GID: 00:00:00:00:00:00:00:00:00:00:255:255:10:01:00:01
 local address: LID 0000 QPN 0x0219 PSN 0x1febd0 RKey 0x055105 VAddr 0x007f386ce4d000
 GID: 00:00:00:00:00:00:00:00:00:00:255:255:10:01:00:01
 local address: LID 0000 QPN 0x021a PSN 0xca0204 RKey 0x055105 VAddr 0x007f386ce5d000
 GID: 00:00:00:00:00:00:00:00:00:00:255:255:10:01:00:01
 local address: LID 0000 QPN 0x021b PSN 0xde72a8 RKey 0x055105 VAddr 0x007f386ce6d000
 GID: 00:00:00:00:00:00:00:00:00:00:255:255:10:01:00:01
 local address: LID 0000 QPN 0x021c PSN 0xfb69d2 RKey 0x055105 VAddr 0x007f386ce7d000
 GID: 00:00:00:00:00:00:00:00:00:00:255:255:10:01:00:01
 local address: LID 0000 QPN 0x021d PSN 0x10aa92 RKey 0x055105 VAddr 0x007f386ce8d000
 GID: 00:00:00:00:00:00:00:00:00:00:255:255:10:01:00:01
 local address: LID 0000 QPN 0x021e PSN 0xf529db RKey 0x055105 VAddr 0x007f386ce9d000
 GID: 00:00:00:00:00:00:00:00:00:00:255:255:10:01:00:01
 local address: LID 0000 QPN 0x021f PSN 0x1e6231 RKey 0x055105 VAddr 0x007f386cead000
 GID: 00:00:00:00:00:00:00:00:00:00:255:255:10:01:00:01
 local address: LID 0000 QPN 0x0220 PSN 0x13ecc6 RKey 0x055105 VAddr 0x007f386cebd000
 GID: 00:00:00:00:00:00:00:00:00:00:255:255:10:01:00:01
 local address: LID 0000 QPN 0x0221 PSN 0x8e8f65 RKey 0x055105 VAddr 0x007f386cecd000
 GID: 00:00:00:00:00:00:00:00:00:00:255:255:10:01:00:01
 local address: LID 0000 QPN 0x0222 PSN 0x9dbd58 RKey 0x055105 VAddr 0x007f386cedd000
 GID: 00:00:00:00:00:00:00:00:00:00:255:255:10:01:00:01
 local address: LID 0000 QPN 0x0223 PSN 0x4ca1f0 RKey 0x055105 VAddr 0x007f386ceed000
 GID: 00:00:00:00:00:00:00:00:00:00:255:255:10:01:00:01
 remote address: LID 0000 QPN 0xe407 PSN 0x5ddc08 RKey 0x055100 VAddr 0x007f247c924000
 GID: 00:00:00:00:00:00:00:00:00:00:255:255:10:01:00:02
 remote address: LID 0000 QPN 0xe408 PSN 0xcd4952 RKey 0x055100 VAddr 0x007f247c934000
 GID: 00:00:00:00:00:00:00:00:00:00:255:255:10:01:00:02
 remote address: LID 0000 QPN 0xe409 PSN 0x516534 RKey 0x055100 VAddr 0x007f247c944000
 GID: 00:00:00:00:00:00:00:00:00:00:255:255:10:01:00:02
 remote address: LID 0000 QPN 0xe40a PSN 0xab6e73 RKey 0x055100 VAddr 0x007f247c954000
 GID: 00:00:00:00:00:00:00:00:00:00:255:255:10:01:00:02
 remote address: LID 0000 QPN 0xe40b PSN 0xaf0f0a RKey 0x055100 VAddr 0x007f247c964000
 GID: 00:00:00:00:00:00:00:00:00:00:255:255:10:01:00:02
 remote address: LID 0000 QPN 0xe40c PSN 0xdcb8a4 RKey 0x055100 VAddr 0x007f247c974000
 GID: 00:00:00:00:00:00:00:00:00:00:255:255:10:01:00:02
 remote address: LID 0000 QPN 0xe40d PSN 0xf7b733 RKey 0x055100 VAddr 0x007f247c984000
 GID: 00:00:00:00:00:00:00:00:00:00:255:255:10:01:00:02
 remote address: LID 0000 QPN 0xe40e PSN 0xda0eb0 RKey 0x055100 VAddr 0x007f247c994000
 GID: 00:00:00:00:00:00:00:00:00:00:255:255:10:01:00:02
 remote address: LID 0000 QPN 0xe40f PSN 0x193a94 RKey 0x055100 VAddr 0x007f247c9a4000
 GID: 00:00:00:00:00:00:00:00:00:00:255:255:10:01:00:02
 remote address: LID 0000 QPN 0xe410 PSN 0x956686 RKey 0x055100 VAddr 0x007f247c9b4000
 GID: 00:00:00:00:00:00:00:00:00:00:255:255:10:01:00:02
 remote address: LID 0000 QPN 0xe411 PSN 0x5240b2 RKey 0x055100 VAddr 0x007f247c9c4000
 GID: 00:00:00:00:00:00:00:00:00:00:255:255:10:01:00:02
 remote address: LID 0000 QPN 0xe412 PSN 0x78385d RKey 0x055100 VAddr 0x007f247c9d4000
 GID: 00:00:00:00:00:00:00:00:00:00:255:255:10:01:00:02
 remote address: LID 0000 QPN 0xe413 PSN 0x987b85 RKey 0x055100 VAddr 0x007f247c9e4000
 GID: 00:00:00:00:00:00:00:00:00:00:255:255:10:01:00:02
 remote address: LID 0000 QPN 0xe414 PSN 0xcdff4e RKey 0x055100 VAddr 0x007f247c9f4000
 GID: 00:00:00:00:00:00:00:00:00:00:255:255:10:01:00:02
 remote address: LID 0000 QPN 0xe415 PSN 0x7d4cf4 RKey 0x055100 VAddr 0x007f247ca04000
 GID: 00:00:00:00:00:00:00:00:00:00:255:255:10:01:00:02
 remote address: LID 0000 QPN 0xe416 PSN 0xb6cba8 RKey 0x055100 VAddr 0x007f247ca14000
 GID: 00:00:00:00:00:00:00:00:00:00:255:255:10:01:00:02
 remote address: LID 0000 QPN 0xe417 PSN 0xd2219d RKey 0x055100 VAddr 0x007f247ca24000
 GID: 00:00:00:00:00:00:00:00:00:00:255:255:10:01:00:02
 remote address: LID 0000 QPN 0xe418 PSN 0xcaf593 RKey 0x055100 VAddr 0x007f247ca34000
 GID: 00:00:00:00:00:00:00:00:00:00:255:255:10:01:00:02
 remote address: LID 0000 QPN 0xe419 PSN 0x73e072 RKey 0x055100 VAddr 0x007f247ca44000
 GID: 00:00:00:00:00:00:00:00:00:00:255:255:10:01:00:02
 remote address: LID 0000 QPN 0xe41a PSN 0x576577 RKey 0x055100 VAddr 0x007f247ca54000
 GID: 00:00:00:00:00:00:00:00:00:00:255:255:10:01:00:02
 remote address: LID 0000 QPN 0xe41b PSN 0xdd770c RKey 0x055100 VAddr 0x007f247ca64000
 GID: 00:00:00:00:00:00:00:00:00:00:255:255:10:01:00:02
 remote address: LID 0000 QPN 0xe41c PSN 0x3973eb RKey 0x055100 VAddr 0x007f247ca74000
 GID: 00:00:00:00:00:00:00:00:00:00:255:255:10:01:00:02
 remote address: LID 0000 QPN 0xe41d PSN 0xf4f473 RKey 0x055100 VAddr 0x007f247ca84000
 GID: 00:00:00:00:00:00:00:00:00:00:255:255:10:01:00:02
 remote address: LID 0000 QPN 0xe41e PSN 0xcb1bff RKey 0x055100 VAddr 0x007f247ca94000
 GID: 00:00:00:00:00:00:00:00:00:00:255:255:10:01:00:02
 remote address: LID 0000 QPN 0xe41f PSN 0x5d3694 RKey 0x055100 VAddr 0x007f247caa4000
 GID: 00:00:00:00:00:00:00:00:00:00:255:255:10:01:00:02
 remote address: LID 0000 QPN 0xe420 PSN 0xe868cf RKey 0x055100 VAddr 0x007f247cab4000
 GID: 00:00:00:00:00:00:00:00:00:00:255:255:10:01:00:02
 remote address: LID 0000 QPN 0xe421 PSN 0x529244 RKey 0x055100 VAddr 0x007f247cac4000
 GID: 00:00:00:00:00:00:00:00:00:00:255:255:10:01:00:02
 remote address: LID 0000 QPN 0xe422 PSN 0x4f3276 RKey 0x055100 VAddr 0x007f247cad4000
 GID: 00:00:00:00:00:00:00:00:00:00:255:255:10:01:00:02
 remote address: LID 0000 QPN 0xe423 PSN 0x41fa5d RKey 0x055100 VAddr 0x007f247cae4000
 GID: 00:00:00:00:00:00:00:00:00:00:255:255:10:01:00:02
 remote address: LID 0000 QPN 0xe424 PSN 0x532e9b RKey 0x055100 VAddr 0x007f247caf4000
 GID: 00:00:00:00:00:00:00:00:00:00:255:255:10:01:00:02
 remote address: LID 0000 QPN 0xe425 PSN 0x452815 RKey 0x055100 VAddr 0x007f247cb04000
 GID: 00:00:00:00:00:00:00:00:00:00:255:255:10:01:00:02
 remote address: LID 0000 QPN 0xe426 PSN 0x1c15e0 RKey 0x055100 VAddr 0x007f247cb14000
 GID: 00:00:00:00:00:00:00:00:00:00:255:255:10:01:00:02
 remote address: LID 0000 QPN 0xe427 PSN 0x888d55 RKey 0x055100 VAddr 0x007f247cb24000
 GID: 00:00:00:00:00:00:00:00:00:00:255:255:10:01:00:02
 remote address: LID 0000 QPN 0xe428 PSN 0x8771b2 RKey 0x055100 VAddr 0x007f247cb34000
 GID: 00:00:00:00:00:00:00:00:00:00:255:255:10:01:00:02
 remote address: LID 0000 QPN 0xe429 PSN 0xe91170 RKey 0x055100 VAddr 0x007f247cb44000
 GID: 00:00:00:00:00:00:00:00:00:00:255:255:10:01:00:02
 remote address: LID 0000 QPN 0xe42a PSN 0x6e1506 RKey 0x055100 VAddr 0x007f247cb54000
 GID: 00:00:00:00:00:00:00:00:00:00:255:255:10:01:00:02
 remote address: LID 0000 QPN 0xe42b PSN 0x4ba941 RKey 0x055100 VAddr 0x007f247cb64000
 GID: 00:00:00:00:00:00:00:00:00:00:255:255:10:01:00:02
 remote address: LID 0000 QPN 0xe42c PSN 0xa816bf RKey 0x055100 VAddr 0x007f247cb74000
 GID: 00:00:00:00:00:00:00:00:00:00:255:255:10:01:00:02
 remote address: LID 0000 QPN 0xe42d PSN 0x31ed56 RKey 0x055100 VAddr 0x007f247cb84000
 GID: 00:00:00:00:00:00:00:00:00:00:255:255:10:01:00:02
 remote address: LID 0000 QPN 0xe42e PSN 0xf46586 RKey 0x055100 VAddr 0x007f247cb94000
 GID: 00:00:00:00:00:00:00:00:00:00:255:255:10:01:00:02
 remote address: LID 0000 QPN 0xe42f PSN 0x2f4b65 RKey 0x055100 VAddr 0x007f247cba4000
 GID: 00:00:00:00:00:00:00:00:00:00:255:255:10:01:00:02
 remote address: LID 0000 QPN 0xe430 PSN 0x690316 RKey 0x055100 VAddr 0x007f247cbb4000
 GID: 00:00:00:00:00:00:00:00:00:00:255:255:10:01:00:02
 remote address: LID 0000 QPN 0xe431 PSN 0xfefbf8 RKey 0x055100 VAddr 0x007f247cbc4000
 GID: 00:00:00:00:00:00:00:00:00:00:255:255:10:01:00:02
 remote address: LID 0000 QPN 0xe432 PSN 0x2a2803 RKey 0x055100 VAddr 0x007f247cbd4000
 GID: 00:00:00:00:00:00:00:00:00:00:255:255:10:01:00:02
 remote address: LID 0000 QPN 0xe433 PSN 0x2469cc RKey 0x055100 VAddr 0x007f247cbe4000
 GID: 00:00:00:00:00:00:00:00:00:00:255:255:10:01:00:02
 remote address: LID 0000 QPN 0xe434 PSN 0x7bc938 RKey 0x055100 VAddr 0x007f247cbf4000
 GID: 00:00:00:00:00:00:00:00:00:00:255:255:10:01:00:02
 remote address: LID 0000 QPN 0xe435 PSN 0x355e0f RKey 0x055100 VAddr 0x007f247cc04000
 GID: 00:00:00:00:00:00:00:00:00:00:255:255:10:01:00:02
 remote address: LID 0000 QPN 0xe436 PSN 0x663d7c RKey 0x055100 VAddr 0x007f247cc14000
 GID: 00:00:00:00:00:00:00:00:00:00:255:255:10:01:00:02
 remote address: LID 0000 QPN 0xe437 PSN 0x667335 RKey 0x055100 VAddr 0x007f247cc24000
 GID: 00:00:00:00:00:00:00:00:00:00:255:255:10:01:00:02
 remote address: LID 0000 QPN 0xe438 PSN 0x235b75 RKey 0x055100 VAddr 0x007f247cc34000
 GID: 00:00:00:00:00:00:00:00:00:00:255:255:10:01:00:02
 remote address: LID 0000 QPN 0xe439 PSN 0x78afd8 RKey 0x055100 VAddr 0x007f247cc44000
 GID: 00:00:00:00:00:00:00:00:00:00:255:255:10:01:00:02
 remote address: LID 0000 QPN 0xe43a PSN 0x29dfbb RKey 0x055100 VAddr 0x007f247cc54000
 GID: 00:00:00:00:00:00:00:00:00:00:255:255:10:01:00:02
 remote address: LID 0000 QPN 0xe43b PSN 0xa39a RKey 0x055100 VAddr 0x007f247cc64000
 GID: 00:00:00:00:00:00:00:00:00:00:255:255:10:01:00:02
 remote address: LID 0000 QPN 0xe43c PSN 0x2506ac RKey 0x055100 VAddr 0x007f247cc74000
 GID: 00:00:00:00:00:00:00:00:00:00:255:255:10:01:00:02
 remote address: LID 0000 QPN 0xe43d PSN 0xe819b0 RKey 0x055100 VAddr 0x007f247cc84000
 GID: 00:00:00:00:00:00:00:00:00:00:255:255:10:01:00:02
 remote address: LID 0000 QPN 0xe43e PSN 0x830ee4 RKey 0x055100 VAddr 0x007f247cc94000
 GID: 00:00:00:00:00:00:00:00:00:00:255:255:10:01:00:02
 remote address: LID 0000 QPN 0xe43f PSN 0xbfd75e RKey 0x055100 VAddr 0x007f247cca4000
 GID: 00:00:00:00:00:00:00:00:00:00:255:255:10:01:00:02
 remote address: LID 0000 QPN 0xe440 PSN 0x2f172e RKey 0x055100 VAddr 0x007f247ccb4000
 GID: 00:00:00:00:00:00:00:00:00:00:255:255:10:01:00:02
 remote address: LID 0000 QPN 0xe441 PSN 0x4d9047 RKey 0x055100 VAddr 0x007f247ccc4000
 GID: 00:00:00:00:00:00:00:00:00:00:255:255:10:01:00:02
 remote address: LID 0000 QPN 0xe442 PSN 0x57062d RKey 0x055100 VAddr 0x007f247ccd4000
 GID: 00:00:00:00:00:00:00:00:00:00:255:255:10:01:00:02
 remote address: LID 0000 QPN 0xe443 PSN 0xd62712 RKey 0x055100 VAddr 0x007f247cce4000
 GID: 00:00:00:00:00:00:00:00:00:00:255:255:10:01:00:02
 remote address: LID 0000 QPN 0xe444 PSN 0xb1a9c1 RKey 0x055100 VAddr 0x007f247ccf4000
 GID: 00:00:00:00:00:00:00:00:00:00:255:255:10:01:00:02
 remote address: LID 0000 QPN 0xe445 PSN 0xe9e84 RKey 0x055100 VAddr 0x007f247cd04000
 GID: 00:00:00:00:00:00:00:00:00:00:255:255:10:01:00:02
 remote address: LID 0000 QPN 0xe446 PSN 0x3a09ac RKey 0x055100 VAddr 0x007f247cd14000
 GID: 00:00:00:00:00:00:00:00:00:00:255:255:10:01:00:02
---------------------------------------------------------------------------------------
 #bytes     #iterations    BW peak[Gb/sec]    BW average[Gb/sec]   MsgRate[Mpps]
 65536      2243404          0.00               196.03 		     0.373895
---------------------------------------------------------------------------------------
