Conflicting CPU frequency values detected: 2100.000000 != 2700.001000. CPU Frequency is not max.
 WARNING: BW peak won't be measured in this run.
---------------------------------------------------------------------------------------
                    RDMA_Write BW Test
 Dual-port       : OFF		Device         : mlx5_8
 Number of qps   : 1		Transport type : IB
 Connection type : RC		Using SRQ      : OFF
 PCIe relax order: ON		Lock-free      : OFF
 ibv_wr* API     : ON		Using Enhanced Reorder      : OFF
 TX depth        : 128
 CQ Moderation   : 1
 CQE Poll Batch  : Dynamic
 Mtu             : 1024[B]
 Link type       : Ethernet
 GID index       : 3
 Max inline data : 0[B]
 rdma_cm QPs	 : OFF
 Data ex. method : Ethernet
---------------------------------------------------------------------------------------
 local address: LID 0000 QPN 0x02e8 PSN 0x61b7b9 RKey 0x074500 VAddr 0x007f75bf193000
 GID: 00:00:00:00:00:00:00:00:00:00:255:255:10:01:00:13
 remote address: LID 0000 QPN 0x0351 PSN 0x8e5e0b RKey 0x054700 VAddr 0x007f4b929af000
 GID: 00:00:00:00:00:00:00:00:00:00:255:255:10:01:00:02
---------------------------------------------------------------------------------------
 #bytes     #iterations    BW peak[Gb/sec]    BW average[Gb/sec]   MsgRate[Mpps]
 65536      14749            0.00               0.59   		     0.001135
---------------------------------------------------------------------------------------
