Conflicting CPU frequency values detected: 1145.051000 != 2700.001000. CPU Frequency is not max.
 WARNING: BW peak won't be measured in this run.
---------------------------------------------------------------------------------------
                    RDMA_Write BW Test
 Dual-port       : OFF		Device         : mlx5_6
 Number of qps   : 1		Transport type : IB
 Connection type : RC		Using SRQ      : OFF
 PCIe relax order: ON		Lock-free      : OFF
 ibv_wr* API     : ON		Using Enhanced Reorder      : OFF
 TX depth        : 128
 CQ Moderation   : 1
 CQE Poll Batch  : Dynamic
 Mtu             : 1024[B]
 Link type       : Ethernet
 GID index       : 3
 Max inline data : 0[B]
 rdma_cm QPs	 : OFF
 Data ex. method : Ethernet
---------------------------------------------------------------------------------------
 local address: LID 0000 QPN 0x026e PSN 0xb3b09d RKey 0x054600 VAddr 0x007f0d31bc5000
 GID: 00:00:00:00:00:00:00:00:00:00:255:255:10:01:00:11
 remote address: LID 0000 QPN 0x035d PSN 0xe056ef RKey 0x054c00 VAddr 0x007f3041595000
 GID: 00:00:00:00:00:00:00:00:00:00:255:255:10:01:00:02
---------------------------------------------------------------------------------------
 #bytes     #iterations    BW peak[Gb/sec]    BW average[Gb/sec]   MsgRate[Mpps]
 65536      14928            0.00               0.60   		     0.001148
---------------------------------------------------------------------------------------
