Conflicting CPU frequency values detected: 2100.000000 != 777.411000. CPU Frequency is not max.
 WARNING: BW peak won't be measured in this run.
---------------------------------------------------------------------------------------
                    RDMA_Write BW Test
 Dual-port       : OFF		Device         : mlx5_7
 Number of qps   : 1		Transport type : IB
 Connection type : RC		Using SRQ      : OFF
 PCIe relax order: ON		Lock-free      : OFF
 ibv_wr* API     : ON		Using Enhanced Reorder      : OFF
 TX depth        : 128
 CQ Moderation   : 1
 CQE Poll Batch  : Dynamic
 Mtu             : 1024[B]
 Link type       : Ethernet
 GID index       : 3
 Max inline data : 0[B]
 rdma_cm QPs	 : OFF
 Data ex. method : Ethernet
---------------------------------------------------------------------------------------
 local address: LID 0000 QPN 0x01d2 PSN 0x1bf7ce RKey 0x034700 VAddr 0x007fce75cde000
 GID: 00:00:00:00:00:00:00:00:00:00:255:255:10:01:00:12
 remote address: LID 0000 QPN 0x02f4 PSN 0x7ea9a3 RKey 0x054c00 VAddr 0x007fb00cb23000
 GID: 00:00:00:00:00:00:00:00:00:00:255:255:10:01:00:02
---------------------------------------------------------------------------------------
 #bytes     #iterations    BW peak[Gb/sec]    BW average[Gb/sec]   MsgRate[Mpps]
 65536      36411            0.00               0.64   		     0.001214
---------------------------------------------------------------------------------------
