Conflicting CPU frequency values detected: 1270.868000 != 1028.608000. CPU Frequency is not max.
 WARNING: BW peak won't be measured in this run.
---------------------------------------------------------------------------------------
                    RDMA_Write BW Test
 Dual-port       : OFF		Device         : mlx5_6
 Number of qps   : 1		Transport type : IB
 Connection type : RC		Using SRQ      : OFF
 PCIe relax order: ON		Lock-free      : OFF
 ibv_wr* API     : ON		Using Enhanced Reorder      : OFF
 TX depth        : 128
 CQ Moderation   : 1
 CQE Poll Batch  : Dynamic
 Mtu             : 1024[B]
 Link type       : Ethernet
 GID index       : 3
 Max inline data : 0[B]
 rdma_cm QPs	 : OFF
 Data ex. method : Ethernet
---------------------------------------------------------------------------------------
 local address: LID 0000 QPN 0x0237 PSN 0x11f69c RKey 0x054600 VAddr 0x007fb6c58ad000
 GID: 00:00:00:00:00:00:00:00:00:00:255:255:10:01:00:11
 remote address: LID 0000 QPN 0x027c PSN 0xd6bb04 RKey 0x054d00 VAddr 0x007fdce7e8f000
 GID: 00:00:00:00:00:00:00:00:00:00:255:255:10:01:00:02
---------------------------------------------------------------------------------------
 #bytes     #iterations    BW peak[Gb/sec]    BW average[Gb/sec]   MsgRate[Mpps]
 65536      35698            0.00               0.62   		     0.001190
---------------------------------------------------------------------------------------
