Conflicting CPU frequency values detected: 2100.000000 != 2700.000000. CPU Frequency is not max.
 WARNING: BW peak won't be measured in this run.
---------------------------------------------------------------------------------------
                    RDMA_Write BW Test
 Dual-port       : OFF		Device         : mlx5_9
 Number of qps   : 1		Transport type : IB
 Connection type : RC		Using SRQ      : OFF
 PCIe relax order: ON		Lock-free      : OFF
 ibv_wr* API     : ON		Using Enhanced Reorder      : OFF
 TX depth        : 128
 CQ Moderation   : 1
 CQE Poll Batch  : Dynamic
 Mtu             : 1024[B]
 Link type       : Ethernet
 GID index       : 3
 Max inline data : 0[B]
 rdma_cm QPs	 : OFF
 Data ex. method : Ethernet
---------------------------------------------------------------------------------------
 local address: LID 0000 QPN 0x015d PSN 0x4d1c26 RKey 0x00c600 VAddr 0x007f524862c000
 GID: 00:00:00:00:00:00:00:00:00:00:255:255:10:01:00:14
 remote address: LID 0000 QPN 0x03a9 PSN 0xe4962e RKey 0x055e00 VAddr 0x007f1fd2add000
 GID: 00:00:00:00:00:00:00:00:00:00:255:255:10:01:00:02
---------------------------------------------------------------------------------------
 #bytes     #iterations    BW peak[Gb/sec]    BW average[Gb/sec]   MsgRate[Mpps]
 65536      113350           0.00               4.57   		     0.008719
---------------------------------------------------------------------------------------
