Conflicting CPU frequency values detected: 2079.826000 != 1525.101000. CPU Frequency is not max.
 WARNING: BW peak won't be measured in this run.
---------------------------------------------------------------------------------------
                    RDMA_Write BW Test
 Dual-port       : OFF		Device         : mlx5_8
 Number of qps   : 1		Transport type : IB
 Connection type : RC		Using SRQ      : OFF
 PCIe relax order: ON		Lock-free      : OFF
 ibv_wr* API     : ON		Using Enhanced Reorder      : OFF
 TX depth        : 128
 CQ Moderation   : 1
 CQE Poll Batch  : Dynamic
 Mtu             : 1024[B]
 Link type       : Ethernet
 GID index       : 3
 Max inline data : 0[B]
 rdma_cm QPs	 : OFF
 Data ex. method : Ethernet
---------------------------------------------------------------------------------------
 local address: LID 0000 QPN 0x0301 PSN 0xd5e6bc RKey 0x074700 VAddr 0x007f3cd0e9b000
 GID: 00:00:00:00:00:00:00:00:00:00:255:255:10:01:00:13
 remote address: LID 0000 QPN 0x03b1 PSN 0x7eaec6 RKey 0x054900 VAddr 0x007f2f95f36000
 GID: 00:00:00:00:00:00:00:00:00:00:255:255:10:01:00:02
---------------------------------------------------------------------------------------
 #bytes     #iterations    BW peak[Gb/sec]    BW average[Gb/sec]   MsgRate[Mpps]
 65536      111897           0.00               4.47   		     0.008525
---------------------------------------------------------------------------------------
