Conflicting CPU frequency values detected: 2100.000000 != 2700.000000. CPU Frequency is not max.
 WARNING: BW peak won't be measured in this run.
---------------------------------------------------------------------------------------
                    RDMA_Write BW Test
 Dual-port       : OFF		Device         : mlx5_6
 Number of qps   : 1		Transport type : IB
 Connection type : RC		Using SRQ      : OFF
 PCIe relax order: ON		Lock-free      : OFF
 ibv_wr* API     : ON		Using Enhanced Reorder      : OFF
 TX depth        : 128
 CQ Moderation   : 1
 CQE Poll Batch  : Dynamic
 Mtu             : 1024[B]
 Link type       : Ethernet
 GID index       : 3
 Max inline data : 0[B]
 rdma_cm QPs	 : OFF
 Data ex. method : Ethernet
---------------------------------------------------------------------------------------
 local address: LID 0000 QPN 0x027e PSN 0xd7db4e RKey 0x054400 VAddr 0x007f425aa2e000
 GID: 00:00:00:00:00:00:00:00:00:00:255:255:10:01:00:11
 remote address: LID 0000 QPN 0x039a PSN 0xf6380e RKey 0x055a00 VAddr 0x007fd895a52000
 GID: 00:00:00:00:00:00:00:00:00:00:255:255:10:01:00:02
---------------------------------------------------------------------------------------
 #bytes     #iterations    BW peak[Gb/sec]    BW average[Gb/sec]   MsgRate[Mpps]
 65536      59534            0.00               2.40   		     0.004579
---------------------------------------------------------------------------------------
