Conflicting CPU frequency values detected: 2100.000000 != 2699.997000. CPU Frequency is not max.
 WARNING: BW peak won't be measured in this run.
---------------------------------------------------------------------------------------
                    RDMA_Write BW Test
 Dual-port       : OFF		Device         : mlx5_9
 Number of qps   : 1		Transport type : IB
 Connection type : RC		Using SRQ      : OFF
 PCIe relax order: ON		Lock-free      : OFF
 ibv_wr* API     : ON		Using Enhanced Reorder      : OFF
 TX depth        : 128
 CQ Moderation   : 1
 CQE Poll Batch  : Dynamic
 Mtu             : 1024[B]
 Link type       : Ethernet
 GID index       : 3
 Max inline data : 0[B]
 rdma_cm QPs	 : OFF
 Data ex. method : Ethernet
---------------------------------------------------------------------------------------
 local address: LID 0000 QPN 0x012b PSN 0x12440e RKey 0x00c700 VAddr 0x007f6e37659000
 GID: 00:00:00:00:00:00:00:00:00:00:255:255:10:01:00:14
 remote address: LID 0000 QPN 0x02df PSN 0x3ccabe RKey 0x055d00 VAddr 0x007f2533c5d000
 GID: 00:00:00:00:00:00:00:00:00:00:255:255:10:01:00:02
---------------------------------------------------------------------------------------
 #bytes     #iterations    BW peak[Gb/sec]    BW average[Gb/sec]   MsgRate[Mpps]
 65536      36097            0.00               0.63   		     0.001203
---------------------------------------------------------------------------------------
