Conflicting CPU frequency values detected: 2100.000000 != 2626.080000. CPU Frequency is not max.
 WARNING: BW peak won't be measured in this run.
---------------------------------------------------------------------------------------
                    RDMA_Write BW Test
 Dual-port       : OFF		Device         : mlx5_7
 Number of qps   : 1		Transport type : IB
 Connection type : RC		Using SRQ      : OFF
 PCIe relax order: ON		Lock-free      : OFF
 ibv_wr* API     : ON		Using Enhanced Reorder      : OFF
 TX depth        : 128
 CQ Moderation   : 1
 CQE Poll Batch  : Dynamic
 Mtu             : 1024[B]
 Link type       : Ethernet
 GID index       : 3
 Max inline data : 0[B]
 rdma_cm QPs	 : OFF
 Data ex. method : Ethernet
---------------------------------------------------------------------------------------
 local address: LID 0000 QPN 0x01f5 PSN 0xefe21d RKey 0x034500 VAddr 0x007f61878f4000
 GID: 00:00:00:00:00:00:00:00:00:00:255:255:10:01:00:12
 remote address: LID 0000 QPN 0x038b PSN 0x501e5a RKey 0x054e00 VAddr 0x007feef6f6a000
 GID: 00:00:00:00:00:00:00:00:00:00:255:255:10:01:00:02
---------------------------------------------------------------------------------------
 #bytes     #iterations    BW peak[Gb/sec]    BW average[Gb/sec]   MsgRate[Mpps]
 65536      113797           0.00               4.59   		     0.008753
---------------------------------------------------------------------------------------
