== -> HPFT ==
== ensure VxLAN overlay (ovsbr-p1 + vxlan100, tos=inherit) ==
== fw reset both DPUs (parallel, ~4-5 min; Arms reboot) ==

The reset level for device, /dev/mst/mt41692_pciconf1 is:

3: Driver restart and PCI reset
Please be aware that resetting the Bluefield may take several minutes. Exiting the process in the middle of the waiting period will not halt the reset.
The ARM side will be restarted, and it will be unavailable for a while.
Continue with reset?[y/N] y
-I- Sending Reset Command To Fw             -
The reset level for device, /dev/mst/mt41692_pciconf1 is:

3: Driver restart and PCI reset
Please be aware that resetting the Bluefield may take several minutes. Exiting the process in the middle of the waiting period will not halt the reset.
The ARM side will be restarted, and it will be unavailable for a while.
Continue with reset?[y/N] y
-I- Sending Reset Command To Fw             -Done
Done
Arm OS shut down in progress, the completion of the process may take several minutes.
-I- FW was loaded successfully.
Arm OS shut down in progress, the completion of the process may take several minutes.
-I- FW was loaded successfully.
== waiting for both Arms ==
== re-applying SR (ROCE_ACCL was 1 before the reset) ==
sgpu01: selective_repeat_forced_en                     | 0x00000001
sgpu02: selective_repeat_forced_en                     | 0x00000001
retrans mode: sr (takes effect for newly created QPs; existing QPs unaffected)
== 1/6 VFs on both hosts ==
== 2/6 TCP EDT (fq + BPF) on sender ==
dpu1vf0: fq=1 edt_prog=37 want=
dpu1vf1: fq=1 edt_prog=37 want=
dpu1vf2: fq=1 edt_prog=37 want=
dpu1vf3: fq=1 edt_prog=37 want=
edt_maps_ensure: 12 entries written
  hpft_ip_to_vnic=8   hpft_pair_state=4 
== 3/6 overlay volatile state on p1 (underlay + telemetry IPs, MTU 9000, ARP) ==
== 4/6 rp_service.sh + p1 100G + PFC off ==
== 5/6 restart pace shim (re-seed pair state after EDT re-apply) ==
Failed to restart hpft-pace-shim.service: Unit hpft-pace-shim.service not found.
== 6/6 sanity ==
  EDT: dpu1vf0: fq=1 edt_prog=37 want= dpu1vf1: fq=1 edt_prog=37 want= dpu1vf2: fq=1 edt_prog=37 want= dpu1vf3: fq=1 edt_prog=37 want= 
  telemetry ping 10.1.9.2: rtt min/avg/max/mdev = 0.145/0.167/0.194/0.020 ms
  vport_meter=active pace_shim=inactive
  retrans mode: False
== done -- runners (incast8_run.sh etc) will restart agents+RP ==
   7287       00:06 /home/ubuntu/bzx/doca34-apps/build/pcc/doca_pcc -d mlx5_0 -l 40 -w 1100
Running as unit: hpft-rxagent-e.service
Running as unit: hpft-txagent-e.service
Running as unit: hpft-pace-shim.service
hpft-dpu: UPCC current=1 next=1 | SR current=0 next=0
hpft-dpu2: UPCC current=1 next=1 | SR current=0 next=0
doca_pcc on dpu1: 1
txagent=active rxagent=active shim=active qpnres=active
dpu2 p1: 	Speed: 100000Mb/s
swp37s0 ECN profile: motiv_default_ecn
VFs on sgpu01: 4
NOTE: soak/watchdog cron NOT touched -- re-enable manually if wanted.
== ensure VxLAN overlay (ovsbr-p1 + vxlan100, tos=inherit) ==
== HPFT ready ==
UPCC:            dpu=1 dpu2=1   (1=PCC device, 0=firmware DCQCN)
HPFT agents:     rx=active tx=active shim=active  doca_pcc=1
ovsbr-p1 ports:  pf1vf0,pf1vf1,pf1vf2,pf1vf3,vxlan100,
jakiro_dhtb:     stopped
doca_pcc bin:    /home/ubuntu/bzx/doca34-apps/build/pcc/doca_pcc -d mlx5_0 -l 40 -w 1100
rx meters:       0
receiver VF IPs: vf0=10.1.0.2 vf1=10.1.1.2 vf2=10.1.2.2 vf3=10.1.3.2 
==> environment: HPFT
    data plane:  resident VxLAN overlay
