ethernet_read_keys: Couldn't read remote address
 Unable to read to socket/rdma_cm
 Failed to exchange data between server and clients
 WARNING: BW peak won't be measured in this run.

************************************
* Waiting for client to connect... *
************************************
---------------------------------------------------------------------------------------
                    RDMA_Read BW Test
 Dual-port       : OFF		Device         : mlx5_8
 Number of qps   : 4		Transport type : IB
 Connection type : RC		Using SRQ      : OFF
 PCIe relax order: ON		Lock-free      : OFF
 ibv_wr* API     : ON		Using Enhanced Reorder      : OFF
 CQ Moderation   : 1
 CQE Poll Batch  : Dynamic
 Mtu             : 1024[B]
 Link type       : Ethernet
 GID index       : 3
 Outstand reads  : 16
 rdma_cm QPs	 : OFF
 Data ex. method : Ethernet
---------------------------------------------------------------------------------------
 local address: LID 0000 QPN 0x02a4 PSN 0x5592cb OUT 0x10 RKey 0x074f00 VAddr 0x007f68fba89000
 GID: 00:00:00:00:00:00:00:00:00:00:255:255:10:01:02:01
 local address: LID 0000 QPN 0x02a5 PSN 0xb3bf90 OUT 0x10 RKey 0x074f00 VAddr 0x007f68fba99000
 GID: 00:00:00:00:00:00:00:00:00:00:255:255:10:01:02:01
 local address: LID 0000 QPN 0x02a6 PSN 0x5efe64 OUT 0x10 RKey 0x074f00 VAddr 0x007f68fbaa9000
 GID: 00:00:00:00:00:00:00:00:00:00:255:255:10:01:02:01
 local address: LID 0000 QPN 0x02a7 PSN 0xe054ac OUT 0x10 RKey 0x074f00 VAddr 0x007f68fbab9000
 GID: 00:00:00:00:00:00:00:00:00:00:255:255:10:01:02:01
 remote address: LID 0000 QPN 0x02a4 PSN 0x53d0ef OUT 0x10 RKey 0x074f00 VAddr 0x007f1acf996000
 GID: 00:00:00:00:00:00:00:00:00:00:255:255:10:01:02:02
 remote address: LID 0000 QPN 0x02a5 PSN 0xf88ce4 OUT 0x10 RKey 0x074f00 VAddr 0x007f1acf9a6000
 GID: 00:00:00:00:00:00:00:00:00:00:255:255:10:01:02:02
 remote address: LID 0000 QPN 0x02a6 PSN 0x93e328 OUT 0x10 RKey 0x074f00 VAddr 0x007f1acf9b6000
 GID: 00:00:00:00:00:00:00:00:00:00:255:255:10:01:02:02
 remote address: LID 0000 QPN 0x02a7 PSN 0x9dd420 OUT 0x10 RKey 0x074f00 VAddr 0x007f1acf9c6000
 GID: 00:00:00:00:00:00:00:00:00:00:255:255:10:01:02:02
---------------------------------------------------------------------------------------
 #bytes     #iterations    BW peak[Gb/sec]    BW average[Gb/sec]   MsgRate[Mpps]
