 Completion with error at client
 Failed status-transport retry counter exceeded (12): wr_id 2 syndrom 0x81
 scnt=512, ccnt=0
 Failed to complete run_iter_bw function successfully
 WARNING: BW peak won't be measured in this run.
---------------------------------------------------------------------------------------
                    RDMA_Read BW Test
 Dual-port       : OFF		Device         : mlx5_7
 Number of qps   : 4		Transport type : IB
 Connection type : RC		Using SRQ      : OFF
 PCIe relax order: ON		Lock-free      : OFF
 ibv_wr* API     : ON		Using Enhanced Reorder      : OFF
 TX depth        : 128
 CQ Moderation   : 1
 CQE Poll Batch  : Dynamic
 Mtu             : 1024[B]
 Link type       : Ethernet
 GID index       : 3
 Outstand reads  : 16
 rdma_cm QPs	 : OFF
 Data ex. method : Ethernet
---------------------------------------------------------------------------------------
 local address: LID 0000 QPN 0x01a4 PSN 0xe5c684 OUT 0x10 RKey 0x034f00 VAddr 0x007efe2e262000
 GID: 00:00:00:00:00:00:00:00:00:00:255:255:10:01:01:02
 local address: LID 0000 QPN 0x01a5 PSN 0xa7881e OUT 0x10 RKey 0x034f00 VAddr 0x007efe2e272000
 GID: 00:00:00:00:00:00:00:00:00:00:255:255:10:01:01:02
 local address: LID 0000 QPN 0x01a6 PSN 0xb96a10 OUT 0x10 RKey 0x034f00 VAddr 0x007efe2e282000
 GID: 00:00:00:00:00:00:00:00:00:00:255:255:10:01:01:02
 local address: LID 0000 QPN 0x01a7 PSN 0x23281f OUT 0x10 RKey 0x034f00 VAddr 0x007efe2e292000
 GID: 00:00:00:00:00:00:00:00:00:00:255:255:10:01:01:02
 remote address: LID 0000 QPN 0x01a4 PSN 0xc73800 OUT 0x10 RKey 0x034f00 VAddr 0x007f4b3796d000
 GID: 00:00:00:00:00:00:00:00:00:00:255:255:10:01:01:01
 remote address: LID 0000 QPN 0x01a5 PSN 0xea41ea OUT 0x10 RKey 0x034f00 VAddr 0x007f4b3797d000
 GID: 00:00:00:00:00:00:00:00:00:00:255:255:10:01:01:01
 remote address: LID 0000 QPN 0x01a6 PSN 0x1fcdec OUT 0x10 RKey 0x034f00 VAddr 0x007f4b3798d000
 GID: 00:00:00:00:00:00:00:00:00:00:255:255:10:01:01:01
 remote address: LID 0000 QPN 0x01a7 PSN 0x4354cb OUT 0x10 RKey 0x034f00 VAddr 0x007f4b3799d000
 GID: 00:00:00:00:00:00:00:00:00:00:255:255:10:01:01:01
---------------------------------------------------------------------------------------
 #bytes     #iterations    BW peak[Gb/sec]    BW average[Gb/sec]   MsgRate[Mpps]
