 Completion with error at client
 Failed status-transport retry counter exceeded (12): wr_id 3 syndrom 0x81
 scnt=512, ccnt=0
 Failed to complete run_iter_bw function successfully
 WARNING: BW peak won't be measured in this run.
---------------------------------------------------------------------------------------
                    RDMA_Read BW Test
 Dual-port       : OFF		Device         : mlx5_7
 Number of qps   : 4		Transport type : IB
 Connection type : RC		Using SRQ      : OFF
 PCIe relax order: ON		Lock-free      : OFF
 ibv_wr* API     : ON		Using Enhanced Reorder      : OFF
 TX depth        : 128
 CQ Moderation   : 1
 CQE Poll Batch  : Dynamic
 Mtu             : 1024[B]
 Link type       : Ethernet
 GID index       : 3
 Outstand reads  : 16
 rdma_cm QPs	 : OFF
 Data ex. method : Ethernet
---------------------------------------------------------------------------------------
 local address: LID 0000 QPN 0x01a8 PSN 0xac5f86 OUT 0x10 RKey 0x034f00 VAddr 0x007f9897de6000
 GID: 00:00:00:00:00:00:00:00:00:00:255:255:10:01:01:02
 local address: LID 0000 QPN 0x01a9 PSN 0x8679f8 OUT 0x10 RKey 0x034f00 VAddr 0x007f9897df6000
 GID: 00:00:00:00:00:00:00:00:00:00:255:255:10:01:01:02
 local address: LID 0000 QPN 0x01aa PSN 0xe83fe2 OUT 0x10 RKey 0x034f00 VAddr 0x007f9897e06000
 GID: 00:00:00:00:00:00:00:00:00:00:255:255:10:01:01:02
 local address: LID 0000 QPN 0x01ab PSN 0xc6de89 OUT 0x10 RKey 0x034f00 VAddr 0x007f9897e16000
 GID: 00:00:00:00:00:00:00:00:00:00:255:255:10:01:01:02
 remote address: LID 0000 QPN 0x01a8 PSN 0xbeb2a8 OUT 0x10 RKey 0x034f00 VAddr 0x007f805983b000
 GID: 00:00:00:00:00:00:00:00:00:00:255:255:10:01:01:01
 remote address: LID 0000 QPN 0x01a9 PSN 0x5c6b72 OUT 0x10 RKey 0x034f00 VAddr 0x007f805984b000
 GID: 00:00:00:00:00:00:00:00:00:00:255:255:10:01:01:01
 remote address: LID 0000 QPN 0x01aa PSN 0x6bacd4 OUT 0x10 RKey 0x034f00 VAddr 0x007f805985b000
 GID: 00:00:00:00:00:00:00:00:00:00:255:255:10:01:01:01
 remote address: LID 0000 QPN 0x01ab PSN 0xb5ad93 OUT 0x10 RKey 0x034f00 VAddr 0x007f805986b000
 GID: 00:00:00:00:00:00:00:00:00:00:255:255:10:01:01:01
---------------------------------------------------------------------------------------
 #bytes     #iterations    BW peak[Gb/sec]    BW average[Gb/sec]   MsgRate[Mpps]
