 WARNING: BW peak won't be measured in this run.
---------------------------------------------------------------------------------------
                    RDMA_Read BW Test
 Dual-port       : OFF		Device         : mlx5_7
 Number of qps   : 4		Transport type : IB
 Connection type : RC		Using SRQ      : OFF
 PCIe relax order: ON		Lock-free      : OFF
 ibv_wr* API     : ON		Using Enhanced Reorder      : OFF
 TX depth        : 128
 CQ Moderation   : 1
 CQE Poll Batch  : Dynamic
 Mtu             : 1024[B]
 Link type       : Ethernet
 GID index       : 3
 Outstand reads  : 16
 rdma_cm QPs	 : OFF
 Data ex. method : Ethernet
---------------------------------------------------------------------------------------
 local address: LID 0000 QPN 0x01b7 PSN 0x54711 OUT 0x10 RKey 0x034f00 VAddr 0x007f58b20b2000
 GID: 00:00:00:00:00:00:00:00:00:00:255:255:10:01:01:02
 local address: LID 0000 QPN 0x01b8 PSN 0x8bf227 OUT 0x10 RKey 0x034f00 VAddr 0x007f58b20c2000
 GID: 00:00:00:00:00:00:00:00:00:00:255:255:10:01:01:02
 local address: LID 0000 QPN 0x01b9 PSN 0x8aa5e5 OUT 0x10 RKey 0x034f00 VAddr 0x007f58b20d2000
 GID: 00:00:00:00:00:00:00:00:00:00:255:255:10:01:01:02
 local address: LID 0000 QPN 0x01ba PSN 0x56ffd0 OUT 0x10 RKey 0x034f00 VAddr 0x007f58b20e2000
 GID: 00:00:00:00:00:00:00:00:00:00:255:255:10:01:01:02
 remote address: LID 0000 QPN 0x01a2 PSN 0xcac254 OUT 0x10 RKey 0x034400 VAddr 0x007f2121ff3000
 GID: 00:00:00:00:00:00:00:00:00:00:255:255:10:01:01:01
 remote address: LID 0000 QPN 0x01a3 PSN 0x9a12e5 OUT 0x10 RKey 0x034400 VAddr 0x007f2122003000
 GID: 00:00:00:00:00:00:00:00:00:00:255:255:10:01:01:01
 remote address: LID 0000 QPN 0x01a4 PSN 0xaad795 OUT 0x10 RKey 0x034400 VAddr 0x007f2122013000
 GID: 00:00:00:00:00:00:00:00:00:00:255:255:10:01:01:01
 remote address: LID 0000 QPN 0x01a5 PSN 0x79d489 OUT 0x10 RKey 0x034400 VAddr 0x007f2122023000
 GID: 00:00:00:00:00:00:00:00:00:00:255:255:10:01:01:01
---------------------------------------------------------------------------------------
 #bytes     #iterations    BW peak[Gb/sec]    BW average[Gb/sec]   MsgRate[Mpps]
 65536      926124           0.00               10.56  		     0.020133
---------------------------------------------------------------------------------------
