 WARNING: BW peak won't be measured in this run.

************************************
* Waiting for client to connect... *
************************************
---------------------------------------------------------------------------------------
                    RDMA_Read BW Test
 Dual-port       : OFF		Device         : mlx5_7
 Number of qps   : 4		Transport type : IB
 Connection type : RC		Using SRQ      : OFF
 PCIe relax order: ON		Lock-free      : OFF
 ibv_wr* API     : ON		Using Enhanced Reorder      : OFF
 CQ Moderation   : 1
 CQE Poll Batch  : Dynamic
 Mtu             : 1024[B]
 Link type       : Ethernet
 GID index       : 3
 Outstand reads  : 16
 rdma_cm QPs	 : OFF
 Data ex. method : Ethernet
---------------------------------------------------------------------------------------
 local address: LID 0000 QPN 0x019d PSN 0x492478 OUT 0x10 RKey 0x034405 VAddr 0x007ff01fd03000
 GID: 00:00:00:00:00:00:00:00:00:00:255:255:10:01:01:01
 local address: LID 0000 QPN 0x019e PSN 0x4fc102 OUT 0x10 RKey 0x034405 VAddr 0x007ff01fd13000
 GID: 00:00:00:00:00:00:00:00:00:00:255:255:10:01:01:01
 local address: LID 0000 QPN 0x019f PSN 0xa67b24 OUT 0x10 RKey 0x034405 VAddr 0x007ff01fd23000
 GID: 00:00:00:00:00:00:00:00:00:00:255:255:10:01:01:01
 local address: LID 0000 QPN 0x01a0 PSN 0xdb65a3 OUT 0x10 RKey 0x034405 VAddr 0x007ff01fd33000
 GID: 00:00:00:00:00:00:00:00:00:00:255:255:10:01:01:01
 remote address: LID 0000 QPN 0x01b2 PSN 0x82906a OUT 0x10 RKey 0x034f00 VAddr 0x007fbb23aa9000
 GID: 00:00:00:00:00:00:00:00:00:00:255:255:10:01:01:02
 remote address: LID 0000 QPN 0x01b3 PSN 0xd6230c OUT 0x10 RKey 0x034f00 VAddr 0x007fbb23ab9000
 GID: 00:00:00:00:00:00:00:00:00:00:255:255:10:01:01:02
 remote address: LID 0000 QPN 0x01b4 PSN 0x2b3566 OUT 0x10 RKey 0x034f00 VAddr 0x007fbb23ac9000
 GID: 00:00:00:00:00:00:00:00:00:00:255:255:10:01:01:02
 remote address: LID 0000 QPN 0x01b5 PSN 0x8dffbd OUT 0x10 RKey 0x034f00 VAddr 0x007fbb23ad9000
 GID: 00:00:00:00:00:00:00:00:00:00:255:255:10:01:01:02
---------------------------------------------------------------------------------------
 #bytes     #iterations    BW peak[Gb/sec]    BW average[Gb/sec]   MsgRate[Mpps]
 65536      902790           0.00               10.29  		     0.019626
---------------------------------------------------------------------------------------
