ethernet_read_keys: Couldn't read remote address
 Unable to read to socket/rdma_cm
 Failed to exchange data between server and clients
 WARNING: BW peak won't be measured in this run.

************************************
* Waiting for client to connect... *
************************************
---------------------------------------------------------------------------------------
                    RDMA_Read BW Test
 Dual-port       : OFF		Device         : mlx5_7
 Number of qps   : 4		Transport type : IB
 Connection type : RC		Using SRQ      : OFF
 PCIe relax order: ON		Lock-free      : OFF
 ibv_wr* API     : ON		Using Enhanced Reorder      : OFF
 CQ Moderation   : 1
 CQE Poll Batch  : Dynamic
 Mtu             : 1024[B]
 Link type       : Ethernet
 GID index       : 3
 Outstand reads  : 16
 rdma_cm QPs	 : OFF
 Data ex. method : Ethernet
---------------------------------------------------------------------------------------
 local address: LID 0000 QPN 0x01a0 PSN 0x603363 OUT 0x10 RKey 0x034f00 VAddr 0x007f650eab0000
 GID: 00:00:00:00:00:00:00:00:00:00:255:255:10:01:01:01
 local address: LID 0000 QPN 0x01a1 PSN 0x2c3d11 OUT 0x10 RKey 0x034f00 VAddr 0x007f650eac0000
 GID: 00:00:00:00:00:00:00:00:00:00:255:255:10:01:01:01
 local address: LID 0000 QPN 0x01a2 PSN 0xd0c787 OUT 0x10 RKey 0x034f00 VAddr 0x007f650ead0000
 GID: 00:00:00:00:00:00:00:00:00:00:255:255:10:01:01:01
 local address: LID 0000 QPN 0x01a3 PSN 0xc2ddca OUT 0x10 RKey 0x034f00 VAddr 0x007f650eae0000
 GID: 00:00:00:00:00:00:00:00:00:00:255:255:10:01:01:01
 remote address: LID 0000 QPN 0x01a0 PSN 0x5e7187 OUT 0x10 RKey 0x034f00 VAddr 0x007f3f39d9a000
 GID: 00:00:00:00:00:00:00:00:00:00:255:255:10:01:01:02
 remote address: LID 0000 QPN 0x01a1 PSN 0x710a65 OUT 0x10 RKey 0x034f00 VAddr 0x007f3f39daa000
 GID: 00:00:00:00:00:00:00:00:00:00:255:255:10:01:01:02
 remote address: LID 0000 QPN 0x01a2 PSN 0x5ac4b OUT 0x10 RKey 0x034f00 VAddr 0x007f3f39dba000
 GID: 00:00:00:00:00:00:00:00:00:00:255:255:10:01:01:02
 remote address: LID 0000 QPN 0x01a3 PSN 0x805d3e OUT 0x10 RKey 0x034f00 VAddr 0x007f3f39dca000
 GID: 00:00:00:00:00:00:00:00:00:00:255:255:10:01:01:02
---------------------------------------------------------------------------------------
 #bytes     #iterations    BW peak[Gb/sec]    BW average[Gb/sec]   MsgRate[Mpps]
