 WARNING: BW peak won't be measured in this run.

************************************
* Waiting for client to connect... *
************************************
---------------------------------------------------------------------------------------
                    RDMA_Read BW Test
 Dual-port       : OFF		Device         : mlx5_8
 Number of qps   : 4		Transport type : IB
 Connection type : RC		Using SRQ      : OFF
 PCIe relax order: ON		Lock-free      : OFF
 ibv_wr* API     : ON		Using Enhanced Reorder      : OFF
 CQ Moderation   : 1
 CQE Poll Batch  : Dynamic
 Mtu             : 1024[B]
 Link type       : Ethernet
 GID index       : 3
 Outstand reads  : 16
 rdma_cm QPs	 : OFF
 Data ex. method : Ethernet
---------------------------------------------------------------------------------------
 local address: LID 0000 QPN 0x029d PSN 0x7fce7c OUT 0x10 RKey 0x074505 VAddr 0x007ffb62d5b000
 GID: 00:00:00:00:00:00:00:00:00:00:255:255:10:01:02:01
 local address: LID 0000 QPN 0x029e PSN 0x7c2fed OUT 0x10 RKey 0x074505 VAddr 0x007ffb62d6b000
 GID: 00:00:00:00:00:00:00:00:00:00:255:255:10:01:02:01
 local address: LID 0000 QPN 0x029f PSN 0x6663fd OUT 0x10 RKey 0x074505 VAddr 0x007ffb62d7b000
 GID: 00:00:00:00:00:00:00:00:00:00:255:255:10:01:02:01
 local address: LID 0000 QPN 0x02a0 PSN 0x5a0cd1 OUT 0x10 RKey 0x074505 VAddr 0x007ffb62d8b000
 GID: 00:00:00:00:00:00:00:00:00:00:255:255:10:01:02:01
 remote address: LID 0000 QPN 0x02b5 PSN 0xb93a6e OUT 0x10 RKey 0x074f00 VAddr 0x007fd47ebf6000
 GID: 00:00:00:00:00:00:00:00:00:00:255:255:10:01:02:02
 remote address: LID 0000 QPN 0x02b6 PSN 0x291f7 OUT 0x10 RKey 0x074f00 VAddr 0x007fd47ec06000
 GID: 00:00:00:00:00:00:00:00:00:00:255:255:10:01:02:02
 remote address: LID 0000 QPN 0x02b7 PSN 0xeb1e3f OUT 0x10 RKey 0x074f00 VAddr 0x007fd47ec16000
 GID: 00:00:00:00:00:00:00:00:00:00:255:255:10:01:02:02
 remote address: LID 0000 QPN 0x02b8 PSN 0xca6eb OUT 0x10 RKey 0x074f00 VAddr 0x007fd47ec26000
 GID: 00:00:00:00:00:00:00:00:00:00:255:255:10:01:02:02
---------------------------------------------------------------------------------------
 #bytes     #iterations    BW peak[Gb/sec]    BW average[Gb/sec]   MsgRate[Mpps]
 65536      926174           0.00               10.56  		     0.020134
---------------------------------------------------------------------------------------
