 Completion with error at client
 Failed status-transport retry counter exceeded (12): wr_id 3 syndrom 0x81
 scnt=576492, ccnt=575980
 Failed to complete run_iter_bw function successfully
 WARNING: BW peak won't be measured in this run.
---------------------------------------------------------------------------------------
                    RDMA_Read BW Test
 Dual-port       : OFF		Device         : mlx5_8
 Number of qps   : 4		Transport type : IB
 Connection type : RC		Using SRQ      : OFF
 PCIe relax order: ON		Lock-free      : OFF
 ibv_wr* API     : ON		Using Enhanced Reorder      : OFF
 TX depth        : 128
 CQ Moderation   : 1
 CQE Poll Batch  : Dynamic
 Mtu             : 1024[B]
 Link type       : Ethernet
 GID index       : 3
 Outstand reads  : 16
 rdma_cm QPs	 : OFF
 Data ex. method : Ethernet
---------------------------------------------------------------------------------------
 local address: LID 0000 QPN 0x026c PSN 0x8ae5f0 OUT 0x10 RKey 0x074f00 VAddr 0x007fcbf3f51000
 GID: 00:00:00:00:00:00:00:00:00:00:255:255:10:01:02:02
 local address: LID 0000 QPN 0x026d PSN 0xc0f11a OUT 0x10 RKey 0x074f00 VAddr 0x007fcbf3f61000
 GID: 00:00:00:00:00:00:00:00:00:00:255:255:10:01:02:02
 local address: LID 0000 QPN 0x026e PSN 0x2d855c OUT 0x10 RKey 0x074f00 VAddr 0x007fcbf3f71000
 GID: 00:00:00:00:00:00:00:00:00:00:255:255:10:01:02:02
 local address: LID 0000 QPN 0x026f PSN 0x290f7b OUT 0x10 RKey 0x074f00 VAddr 0x007fcbf3f81000
 GID: 00:00:00:00:00:00:00:00:00:00:255:255:10:01:02:02
 remote address: LID 0000 QPN 0x026c PSN 0x86f746 OUT 0x10 RKey 0x074f00 VAddr 0x007f650ccd2000
 GID: 00:00:00:00:00:00:00:00:00:00:255:255:10:01:02:01
 remote address: LID 0000 QPN 0x026d PSN 0x6609ef OUT 0x10 RKey 0x074f00 VAddr 0x007f650cce2000
 GID: 00:00:00:00:00:00:00:00:00:00:255:255:10:01:02:01
 remote address: LID 0000 QPN 0x026e PSN 0xae02d7 OUT 0x10 RKey 0x074f00 VAddr 0x007f650ccf2000
 GID: 00:00:00:00:00:00:00:00:00:00:255:255:10:01:02:01
 remote address: LID 0000 QPN 0x026f PSN 0x888ba3 OUT 0x10 RKey 0x074f00 VAddr 0x007f650cd02000
 GID: 00:00:00:00:00:00:00:00:00:00:255:255:10:01:02:01
---------------------------------------------------------------------------------------
 #bytes     #iterations    BW peak[Gb/sec]    BW average[Gb/sec]   MsgRate[Mpps]
