 Completion with error at client
 Failed status-transport retry counter exceeded (12): wr_id 3 syndrom 0x81
 scnt=512, ccnt=0
 Failed to complete run_iter_bw function successfully
 WARNING: BW peak won't be measured in this run.
---------------------------------------------------------------------------------------
                    RDMA_Read BW Test
 Dual-port       : OFF		Device         : mlx5_8
 Number of qps   : 4		Transport type : IB
 Connection type : RC		Using SRQ      : OFF
 PCIe relax order: ON		Lock-free      : OFF
 ibv_wr* API     : ON		Using Enhanced Reorder      : OFF
 TX depth        : 128
 CQ Moderation   : 1
 CQE Poll Batch  : Dynamic
 Mtu             : 1024[B]
 Link type       : Ethernet
 GID index       : 3
 Outstand reads  : 16
 rdma_cm QPs	 : OFF
 Data ex. method : Ethernet
---------------------------------------------------------------------------------------
 local address: LID 0000 QPN 0x02ac PSN 0xd41c70 OUT 0x10 RKey 0x074f00 VAddr 0x007f8e591dc000
 GID: 00:00:00:00:00:00:00:00:00:00:255:255:10:01:02:02
 local address: LID 0000 QPN 0x02ad PSN 0xe4259a OUT 0x10 RKey 0x074f00 VAddr 0x007f8e591ec000
 GID: 00:00:00:00:00:00:00:00:00:00:255:255:10:01:02:02
 local address: LID 0000 QPN 0x02ae PSN 0x55dfdc OUT 0x10 RKey 0x074f00 VAddr 0x007f8e591fc000
 GID: 00:00:00:00:00:00:00:00:00:00:255:255:10:01:02:02
 local address: LID 0000 QPN 0x02af PSN 0xa697fb OUT 0x10 RKey 0x074f00 VAddr 0x007f8e5920c000
 GID: 00:00:00:00:00:00:00:00:00:00:255:255:10:01:02:02
 remote address: LID 0000 QPN 0x02ac PSN 0xe66f92 OUT 0x10 RKey 0x074f00 VAddr 0x007fdaed60a000
 GID: 00:00:00:00:00:00:00:00:00:00:255:255:10:01:02:01
 remote address: LID 0000 QPN 0x02ad PSN 0xba1714 OUT 0x10 RKey 0x074f00 VAddr 0x007fdaed61a000
 GID: 00:00:00:00:00:00:00:00:00:00:255:255:10:01:02:01
 remote address: LID 0000 QPN 0x02ae PSN 0xd94cce OUT 0x10 RKey 0x074f00 VAddr 0x007fdaed62a000
 GID: 00:00:00:00:00:00:00:00:00:00:255:255:10:01:02:01
 remote address: LID 0000 QPN 0x02af PSN 0x956705 OUT 0x10 RKey 0x074f00 VAddr 0x007fdaed63a000
 GID: 00:00:00:00:00:00:00:00:00:00:255:255:10:01:02:01
---------------------------------------------------------------------------------------
 #bytes     #iterations    BW peak[Gb/sec]    BW average[Gb/sec]   MsgRate[Mpps]
