ethernet_read_keys: Couldn't read remote address
 Unable to read to socket/rdma_cm
 Failed to exchange data between server and clients
 WARNING: BW peak won't be measured in this run.

************************************
* Waiting for client to connect... *
************************************
---------------------------------------------------------------------------------------
                    RDMA_Read BW Test
 Dual-port       : OFF		Device         : mlx5_9
 Number of qps   : 4		Transport type : IB
 Connection type : RC		Using SRQ      : OFF
 PCIe relax order: ON		Lock-free      : OFF
 ibv_wr* API     : ON		Using Enhanced Reorder      : OFF
 CQ Moderation   : 1
 CQE Poll Batch  : Dynamic
 Mtu             : 1024[B]
 Link type       : Ethernet
 GID index       : 3
 Outstand reads  : 16
 rdma_cm QPs	 : OFF
 Data ex. method : Ethernet
---------------------------------------------------------------------------------------
 local address: LID 0000 QPN 0x0108 PSN 0xe2c7c OUT 0x10 RKey 0x00cf00 VAddr 0x007f29e2811000
 GID: 00:00:00:00:00:00:00:00:00:00:255:255:10:01:03:01
 local address: LID 0000 QPN 0x0109 PSN 0x17c2b6 OUT 0x10 RKey 0x00cf00 VAddr 0x007f29e2821000
 GID: 00:00:00:00:00:00:00:00:00:00:255:255:10:01:03:01
 local address: LID 0000 QPN 0x010a PSN 0x46ecc8 OUT 0x10 RKey 0x00cf00 VAddr 0x007f29e2831000
 GID: 00:00:00:00:00:00:00:00:00:00:255:255:10:01:03:01
 local address: LID 0000 QPN 0x010b PSN 0x752077 OUT 0x10 RKey 0x00cf00 VAddr 0x007f29e2841000
 GID: 00:00:00:00:00:00:00:00:00:00:255:255:10:01:03:01
 remote address: LID 0000 QPN 0x0108 PSN 0xfbd95a OUT 0x10 RKey 0x00cf00 VAddr 0x007fc6160a4000
 GID: 00:00:00:00:00:00:00:00:00:00:255:255:10:01:03:02
 remote address: LID 0000 QPN 0x0109 PSN 0x41d13c OUT 0x10 RKey 0x00cf00 VAddr 0x007fc6160b4000
 GID: 00:00:00:00:00:00:00:00:00:00:255:255:10:01:03:02
 remote address: LID 0000 QPN 0x010a PSN 0xc37fd6 OUT 0x10 RKey 0x00cf00 VAddr 0x007fc6160c4000
 GID: 00:00:00:00:00:00:00:00:00:00:255:255:10:01:03:02
 remote address: LID 0000 QPN 0x010b PSN 0x86516d OUT 0x10 RKey 0x00cf00 VAddr 0x007fc6160d4000
 GID: 00:00:00:00:00:00:00:00:00:00:255:255:10:01:03:02
---------------------------------------------------------------------------------------
 #bytes     #iterations    BW peak[Gb/sec]    BW average[Gb/sec]   MsgRate[Mpps]
