 WARNING: BW peak won't be measured in this run.
---------------------------------------------------------------------------------------
                    RDMA_Read BW Test
 Dual-port       : OFF		Device         : mlx5_9
 Number of qps   : 4		Transport type : IB
 Connection type : RC		Using SRQ      : OFF
 PCIe relax order: ON		Lock-free      : OFF
 ibv_wr* API     : ON		Using Enhanced Reorder      : OFF
 TX depth        : 128
 CQ Moderation   : 1
 CQE Poll Batch  : Dynamic
 Mtu             : 1024[B]
 Link type       : Ethernet
 GID index       : 3
 Outstand reads  : 16
 rdma_cm QPs	 : OFF
 Data ex. method : Ethernet
---------------------------------------------------------------------------------------
 local address: LID 0000 QPN 0x0112 PSN 0xefe473 OUT 0x10 RKey 0x00d000 VAddr 0x007f914f20c000
 GID: 00:00:00:00:00:00:00:00:00:00:255:255:10:01:03:02
 local address: LID 0000 QPN 0x0113 PSN 0x2f00e1 OUT 0x10 RKey 0x00d000 VAddr 0x007f914f21c000
 GID: 00:00:00:00:00:00:00:00:00:00:255:255:10:01:03:02
 local address: LID 0000 QPN 0x0114 PSN 0xab0717 OUT 0x10 RKey 0x00d000 VAddr 0x007f914f22c000
 GID: 00:00:00:00:00:00:00:00:00:00:255:255:10:01:03:02
 local address: LID 0000 QPN 0x0115 PSN 0x8b4e1a OUT 0x10 RKey 0x00d000 VAddr 0x007f914f23c000
 GID: 00:00:00:00:00:00:00:00:00:00:255:255:10:01:03:02
 remote address: LID 0000 QPN 0x00fd PSN 0xb67881 OUT 0x10 RKey 0x00c505 VAddr 0x007f270936d000
 GID: 00:00:00:00:00:00:00:00:00:00:255:255:10:01:03:01
 remote address: LID 0000 QPN 0x00fe PSN 0xa89ed7 OUT 0x10 RKey 0x00c505 VAddr 0x007f270937d000
 GID: 00:00:00:00:00:00:00:00:00:00:255:255:10:01:03:01
 remote address: LID 0000 QPN 0x00ff PSN 0x264cd5 OUT 0x10 RKey 0x00c505 VAddr 0x007f270938d000
 GID: 00:00:00:00:00:00:00:00:00:00:255:255:10:01:03:01
 remote address: LID 0000 QPN 0x0100 PSN 0xd8b400 OUT 0x10 RKey 0x00c505 VAddr 0x007f270939d000
 GID: 00:00:00:00:00:00:00:00:00:00:255:255:10:01:03:01
---------------------------------------------------------------------------------------
 #bytes     #iterations    BW peak[Gb/sec]    BW average[Gb/sec]   MsgRate[Mpps]
 65536      909736           0.00               10.37  		     0.019777
---------------------------------------------------------------------------------------
