ethernet_read_keys: Couldn't read remote address
 Unable to read to socket/rdma_cm
 Failed to exchange data between server and clients
 WARNING: BW peak won't be measured in this run.

************************************
* Waiting for client to connect... *
************************************
---------------------------------------------------------------------------------------
                    RDMA_Read BW Test
 Dual-port       : OFF		Device         : mlx5_8
 Number of qps   : 4		Transport type : IB
 Connection type : RC		Using SRQ      : OFF
 PCIe relax order: ON		Lock-free      : OFF
 ibv_wr* API     : ON		Using Enhanced Reorder      : OFF
 CQ Moderation   : 1
 CQE Poll Batch  : Dynamic
 Mtu             : 1024[B]
 Link type       : Ethernet
 GID index       : 3
 Outstand reads  : 16
 rdma_cm QPs	 : OFF
 Data ex. method : Ethernet
---------------------------------------------------------------------------------------
 local address: LID 0000 QPN 0x02b0 PSN 0xe4802d OUT 0x10 RKey 0x074f00 VAddr 0x007f731052f000
 GID: 00:00:00:00:00:00:00:00:00:00:255:255:10:01:02:01
 local address: LID 0000 QPN 0x02b1 PSN 0xb66b13 OUT 0x10 RKey 0x074f00 VAddr 0x007f731053f000
 GID: 00:00:00:00:00:00:00:00:00:00:255:255:10:01:02:01
 local address: LID 0000 QPN 0x02b2 PSN 0xd42a61 OUT 0x10 RKey 0x074f00 VAddr 0x007f731054f000
 GID: 00:00:00:00:00:00:00:00:00:00:255:255:10:01:02:01
 local address: LID 0000 QPN 0x02b3 PSN 0xfbd09c OUT 0x10 RKey 0x074f00 VAddr 0x007f731055f000
 GID: 00:00:00:00:00:00:00:00:00:00:255:255:10:01:02:01
 remote address: LID 0000 QPN 0x02b0 PSN 0x61835f OUT 0x10 RKey 0x074f00 VAddr 0x007f446434e000
 GID: 00:00:00:00:00:00:00:00:00:00:255:255:10:01:02:02
 remote address: LID 0000 QPN 0x02b1 PSN 0xe7b35d OUT 0x10 RKey 0x074f00 VAddr 0x007f446435e000
 GID: 00:00:00:00:00:00:00:00:00:00:255:255:10:01:02:02
 remote address: LID 0000 QPN 0x02b2 PSN 0xfa6de3 OUT 0x10 RKey 0x074f00 VAddr 0x007f446436e000
 GID: 00:00:00:00:00:00:00:00:00:00:255:255:10:01:02:02
 remote address: LID 0000 QPN 0x02b3 PSN 0xc55af6 OUT 0x10 RKey 0x074f00 VAddr 0x007f446437e000
 GID: 00:00:00:00:00:00:00:00:00:00:255:255:10:01:02:02
---------------------------------------------------------------------------------------
 #bytes     #iterations    BW peak[Gb/sec]    BW average[Gb/sec]   MsgRate[Mpps]
