 Completion with error at client
 Failed status-transport retry counter exceeded (12): wr_id 2 syndrom 0x81
 scnt=512, ccnt=0
 Failed to complete run_iter_bw function successfully
 WARNING: BW peak won't be measured in this run.
---------------------------------------------------------------------------------------
                    RDMA_Read BW Test
 Dual-port       : OFF		Device         : mlx5_9
 Number of qps   : 4		Transport type : IB
 Connection type : RC		Using SRQ      : OFF
 PCIe relax order: ON		Lock-free      : OFF
 ibv_wr* API     : ON		Using Enhanced Reorder      : OFF
 TX depth        : 128
 CQ Moderation   : 1
 CQE Poll Batch  : Dynamic
 Mtu             : 1024[B]
 Link type       : Ethernet
 GID index       : 3
 Outstand reads  : 16
 rdma_cm QPs	 : OFF
 Data ex. method : Ethernet
---------------------------------------------------------------------------------------
 local address: LID 0000 QPN 0x0100 PSN 0x493058 OUT 0x10 RKey 0x00cf00 VAddr 0x007ff1a85b2000
 GID: 00:00:00:00:00:00:00:00:00:00:255:255:10:01:03:02
 local address: LID 0000 QPN 0x0101 PSN 0x800f62 OUT 0x10 RKey 0x00cf00 VAddr 0x007ff1a85c2000
 GID: 00:00:00:00:00:00:00:00:00:00:255:255:10:01:03:02
 local address: LID 0000 QPN 0x0102 PSN 0x221a04 OUT 0x10 RKey 0x00cf00 VAddr 0x007ff1a85d2000
 GID: 00:00:00:00:00:00:00:00:00:00:255:255:10:01:03:02
 local address: LID 0000 QPN 0x0103 PSN 0xbb4b03 OUT 0x10 RKey 0x00cf00 VAddr 0x007ff1a85e2000
 GID: 00:00:00:00:00:00:00:00:00:00:255:255:10:01:03:02
 remote address: LID 0000 QPN 0x0100 PSN 0x4af234 OUT 0x10 RKey 0x00cf00 VAddr 0x007f716e0ba000
 GID: 00:00:00:00:00:00:00:00:00:00:255:255:10:01:03:01
 remote address: LID 0000 QPN 0x0101 PSN 0x3b420e OUT 0x10 RKey 0x00cf00 VAddr 0x007f716e0ca000
 GID: 00:00:00:00:00:00:00:00:00:00:255:255:10:01:03:01
 remote address: LID 0000 QPN 0x0102 PSN 0xed3540 OUT 0x10 RKey 0x00cf00 VAddr 0x007f716e0da000
 GID: 00:00:00:00:00:00:00:00:00:00:255:255:10:01:03:01
 remote address: LID 0000 QPN 0x0103 PSN 0xfdcb8f OUT 0x10 RKey 0x00cf00 VAddr 0x007f716e0ea000
 GID: 00:00:00:00:00:00:00:00:00:00:255:255:10:01:03:01
---------------------------------------------------------------------------------------
 #bytes     #iterations    BW peak[Gb/sec]    BW average[Gb/sec]   MsgRate[Mpps]
