 WARNING: BW peak won't be measured in this run.

************************************
* Waiting for client to connect... *
************************************
---------------------------------------------------------------------------------------
                    RDMA_Read BW Test
 Dual-port       : OFF		Device         : mlx5_9
 Number of qps   : 4		Transport type : IB
 Connection type : RC		Using SRQ      : OFF
 PCIe relax order: ON		Lock-free      : OFF
 ibv_wr* API     : ON		Using Enhanced Reorder      : OFF
 CQ Moderation   : 1
 CQE Poll Batch  : Dynamic
 Mtu             : 1024[B]
 Link type       : Ethernet
 GID index       : 3
 Outstand reads  : 16
 rdma_cm QPs	 : OFF
 Data ex. method : Ethernet
---------------------------------------------------------------------------------------
 local address: LID 0000 QPN 0x0102 PSN 0x79b3ad OUT 0x10 RKey 0x00c500 VAddr 0x007f8a5731c000
 GID: 00:00:00:00:00:00:00:00:00:00:255:255:10:01:03:01
 local address: LID 0000 QPN 0x0103 PSN 0xf8cbca OUT 0x10 RKey 0x00c500 VAddr 0x007f8a5732c000
 GID: 00:00:00:00:00:00:00:00:00:00:255:255:10:01:03:01
 local address: LID 0000 QPN 0x0104 PSN 0x394f16 OUT 0x10 RKey 0x00c500 VAddr 0x007f8a5733c000
 GID: 00:00:00:00:00:00:00:00:00:00:255:255:10:01:03:01
 local address: LID 0000 QPN 0x0105 PSN 0x6c9c76 OUT 0x10 RKey 0x00c500 VAddr 0x007f8a5734c000
 GID: 00:00:00:00:00:00:00:00:00:00:255:255:10:01:03:01
 remote address: LID 0000 QPN 0x0117 PSN 0xb4386a OUT 0x10 RKey 0x00d000 VAddr 0x007f9a2c92c000
 GID: 00:00:00:00:00:00:00:00:00:00:255:255:10:01:03:02
 remote address: LID 0000 QPN 0x0118 PSN 0xeaab0c OUT 0x10 RKey 0x00d000 VAddr 0x007f9a2c93c000
 GID: 00:00:00:00:00:00:00:00:00:00:255:255:10:01:03:02
 remote address: LID 0000 QPN 0x0119 PSN 0x191d66 OUT 0x10 RKey 0x00d000 VAddr 0x007f9a2c94c000
 GID: 00:00:00:00:00:00:00:00:00:00:255:255:10:01:03:02
 remote address: LID 0000 QPN 0x011a PSN 0x49c7bd OUT 0x10 RKey 0x00d000 VAddr 0x007f9a2c95c000
 GID: 00:00:00:00:00:00:00:00:00:00:255:255:10:01:03:02
---------------------------------------------------------------------------------------
 #bytes     #iterations    BW peak[Gb/sec]    BW average[Gb/sec]   MsgRate[Mpps]
 65536      926126           0.00               10.56  		     0.020133
---------------------------------------------------------------------------------------
