 WARNING: BW peak won't be measured in this run.
---------------------------------------------------------------------------------------
                    RDMA_Read BW Test
 Dual-port       : OFF		Device         : mlx5_8
 Number of qps   : 4		Transport type : IB
 Connection type : RC		Using SRQ      : OFF
 PCIe relax order: ON		Lock-free      : OFF
 ibv_wr* API     : ON		Using Enhanced Reorder      : OFF
 TX depth        : 128
 CQ Moderation   : 1
 CQE Poll Batch  : Dynamic
 Mtu             : 1024[B]
 Link type       : Ethernet
 GID index       : 3
 Outstand reads  : 16
 rdma_cm QPs	 : OFF
 Data ex. method : Ethernet
---------------------------------------------------------------------------------------
 local address: LID 0000 QPN 0x02ba PSN 0xdcbfbd OUT 0x10 RKey 0x074f00 VAddr 0x007fc248f1e000
 GID: 00:00:00:00:00:00:00:00:00:00:255:255:10:01:02:02
 local address: LID 0000 QPN 0x02bb PSN 0xbb4e9a OUT 0x10 RKey 0x074f00 VAddr 0x007fc248f2e000
 GID: 00:00:00:00:00:00:00:00:00:00:255:255:10:01:02:02
 local address: LID 0000 QPN 0x02bc PSN 0x51e1a6 OUT 0x10 RKey 0x074f00 VAddr 0x007fc248f3e000
 GID: 00:00:00:00:00:00:00:00:00:00:255:255:10:01:02:02
 local address: LID 0000 QPN 0x02bd PSN 0x5063c6 OUT 0x10 RKey 0x074f00 VAddr 0x007fc248f4e000
 GID: 00:00:00:00:00:00:00:00:00:00:255:255:10:01:02:02
 remote address: LID 0000 QPN 0x02a2 PSN 0xa23b01 OUT 0x10 RKey 0x074400 VAddr 0x007f2107109000
 GID: 00:00:00:00:00:00:00:00:00:00:255:255:10:01:02:01
 remote address: LID 0000 QPN 0x02a3 PSN 0xc96f57 OUT 0x10 RKey 0x074400 VAddr 0x007f2107119000
 GID: 00:00:00:00:00:00:00:00:00:00:255:255:10:01:02:01
 remote address: LID 0000 QPN 0x02a4 PSN 0x721355 OUT 0x10 RKey 0x074400 VAddr 0x007f2107129000
 GID: 00:00:00:00:00:00:00:00:00:00:255:255:10:01:02:01
 remote address: LID 0000 QPN 0x02a5 PSN 0x733880 OUT 0x10 RKey 0x074400 VAddr 0x007f2107139000
 GID: 00:00:00:00:00:00:00:00:00:00:255:255:10:01:02:01
---------------------------------------------------------------------------------------
 #bytes     #iterations    BW peak[Gb/sec]    BW average[Gb/sec]   MsgRate[Mpps]
 65536      926128           0.00               10.56  		     0.020133
---------------------------------------------------------------------------------------
