 WARNING: BW peak won't be measured in this run.
---------------------------------------------------------------------------------------
                    Send BW Test
 Dual-port       : OFF		Device         : mlx5_9
 Number of qps   : 4		Transport type : IB
 Connection type : RC		Using SRQ      : OFF
 PCIe relax order: ON		Lock-free      : OFF
 ibv_wr* API     : ON		Using Enhanced Reorder      : OFF
 TX depth        : 128
 CQ Moderation   : 1
 CQE Poll Batch  : Dynamic
 Mtu             : 1024[B]
 Link type       : Ethernet
 GID index       : 3
 Max inline data : 0[B]
 rdma_cm QPs	 : OFF
 Data ex. method : Ethernet
---------------------------------------------------------------------------------------
 local address: LID 0000 QPN 0x00c4 PSN 0xc9f02e
 GID: 00:00:00:00:00:00:00:00:00:00:255:255:10:01:03:01
 local address: LID 0000 QPN 0x00c5 PSN 0xf40180
 GID: 00:00:00:00:00:00:00:00:00:00:255:255:10:01:03:01
 local address: LID 0000 QPN 0x00c6 PSN 0xaf24ca
 GID: 00:00:00:00:00:00:00:00:00:00:255:255:10:01:03:01
 local address: LID 0000 QPN 0x00c7 PSN 0xfec551
 GID: 00:00:00:00:00:00:00:00:00:00:255:255:10:01:03:01
 remote address: LID 0000 QPN 0x00c4 PSN 0xdd4d5a
 GID: 00:00:00:00:00:00:00:00:00:00:255:255:10:01:03:02
 remote address: LID 0000 QPN 0x00c5 PSN 0x78353c
 GID: 00:00:00:00:00:00:00:00:00:00:255:255:10:01:03:02
 remote address: LID 0000 QPN 0x00c6 PSN 0xc413d6
 GID: 00:00:00:00:00:00:00:00:00:00:255:255:10:01:03:02
 remote address: LID 0000 QPN 0x00c7 PSN 0xbd556d
 GID: 00:00:00:00:00:00:00:00:00:00:255:255:10:01:03:02
---------------------------------------------------------------------------------------
 #bytes     #iterations    BW peak[Gb/sec]    BW average[Gb/sec]   MsgRate[Mpps]
 65536      931539           0.00               10.62  		     0.020250
---------------------------------------------------------------------------------------
