 WARNING: BW peak won't be measured in this run.

************************************
* Waiting for client to connect... *
************************************
---------------------------------------------------------------------------------------
                    RDMA_Write BW Test
 Dual-port       : OFF		Device         : mlx5_6
 Number of qps   : 4		Transport type : IB
 Connection type : RC		Using SRQ      : OFF
 PCIe relax order: ON		Lock-free      : OFF
 ibv_wr* API     : ON		Using Enhanced Reorder      : OFF
 CQ Moderation   : 1
 CQE Poll Batch  : Dynamic
 Mtu             : 1024[B]
 Link type       : Ethernet
 GID index       : 3
 Max inline data : 0[B]
 rdma_cm QPs	 : OFF
 Data ex. method : Ethernet
---------------------------------------------------------------------------------------
 local address: LID 0000 QPN 0x0200 PSN 0x21dcaf RKey 0x054f00 VAddr 0x007f78aee4b000
 GID: 00:00:00:00:00:00:00:00:00:00:255:255:10:01:00:02
 local address: LID 0000 QPN 0x0201 PSN 0xcb9a6d RKey 0x054f00 VAddr 0x007f78aee5b000
 GID: 00:00:00:00:00:00:00:00:00:00:255:255:10:01:00:02
 local address: LID 0000 QPN 0x0202 PSN 0x5c2fb3 RKey 0x054f00 VAddr 0x007f78aee6b000
 GID: 00:00:00:00:00:00:00:00:00:00:255:255:10:01:00:02
 local address: LID 0000 QPN 0x0203 PSN 0x45c086 RKey 0x054f00 VAddr 0x007f78aee7b000
 GID: 00:00:00:00:00:00:00:00:00:00:255:255:10:01:00:02
 remote address: LID 0000 QPN 0x0200 PSN 0xc52bcc RKey 0x054f00 VAddr 0x007f6648c88000
 GID: 00:00:00:00:00:00:00:00:00:00:255:255:10:01:00:01
 remote address: LID 0000 QPN 0x0201 PSN 0x2457c6 RKey 0x054f00 VAddr 0x007f6648c98000
 GID: 00:00:00:00:00:00:00:00:00:00:255:255:10:01:00:01
 remote address: LID 0000 QPN 0x0202 PSN 0x4ec498 RKey 0x054f00 VAddr 0x007f6648ca8000
 GID: 00:00:00:00:00:00:00:00:00:00:255:255:10:01:00:01
 remote address: LID 0000 QPN 0x0203 PSN 0x70e407 RKey 0x054f00 VAddr 0x007f6648cb8000
 GID: 00:00:00:00:00:00:00:00:00:00:255:255:10:01:00:01
---------------------------------------------------------------------------------------
 #bytes     #iterations    BW peak[Gb/sec]    BW average[Gb/sec]   MsgRate[Mpps]
 65536      915410           0.00               10.43  		     0.019900
---------------------------------------------------------------------------------------
