 WARNING: BW peak won't be measured in this run.

************************************
* Waiting for client to connect... *
************************************
---------------------------------------------------------------------------------------
                    RDMA_Write BW Test
 Dual-port       : OFF		Device         : mlx5_6
 Number of qps   : 4		Transport type : IB
 Connection type : RC		Using SRQ      : OFF
 PCIe relax order: ON		Lock-free      : OFF
 ibv_wr* API     : ON		Using Enhanced Reorder      : OFF
 CQ Moderation   : 1
 CQE Poll Batch  : Dynamic
 Mtu             : 1024[B]
 Link type       : Ethernet
 GID index       : 3
 Max inline data : 0[B]
 rdma_cm QPs	 : OFF
 Data ex. method : Ethernet
---------------------------------------------------------------------------------------
 local address: LID 0000 QPN 0x01f4 PSN 0x8a9929 RKey 0x054f00 VAddr 0x007ff9549c1000
 GID: 00:00:00:00:00:00:00:00:00:00:255:255:10:01:00:02
 local address: LID 0000 QPN 0x01f5 PSN 0xa7e996 RKey 0x054f00 VAddr 0x007ff9549d1000
 GID: 00:00:00:00:00:00:00:00:00:00:255:255:10:01:00:02
 local address: LID 0000 QPN 0x01f6 PSN 0x9e46f2 RKey 0x054f00 VAddr 0x007ff9549e1000
 GID: 00:00:00:00:00:00:00:00:00:00:255:255:10:01:00:02
 local address: LID 0000 QPN 0x01f7 PSN 0xe9cd22 RKey 0x054f00 VAddr 0x007ff9549f1000
 GID: 00:00:00:00:00:00:00:00:00:00:255:255:10:01:00:02
 remote address: LID 0000 QPN 0x01f4 PSN 0x8f6d4c RKey 0x054f00 VAddr 0x007f3d6c0b4000
 GID: 00:00:00:00:00:00:00:00:00:00:255:255:10:01:00:01
 remote address: LID 0000 QPN 0x01f5 PSN 0x1b3b46 RKey 0x054f00 VAddr 0x007f3d6c0c4000
 GID: 00:00:00:00:00:00:00:00:00:00:255:255:10:01:00:01
 remote address: LID 0000 QPN 0x01f6 PSN 0xd2a218 RKey 0x054f00 VAddr 0x007f3d6c0d4000
 GID: 00:00:00:00:00:00:00:00:00:00:255:255:10:01:00:01
 remote address: LID 0000 QPN 0x01f7 PSN 0x973387 RKey 0x054f00 VAddr 0x007f3d6c0e4000
 GID: 00:00:00:00:00:00:00:00:00:00:255:255:10:01:00:01
---------------------------------------------------------------------------------------
 #bytes     #iterations    BW peak[Gb/sec]    BW average[Gb/sec]   MsgRate[Mpps]
 65536      817941           0.00               9.32   		     0.017781
---------------------------------------------------------------------------------------
