 WARNING: BW peak won't be measured in this run.
---------------------------------------------------------------------------------------
                    RDMA_Write BW Test
 Dual-port       : OFF		Device         : mlx5_9
 Number of qps   : 4		Transport type : IB
 Connection type : RC		Using SRQ      : OFF
 PCIe relax order: ON		Lock-free      : OFF
 ibv_wr* API     : ON		Using Enhanced Reorder      : OFF
 TX depth        : 128
 CQ Moderation   : 1
 CQE Poll Batch  : Dynamic
 Mtu             : 1024[B]
 Link type       : Ethernet
 GID index       : 3
 Max inline data : 0[B]
 rdma_cm QPs	 : OFF
 Data ex. method : Ethernet
---------------------------------------------------------------------------------------
 local address: LID 0000 QPN 0x00c0 PSN 0xf6a0e RKey 0x00cf00 VAddr 0x007fc58d62c000
 GID: 00:00:00:00:00:00:00:00:00:00:255:255:10:01:03:01
 local address: LID 0000 QPN 0x00c1 PSN 0x8825e0 RKey 0x00cf00 VAddr 0x007fc58d63c000
 GID: 00:00:00:00:00:00:00:00:00:00:255:255:10:01:03:01
 local address: LID 0000 QPN 0x00c2 PSN 0xf0e1aa RKey 0x00cf00 VAddr 0x007fc58d64c000
 GID: 00:00:00:00:00:00:00:00:00:00:255:255:10:01:03:01
 local address: LID 0000 QPN 0x00c3 PSN 0x2d70b1 RKey 0x00cf00 VAddr 0x007fc58d65c000
 GID: 00:00:00:00:00:00:00:00:00:00:255:255:10:01:03:01
 remote address: LID 0000 QPN 0x00c0 PSN 0x4e3b12 RKey 0x00cf00 VAddr 0x007f7e9f5ad000
 GID: 00:00:00:00:00:00:00:00:00:00:255:255:10:01:03:02
 remote address: LID 0000 QPN 0x00c1 PSN 0xc0bc94 RKey 0x00cf00 VAddr 0x007f7e9f5bd000
 GID: 00:00:00:00:00:00:00:00:00:00:255:255:10:01:03:02
 remote address: LID 0000 QPN 0x00c2 PSN 0x5ec44e RKey 0x00cf00 VAddr 0x007f7e9f5cd000
 GID: 00:00:00:00:00:00:00:00:00:00:255:255:10:01:03:02
 remote address: LID 0000 QPN 0x00c3 PSN 0xc64885 RKey 0x00cf00 VAddr 0x007f7e9f5dd000
 GID: 00:00:00:00:00:00:00:00:00:00:255:255:10:01:03:02
---------------------------------------------------------------------------------------
 #bytes     #iterations    BW peak[Gb/sec]    BW average[Gb/sec]   MsgRate[Mpps]
 65536      892378           0.00               10.17  		     0.019399
---------------------------------------------------------------------------------------
