 WARNING: BW peak won't be measured in this run.
---------------------------------------------------------------------------------------
                    RDMA_Write BW Test
 Dual-port       : OFF		Device         : mlx5_7
 Number of qps   : 4		Transport type : IB
 Connection type : RC		Using SRQ      : OFF
 PCIe relax order: ON		Lock-free      : OFF
 ibv_wr* API     : ON		Using Enhanced Reorder      : OFF
 TX depth        : 128
 CQ Moderation   : 1
 CQE Poll Batch  : Dynamic
 Mtu             : 1024[B]
 Link type       : Ethernet
 GID index       : 3
 Max inline data : 0[B]
 rdma_cm QPs	 : OFF
 Data ex. method : Ethernet
---------------------------------------------------------------------------------------
 local address: LID 0000 QPN 0x0174 PSN 0xf933 RKey 0x034f00 VAddr 0x007ff877936000
 GID: 00:00:00:00:00:00:00:00:00:00:255:255:10:01:01:01
 local address: LID 0000 QPN 0x0175 PSN 0x8fc9d8 RKey 0x034f00 VAddr 0x007ff877946000
 GID: 00:00:00:00:00:00:00:00:00:00:255:255:10:01:01:01
 local address: LID 0000 QPN 0x0176 PSN 0xac0f0c RKey 0x034f00 VAddr 0x007ff877956000
 GID: 00:00:00:00:00:00:00:00:00:00:255:255:10:01:01:01
 local address: LID 0000 QPN 0x0177 PSN 0x875c34 RKey 0x034f00 VAddr 0x007ff877966000
 GID: 00:00:00:00:00:00:00:00:00:00:255:255:10:01:01:01
 remote address: LID 0000 QPN 0x0174 PSN 0xfc2511 RKey 0x034f00 VAddr 0x007f649b19a000
 GID: 00:00:00:00:00:00:00:00:00:00:255:255:10:01:01:02
 remote address: LID 0000 QPN 0x0175 PSN 0x1c7827 RKey 0x034f00 VAddr 0x007f649b1aa000
 GID: 00:00:00:00:00:00:00:00:00:00:255:255:10:01:01:02
 remote address: LID 0000 QPN 0x0176 PSN 0x77b3e5 RKey 0x034f00 VAddr 0x007f649b1ba000
 GID: 00:00:00:00:00:00:00:00:00:00:255:255:10:01:01:02
 remote address: LID 0000 QPN 0x0177 PSN 0xd9f5d0 RKey 0x034f00 VAddr 0x007f649b1ca000
 GID: 00:00:00:00:00:00:00:00:00:00:255:255:10:01:01:02
---------------------------------------------------------------------------------------
 #bytes     #iterations    BW peak[Gb/sec]    BW average[Gb/sec]   MsgRate[Mpps]
 65536      825858           0.00               9.41   		     0.017953
---------------------------------------------------------------------------------------
