 WARNING: BW peak won't be measured in this run.

************************************
* Waiting for client to connect... *
************************************
---------------------------------------------------------------------------------------
                    RDMA_Write BW Test
 Dual-port       : OFF		Device         : mlx5_6
 Number of qps   : 4		Transport type : IB
 Connection type : RC		Using SRQ      : OFF
 PCIe relax order: ON		Lock-free      : OFF
 ibv_wr* API     : ON		Using Enhanced Reorder      : OFF
 CQ Moderation   : 1
 CQE Poll Batch  : Dynamic
 Mtu             : 1024[B]
 Link type       : Ethernet
 GID index       : 3
 Max inline data : 0[B]
 rdma_cm QPs	 : OFF
 Data ex. method : Ethernet
---------------------------------------------------------------------------------------
 local address: LID 0000 QPN 0x01ec PSN 0x691128 RKey 0x054f00 VAddr 0x007f5f1d5aa000
 GID: 00:00:00:00:00:00:00:00:00:00:255:255:10:01:00:02
 local address: LID 0000 QPN 0x01ed PSN 0xcda7f2 RKey 0x054f00 VAddr 0x007f5f1d5ba000
 GID: 00:00:00:00:00:00:00:00:00:00:255:255:10:01:00:02
 local address: LID 0000 QPN 0x01ee PSN 0xfd6f54 RKey 0x054f00 VAddr 0x007f5f1d5ca000
 GID: 00:00:00:00:00:00:00:00:00:00:255:255:10:01:00:02
 local address: LID 0000 QPN 0x01ef PSN 0x847e13 RKey 0x054f00 VAddr 0x007f5f1d5da000
 GID: 00:00:00:00:00:00:00:00:00:00:255:255:10:01:00:02
 remote address: LID 0000 QPN 0x01ec PSN 0x6eee57 RKey 0x054f00 VAddr 0x007f4968e0b000
 GID: 00:00:00:00:00:00:00:00:00:00:255:255:10:01:00:01
 remote address: LID 0000 QPN 0x01ed PSN 0x590ef5 RKey 0x054f00 VAddr 0x007f4968e1b000
 GID: 00:00:00:00:00:00:00:00:00:00:255:255:10:01:00:01
 remote address: LID 0000 QPN 0x01ee PSN 0xa8fd9b RKey 0x054f00 VAddr 0x007f4968e2b000
 GID: 00:00:00:00:00:00:00:00:00:00:255:255:10:01:00:01
 remote address: LID 0000 QPN 0x01ef PSN 0xd7dc4e RKey 0x054f00 VAddr 0x007f4968e3b000
 GID: 00:00:00:00:00:00:00:00:00:00:255:255:10:01:00:01
---------------------------------------------------------------------------------------
 #bytes     #iterations    BW peak[Gb/sec]    BW average[Gb/sec]   MsgRate[Mpps]
 65536      913293           0.00               10.41  		     0.019854
---------------------------------------------------------------------------------------
