 WARNING: BW peak won't be measured in this run.
---------------------------------------------------------------------------------------
                    RDMA_Write BW Test
 Dual-port       : OFF		Device         : mlx5_7
 Number of qps   : 4		Transport type : IB
 Connection type : RC		Using SRQ      : OFF
 PCIe relax order: ON		Lock-free      : OFF
 ibv_wr* API     : ON		Using Enhanced Reorder      : OFF
 TX depth        : 128
 CQ Moderation   : 1
 CQE Poll Batch  : Dynamic
 Mtu             : 1024[B]
 Link type       : Ethernet
 GID index       : 3
 Max inline data : 0[B]
 rdma_cm QPs	 : OFF
 Data ex. method : Ethernet
---------------------------------------------------------------------------------------
 local address: LID 0000 QPN 0x0170 PSN 0x701874 RKey 0x034f00 VAddr 0x007f2c4d4e1000
 GID: 00:00:00:00:00:00:00:00:00:00:255:255:10:01:01:01
 local address: LID 0000 QPN 0x0171 PSN 0x6a0b4e RKey 0x034f00 VAddr 0x007f2c4d4f1000
 GID: 00:00:00:00:00:00:00:00:00:00:255:255:10:01:01:01
 local address: LID 0000 QPN 0x0172 PSN 0xa86580 RKey 0x034f00 VAddr 0x007f2c4d501000
 GID: 00:00:00:00:00:00:00:00:00:00:255:255:10:01:01:01
 local address: LID 0000 QPN 0x0173 PSN 0xad6cf RKey 0x034f00 VAddr 0x007f2c4d511000
 GID: 00:00:00:00:00:00:00:00:00:00:255:255:10:01:01:01
 remote address: LID 0000 QPN 0x0170 PSN 0x6e789f RKey 0x034f00 VAddr 0x007f997b36d000
 GID: 00:00:00:00:00:00:00:00:00:00:255:255:10:01:01:02
 remote address: LID 0000 QPN 0x0171 PSN 0xc39f9d RKey 0x034f00 VAddr 0x007f997b37d000
 GID: 00:00:00:00:00:00:00:00:00:00:255:255:10:01:01:02
 remote address: LID 0000 QPN 0x0172 PSN 0xdf8523 RKey 0x034f00 VAddr 0x007f997b38d000
 GID: 00:00:00:00:00:00:00:00:00:00:255:255:10:01:01:02
 remote address: LID 0000 QPN 0x0173 PSN 0x33c136 RKey 0x034f00 VAddr 0x007f997b39d000
 GID: 00:00:00:00:00:00:00:00:00:00:255:255:10:01:01:02
---------------------------------------------------------------------------------------
 #bytes     #iterations    BW peak[Gb/sec]    BW average[Gb/sec]   MsgRate[Mpps]
 65536      902505           0.00               10.29  		     0.019619
---------------------------------------------------------------------------------------
