Conflicting CPU frequency values detected: 2100.000000 != 1944.588000. CPU Frequency is not max.
 WARNING: BW peak won't be measured in this run.
---------------------------------------------------------------------------------------
                    RDMA_Write BW Test
 Dual-port       : OFF		Device         : mlx5_7
 Number of qps   : 1		Transport type : IB
 Connection type : RC		Using SRQ      : OFF
 PCIe relax order: ON		Lock-free      : OFF
 ibv_wr* API     : ON		Using Enhanced Reorder      : OFF
 TX depth        : 128
 CQ Moderation   : 1
 CQE Poll Batch  : Dynamic
 Mtu             : 1024[B]
 Link type       : Ethernet
 GID index       : 3
 Max inline data : 0[B]
 rdma_cm QPs	 : OFF
 Data ex. method : Ethernet
---------------------------------------------------------------------------------------
 local address: LID 0000 QPN 0x01a8 PSN 0xf5c1d2 RKey 0x034400 VAddr 0x007fa1c593d000
 GID: 00:00:00:00:00:00:00:00:00:00:255:255:10:01:00:12
 remote address: LID 0000 QPN 0x025b PSN 0x293143 RKey 0x054900 VAddr 0x007f887a7d0000
 GID: 00:00:00:00:00:00:00:00:00:00:255:255:10:01:00:02
---------------------------------------------------------------------------------------
 #bytes     #iterations    BW peak[Gb/sec]    BW average[Gb/sec]   MsgRate[Mpps]
 65536      36733            0.00               0.64   		     0.001224
---------------------------------------------------------------------------------------
