 WARNING: BW peak won't be measured in this run.
---------------------------------------------------------------------------------------
                    RDMA_Write BW Test
 Dual-port       : OFF		Device         : mlx5_8
 Number of qps   : 4		Transport type : IB
 Connection type : RC		Using SRQ      : OFF
 PCIe relax order: ON		Lock-free      : OFF
 ibv_wr* API     : ON		Using Enhanced Reorder      : OFF
 TX depth        : 128
 CQ Moderation   : 1
 CQE Poll Batch  : Dynamic
 Mtu             : 1024[B]
 Link type       : Ethernet
 GID index       : 3
 Max inline data : 0[B]
 rdma_cm QPs	 : OFF
 Data ex. method : Ethernet
---------------------------------------------------------------------------------------
 local address: LID 0000 QPN 0x02ad PSN 0x4299bf RKey 0x074400 VAddr 0x007fd822e5b000
 GID: 00:00:00:00:00:00:00:00:00:00:255:255:10:01:02:01
 local address: LID 0000 QPN 0x02ae PSN 0xceed74 RKey 0x074400 VAddr 0x007fd822e6b000
 GID: 00:00:00:00:00:00:00:00:00:00:255:255:10:01:02:01
 local address: LID 0000 QPN 0x02af PSN 0x5c6078 RKey 0x074400 VAddr 0x007fd822e7b000
 GID: 00:00:00:00:00:00:00:00:00:00:255:255:10:01:02:01
 local address: LID 0000 QPN 0x02b0 PSN 0x510f30 RKey 0x074400 VAddr 0x007fd822e8b000
 GID: 00:00:00:00:00:00:00:00:00:00:255:255:10:01:02:01
 remote address: LID 0000 QPN 0x02ff PSN 0x89a5f7 RKey 0x074f00 VAddr 0x007ff5c0097000
 GID: 00:00:00:00:00:00:00:00:00:00:255:255:10:01:02:02
 remote address: LID 0000 QPN 0x0300 PSN 0xa9714c RKey 0x074f00 VAddr 0x007ff5c00a7000
 GID: 00:00:00:00:00:00:00:00:00:00:255:255:10:01:02:02
 remote address: LID 0000 QPN 0x0301 PSN 0xfa9370 RKey 0x074f00 VAddr 0x007ff5c00b7000
 GID: 00:00:00:00:00:00:00:00:00:00:255:255:10:01:02:02
 remote address: LID 0000 QPN 0x0302 PSN 0x1792c8 RKey 0x074f00 VAddr 0x007ff5c00c7000
 GID: 00:00:00:00:00:00:00:00:00:00:255:255:10:01:02:02
---------------------------------------------------------------------------------------
 #bytes     #iterations    BW peak[Gb/sec]    BW average[Gb/sec]   MsgRate[Mpps]
 65536      185694           0.00               2.12   		     0.004037
---------------------------------------------------------------------------------------
