 WARNING: BW peak won't be measured in this run.
---------------------------------------------------------------------------------------
                    RDMA_Read BW Test
 Dual-port       : OFF		Device         : mlx5_6
 Number of qps   : 4		Transport type : IB
 Connection type : RC		Using SRQ      : OFF
 PCIe relax order: ON		Lock-free      : OFF
 ibv_wr* API     : ON		Using Enhanced Reorder      : OFF
 TX depth        : 128
 CQ Moderation   : 1
 CQE Poll Batch  : Dynamic
 Mtu             : 1024[B]
 Link type       : Ethernet
 GID index       : 3
 Outstand reads  : 16
 rdma_cm QPs	 : OFF
 Data ex. method : Ethernet
---------------------------------------------------------------------------------------
 local address: LID 0000 QPN 0x025e PSN 0xd788f7 OUT 0x10 RKey 0x054f00 VAddr 0x007f492a292000
 GID: 00:00:00:00:00:00:00:00:00:00:255:255:10:01:00:02
 local address: LID 0000 QPN 0x025f PSN 0xc5184c OUT 0x10 RKey 0x054f00 VAddr 0x007f492a2a2000
 GID: 00:00:00:00:00:00:00:00:00:00:255:255:10:01:00:02
 local address: LID 0000 QPN 0x0260 PSN 0xcaae70 OUT 0x10 RKey 0x054f00 VAddr 0x007f492a2b2000
 GID: 00:00:00:00:00:00:00:00:00:00:255:255:10:01:00:02
 local address: LID 0000 QPN 0x0261 PSN 0xf511c8 OUT 0x10 RKey 0x054f00 VAddr 0x007f492a2c2000
 GID: 00:00:00:00:00:00:00:00:00:00:255:255:10:01:00:02
 remote address: LID 0000 QPN 0x023b PSN 0xd63f11 OUT 0x10 RKey 0x054400 VAddr 0x007f3290a35000
 GID: 00:00:00:00:00:00:00:00:00:00:255:255:10:01:00:01
 remote address: LID 0000 QPN 0x023c PSN 0x558a27 OUT 0x10 RKey 0x054400 VAddr 0x007f3290a45000
 GID: 00:00:00:00:00:00:00:00:00:00:255:255:10:01:00:01
 remote address: LID 0000 QPN 0x023d PSN 0xf05de5 OUT 0x10 RKey 0x054400 VAddr 0x007f3290a55000
 GID: 00:00:00:00:00:00:00:00:00:00:255:255:10:01:00:01
 remote address: LID 0000 QPN 0x023e PSN 0xf657d0 OUT 0x10 RKey 0x054400 VAddr 0x007f3290a65000
 GID: 00:00:00:00:00:00:00:00:00:00:255:255:10:01:00:01
---------------------------------------------------------------------------------------
 #bytes     #iterations    BW peak[Gb/sec]    BW average[Gb/sec]   MsgRate[Mpps]
 65536      910118           0.00               10.37  		     0.019785
---------------------------------------------------------------------------------------
