 WARNING: BW peak won't be measured in this run.

************************************
* Waiting for client to connect... *
************************************
---------------------------------------------------------------------------------------
                    RDMA_Read BW Test
 Dual-port       : OFF		Device         : mlx5_9
 Number of qps   : 4		Transport type : IB
 Connection type : RC		Using SRQ      : OFF
 PCIe relax order: ON		Lock-free      : OFF
 ibv_wr* API     : ON		Using Enhanced Reorder      : OFF
 CQ Moderation   : 1
 CQE Poll Batch  : Dynamic
 Mtu             : 1024[B]
 Link type       : Ethernet
 GID index       : 3
 Outstand reads  : 16
 rdma_cm QPs	 : OFF
 Data ex. method : Ethernet
---------------------------------------------------------------------------------------
 local address: LID 0000 QPN 0x0117 PSN 0xee2e6a OUT 0x10 RKey 0x00c400 VAddr 0x007f6eb97c4000
 GID: 00:00:00:00:00:00:00:00:00:00:255:255:10:01:03:01
 local address: LID 0000 QPN 0x0118 PSN 0x9c690c OUT 0x10 RKey 0x00c400 VAddr 0x007f6eb97d4000
 GID: 00:00:00:00:00:00:00:00:00:00:255:255:10:01:03:01
 local address: LID 0000 QPN 0x0119 PSN 0x7b0366 OUT 0x10 RKey 0x00c400 VAddr 0x007f6eb97e4000
 GID: 00:00:00:00:00:00:00:00:00:00:255:255:10:01:03:01
 local address: LID 0000 QPN 0x011a PSN 0x9cb5bd OUT 0x10 RKey 0x00c400 VAddr 0x007f6eb97f4000
 GID: 00:00:00:00:00:00:00:00:00:00:255:255:10:01:03:01
 remote address: LID 0000 QPN 0x012c PSN 0xc6703e OUT 0x10 RKey 0x00cf00 VAddr 0x007fc88d20b000
 GID: 00:00:00:00:00:00:00:00:00:00:255:255:10:01:03:02
 remote address: LID 0000 QPN 0x012d PSN 0x44e850 OUT 0x10 RKey 0x00cf00 VAddr 0x007fc88d21b000
 GID: 00:00:00:00:00:00:00:00:00:00:255:255:10:01:03:02
 remote address: LID 0000 QPN 0x012e PSN 0x404b5a OUT 0x10 RKey 0x00cf00 VAddr 0x007fc88d22b000
 GID: 00:00:00:00:00:00:00:00:00:00:255:255:10:01:03:02
 remote address: LID 0000 QPN 0x012f PSN 0x3190a1 OUT 0x10 RKey 0x00cf00 VAddr 0x007fc88d23b000
 GID: 00:00:00:00:00:00:00:00:00:00:255:255:10:01:03:02
---------------------------------------------------------------------------------------
 #bytes     #iterations    BW peak[Gb/sec]    BW average[Gb/sec]   MsgRate[Mpps]
 65536      910095           0.00               10.37  		     0.019784
---------------------------------------------------------------------------------------
