 WARNING: BW peak won't be measured in this run.
---------------------------------------------------------------------------------------
                    RDMA_Read BW Test
 Dual-port       : OFF		Device         : mlx5_6
 Number of qps   : 4		Transport type : IB
 Connection type : RC		Using SRQ      : OFF
 PCIe relax order: ON		Lock-free      : OFF
 ibv_wr* API     : ON		Using Enhanced Reorder      : OFF
 TX depth        : 128
 CQ Moderation   : 1
 CQE Poll Batch  : Dynamic
 Mtu             : 1024[B]
 Link type       : Ethernet
 GID index       : 3
 Outstand reads  : 16
 rdma_cm QPs	 : OFF
 Data ex. method : Ethernet
---------------------------------------------------------------------------------------
 local address: LID 0000 QPN 0x0263 PSN 0x6e9ae7 OUT 0x10 RKey 0x054f00 VAddr 0x007f70c7b49000
 GID: 00:00:00:00:00:00:00:00:00:00:255:255:10:01:00:02
 local address: LID 0000 QPN 0x0264 PSN 0x755b7c OUT 0x10 RKey 0x054f00 VAddr 0x007f70c7b59000
 GID: 00:00:00:00:00:00:00:00:00:00:255:255:10:01:00:02
 local address: LID 0000 QPN 0x0265 PSN 0x7469e0 OUT 0x10 RKey 0x054f00 VAddr 0x007f70c7b69000
 GID: 00:00:00:00:00:00:00:00:00:00:255:255:10:01:00:02
 local address: LID 0000 QPN 0x0266 PSN 0xe08078 OUT 0x10 RKey 0x054f00 VAddr 0x007f70c7b79000
 GID: 00:00:00:00:00:00:00:00:00:00:255:255:10:01:00:02
 remote address: LID 0000 QPN 0x0240 PSN 0x451794 OUT 0x10 RKey 0x054400 VAddr 0x007f9eff009000
 GID: 00:00:00:00:00:00:00:00:00:00:255:255:10:01:00:01
 remote address: LID 0000 QPN 0x0241 PSN 0xd16bee OUT 0x10 RKey 0x054400 VAddr 0x007f9eff019000
 GID: 00:00:00:00:00:00:00:00:00:00:255:255:10:01:00:01
 remote address: LID 0000 QPN 0x0242 PSN 0xfc49a0 OUT 0x10 RKey 0x054400 VAddr 0x007f9eff029000
 GID: 00:00:00:00:00:00:00:00:00:00:255:255:10:01:00:01
 remote address: LID 0000 QPN 0x0243 PSN 0x37b86f OUT 0x10 RKey 0x054400 VAddr 0x007f9eff039000
 GID: 00:00:00:00:00:00:00:00:00:00:255:255:10:01:00:01
---------------------------------------------------------------------------------------
 #bytes     #iterations    BW peak[Gb/sec]    BW average[Gb/sec]   MsgRate[Mpps]
 65536      926085           0.00               10.55  		     0.020132
---------------------------------------------------------------------------------------
