 WARNING: BW peak won't be measured in this run.
---------------------------------------------------------------------------------------
                    RDMA_Read BW Test
 Dual-port       : OFF		Device         : mlx5_7
 Number of qps   : 4		Transport type : IB
 Connection type : RC		Using SRQ      : OFF
 PCIe relax order: ON		Lock-free      : OFF
 ibv_wr* API     : ON		Using Enhanced Reorder      : OFF
 TX depth        : 128
 CQ Moderation   : 1
 CQE Poll Batch  : Dynamic
 Mtu             : 1024[B]
 Link type       : Ethernet
 GID index       : 3
 Outstand reads  : 16
 rdma_cm QPs	 : OFF
 Data ex. method : Ethernet
---------------------------------------------------------------------------------------
 local address: LID 0000 QPN 0x01d1 PSN 0x822f8 OUT 0x10 RKey 0x034f00 VAddr 0x007f35eeabe000
 GID: 00:00:00:00:00:00:00:00:00:00:255:255:10:01:01:02
 local address: LID 0000 QPN 0x01d2 PSN 0x491d82 OUT 0x10 RKey 0x034f00 VAddr 0x007f35eeace000
 GID: 00:00:00:00:00:00:00:00:00:00:255:255:10:01:01:02
 local address: LID 0000 QPN 0x01d3 PSN 0xeddda4 OUT 0x10 RKey 0x034f00 VAddr 0x007f35eeade000
 GID: 00:00:00:00:00:00:00:00:00:00:255:255:10:01:01:02
 local address: LID 0000 QPN 0x01d4 PSN 0xbf5623 OUT 0x10 RKey 0x034f00 VAddr 0x007f35eeaee000
 GID: 00:00:00:00:00:00:00:00:00:00:255:255:10:01:01:02
 remote address: LID 0000 QPN 0x01bc PSN 0xde9fa4 OUT 0x10 RKey 0x034400 VAddr 0x007feb6ef87000
 GID: 00:00:00:00:00:00:00:00:00:00:255:255:10:01:01:01
 remote address: LID 0000 QPN 0x01bd PSN 0xa52df5 OUT 0x10 RKey 0x034400 VAddr 0x007feb6ef97000
 GID: 00:00:00:00:00:00:00:00:00:00:255:255:10:01:01:01
 remote address: LID 0000 QPN 0x01be PSN 0x75bd65 OUT 0x10 RKey 0x034400 VAddr 0x007feb6efa7000
 GID: 00:00:00:00:00:00:00:00:00:00:255:255:10:01:01:01
 remote address: LID 0000 QPN 0x01bf PSN 0x168e19 OUT 0x10 RKey 0x034400 VAddr 0x007feb6efb7000
 GID: 00:00:00:00:00:00:00:00:00:00:255:255:10:01:01:01
---------------------------------------------------------------------------------------
 #bytes     #iterations    BW peak[Gb/sec]    BW average[Gb/sec]   MsgRate[Mpps]
 65536      926079           0.00               10.55  		     0.020132
---------------------------------------------------------------------------------------
