 WARNING: BW peak won't be measured in this run.
---------------------------------------------------------------------------------------
                    RDMA_Read BW Test
 Dual-port       : OFF		Device         : mlx5_7
 Number of qps   : 4		Transport type : IB
 Connection type : RC		Using SRQ      : OFF
 PCIe relax order: ON		Lock-free      : OFF
 ibv_wr* API     : ON		Using Enhanced Reorder      : OFF
 TX depth        : 128
 CQ Moderation   : 1
 CQE Poll Batch  : Dynamic
 Mtu             : 1024[B]
 Link type       : Ethernet
 GID index       : 3
 Outstand reads  : 16
 rdma_cm QPs	 : OFF
 Data ex. method : Ethernet
---------------------------------------------------------------------------------------
 local address: LID 0000 QPN 0x01cc PSN 0xbd28cd OUT 0x10 RKey 0x034f00 VAddr 0x007f7dd5540000
 GID: 00:00:00:00:00:00:00:00:00:00:255:255:10:01:01:02
 local address: LID 0000 QPN 0x01cd PSN 0xf5f733 OUT 0x10 RKey 0x034f00 VAddr 0x007f7dd5550000
 GID: 00:00:00:00:00:00:00:00:00:00:255:255:10:01:01:02
 local address: LID 0000 QPN 0x01ce PSN 0x479401 OUT 0x10 RKey 0x034f00 VAddr 0x007f7dd5560000
 GID: 00:00:00:00:00:00:00:00:00:00:255:255:10:01:01:02
 local address: LID 0000 QPN 0x01cf PSN 0x8589bc OUT 0x10 RKey 0x034f00 VAddr 0x007f7dd5570000
 GID: 00:00:00:00:00:00:00:00:00:00:255:255:10:01:01:02
 remote address: LID 0000 QPN 0x01b7 PSN 0xbbdee6 OUT 0x10 RKey 0x034400 VAddr 0x007f2c5a02f000
 GID: 00:00:00:00:00:00:00:00:00:00:255:255:10:01:01:01
 remote address: LID 0000 QPN 0x01b8 PSN 0x86690f OUT 0x10 RKey 0x034400 VAddr 0x007f2c5a03f000
 GID: 00:00:00:00:00:00:00:00:00:00:255:255:10:01:01:01
 remote address: LID 0000 QPN 0x01b9 PSN 0x6d4377 OUT 0x10 RKey 0x034400 VAddr 0x007f2c5a04f000
 GID: 00:00:00:00:00:00:00:00:00:00:255:255:10:01:01:01
 remote address: LID 0000 QPN 0x01ba PSN 0x86cfc3 OUT 0x10 RKey 0x034400 VAddr 0x007f2c5a05f000
 GID: 00:00:00:00:00:00:00:00:00:00:255:255:10:01:01:01
---------------------------------------------------------------------------------------
 #bytes     #iterations    BW peak[Gb/sec]    BW average[Gb/sec]   MsgRate[Mpps]
 65536      909004           0.00               10.36  		     0.019760
---------------------------------------------------------------------------------------
