 WARNING: BW peak won't be measured in this run.

************************************
* Waiting for client to connect... *
************************************
---------------------------------------------------------------------------------------
                    RDMA_Read BW Test
 Dual-port       : OFF		Device         : mlx5_8
 Number of qps   : 4		Transport type : IB
 Connection type : RC		Using SRQ      : OFF
 PCIe relax order: ON		Lock-free      : OFF
 ibv_wr* API     : ON		Using Enhanced Reorder      : OFF
 CQ Moderation   : 1
 CQE Poll Batch  : Dynamic
 Mtu             : 1024[B]
 Link type       : Ethernet
 GID index       : 3
 Outstand reads  : 16
 rdma_cm QPs	 : OFF
 Data ex. method : Ethernet
---------------------------------------------------------------------------------------
 local address: LID 0000 QPN 0x02bc PSN 0x7827b5 OUT 0x10 RKey 0x074400 VAddr 0x007f096a6b0000
 GID: 00:00:00:00:00:00:00:00:00:00:255:255:10:01:02:01
 local address: LID 0000 QPN 0x02bd PSN 0x78effb OUT 0x10 RKey 0x074400 VAddr 0x007f096a6c0000
 GID: 00:00:00:00:00:00:00:00:00:00:255:255:10:01:02:01
 local address: LID 0000 QPN 0x02be PSN 0xef3129 OUT 0x10 RKey 0x074400 VAddr 0x007f096a6d0000
 GID: 00:00:00:00:00:00:00:00:00:00:255:255:10:01:02:01
 local address: LID 0000 QPN 0x02bf PSN 0xf563c4 OUT 0x10 RKey 0x074400 VAddr 0x007f096a6e0000
 GID: 00:00:00:00:00:00:00:00:00:00:255:255:10:01:02:01
 remote address: LID 0000 QPN 0x02d4 PSN 0xa1ab08 OUT 0x10 RKey 0x074f00 VAddr 0x007ffb087b4000
 GID: 00:00:00:00:00:00:00:00:00:00:255:255:10:01:02:02
 remote address: LID 0000 QPN 0x02d5 PSN 0x1cdf89 OUT 0x10 RKey 0x074f00 VAddr 0x007ffb087c4000
 GID: 00:00:00:00:00:00:00:00:00:00:255:255:10:01:02:02
 remote address: LID 0000 QPN 0x02d6 PSN 0x675169 OUT 0x10 RKey 0x074f00 VAddr 0x007ffb087d4000
 GID: 00:00:00:00:00:00:00:00:00:00:255:255:10:01:02:02
 remote address: LID 0000 QPN 0x02d7 PSN 0x9e2bcd OUT 0x10 RKey 0x074f00 VAddr 0x007ffb087e4000
 GID: 00:00:00:00:00:00:00:00:00:00:255:255:10:01:02:02
---------------------------------------------------------------------------------------
 #bytes     #iterations    BW peak[Gb/sec]    BW average[Gb/sec]   MsgRate[Mpps]
 65536      926074           0.00               10.56  		     0.020132
---------------------------------------------------------------------------------------
