 WARNING: BW peak won't be measured in this run.
---------------------------------------------------------------------------------------
                    RDMA_Read BW Test
 Dual-port       : OFF		Device         : mlx5_9
 Number of qps   : 4		Transport type : IB
 Connection type : RC		Using SRQ      : OFF
 PCIe relax order: ON		Lock-free      : OFF
 ibv_wr* API     : ON		Using Enhanced Reorder      : OFF
 TX depth        : 128
 CQ Moderation   : 1
 CQE Poll Batch  : Dynamic
 Mtu             : 1024[B]
 Link type       : Ethernet
 GID index       : 3
 Outstand reads  : 16
 rdma_cm QPs	 : OFF
 Data ex. method : Ethernet
---------------------------------------------------------------------------------------
 local address: LID 0000 QPN 0x0131 PSN 0x3b3319 OUT 0x10 RKey 0x00cf00 VAddr 0x007fe566495000
 GID: 00:00:00:00:00:00:00:00:00:00:255:255:10:01:03:02
 local address: LID 0000 QPN 0x0132 PSN 0xf0a18f OUT 0x10 RKey 0x00cf00 VAddr 0x007fe5664a5000
 GID: 00:00:00:00:00:00:00:00:00:00:255:255:10:01:03:02
 local address: LID 0000 QPN 0x0133 PSN 0xe0c52d OUT 0x10 RKey 0x00cf00 VAddr 0x007fe5664b5000
 GID: 00:00:00:00:00:00:00:00:00:00:255:255:10:01:03:02
 local address: LID 0000 QPN 0x0134 PSN 0x7d0178 OUT 0x10 RKey 0x00cf00 VAddr 0x007fe5664c5000
 GID: 00:00:00:00:00:00:00:00:00:00:255:255:10:01:03:02
 remote address: LID 0000 QPN 0x011c PSN 0x11afc5 OUT 0x10 RKey 0x00c400 VAddr 0x007f58e16e9000
 GID: 00:00:00:00:00:00:00:00:00:00:255:255:10:01:03:01
 remote address: LID 0000 QPN 0x011d PSN 0x4cb202 OUT 0x10 RKey 0x00c400 VAddr 0x007f58e16f9000
 GID: 00:00:00:00:00:00:00:00:00:00:255:255:10:01:03:01
 remote address: LID 0000 QPN 0x011e PSN 0x68a4ee OUT 0x10 RKey 0x00c400 VAddr 0x007f58e1709000
 GID: 00:00:00:00:00:00:00:00:00:00:255:255:10:01:03:01
 remote address: LID 0000 QPN 0x011f PSN 0xd4396e OUT 0x10 RKey 0x00c400 VAddr 0x007f58e1719000
 GID: 00:00:00:00:00:00:00:00:00:00:255:255:10:01:03:01
---------------------------------------------------------------------------------------
 #bytes     #iterations    BW peak[Gb/sec]    BW average[Gb/sec]   MsgRate[Mpps]
 65536      926072           0.00               10.55  		     0.020132
---------------------------------------------------------------------------------------
