 WARNING: BW peak won't be measured in this run.

************************************
* Waiting for client to connect... *
************************************
---------------------------------------------------------------------------------------
                    RDMA_Read BW Test
 Dual-port       : OFF		Device         : mlx5_8
 Number of qps   : 4		Transport type : IB
 Connection type : RC		Using SRQ      : OFF
 PCIe relax order: ON		Lock-free      : OFF
 ibv_wr* API     : ON		Using Enhanced Reorder      : OFF
 CQ Moderation   : 1
 CQE Poll Batch  : Dynamic
 Mtu             : 1024[B]
 Link type       : Ethernet
 GID index       : 3
 Outstand reads  : 16
 rdma_cm QPs	 : OFF
 Data ex. method : Ethernet
---------------------------------------------------------------------------------------
 local address: LID 0000 QPN 0x02b7 PSN 0xa17ebc OUT 0x10 RKey 0x074400 VAddr 0x007f76120de000
 GID: 00:00:00:00:00:00:00:00:00:00:255:255:10:01:02:01
 local address: LID 0000 QPN 0x02b8 PSN 0xb747f6 OUT 0x10 RKey 0x074400 VAddr 0x007f76120ee000
 GID: 00:00:00:00:00:00:00:00:00:00:255:255:10:01:02:01
 local address: LID 0000 QPN 0x02b9 PSN 0xea2908 OUT 0x10 RKey 0x074400 VAddr 0x007f76120fe000
 GID: 00:00:00:00:00:00:00:00:00:00:255:255:10:01:02:01
 local address: LID 0000 QPN 0x02ba PSN 0x1747b7 OUT 0x10 RKey 0x074400 VAddr 0x007f761210e000
 GID: 00:00:00:00:00:00:00:00:00:00:255:255:10:01:02:01
 remote address: LID 0000 QPN 0x02cf PSN 0xa2c8a2 OUT 0x10 RKey 0x074f00 VAddr 0x007fc56e271000
 GID: 00:00:00:00:00:00:00:00:00:00:255:255:10:01:02:02
 remote address: LID 0000 QPN 0x02d0 PSN 0x26d61b OUT 0x10 RKey 0x074f00 VAddr 0x007fc56e281000
 GID: 00:00:00:00:00:00:00:00:00:00:255:255:10:01:02:02
 remote address: LID 0000 QPN 0x02d1 PSN 0xc47993 OUT 0x10 RKey 0x074f00 VAddr 0x007fc56e291000
 GID: 00:00:00:00:00:00:00:00:00:00:255:255:10:01:02:02
 remote address: LID 0000 QPN 0x02d2 PSN 0x1601af OUT 0x10 RKey 0x074f00 VAddr 0x007fc56e2a1000
 GID: 00:00:00:00:00:00:00:00:00:00:255:255:10:01:02:02
---------------------------------------------------------------------------------------
 #bytes     #iterations    BW peak[Gb/sec]    BW average[Gb/sec]   MsgRate[Mpps]
 65536      910564           0.00               10.38  		     0.019795
---------------------------------------------------------------------------------------
