 WARNING: BW peak won't be measured in this run.
---------------------------------------------------------------------------------------
                    RDMA_Write BW Test
 Dual-port       : OFF		Device         : mlx5_6
 Number of qps   : 4		Transport type : IB
 Connection type : RC		Using SRQ      : OFF
 PCIe relax order: ON		Lock-free      : OFF
 ibv_wr* API     : ON		Using Enhanced Reorder      : OFF
 TX depth        : 128
 CQ Moderation   : 1
 CQE Poll Batch  : Dynamic
 Mtu             : 1024[B]
 Link type       : Ethernet
 GID index       : 3
 Max inline data : 0[B]
 rdma_cm QPs	 : OFF
 Data ex. method : Ethernet
---------------------------------------------------------------------------------------
 local address: LID 0000 QPN 0x022a PSN 0xd134d4 RKey 0x054400 VAddr 0x007f56dfce6000
 GID: 00:00:00:00:00:00:00:00:00:00:255:255:10:01:00:01
 local address: LID 0000 QPN 0x022b PSN 0xc1602e RKey 0x054400 VAddr 0x007f56dfcf6000
 GID: 00:00:00:00:00:00:00:00:00:00:255:255:10:01:00:01
 local address: LID 0000 QPN 0x022c PSN 0x98c8e0 RKey 0x054400 VAddr 0x007f56dfd06000
 GID: 00:00:00:00:00:00:00:00:00:00:255:255:10:01:00:01
 local address: LID 0000 QPN 0x022d PSN 0x2d66af RKey 0x054400 VAddr 0x007f56dfd16000
 GID: 00:00:00:00:00:00:00:00:00:00:255:255:10:01:00:01
 remote address: LID 0000 QPN 0x024d PSN 0x9c1d4f RKey 0x054f00 VAddr 0x007f6154081000
 GID: 00:00:00:00:00:00:00:00:00:00:255:255:10:01:00:02
 remote address: LID 0000 QPN 0x024e PSN 0x68de8d RKey 0x054f00 VAddr 0x007f6154091000
 GID: 00:00:00:00:00:00:00:00:00:00:255:255:10:01:00:02
 remote address: LID 0000 QPN 0x024f PSN 0x6f153 RKey 0x054f00 VAddr 0x007f61540a1000
 GID: 00:00:00:00:00:00:00:00:00:00:255:255:10:01:00:02
 remote address: LID 0000 QPN 0x0250 PSN 0x6ff1a6 RKey 0x054f00 VAddr 0x007f61540b1000
 GID: 00:00:00:00:00:00:00:00:00:00:255:255:10:01:00:02
---------------------------------------------------------------------------------------
 #bytes     #iterations    BW peak[Gb/sec]    BW average[Gb/sec]   MsgRate[Mpps]
 65536      912844           0.00               10.40  		     0.019844
---------------------------------------------------------------------------------------
