 WARNING: BW peak won't be measured in this run.
---------------------------------------------------------------------------------------
                    RDMA_Write BW Test
 Dual-port       : OFF		Device         : mlx5_7
 Number of qps   : 4		Transport type : IB
 Connection type : RC		Using SRQ      : OFF
 PCIe relax order: ON		Lock-free      : OFF
 ibv_wr* API     : ON		Using Enhanced Reorder      : OFF
 TX depth        : 128
 CQ Moderation   : 1
 CQE Poll Batch  : Dynamic
 Mtu             : 1024[B]
 Link type       : Ethernet
 GID index       : 3
 Max inline data : 0[B]
 rdma_cm QPs	 : OFF
 Data ex. method : Ethernet
---------------------------------------------------------------------------------------
 local address: LID 0000 QPN 0x01aa PSN 0xf5830e RKey 0x034400 VAddr 0x007efc6c555000
 GID: 00:00:00:00:00:00:00:00:00:00:255:255:10:01:01:01
 local address: LID 0000 QPN 0x01ab PSN 0xf6cae0 RKey 0x034400 VAddr 0x007efc6c565000
 GID: 00:00:00:00:00:00:00:00:00:00:255:255:10:01:01:01
 local address: LID 0000 QPN 0x01ac PSN 0x4b22aa RKey 0x034400 VAddr 0x007efc6c575000
 GID: 00:00:00:00:00:00:00:00:00:00:255:255:10:01:01:01
 local address: LID 0000 QPN 0x01ad PSN 0x11db1 RKey 0x034400 VAddr 0x007efc6c585000
 GID: 00:00:00:00:00:00:00:00:00:00:255:255:10:01:01:01
 remote address: LID 0000 QPN 0x01bf PSN 0xeb3c06 RKey 0x034f00 VAddr 0x007fad5301b000
 GID: 00:00:00:00:00:00:00:00:00:00:255:255:10:01:01:02
 remote address: LID 0000 QPN 0x01c0 PSN 0x655c78 RKey 0x034f00 VAddr 0x007fad5302b000
 GID: 00:00:00:00:00:00:00:00:00:00:255:255:10:01:01:02
 remote address: LID 0000 QPN 0x01c1 PSN 0x4db062 RKey 0x034f00 VAddr 0x007fad5303b000
 GID: 00:00:00:00:00:00:00:00:00:00:255:255:10:01:01:02
 remote address: LID 0000 QPN 0x01c2 PSN 0xac509 RKey 0x034f00 VAddr 0x007fad5304b000
 GID: 00:00:00:00:00:00:00:00:00:00:255:255:10:01:01:02
---------------------------------------------------------------------------------------
 #bytes     #iterations    BW peak[Gb/sec]    BW average[Gb/sec]   MsgRate[Mpps]
 65536      912739           0.00               10.40  		     0.019842
---------------------------------------------------------------------------------------
