 WARNING: BW peak won't be measured in this run.
---------------------------------------------------------------------------------------
                    RDMA_Write BW Test
 Dual-port       : OFF		Device         : mlx5_8
 Number of qps   : 4		Transport type : IB
 Connection type : RC		Using SRQ      : OFF
 PCIe relax order: ON		Lock-free      : OFF
 ibv_wr* API     : ON		Using Enhanced Reorder      : OFF
 TX depth        : 128
 CQ Moderation   : 1
 CQE Poll Batch  : Dynamic
 Mtu             : 1024[B]
 Link type       : Ethernet
 GID index       : 3
 Max inline data : 0[B]
 rdma_cm QPs	 : OFF
 Data ex. method : Ethernet
---------------------------------------------------------------------------------------
 local address: LID 0000 QPN 0x02b2 PSN 0x96d515 RKey 0x074400 VAddr 0x007f311d234000
 GID: 00:00:00:00:00:00:00:00:00:00:255:255:10:01:02:01
 local address: LID 0000 QPN 0x02b3 PSN 0xcd01db RKey 0x074400 VAddr 0x007f311d244000
 GID: 00:00:00:00:00:00:00:00:00:00:255:255:10:01:02:01
 local address: LID 0000 QPN 0x02b4 PSN 0x4a0d89 RKey 0x074400 VAddr 0x007f311d254000
 GID: 00:00:00:00:00:00:00:00:00:00:255:255:10:01:02:01
 local address: LID 0000 QPN 0x02b5 PSN 0x2378a4 RKey 0x074400 VAddr 0x007f311d264000
 GID: 00:00:00:00:00:00:00:00:00:00:255:255:10:01:02:01
 remote address: LID 0000 QPN 0x02ca PSN 0x26ba87 RKey 0x074f00 VAddr 0x007fc98b492000
 GID: 00:00:00:00:00:00:00:00:00:00:255:255:10:01:02:02
 remote address: LID 0000 QPN 0x02cb PSN 0x4e1f65 RKey 0x074f00 VAddr 0x007fc98b4a2000
 GID: 00:00:00:00:00:00:00:00:00:00:255:255:10:01:02:02
 remote address: LID 0000 QPN 0x02cc PSN 0x59d4b RKey 0x074f00 VAddr 0x007fc98b4b2000
 GID: 00:00:00:00:00:00:00:00:00:00:255:255:10:01:02:02
 remote address: LID 0000 QPN 0x02cd PSN 0xfffa3e RKey 0x074f00 VAddr 0x007fc98b4c2000
 GID: 00:00:00:00:00:00:00:00:00:00:255:255:10:01:02:02
---------------------------------------------------------------------------------------
 #bytes     #iterations    BW peak[Gb/sec]    BW average[Gb/sec]   MsgRate[Mpps]
 65536      913084           0.00               10.41  		     0.019849
---------------------------------------------------------------------------------------
