 WARNING: BW peak won't be measured in this run.

************************************
* Waiting for client to connect... *
************************************
---------------------------------------------------------------------------------------
                    RDMA_Read BW Test
 Dual-port       : OFF		Device         : mlx5_8
 Number of qps   : 4		Transport type : IB
 Connection type : RC		Using SRQ      : OFF
 PCIe relax order: ON		Lock-free      : OFF
 ibv_wr* API     : ON		Using Enhanced Reorder      : OFF
 CQ Moderation   : 1
 CQE Poll Batch  : Dynamic
 Mtu             : 1024[B]
 Link type       : Ethernet
 GID index       : 3
 Outstand reads  : 16
 rdma_cm QPs	 : OFF
 Data ex. method : Ethernet
---------------------------------------------------------------------------------------
 local address: LID 0000 QPN 0x02d1 PSN 0xc45597 OUT 0x10 RKey 0x074400 VAddr 0x007f00af77d000
 GID: 00:00:00:00:00:00:00:00:00:00:255:255:10:01:02:01
 local address: LID 0000 QPN 0x02d2 PSN 0x798535 OUT 0x10 RKey 0x074400 VAddr 0x007f00af78d000
 GID: 00:00:00:00:00:00:00:00:00:00:255:255:10:01:02:01
 local address: LID 0000 QPN 0x02d3 PSN 0xb8d6db OUT 0x10 RKey 0x074400 VAddr 0x007f00af79d000
 GID: 00:00:00:00:00:00:00:00:00:00:255:255:10:01:02:01
 local address: LID 0000 QPN 0x02d4 PSN 0xc6dc8e OUT 0x10 RKey 0x074400 VAddr 0x007f00af7ad000
 GID: 00:00:00:00:00:00:00:00:00:00:255:255:10:01:02:01
 remote address: LID 0000 QPN 0x02e9 PSN 0xbd034f OUT 0x10 RKey 0x074f00 VAddr 0x007f785ee0c000
 GID: 00:00:00:00:00:00:00:00:00:00:255:255:10:01:02:02
 remote address: LID 0000 QPN 0x02ea PSN 0xecc8d OUT 0x10 RKey 0x074f00 VAddr 0x007f785ee1c000
 GID: 00:00:00:00:00:00:00:00:00:00:255:255:10:01:02:02
 remote address: LID 0000 QPN 0x02eb PSN 0x814753 OUT 0x10 RKey 0x074f00 VAddr 0x007f785ee2c000
 GID: 00:00:00:00:00:00:00:00:00:00:255:255:10:01:02:02
 remote address: LID 0000 QPN 0x02ec PSN 0xca8fa6 OUT 0x10 RKey 0x074f00 VAddr 0x007f785ee3c000
 GID: 00:00:00:00:00:00:00:00:00:00:255:255:10:01:02:02
---------------------------------------------------------------------------------------
 #bytes     #iterations    BW peak[Gb/sec]    BW average[Gb/sec]   MsgRate[Mpps]
 65536      933211           0.00               10.64  		     0.020287
---------------------------------------------------------------------------------------
