ethernet_read_keys: Couldn't read remote address
 Unable to read to socket/rdma_cm
 Failed to exchange data between server and clients
 WARNING: BW peak won't be measured in this run.

************************************
* Waiting for client to connect... *
************************************
---------------------------------------------------------------------------------------
                    RDMA_Read BW Test
 Dual-port       : OFF		Device         : mlx5_6
 Number of qps   : 4		Transport type : IB
 Connection type : RC		Using SRQ      : OFF
 PCIe relax order: ON		Lock-free      : OFF
 ibv_wr* API     : ON		Using Enhanced Reorder      : OFF
 CQ Moderation   : 1
 CQE Poll Batch  : Dynamic
 Mtu             : 1024[B]
 Link type       : Ethernet
 GID index       : 3
 Outstand reads  : 16
 rdma_cm QPs	 : OFF
 Data ex. method : Ethernet
---------------------------------------------------------------------------------------
 local address: LID 0000 QPN 0x0255 PSN 0x68010a OUT 0x10 RKey 0x054400 VAddr 0x007fa40235d000
 GID: 00:00:00:00:00:00:00:00:00:00:255:255:10:01:00:01
 local address: LID 0000 QPN 0x0256 PSN 0x36d72c OUT 0x10 RKey 0x054400 VAddr 0x007fa40236d000
 GID: 00:00:00:00:00:00:00:00:00:00:255:255:10:01:00:01
 local address: LID 0000 QPN 0x0257 PSN 0xaca706 OUT 0x10 RKey 0x054400 VAddr 0x007fa40237d000
 GID: 00:00:00:00:00:00:00:00:00:00:255:255:10:01:00:01
 local address: LID 0000 QPN 0x0258 PSN 0x4120dd OUT 0x10 RKey 0x054400 VAddr 0x007fa40238d000
 GID: 00:00:00:00:00:00:00:00:00:00:255:255:10:01:00:01
 remote address: LID 0000 QPN 0x0278 PSN 0x60aec2 OUT 0x10 RKey 0x054f00 VAddr 0x007ff28149e000
 GID: 00:00:00:00:00:00:00:00:00:00:255:255:10:01:00:02
 remote address: LID 0000 QPN 0x0279 PSN 0xcc1e84 OUT 0x10 RKey 0x054f00 VAddr 0x007ff2814ae000
 GID: 00:00:00:00:00:00:00:00:00:00:255:255:10:01:00:02
 remote address: LID 0000 QPN 0x027a PSN 0x75177e OUT 0x10 RKey 0x054f00 VAddr 0x007ff2814be000
 GID: 00:00:00:00:00:00:00:00:00:00:255:255:10:01:00:02
 remote address: LID 0000 QPN 0x027b PSN 0x44d3f5 OUT 0x10 RKey 0x054f00 VAddr 0x007ff2814ce000
 GID: 00:00:00:00:00:00:00:00:00:00:255:255:10:01:00:02
---------------------------------------------------------------------------------------
 #bytes     #iterations    BW peak[Gb/sec]    BW average[Gb/sec]   MsgRate[Mpps]
