 WARNING: BW peak won't be measured in this run.

************************************
* Waiting for client to connect... *
************************************
---------------------------------------------------------------------------------------
                    RDMA_Read BW Test
 Dual-port       : OFF		Device         : mlx5_9
 Number of qps   : 4		Transport type : IB
 Connection type : RC		Using SRQ      : OFF
 PCIe relax order: ON		Lock-free      : OFF
 ibv_wr* API     : ON		Using Enhanced Reorder      : OFF
 CQ Moderation   : 1
 CQE Poll Batch  : Dynamic
 Mtu             : 1024[B]
 Link type       : Ethernet
 GID index       : 3
 Outstand reads  : 16
 rdma_cm QPs	 : OFF
 Data ex. method : Ethernet
---------------------------------------------------------------------------------------
 local address: LID 0000 QPN 0x0131 PSN 0x727fdd OUT 0x10 RKey 0x00c400 VAddr 0x007f9afe8ed000
 GID: 00:00:00:00:00:00:00:00:00:00:255:255:10:01:03:01
 local address: LID 0000 QPN 0x0132 PSN 0x9adc3a OUT 0x10 RKey 0x00c400 VAddr 0x007f9afe8fd000
 GID: 00:00:00:00:00:00:00:00:00:00:255:255:10:01:03:01
 local address: LID 0000 QPN 0x0133 PSN 0x3eeec6 OUT 0x10 RKey 0x00c400 VAddr 0x007f9afe90d000
 GID: 00:00:00:00:00:00:00:00:00:00:255:255:10:01:03:01
 local address: LID 0000 QPN 0x0134 PSN 0x89ba66 OUT 0x10 RKey 0x00c400 VAddr 0x007f9afe91d000
 GID: 00:00:00:00:00:00:00:00:00:00:255:255:10:01:03:01
 remote address: LID 0000 QPN 0x0146 PSN 0x6b2d95 OUT 0x10 RKey 0x00cf00 VAddr 0x007f74ff552000
 GID: 00:00:00:00:00:00:00:00:00:00:255:255:10:01:03:02
 remote address: LID 0000 QPN 0x0147 PSN 0x302392 OUT 0x10 RKey 0x00cf00 VAddr 0x007f74ff562000
 GID: 00:00:00:00:00:00:00:00:00:00:255:255:10:01:03:02
 remote address: LID 0000 QPN 0x0148 PSN 0x75f3e OUT 0x10 RKey 0x00cf00 VAddr 0x007f74ff572000
 GID: 00:00:00:00:00:00:00:00:00:00:255:255:10:01:03:02
 remote address: LID 0000 QPN 0x0149 PSN 0x8d6d7e OUT 0x10 RKey 0x00cf00 VAddr 0x007f74ff582000
 GID: 00:00:00:00:00:00:00:00:00:00:255:255:10:01:03:02
---------------------------------------------------------------------------------------
 #bytes     #iterations    BW peak[Gb/sec]    BW average[Gb/sec]   MsgRate[Mpps]
 65536      936041           0.00               10.67  		     0.020348
---------------------------------------------------------------------------------------
