 WARNING: BW peak won't be measured in this run.

************************************
* Waiting for client to connect... *
************************************
---------------------------------------------------------------------------------------
                    RDMA_Read BW Test
 Dual-port       : OFF		Device         : mlx5_7
 Number of qps   : 4		Transport type : IB
 Connection type : RC		Using SRQ      : OFF
 PCIe relax order: ON		Lock-free      : OFF
 ibv_wr* API     : ON		Using Enhanced Reorder      : OFF
 CQ Moderation   : 1
 CQE Poll Batch  : Dynamic
 Mtu             : 1024[B]
 Link type       : Ethernet
 GID index       : 3
 Outstand reads  : 16
 rdma_cm QPs	 : OFF
 Data ex. method : Ethernet
---------------------------------------------------------------------------------------
 local address: LID 0000 QPN 0x019d PSN 0x6ee15e OUT 0x10 RKey 0x034405 VAddr 0x007f42273fd000
 GID: 00:00:00:00:00:00:00:00:00:00:255:255:10:01:01:01
 local address: LID 0000 QPN 0x019e PSN 0x964627 OUT 0x10 RKey 0x034405 VAddr 0x007f422740d000
 GID: 00:00:00:00:00:00:00:00:00:00:255:255:10:01:01:01
 local address: LID 0000 QPN 0x019f PSN 0xf1f6af OUT 0x10 RKey 0x034405 VAddr 0x007f422741d000
 GID: 00:00:00:00:00:00:00:00:00:00:255:255:10:01:01:01
 local address: LID 0000 QPN 0x01a0 PSN 0xab6e9b OUT 0x10 RKey 0x034405 VAddr 0x007f422742d000
 GID: 00:00:00:00:00:00:00:00:00:00:255:255:10:01:01:01
 remote address: LID 0000 QPN 0x01ec PSN 0x4b05d4 OUT 0x10 RKey 0x034f00 VAddr 0x007fe9bff77000
 GID: 00:00:00:00:00:00:00:00:00:00:255:255:10:01:01:02
 remote address: LID 0000 QPN 0x01ed PSN 0xdbd065 OUT 0x10 RKey 0x034f00 VAddr 0x007fe9bff87000
 GID: 00:00:00:00:00:00:00:00:00:00:255:255:10:01:01:02
 remote address: LID 0000 QPN 0x01ee PSN 0xe98715 OUT 0x10 RKey 0x034f00 VAddr 0x007fe9bff97000
 GID: 00:00:00:00:00:00:00:00:00:00:255:255:10:01:01:02
 remote address: LID 0000 QPN 0x01ef PSN 0xd78e09 OUT 0x10 RKey 0x034f00 VAddr 0x007fe9bffa7000
 GID: 00:00:00:00:00:00:00:00:00:00:255:255:10:01:01:02
---------------------------------------------------------------------------------------
 #bytes     #iterations    BW peak[Gb/sec]    BW average[Gb/sec]   MsgRate[Mpps]
 65536      918556           0.00               10.47  		     0.019968
---------------------------------------------------------------------------------------
