 WARNING: BW peak won't be measured in this run.

************************************
* Waiting for client to connect... *
************************************
---------------------------------------------------------------------------------------
                    RDMA_Read BW Test
 Dual-port       : OFF		Device         : mlx5_6
 Number of qps   : 4		Transport type : IB
 Connection type : RC		Using SRQ      : OFF
 PCIe relax order: ON		Lock-free      : OFF
 ibv_wr* API     : ON		Using Enhanced Reorder      : OFF
 CQ Moderation   : 1
 CQE Poll Batch  : Dynamic
 Mtu             : 1024[B]
 Link type       : Ethernet
 GID index       : 3
 Outstand reads  : 16
 rdma_cm QPs	 : OFF
 Data ex. method : Ethernet
---------------------------------------------------------------------------------------
 local address: LID 0000 QPN 0x021d PSN 0xea4e38 OUT 0x10 RKey 0x054405 VAddr 0x007ffb39692000
 GID: 00:00:00:00:00:00:00:00:00:00:255:255:10:01:00:01
 local address: LID 0000 QPN 0x021e PSN 0x7107c2 OUT 0x10 RKey 0x054405 VAddr 0x007ffb396a2000
 GID: 00:00:00:00:00:00:00:00:00:00:255:255:10:01:00:01
 local address: LID 0000 QPN 0x021f PSN 0x621ae4 OUT 0x10 RKey 0x054405 VAddr 0x007ffb396b2000
 GID: 00:00:00:00:00:00:00:00:00:00:255:255:10:01:00:01
 local address: LID 0000 QPN 0x0220 PSN 0x44ea63 OUT 0x10 RKey 0x054405 VAddr 0x007ffb396c2000
 GID: 00:00:00:00:00:00:00:00:00:00:255:255:10:01:00:01
 remote address: LID 0000 QPN 0x027e PSN 0xc672ae OUT 0x10 RKey 0x054f00 VAddr 0x007fb29f343000
 GID: 00:00:00:00:00:00:00:00:00:00:255:255:10:01:00:02
 remote address: LID 0000 QPN 0x027f PSN 0xb69200 OUT 0x10 RKey 0x054f00 VAddr 0x007fb29f353000
 GID: 00:00:00:00:00:00:00:00:00:00:255:255:10:01:00:02
 remote address: LID 0000 QPN 0x0280 PSN 0x59ab4a OUT 0x10 RKey 0x054f00 VAddr 0x007fb29f363000
 GID: 00:00:00:00:00:00:00:00:00:00:255:255:10:01:00:02
 remote address: LID 0000 QPN 0x0281 PSN 0x7109d1 OUT 0x10 RKey 0x054f00 VAddr 0x007fb29f373000
 GID: 00:00:00:00:00:00:00:00:00:00:255:255:10:01:00:02
---------------------------------------------------------------------------------------
 #bytes     #iterations    BW peak[Gb/sec]    BW average[Gb/sec]   MsgRate[Mpps]
 65536      920910           0.00               10.50  		     0.020020
---------------------------------------------------------------------------------------
