 Completion with error at client
 Failed status-transport retry counter exceeded (12): wr_id 0 syndrom 0x81
 scnt=1484293, ccnt=1483781
 Failed to complete run_iter_bw function successfully
 WARNING: BW peak won't be measured in this run.
---------------------------------------------------------------------------------------
                    RDMA_Read BW Test
 Dual-port       : OFF		Device         : mlx5_8
 Number of qps   : 4		Transport type : IB
 Connection type : RC		Using SRQ      : OFF
 PCIe relax order: ON		Lock-free      : OFF
 ibv_wr* API     : ON		Using Enhanced Reorder      : OFF
 TX depth        : 128
 CQ Moderation   : 1
 CQE Poll Batch  : Dynamic
 Mtu             : 1024[B]
 Link type       : Ethernet
 GID index       : 3
 Outstand reads  : 16
 rdma_cm QPs	 : OFF
 Data ex. method : Ethernet
---------------------------------------------------------------------------------------
 local address: LID 0000 QPN 0x02ef PSN 0xcf98fb OUT 0x10 RKey 0x074f00 VAddr 0x007f4765f49000
 GID: 00:00:00:00:00:00:00:00:00:00:255:255:10:01:02:02
 local address: LID 0000 QPN 0x02f0 PSN 0x10ec9 OUT 0x10 RKey 0x074f00 VAddr 0x007f4765f59000
 GID: 00:00:00:00:00:00:00:00:00:00:255:255:10:01:02:02
 local address: LID 0000 QPN 0x02f1 PSN 0x7962df OUT 0x10 RKey 0x074f00 VAddr 0x007f4765f69000
 GID: 00:00:00:00:00:00:00:00:00:00:255:255:10:01:02:02
 local address: LID 0000 QPN 0x02f2 PSN 0x3e1242 OUT 0x10 RKey 0x074f00 VAddr 0x007f4765f79000
 GID: 00:00:00:00:00:00:00:00:00:00:255:255:10:01:02:02
 remote address: LID 0000 QPN 0x029d PSN 0xf37485 OUT 0x10 RKey 0x074405 VAddr 0x007f0d32891000
 GID: 00:00:00:00:00:00:00:00:00:00:255:255:10:01:02:01
 remote address: LID 0000 QPN 0x029e PSN 0xbb848b OUT 0x10 RKey 0x074405 VAddr 0x007f0d328a1000
 GID: 00:00:00:00:00:00:00:00:00:00:255:255:10:01:02:01
 remote address: LID 0000 QPN 0x029f PSN 0x81d279 OUT 0x10 RKey 0x074405 VAddr 0x007f0d328b1000
 GID: 00:00:00:00:00:00:00:00:00:00:255:255:10:01:02:01
 remote address: LID 0000 QPN 0x02a0 PSN 0x11f2d4 OUT 0x10 RKey 0x074405 VAddr 0x007f0d328c1000
 GID: 00:00:00:00:00:00:00:00:00:00:255:255:10:01:02:01
---------------------------------------------------------------------------------------
 #bytes     #iterations    BW peak[Gb/sec]    BW average[Gb/sec]   MsgRate[Mpps]
