 Completion with error at client
 Failed status-transport retry counter exceeded (12): wr_id 3 syndrom 0x81
 scnt=1485500, ccnt=1484988
 Failed to complete run_iter_bw function successfully
 WARNING: BW peak won't be measured in this run.
---------------------------------------------------------------------------------------
                    RDMA_Read BW Test
 Dual-port       : OFF		Device         : mlx5_9
 Number of qps   : 4		Transport type : IB
 Connection type : RC		Using SRQ      : OFF
 PCIe relax order: ON		Lock-free      : OFF
 ibv_wr* API     : ON		Using Enhanced Reorder      : OFF
 TX depth        : 128
 CQ Moderation   : 1
 CQE Poll Batch  : Dynamic
 Mtu             : 1024[B]
 Link type       : Ethernet
 GID index       : 3
 Outstand reads  : 16
 rdma_cm QPs	 : OFF
 Data ex. method : Ethernet
---------------------------------------------------------------------------------------
 local address: LID 0000 QPN 0x014c PSN 0x542c21 OUT 0x10 RKey 0x00d000 VAddr 0x007f35c05c9000
 GID: 00:00:00:00:00:00:00:00:00:00:255:255:10:01:03:02
 local address: LID 0000 QPN 0x014d PSN 0x264d2e OUT 0x10 RKey 0x00d000 VAddr 0x007f35c05d9000
 GID: 00:00:00:00:00:00:00:00:00:00:255:255:10:01:03:02
 local address: LID 0000 QPN 0x014e PSN 0x93eaa OUT 0x10 RKey 0x00d000 VAddr 0x007f35c05e9000
 GID: 00:00:00:00:00:00:00:00:00:00:255:255:10:01:03:02
 local address: LID 0000 QPN 0x014f PSN 0xa4967a OUT 0x10 RKey 0x00d000 VAddr 0x007f35c05f9000
 GID: 00:00:00:00:00:00:00:00:00:00:255:255:10:01:03:02
 remote address: LID 0000 QPN 0x00fd PSN 0x7807ab OUT 0x10 RKey 0x00c505 VAddr 0x007f8371eb2000
 GID: 00:00:00:00:00:00:00:00:00:00:255:255:10:01:03:01
 remote address: LID 0000 QPN 0x00fe PSN 0xe0c2f0 OUT 0x10 RKey 0x00c505 VAddr 0x007f8371ec2000
 GID: 00:00:00:00:00:00:00:00:00:00:255:255:10:01:03:01
 remote address: LID 0000 QPN 0x00ff PSN 0x11ae44 OUT 0x10 RKey 0x00c505 VAddr 0x007f8371ed2000
 GID: 00:00:00:00:00:00:00:00:00:00:255:255:10:01:03:01
 remote address: LID 0000 QPN 0x0100 PSN 0x78770c OUT 0x10 RKey 0x00c505 VAddr 0x007f8371ee2000
 GID: 00:00:00:00:00:00:00:00:00:00:255:255:10:01:03:01
---------------------------------------------------------------------------------------
 #bytes     #iterations    BW peak[Gb/sec]    BW average[Gb/sec]   MsgRate[Mpps]
