 WARNING: BW peak won't be measured in this run.
---------------------------------------------------------------------------------------
                    RDMA_Write BW Test
 Dual-port       : OFF		Device         : mlx5_8
 Number of qps   : 4		Transport type : IB
 Connection type : RC		Using SRQ      : OFF
 PCIe relax order: ON		Lock-free      : OFF
 ibv_wr* API     : ON		Using Enhanced Reorder      : OFF
 TX depth        : 128
 CQ Moderation   : 1
 CQE Poll Batch  : Dynamic
 Mtu             : 1024[B]
 Link type       : Ethernet
 GID index       : 3
 Max inline data : 0[B]
 rdma_cm QPs	 : OFF
 Data ex. method : Ethernet
---------------------------------------------------------------------------------------
 local address: LID 0000 QPN 0x02c4 PSN 0x6ab97a RKey 0x074400 VAddr 0x007fb494a90000
 GID: 00:00:00:00:00:00:00:00:00:00:255:255:10:01:02:01
 local address: LID 0000 QPN 0x02c5 PSN 0x53fedc RKey 0x074400 VAddr 0x007fb494aa0000
 GID: 00:00:00:00:00:00:00:00:00:00:255:255:10:01:02:01
 local address: LID 0000 QPN 0x02c6 PSN 0xfeacf6 RKey 0x074400 VAddr 0x007fb494ab0000
 GID: 00:00:00:00:00:00:00:00:00:00:255:255:10:01:02:01
 local address: LID 0000 QPN 0x02c7 PSN 0xc3480d RKey 0x074400 VAddr 0x007fb494ac0000
 GID: 00:00:00:00:00:00:00:00:00:00:255:255:10:01:02:01
 remote address: LID 0000 QPN 0x02dc PSN 0xfa0aca RKey 0x074f00 VAddr 0x007f5aba90b000
 GID: 00:00:00:00:00:00:00:00:00:00:255:255:10:01:02:02
 remote address: LID 0000 QPN 0x02dd PSN 0x277dec RKey 0x074f00 VAddr 0x007f5aba91b000
 GID: 00:00:00:00:00:00:00:00:00:00:255:255:10:01:02:02
 remote address: LID 0000 QPN 0x02de PSN 0xf426c6 RKey 0x074f00 VAddr 0x007f5aba92b000
 GID: 00:00:00:00:00:00:00:00:00:00:255:255:10:01:02:02
 remote address: LID 0000 QPN 0x02df PSN 0x79059d RKey 0x074f00 VAddr 0x007f5aba93b000
 GID: 00:00:00:00:00:00:00:00:00:00:255:255:10:01:02:02
---------------------------------------------------------------------------------------
 #bytes     #iterations    BW peak[Gb/sec]    BW average[Gb/sec]   MsgRate[Mpps]
 65536      890008           0.00               10.14  		     0.019348
---------------------------------------------------------------------------------------
