 WARNING: BW peak won't be measured in this run.

************************************
* Waiting for client to connect... *
************************************
---------------------------------------------------------------------------------------
                    RDMA_Write BW Test
 Dual-port       : OFF		Device         : mlx5_6
 Number of qps   : 4		Transport type : IB
 Connection type : RC		Using SRQ      : OFF
 PCIe relax order: ON		Lock-free      : OFF
 ibv_wr* API     : ON		Using Enhanced Reorder      : OFF
 CQ Moderation   : 1
 CQE Poll Batch  : Dynamic
 Mtu             : 1024[B]
 Link type       : Ethernet
 GID index       : 3
 Max inline data : 0[B]
 rdma_cm QPs	 : OFF
 Data ex. method : Ethernet
---------------------------------------------------------------------------------------
 local address: LID 0000 QPN 0x0267 PSN 0x1caa4a RKey 0x054f00 VAddr 0x007f2e61ce7000
 GID: 00:00:00:00:00:00:00:00:00:00:255:255:10:01:00:02
 local address: LID 0000 QPN 0x0268 PSN 0xa8daa3 RKey 0x054f00 VAddr 0x007f2e61cf7000
 GID: 00:00:00:00:00:00:00:00:00:00:255:255:10:01:00:02
 local address: LID 0000 QPN 0x0269 PSN 0x92977b RKey 0x054f00 VAddr 0x007f2e61d07000
 GID: 00:00:00:00:00:00:00:00:00:00:255:255:10:01:00:02
 local address: LID 0000 QPN 0x026a PSN 0x972d77 RKey 0x054f00 VAddr 0x007f2e61d17000
 GID: 00:00:00:00:00:00:00:00:00:00:255:255:10:01:00:02
 remote address: LID 0000 QPN 0x0244 PSN 0x46fa05 RKey 0x054400 VAddr 0x007f3c7d080000
 GID: 00:00:00:00:00:00:00:00:00:00:255:255:10:01:00:01
 remote address: LID 0000 QPN 0x0245 PSN 0xb2cf42 RKey 0x054400 VAddr 0x007f3c7d090000
 GID: 00:00:00:00:00:00:00:00:00:00:255:255:10:01:00:01
 remote address: LID 0000 QPN 0x0246 PSN 0x2a992e RKey 0x054400 VAddr 0x007f3c7d0a0000
 GID: 00:00:00:00:00:00:00:00:00:00:255:255:10:01:00:01
 remote address: LID 0000 QPN 0x0247 PSN 0xdab8ae RKey 0x054400 VAddr 0x007f3c7d0b0000
 GID: 00:00:00:00:00:00:00:00:00:00:255:255:10:01:00:01
---------------------------------------------------------------------------------------
 #bytes     #iterations    BW peak[Gb/sec]    BW average[Gb/sec]   MsgRate[Mpps]
 65536      899097           0.00               10.25  		     0.019546
---------------------------------------------------------------------------------------
