 WARNING: BW peak won't be measured in this run.
---------------------------------------------------------------------------------------
                    RDMA_Read BW Test
 Dual-port       : OFF		Device         : mlx5_9
 Number of qps   : 4		Transport type : IB
 Connection type : RC		Using SRQ      : OFF
 PCIe relax order: ON		Lock-free      : OFF
 ibv_wr* API     : ON		Using Enhanced Reorder      : OFF
 TX depth        : 128
 CQ Moderation   : 1
 CQE Poll Batch  : Dynamic
 Mtu             : 1024[B]
 Link type       : Ethernet
 GID index       : 3
 Outstand reads  : 16
 rdma_cm QPs	 : OFF
 Data ex. method : Ethernet
---------------------------------------------------------------------------------------
 local address: LID 0000 QPN 0x017b PSN 0x173e0 OUT 0x10 RKey 0x00cf00 VAddr 0x007f1bd0f5e000
 GID: 00:00:00:00:00:00:00:00:00:00:255:255:10:01:03:02
 local address: LID 0000 QPN 0x017c PSN 0x1004a OUT 0x10 RKey 0x00cf00 VAddr 0x007f1bd0f6e000
 GID: 00:00:00:00:00:00:00:00:00:00:255:255:10:01:03:02
 local address: LID 0000 QPN 0x017d PSN 0x591ccc OUT 0x10 RKey 0x00cf00 VAddr 0x007f1bd0f7e000
 GID: 00:00:00:00:00:00:00:00:00:00:255:255:10:01:03:02
 local address: LID 0000 QPN 0x017e PSN 0x72a2b OUT 0x10 RKey 0x00cf00 VAddr 0x007f1bd0f8e000
 GID: 00:00:00:00:00:00:00:00:00:00:255:255:10:01:03:02
 remote address: LID 0000 QPN 0x010a PSN 0x9e58cc OUT 0x10 RKey 0x00c400 VAddr 0x007f68f48e6000
 GID: 00:00:00:00:00:00:00:00:00:00:255:255:10:01:03:01
 remote address: LID 0000 QPN 0x010b PSN 0xa80c6 OUT 0x10 RKey 0x00c400 VAddr 0x007f68f48f6000
 GID: 00:00:00:00:00:00:00:00:00:00:255:255:10:01:03:01
 remote address: LID 0000 QPN 0x010c PSN 0x243998 OUT 0x10 RKey 0x00c400 VAddr 0x007f68f4906000
 GID: 00:00:00:00:00:00:00:00:00:00:255:255:10:01:03:01
 remote address: LID 0000 QPN 0x010d PSN 0x71b507 OUT 0x10 RKey 0x00c400 VAddr 0x007f68f4916000
 GID: 00:00:00:00:00:00:00:00:00:00:255:255:10:01:03:01
---------------------------------------------------------------------------------------
 #bytes     #iterations    BW peak[Gb/sec]    BW average[Gb/sec]   MsgRate[Mpps]
 65536      925981           0.00               10.55  		     0.020130
---------------------------------------------------------------------------------------
