 WARNING: BW peak won't be measured in this run.

************************************
* Waiting for client to connect... *
************************************
---------------------------------------------------------------------------------------
                    RDMA_Read BW Test
 Dual-port       : OFF		Device         : mlx5_6
 Number of qps   : 4		Transport type : IB
 Connection type : RC		Using SRQ      : OFF
 PCIe relax order: ON		Lock-free      : OFF
 ibv_wr* API     : ON		Using Enhanced Reorder      : OFF
 CQ Moderation   : 1
 CQE Poll Batch  : Dynamic
 Mtu             : 1024[B]
 Link type       : Ethernet
 GID index       : 3
 Outstand reads  : 16
 rdma_cm QPs	 : OFF
 Data ex. method : Ethernet
---------------------------------------------------------------------------------------
 local address: LID 0000 QPN 0x022a PSN 0xf76e12 OUT 0x10 RKey 0x054400 VAddr 0x007f805db61000
 GID: 00:00:00:00:00:00:00:00:00:00:255:255:10:01:00:01
 local address: LID 0000 QPN 0x022b PSN 0x9d7394 OUT 0x10 RKey 0x054400 VAddr 0x007f805db71000
 GID: 00:00:00:00:00:00:00:00:00:00:255:255:10:01:00:01
 local address: LID 0000 QPN 0x022c PSN 0xc2af4e OUT 0x10 RKey 0x054400 VAddr 0x007f805db81000
 GID: 00:00:00:00:00:00:00:00:00:00:255:255:10:01:00:01
 local address: LID 0000 QPN 0x022d PSN 0x735785 OUT 0x10 RKey 0x054400 VAddr 0x007f805db91000
 GID: 00:00:00:00:00:00:00:00:00:00:255:255:10:01:00:01
 remote address: LID 0000 QPN 0x02ad PSN 0x5a8926 OUT 0x10 RKey 0x054f00 VAddr 0x007fab17ddd000
 GID: 00:00:00:00:00:00:00:00:00:00:255:255:10:01:00:02
 remote address: LID 0000 QPN 0x02ae PSN 0x93f318 OUT 0x10 RKey 0x054f00 VAddr 0x007fab17ded000
 GID: 00:00:00:00:00:00:00:00:00:00:255:255:10:01:00:02
 remote address: LID 0000 QPN 0x02af PSN 0xf79282 OUT 0x10 RKey 0x054f00 VAddr 0x007fab17dfd000
 GID: 00:00:00:00:00:00:00:00:00:00:255:255:10:01:00:02
 remote address: LID 0000 QPN 0x02b0 PSN 0x8cca9 OUT 0x10 RKey 0x054f00 VAddr 0x007fab17e0d000
 GID: 00:00:00:00:00:00:00:00:00:00:255:255:10:01:00:02
---------------------------------------------------------------------------------------
 #bytes     #iterations    BW peak[Gb/sec]    BW average[Gb/sec]   MsgRate[Mpps]
 65536      926014           0.00               10.55  		     0.020130
---------------------------------------------------------------------------------------
