 WARNING: BW peak won't be measured in this run.
---------------------------------------------------------------------------------------
                    RDMA_Read BW Test
 Dual-port       : OFF		Device         : mlx5_8
 Number of qps   : 4		Transport type : IB
 Connection type : RC		Using SRQ      : OFF
 PCIe relax order: ON		Lock-free      : OFF
 ibv_wr* API     : ON		Using Enhanced Reorder      : OFF
 TX depth        : 128
 CQ Moderation   : 1
 CQE Poll Batch  : Dynamic
 Mtu             : 1024[B]
 Link type       : Ethernet
 GID index       : 3
 Outstand reads  : 16
 rdma_cm QPs	 : OFF
 Data ex. method : Ethernet
---------------------------------------------------------------------------------------
 local address: LID 0000 QPN 0x031e PSN 0x1f25a2 OUT 0x10 RKey 0x074f00 VAddr 0x007f91207e5000
 GID: 00:00:00:00:00:00:00:00:00:00:255:255:10:01:02:02
 local address: LID 0000 QPN 0x031f PSN 0x31fbe4 OUT 0x10 RKey 0x074f00 VAddr 0x007f91207f5000
 GID: 00:00:00:00:00:00:00:00:00:00:255:255:10:01:02:02
 local address: LID 0000 QPN 0x0320 PSN 0x38995e OUT 0x10 RKey 0x074f00 VAddr 0x007f9120805000
 GID: 00:00:00:00:00:00:00:00:00:00:255:255:10:01:02:02
 local address: LID 0000 QPN 0x0321 PSN 0xb26055 OUT 0x10 RKey 0x074f00 VAddr 0x007f9120815000
 GID: 00:00:00:00:00:00:00:00:00:00:255:255:10:01:02:02
 remote address: LID 0000 QPN 0x02aa PSN 0xbc0a8e OUT 0x10 RKey 0x074400 VAddr 0x007f6612793000
 GID: 00:00:00:00:00:00:00:00:00:00:255:255:10:01:02:01
 remote address: LID 0000 QPN 0x02ab PSN 0x3b7c60 OUT 0x10 RKey 0x074400 VAddr 0x007f66127a3000
 GID: 00:00:00:00:00:00:00:00:00:00:255:255:10:01:02:01
 remote address: LID 0000 QPN 0x02ac PSN 0x3b62a OUT 0x10 RKey 0x074400 VAddr 0x007f66127b3000
 GID: 00:00:00:00:00:00:00:00:00:00:255:255:10:01:02:01
 remote address: LID 0000 QPN 0x02ad PSN 0x1ceb31 OUT 0x10 RKey 0x074400 VAddr 0x007f66127c3000
 GID: 00:00:00:00:00:00:00:00:00:00:255:255:10:01:02:01
---------------------------------------------------------------------------------------
 #bytes     #iterations    BW peak[Gb/sec]    BW average[Gb/sec]   MsgRate[Mpps]
 65536      925987           0.00               10.55  		     0.020130
---------------------------------------------------------------------------------------
