 WARNING: BW peak won't be measured in this run.
---------------------------------------------------------------------------------------
                    RDMA_Read BW Test
 Dual-port       : OFF		Device         : mlx5_9
 Number of qps   : 4		Transport type : IB
 Connection type : RC		Using SRQ      : OFF
 PCIe relax order: ON		Lock-free      : OFF
 ibv_wr* API     : ON		Using Enhanced Reorder      : OFF
 TX depth        : 128
 CQ Moderation   : 1
 CQE Poll Batch  : Dynamic
 Mtu             : 1024[B]
 Link type       : Ethernet
 GID index       : 3
 Outstand reads  : 16
 rdma_cm QPs	 : OFF
 Data ex. method : Ethernet
---------------------------------------------------------------------------------------
 local address: LID 0000 QPN 0x01aa PSN 0x886faf OUT 0x10 RKey 0x00cf00 VAddr 0x007ff351abe000
 GID: 00:00:00:00:00:00:00:00:00:00:255:255:10:01:03:02
 local address: LID 0000 QPN 0x01ab PSN 0x8a316d OUT 0x10 RKey 0x00cf00 VAddr 0x007ff351ace000
 GID: 00:00:00:00:00:00:00:00:00:00:255:255:10:01:03:02
 local address: LID 0000 QPN 0x01ac PSN 0x2c7ab3 OUT 0x10 RKey 0x00cf00 VAddr 0x007ff351ade000
 GID: 00:00:00:00:00:00:00:00:00:00:255:255:10:01:03:02
 local address: LID 0000 QPN 0x01ad PSN 0x57af86 OUT 0x10 RKey 0x00cf00 VAddr 0x007ff351aee000
 GID: 00:00:00:00:00:00:00:00:00:00:255:255:10:01:03:02
 remote address: LID 0000 QPN 0x0139 PSN 0x634f9e OUT 0x10 RKey 0x00c400 VAddr 0x007f425bb4e000
 GID: 00:00:00:00:00:00:00:00:00:00:255:255:10:01:03:01
 remote address: LID 0000 QPN 0x013a PSN 0x404430 OUT 0x10 RKey 0x00c400 VAddr 0x007f425bb5e000
 GID: 00:00:00:00:00:00:00:00:00:00:255:255:10:01:03:01
 remote address: LID 0000 QPN 0x013b PSN 0x51a9ba OUT 0x10 RKey 0x00c400 VAddr 0x007f425bb6e000
 GID: 00:00:00:00:00:00:00:00:00:00:255:255:10:01:03:01
 remote address: LID 0000 QPN 0x013c PSN 0xe0ff81 OUT 0x10 RKey 0x00c400 VAddr 0x007f425bb7e000
 GID: 00:00:00:00:00:00:00:00:00:00:255:255:10:01:03:01
---------------------------------------------------------------------------------------
 #bytes     #iterations    BW peak[Gb/sec]    BW average[Gb/sec]   MsgRate[Mpps]
 65536      926172           0.00               10.56  		     0.020134
---------------------------------------------------------------------------------------
