 WARNING: BW peak won't be measured in this run.

************************************
* Waiting for client to connect... *
************************************
---------------------------------------------------------------------------------------
                    RDMA_Read BW Test
 Dual-port       : OFF		Device         : mlx5_6
 Number of qps   : 4		Transport type : IB
 Connection type : RC		Using SRQ      : OFF
 PCIe relax order: ON		Lock-free      : OFF
 ibv_wr* API     : ON		Using Enhanced Reorder      : OFF
 CQ Moderation   : 1
 CQE Poll Batch  : Dynamic
 Mtu             : 1024[B]
 Link type       : Ethernet
 GID index       : 3
 Outstand reads  : 16
 rdma_cm QPs	 : OFF
 Data ex. method : Ethernet
---------------------------------------------------------------------------------------
 local address: LID 0000 QPN 0x0259 PSN 0xd54171 OUT 0x10 RKey 0x054400 VAddr 0x007f5aaefd2000
 GID: 00:00:00:00:00:00:00:00:00:00:255:255:10:01:00:01
 local address: LID 0000 QPN 0x025a PSN 0x8bcd07 OUT 0x10 RKey 0x054400 VAddr 0x007f5aaefe2000
 GID: 00:00:00:00:00:00:00:00:00:00:255:255:10:01:00:01
 local address: LID 0000 QPN 0x025b PSN 0xa01745 OUT 0x10 RKey 0x054400 VAddr 0x007f5aaeff2000
 GID: 00:00:00:00:00:00:00:00:00:00:255:255:10:01:00:01
 local address: LID 0000 QPN 0x025c PSN 0xd485b0 OUT 0x10 RKey 0x054400 VAddr 0x007f5aaf002000
 GID: 00:00:00:00:00:00:00:00:00:00:255:255:10:01:00:01
 remote address: LID 0000 QPN 0x02e6 PSN 0xfa6182 OUT 0x10 RKey 0x054f00 VAddr 0x007f3fd6b14000
 GID: 00:00:00:00:00:00:00:00:00:00:255:255:10:01:00:02
 remote address: LID 0000 QPN 0x02e7 PSN 0xd5ba44 OUT 0x10 RKey 0x054f00 VAddr 0x007f3fd6b24000
 GID: 00:00:00:00:00:00:00:00:00:00:255:255:10:01:00:02
 remote address: LID 0000 QPN 0x02e8 PSN 0x7ae83e OUT 0x10 RKey 0x054f00 VAddr 0x007f3fd6b34000
 GID: 00:00:00:00:00:00:00:00:00:00:255:255:10:01:00:02
 remote address: LID 0000 QPN 0x02e9 PSN 0x4b35b5 OUT 0x10 RKey 0x054f00 VAddr 0x007f3fd6b44000
 GID: 00:00:00:00:00:00:00:00:00:00:255:255:10:01:00:02
---------------------------------------------------------------------------------------
 #bytes     #iterations    BW peak[Gb/sec]    BW average[Gb/sec]   MsgRate[Mpps]
 65536      926162           0.00               10.56  		     0.020134
---------------------------------------------------------------------------------------
