 WARNING: BW peak won't be measured in this run.

************************************
* Waiting for client to connect... *
************************************
---------------------------------------------------------------------------------------
                    RDMA_Read BW Test
 Dual-port       : OFF		Device         : mlx5_7
 Number of qps   : 4		Transport type : IB
 Connection type : RC		Using SRQ      : OFF
 PCIe relax order: ON		Lock-free      : OFF
 ibv_wr* API     : ON		Using Enhanced Reorder      : OFF
 CQ Moderation   : 1
 CQE Poll Batch  : Dynamic
 Mtu             : 1024[B]
 Link type       : Ethernet
 GID index       : 3
 Outstand reads  : 16
 rdma_cm QPs	 : OFF
 Data ex. method : Ethernet
---------------------------------------------------------------------------------------
 local address: LID 0000 QPN 0x01d9 PSN 0x49b80 OUT 0x10 RKey 0x034400 VAddr 0x007f78dcb5b000
 GID: 00:00:00:00:00:00:00:00:00:00:255:255:10:01:01:01
 local address: LID 0000 QPN 0x01da PSN 0x729f6a OUT 0x10 RKey 0x034400 VAddr 0x007f78dcb6b000
 GID: 00:00:00:00:00:00:00:00:00:00:255:255:10:01:01:01
 local address: LID 0000 QPN 0x01db PSN 0x309d6c OUT 0x10 RKey 0x034400 VAddr 0x007f78dcb7b000
 GID: 00:00:00:00:00:00:00:00:00:00:255:255:10:01:01:01
 local address: LID 0000 QPN 0x01dc PSN 0xd8ae4b OUT 0x10 RKey 0x034400 VAddr 0x007f78dcb8b000
 GID: 00:00:00:00:00:00:00:00:00:00:255:255:10:01:01:01
 remote address: LID 0000 QPN 0x024a PSN 0x29bb91 OUT 0x10 RKey 0x034f00 VAddr 0x007f3a9c661000
 GID: 00:00:00:00:00:00:00:00:00:00:255:255:10:01:01:02
 remote address: LID 0000 QPN 0x024b PSN 0xbc8ca7 OUT 0x10 RKey 0x034f00 VAddr 0x007f3a9c671000
 GID: 00:00:00:00:00:00:00:00:00:00:255:255:10:01:01:02
 remote address: LID 0000 QPN 0x024c PSN 0xb6e65 OUT 0x10 RKey 0x034f00 VAddr 0x007f3a9c681000
 GID: 00:00:00:00:00:00:00:00:00:00:255:255:10:01:01:02
 remote address: LID 0000 QPN 0x024d PSN 0x4f5e50 OUT 0x10 RKey 0x034f00 VAddr 0x007f3a9c691000
 GID: 00:00:00:00:00:00:00:00:00:00:255:255:10:01:01:02
---------------------------------------------------------------------------------------
 #bytes     #iterations    BW peak[Gb/sec]    BW average[Gb/sec]   MsgRate[Mpps]
 65536      926179           0.00               10.56  		     0.020135
---------------------------------------------------------------------------------------
