 WARNING: BW peak won't be measured in this run.
---------------------------------------------------------------------------------------
                    RDMA_Write BW Test
 Dual-port       : OFF		Device         : mlx5_9
 Number of qps   : 4		Transport type : IB
 Connection type : RC		Using SRQ      : OFF
 PCIe relax order: ON		Lock-free      : OFF
 ibv_wr* API     : ON		Using Enhanced Reorder      : OFF
 TX depth        : 128
 CQ Moderation   : 1
 CQE Poll Batch  : Dynamic
 Mtu             : 1024[B]
 Link type       : Ethernet
 GID index       : 3
 Max inline data : 0[B]
 rdma_cm QPs	 : OFF
 Data ex. method : Ethernet
---------------------------------------------------------------------------------------
 local address: LID 0000 QPN 0x012f PSN 0x654132 RKey 0x00c400 VAddr 0x007f4a48c4e000
 GID: 00:00:00:00:00:00:00:00:00:00:255:255:10:01:03:01
 local address: LID 0000 QPN 0x0130 PSN 0x8f1834 RKey 0x00c400 VAddr 0x007f4a48c5e000
 GID: 00:00:00:00:00:00:00:00:00:00:255:255:10:01:03:01
 local address: LID 0000 QPN 0x0131 PSN 0xd876e RKey 0x00c400 VAddr 0x007f4a48c6e000
 GID: 00:00:00:00:00:00:00:00:00:00:255:255:10:01:03:01
 local address: LID 0000 QPN 0x0132 PSN 0xfe1d25 RKey 0x00c400 VAddr 0x007f4a48c7e000
 GID: 00:00:00:00:00:00:00:00:00:00:255:255:10:01:03:01
 remote address: LID 0000 QPN 0x01a0 PSN 0x48df86 RKey 0x00cf00 VAddr 0x007f74c792a000
 GID: 00:00:00:00:00:00:00:00:00:00:255:255:10:01:03:02
 remote address: LID 0000 QPN 0x01a1 PSN 0x28f9f8 RKey 0x00cf00 VAddr 0x007f74c793a000
 GID: 00:00:00:00:00:00:00:00:00:00:255:255:10:01:03:02
 remote address: LID 0000 QPN 0x01a2 PSN 0x18bfe2 RKey 0x00cf00 VAddr 0x007f74c794a000
 GID: 00:00:00:00:00:00:00:00:00:00:255:255:10:01:03:02
 remote address: LID 0000 QPN 0x01a3 PSN 0x6d5e89 RKey 0x00cf00 VAddr 0x007f74c795a000
 GID: 00:00:00:00:00:00:00:00:00:00:255:255:10:01:03:02
---------------------------------------------------------------------------------------
 #bytes     #iterations    BW peak[Gb/sec]    BW average[Gb/sec]   MsgRate[Mpps]
 65536      913762           0.00               10.41  		     0.019864
---------------------------------------------------------------------------------------
