 WARNING: BW peak won't be measured in this run.

************************************
* Waiting for client to connect... *
************************************
---------------------------------------------------------------------------------------
                    RDMA_Write BW Test
 Dual-port       : OFF		Device         : mlx5_6
 Number of qps   : 4		Transport type : IB
 Connection type : RC		Using SRQ      : OFF
 PCIe relax order: ON		Lock-free      : OFF
 ibv_wr* API     : ON		Using Enhanced Reorder      : OFF
 CQ Moderation   : 1
 CQE Poll Batch  : Dynamic
 Mtu             : 1024[B]
 Link type       : Ethernet
 GID index       : 3
 Max inline data : 0[B]
 rdma_cm QPs	 : OFF
 Data ex. method : Ethernet
---------------------------------------------------------------------------------------
 local address: LID 0000 QPN 0x031f PSN 0xabd2bd RKey 0x054f00 VAddr 0x007fa7b74d3000
 GID: 00:00:00:00:00:00:00:00:00:00:255:255:10:01:00:02
 local address: LID 0000 QPN 0x0320 PSN 0x81f263 RKey 0x054f00 VAddr 0x007fa7b74e3000
 GID: 00:00:00:00:00:00:00:00:00:00:255:255:10:01:00:02
 local address: LID 0000 QPN 0x0321 PSN 0xcea771 RKey 0x054f00 VAddr 0x007fa7b74f3000
 GID: 00:00:00:00:00:00:00:00:00:00:255:255:10:01:00:02
 local address: LID 0000 QPN 0x0322 PSN 0xbf706c RKey 0x054f00 VAddr 0x007fa7b7503000
 GID: 00:00:00:00:00:00:00:00:00:00:255:255:10:01:00:02
 remote address: LID 0000 QPN 0x0292 PSN 0xf94cb5 RKey 0x054400 VAddr 0x007fb583628000
 GID: 00:00:00:00:00:00:00:00:00:00:255:255:10:01:00:01
 remote address: LID 0000 QPN 0x0293 PSN 0xb3b0fb RKey 0x054400 VAddr 0x007fb583638000
 GID: 00:00:00:00:00:00:00:00:00:00:255:255:10:01:00:01
 remote address: LID 0000 QPN 0x0294 PSN 0x595e29 RKey 0x054400 VAddr 0x007fb583648000
 GID: 00:00:00:00:00:00:00:00:00:00:255:255:10:01:00:01
 remote address: LID 0000 QPN 0x0295 PSN 0x988cc4 RKey 0x054400 VAddr 0x007fb583658000
 GID: 00:00:00:00:00:00:00:00:00:00:255:255:10:01:00:01
---------------------------------------------------------------------------------------
 #bytes     #iterations    BW peak[Gb/sec]    BW average[Gb/sec]   MsgRate[Mpps]
 65536      914917           0.00               10.43  		     0.019889
---------------------------------------------------------------------------------------
