 WARNING: BW peak won't be measured in this run.
---------------------------------------------------------------------------------------
                    RDMA_Write BW Test
 Dual-port       : OFF		Device         : mlx5_6
 Number of qps   : 4		Transport type : IB
 Connection type : RC		Using SRQ      : OFF
 PCIe relax order: ON		Lock-free      : OFF
 ibv_wr* API     : ON		Using Enhanced Reorder      : OFF
 TX depth        : 128
 CQ Moderation   : 1
 CQE Poll Batch  : Dynamic
 Mtu             : 1024[B]
 Link type       : Ethernet
 GID index       : 3
 Max inline data : 0[B]
 rdma_cm QPs	 : OFF
 Data ex. method : Ethernet
---------------------------------------------------------------------------------------
 local address: LID 0000 QPN 0x0286 PSN 0xd2d8b8 RKey 0x054400 VAddr 0x007f86b36b2000
 GID: 00:00:00:00:00:00:00:00:00:00:255:255:10:01:00:01
 local address: LID 0000 QPN 0x0287 PSN 0xe30042 RKey 0x054400 VAddr 0x007f86b36c2000
 GID: 00:00:00:00:00:00:00:00:00:00:255:255:10:01:00:01
 local address: LID 0000 QPN 0x0288 PSN 0x2be964 RKey 0x054400 VAddr 0x007f86b36d2000
 GID: 00:00:00:00:00:00:00:00:00:00:255:255:10:01:00:01
 local address: LID 0000 QPN 0x0289 PSN 0xb8d6e3 RKey 0x054400 VAddr 0x007f86b36e2000
 GID: 00:00:00:00:00:00:00:00:00:00:255:255:10:01:00:01
 remote address: LID 0000 QPN 0x0313 PSN 0xc0a988 RKey 0x054f00 VAddr 0x007f8bad783000
 GID: 00:00:00:00:00:00:00:00:00:00:255:255:10:01:00:02
 remote address: LID 0000 QPN 0x0314 PSN 0x7fc8d2 RKey 0x054f00 VAddr 0x007f8bad793000
 GID: 00:00:00:00:00:00:00:00:00:00:255:255:10:01:00:02
 remote address: LID 0000 QPN 0x0315 PSN 0xdeaeb4 RKey 0x054f00 VAddr 0x007f8bad7a3000
 GID: 00:00:00:00:00:00:00:00:00:00:255:255:10:01:00:02
 remote address: LID 0000 QPN 0x0316 PSN 0xdcb9f3 RKey 0x054f00 VAddr 0x007f8bad7b3000
 GID: 00:00:00:00:00:00:00:00:00:00:255:255:10:01:00:02
---------------------------------------------------------------------------------------
 #bytes     #iterations    BW peak[Gb/sec]    BW average[Gb/sec]   MsgRate[Mpps]
 65536      914146           0.00               10.42  		     0.019873
---------------------------------------------------------------------------------------
