 WARNING: BW peak won't be measured in this run.

************************************
* Waiting for client to connect... *
************************************
---------------------------------------------------------------------------------------
                    RDMA_Write BW Test
 Dual-port       : OFF		Device         : mlx5_8
 Number of qps   : 4		Transport type : IB
 Connection type : RC		Using SRQ      : OFF
 PCIe relax order: ON		Lock-free      : OFF
 ibv_wr* API     : ON		Using Enhanced Reorder      : OFF
 CQ Moderation   : 1
 CQE Poll Batch  : Dynamic
 Mtu             : 1024[B]
 Link type       : Ethernet
 GID index       : 3
 Max inline data : 0[B]
 rdma_cm QPs	 : OFF
 Data ex. method : Ethernet
---------------------------------------------------------------------------------------
 local address: LID 0000 QPN 0x0379 PSN 0x929a6e RKey 0x074f00 VAddr 0x007ffa71342000
 GID: 00:00:00:00:00:00:00:00:00:00:255:255:10:01:02:02
 local address: LID 0000 QPN 0x037a PSN 0x59fec0 RKey 0x074f00 VAddr 0x007ffa71352000
 GID: 00:00:00:00:00:00:00:00:00:00:255:255:10:01:02:02
 local address: LID 0000 QPN 0x037b PSN 0xa3790a RKey 0x074f00 VAddr 0x007ffa71362000
 GID: 00:00:00:00:00:00:00:00:00:00:255:255:10:01:02:02
 local address: LID 0000 QPN 0x037c PSN 0xb82491 RKey 0x074f00 VAddr 0x007ffa71372000
 GID: 00:00:00:00:00:00:00:00:00:00:255:255:10:01:02:02
 remote address: LID 0000 QPN 0x0305 PSN 0xb7577e RKey 0x074400 VAddr 0x007f24dd971000
 GID: 00:00:00:00:00:00:00:00:00:00:255:255:10:01:02:01
 remote address: LID 0000 QPN 0x0306 PSN 0x9ade90 RKey 0x074400 VAddr 0x007f24dd981000
 GID: 00:00:00:00:00:00:00:00:00:00:255:255:10:01:02:01
 remote address: LID 0000 QPN 0x0307 PSN 0x17a49a RKey 0x074400 VAddr 0x007f24dd991000
 GID: 00:00:00:00:00:00:00:00:00:00:255:255:10:01:02:01
 remote address: LID 0000 QPN 0x0308 PSN 0x1210e1 RKey 0x074400 VAddr 0x007f24dd9a1000
 GID: 00:00:00:00:00:00:00:00:00:00:255:255:10:01:02:01
---------------------------------------------------------------------------------------
 #bytes     #iterations    BW peak[Gb/sec]    BW average[Gb/sec]   MsgRate[Mpps]
 65536      914820           0.00               10.43  		     0.019887
---------------------------------------------------------------------------------------
