 WARNING: BW peak won't be measured in this run.

************************************
* Waiting for client to connect... *
************************************
---------------------------------------------------------------------------------------
                    RDMA_Write BW Test
 Dual-port       : OFF		Device         : mlx5_8
 Number of qps   : 4		Transport type : IB
 Connection type : RC		Using SRQ      : OFF
 PCIe relax order: ON		Lock-free      : OFF
 ibv_wr* API     : ON		Using Enhanced Reorder      : OFF
 CQ Moderation   : 1
 CQE Poll Batch  : Dynamic
 Mtu             : 1024[B]
 Link type       : Ethernet
 GID index       : 3
 Max inline data : 0[B]
 rdma_cm QPs	 : OFF
 Data ex. method : Ethernet
---------------------------------------------------------------------------------------
 local address: LID 0000 QPN 0x0351 PSN 0x23a62e RKey 0x074f00 VAddr 0x007fbed9f3f000
 GID: 00:00:00:00:00:00:00:00:00:00:255:255:10:01:02:02
 local address: LID 0000 QPN 0x0352 PSN 0xaa7f80 RKey 0x074f00 VAddr 0x007fbed9f4f000
 GID: 00:00:00:00:00:00:00:00:00:00:255:255:10:01:02:02
 local address: LID 0000 QPN 0x0353 PSN 0x96caca RKey 0x074f00 VAddr 0x007fbed9f5f000
 GID: 00:00:00:00:00:00:00:00:00:00:255:255:10:01:02:02
 local address: LID 0000 QPN 0x0354 PSN 0xc47351 RKey 0x074f00 VAddr 0x007fbed9f6f000
 GID: 00:00:00:00:00:00:00:00:00:00:255:255:10:01:02:02
 remote address: LID 0000 QPN 0x02dd PSN 0xda5f94 RKey 0x074400 VAddr 0x007fed3b7b6000
 GID: 00:00:00:00:00:00:00:00:00:00:255:255:10:01:02:01
 remote address: LID 0000 QPN 0x02de PSN 0x1113ee RKey 0x074400 VAddr 0x007fed3b7c6000
 GID: 00:00:00:00:00:00:00:00:00:00:255:255:10:01:02:01
 remote address: LID 0000 QPN 0x02df PSN 0x6d1a0 RKey 0x074400 VAddr 0x007fed3b7d6000
 GID: 00:00:00:00:00:00:00:00:00:00:255:255:10:01:02:01
 remote address: LID 0000 QPN 0x02e0 PSN 0xe3a06f RKey 0x074400 VAddr 0x007fed3b7e6000
 GID: 00:00:00:00:00:00:00:00:00:00:255:255:10:01:02:01
---------------------------------------------------------------------------------------
 #bytes     #iterations    BW peak[Gb/sec]    BW average[Gb/sec]   MsgRate[Mpps]
 65536      915105           0.00               10.43  		     0.019893
---------------------------------------------------------------------------------------
