 WARNING: BW peak won't be measured in this run.

************************************
* Waiting for client to connect... *
************************************
---------------------------------------------------------------------------------------
                    RDMA_Write BW Test
 Dual-port       : OFF		Device         : mlx5_9
 Number of qps   : 4		Transport type : IB
 Connection type : RC		Using SRQ      : OFF
 PCIe relax order: ON		Lock-free      : OFF
 ibv_wr* API     : ON		Using Enhanced Reorder      : OFF
 CQ Moderation   : 1
 CQE Poll Batch  : Dynamic
 Mtu             : 1024[B]
 Link type       : Ethernet
 GID index       : 3
 Max inline data : 0[B]
 rdma_cm QPs	 : OFF
 Data ex. method : Ethernet
---------------------------------------------------------------------------------------
 local address: LID 0000 QPN 0x01ae PSN 0x2d6a25 RKey 0x00cf00 VAddr 0x007f01b6557000
 GID: 00:00:00:00:00:00:00:00:00:00:255:255:10:01:03:02
 local address: LID 0000 QPN 0x01af PSN 0x96d9ab RKey 0x00cf00 VAddr 0x007f01b6567000
 GID: 00:00:00:00:00:00:00:00:00:00:255:255:10:01:03:02
 local address: LID 0000 QPN 0x01b0 PSN 0xdfd119 RKey 0x00cf00 VAddr 0x007f01b6577000
 GID: 00:00:00:00:00:00:00:00:00:00:255:255:10:01:03:02
 local address: LID 0000 QPN 0x01b1 PSN 0x5b1cf4 RKey 0x00cf00 VAddr 0x007f01b6587000
 GID: 00:00:00:00:00:00:00:00:00:00:255:255:10:01:03:02
 remote address: LID 0000 QPN 0x013d PSN 0xe4238b RKey 0x00c400 VAddr 0x007fddee1f2000
 GID: 00:00:00:00:00:00:00:00:00:00:255:255:10:01:03:01
 remote address: LID 0000 QPN 0x013e PSN 0xfd6e19 RKey 0x00c400 VAddr 0x007fddee202000
 GID: 00:00:00:00:00:00:00:00:00:00:255:255:10:01:03:01
 remote address: LID 0000 QPN 0x013f PSN 0x4fd7ef RKey 0x00c400 VAddr 0x007fddee212000
 GID: 00:00:00:00:00:00:00:00:00:00:255:255:10:01:03:01
 remote address: LID 0000 QPN 0x0140 PSN 0x7a4a12 RKey 0x00c400 VAddr 0x007fddee222000
 GID: 00:00:00:00:00:00:00:00:00:00:255:255:10:01:03:01
---------------------------------------------------------------------------------------
 #bytes     #iterations    BW peak[Gb/sec]    BW average[Gb/sec]   MsgRate[Mpps]
 65536      915269           0.00               10.43  		     0.019897
---------------------------------------------------------------------------------------
