 WARNING: BW peak won't be measured in this run.

************************************
* Waiting for client to connect... *
************************************
---------------------------------------------------------------------------------------
                    Send BW Test
 Dual-port       : OFF		Device         : mlx5_7
 Number of qps   : 4		Transport type : IB
 Connection type : RC		Using SRQ      : OFF
 PCIe relax order: ON		Lock-free      : OFF
 ibv_wr* API     : ON		Using Enhanced Reorder      : OFF
 RX depth        : 512
 CQ Moderation   : 1
 CQE Poll Batch  : Dynamic
 Mtu             : 1024[B]
 Link type       : Ethernet
 GID index       : 3
 Max inline data : 0[B]
 rdma_cm QPs	 : OFF
 Data ex. method : Ethernet
---------------------------------------------------------------------------------------
 local address: LID 0000 QPN 0x026e PSN 0x565ec2
 GID: 00:00:00:00:00:00:00:00:00:00:255:255:10:01:01:02
 local address: LID 0000 QPN 0x026f PSN 0x880e84
 GID: 00:00:00:00:00:00:00:00:00:00:255:255:10:01:01:02
 local address: LID 0000 QPN 0x0270 PSN 0x1a477e
 GID: 00:00:00:00:00:00:00:00:00:00:255:255:10:01:01:02
 local address: LID 0000 QPN 0x0271 PSN 0xba43f5
 GID: 00:00:00:00:00:00:00:00:00:00:255:255:10:01:01:02
 remote address: LID 0000 QPN 0x01fd PSN 0xf272a5
 GID: 00:00:00:00:00:00:00:00:00:00:255:255:10:01:01:01
 remote address: LID 0000 QPN 0x01fe PSN 0x1e782b
 GID: 00:00:00:00:00:00:00:00:00:00:255:255:10:01:01:01
 remote address: LID 0000 QPN 0x01ff PSN 0x54d99
 GID: 00:00:00:00:00:00:00:00:00:00:255:255:10:01:01:01
 remote address: LID 0000 QPN 0x0200 PSN 0x2c1f74
 GID: 00:00:00:00:00:00:00:00:00:00:255:255:10:01:01:01
---------------------------------------------------------------------------------------
 #bytes     #iterations    BW peak[Gb/sec]    BW average[Gb/sec]   MsgRate[Mpps]
 65536      925383           0.00               10.55  		     0.020117
---------------------------------------------------------------------------------------
