 WARNING: BW peak won't be measured in this run.

************************************
* Waiting for client to connect... *
************************************
---------------------------------------------------------------------------------------
                    RDMA_Write BW Test
 Dual-port       : OFF		Device         : mlx5_8
 Number of qps   : 4		Transport type : IB
 Connection type : RC		Using SRQ      : OFF
 PCIe relax order: ON		Lock-free      : OFF
 ibv_wr* API     : ON		Using Enhanced Reorder      : OFF
 CQ Moderation   : 1
 CQE Poll Batch  : Dynamic
 Mtu             : 1024[B]
 Link type       : Ethernet
 GID index       : 3
 Max inline data : 0[B]
 rdma_cm QPs	 : OFF
 Data ex. method : Ethernet
---------------------------------------------------------------------------------------
 local address: LID 0000 QPN 0x0369 PSN 0x6324d5 RKey 0x074f00 VAddr 0x007fc737a91000
 GID: 00:00:00:00:00:00:00:00:00:00:255:255:10:01:02:02
 local address: LID 0000 QPN 0x036a PSN 0xe7e9d2 RKey 0x074f00 VAddr 0x007fc737aa1000
 GID: 00:00:00:00:00:00:00:00:00:00:255:255:10:01:02:02
 local address: LID 0000 QPN 0x036b PSN 0x64487e RKey 0x074f00 VAddr 0x007fc737ab1000
 GID: 00:00:00:00:00:00:00:00:00:00:255:255:10:01:02:02
 local address: LID 0000 QPN 0x036c PSN 0xac3dbe RKey 0x074f00 VAddr 0x007fc737ac1000
 GID: 00:00:00:00:00:00:00:00:00:00:255:255:10:01:02:02
 remote address: LID 0000 QPN 0x02f5 PSN 0x21095d RKey 0x074400 VAddr 0x007f2477506000
 GID: 00:00:00:00:00:00:00:00:00:00:255:255:10:01:02:01
 remote address: LID 0000 QPN 0x02f6 PSN 0xfdf483 RKey 0x074400 VAddr 0x007f2477516000
 GID: 00:00:00:00:00:00:00:00:00:00:255:255:10:01:02:01
 remote address: LID 0000 QPN 0x02f7 PSN 0x44f11 RKey 0x074400 VAddr 0x007f2477526000
 GID: 00:00:00:00:00:00:00:00:00:00:255:255:10:01:02:01
 remote address: LID 0000 QPN 0x02f8 PSN 0xb18f8c RKey 0x074400 VAddr 0x007f2477536000
 GID: 00:00:00:00:00:00:00:00:00:00:255:255:10:01:02:01
---------------------------------------------------------------------------------------
 #bytes     #iterations    BW peak[Gb/sec]    BW average[Gb/sec]   MsgRate[Mpps]
 65536      915487           0.00               10.43  		     0.019902
---------------------------------------------------------------------------------------
