 WARNING: BW peak won't be measured in this run.
---------------------------------------------------------------------------------------
                    RDMA_Read BW Test
 Dual-port       : OFF		Device         : mlx5_9
 Number of qps   : 4		Transport type : IB
 Connection type : RC		Using SRQ      : OFF
 PCIe relax order: ON		Lock-free      : OFF
 ibv_wr* API     : ON		Using Enhanced Reorder      : OFF
 TX depth        : 128
 CQ Moderation   : 1
 CQE Poll Batch  : Dynamic
 Mtu             : 1024[B]
 Link type       : Ethernet
 GID index       : 3
 Outstand reads  : 16
 rdma_cm QPs	 : OFF
 Data ex. method : Ethernet
---------------------------------------------------------------------------------------
 local address: LID 0000 QPN 0x0188 PSN 0x118d2e OUT 0x10 RKey 0x00cf00 VAddr 0x007f45f7b35000
 GID: 00:00:00:00:00:00:00:00:00:00:255:255:10:01:03:02
 local address: LID 0000 QPN 0x0189 PSN 0x7fda80 OUT 0x10 RKey 0x00cf00 VAddr 0x007f45f7b45000
 GID: 00:00:00:00:00:00:00:00:00:00:255:255:10:01:03:02
 local address: LID 0000 QPN 0x018a PSN 0x3089ca OUT 0x10 RKey 0x00cf00 VAddr 0x007f45f7b55000
 GID: 00:00:00:00:00:00:00:00:00:00:255:255:10:01:03:02
 local address: LID 0000 QPN 0x018b PSN 0xd4c651 OUT 0x10 RKey 0x00cf00 VAddr 0x007f45f7b65000
 GID: 00:00:00:00:00:00:00:00:00:00:255:255:10:01:03:02
 remote address: LID 0000 QPN 0x0117 PSN 0xbe81ae OUT 0x10 RKey 0x00c400 VAddr 0x007fd1c0112000
 GID: 00:00:00:00:00:00:00:00:00:00:255:255:10:01:03:01
 remote address: LID 0000 QPN 0x0118 PSN 0xcef500 OUT 0x10 RKey 0x00c400 VAddr 0x007fd1c0122000
 GID: 00:00:00:00:00:00:00:00:00:00:255:255:10:01:03:01
 remote address: LID 0000 QPN 0x0119 PSN 0xadd24a OUT 0x10 RKey 0x00c400 VAddr 0x007fd1c0132000
 GID: 00:00:00:00:00:00:00:00:00:00:255:255:10:01:03:01
 remote address: LID 0000 QPN 0x011a PSN 0x4fa4d1 OUT 0x10 RKey 0x00c400 VAddr 0x007fd1c0142000
 GID: 00:00:00:00:00:00:00:00:00:00:255:255:10:01:03:01
---------------------------------------------------------------------------------------
 #bytes     #iterations    BW peak[Gb/sec]    BW average[Gb/sec]   MsgRate[Mpps]
 65536      737552           0.00               8.41   		     0.016033
---------------------------------------------------------------------------------------
