 WARNING: BW peak won't be measured in this run.
---------------------------------------------------------------------------------------
                    RDMA_Read BW Test
 Dual-port       : OFF		Device         : mlx5_6
 Number of qps   : 4		Transport type : IB
 Connection type : RC		Using SRQ      : OFF
 PCIe relax order: ON		Lock-free      : OFF
 ibv_wr* API     : ON		Using Enhanced Reorder      : OFF
 TX depth        : 128
 CQ Moderation   : 1
 CQE Poll Batch  : Dynamic
 Mtu             : 1024[B]
 Link type       : Ethernet
 GID index       : 3
 Outstand reads  : 16
 rdma_cm QPs	 : OFF
 Data ex. method : Ethernet
---------------------------------------------------------------------------------------
 local address: LID 0000 QPN 0x02ba PSN 0x538c06 OUT 0x10 RKey 0x054f00 VAddr 0x007f00d6704000
 GID: 00:00:00:00:00:00:00:00:00:00:255:255:10:01:00:02
 local address: LID 0000 QPN 0x02bb PSN 0xaf6c78 OUT 0x10 RKey 0x054f00 VAddr 0x007f00d6714000
 GID: 00:00:00:00:00:00:00:00:00:00:255:255:10:01:00:02
 local address: LID 0000 QPN 0x02bc PSN 0x368062 OUT 0x10 RKey 0x054f00 VAddr 0x007f00d6724000
 GID: 00:00:00:00:00:00:00:00:00:00:255:255:10:01:00:02
 local address: LID 0000 QPN 0x02bd PSN 0xb5509 OUT 0x10 RKey 0x054f00 VAddr 0x007f00d6734000
 GID: 00:00:00:00:00:00:00:00:00:00:255:255:10:01:00:02
 remote address: LID 0000 QPN 0x0237 PSN 0x8086 OUT 0x10 RKey 0x054400 VAddr 0x007fc35a132000
 GID: 00:00:00:00:00:00:00:00:00:00:255:255:10:01:00:01
 remote address: LID 0000 QPN 0x0238 PSN 0xfe86f8 OUT 0x10 RKey 0x054400 VAddr 0x007fc35a142000
 GID: 00:00:00:00:00:00:00:00:00:00:255:255:10:01:00:01
 remote address: LID 0000 QPN 0x0239 PSN 0xb3c8e2 OUT 0x10 RKey 0x054400 VAddr 0x007fc35a152000
 GID: 00:00:00:00:00:00:00:00:00:00:255:255:10:01:00:01
 remote address: LID 0000 QPN 0x023a PSN 0x863389 OUT 0x10 RKey 0x054400 VAddr 0x007fc35a162000
 GID: 00:00:00:00:00:00:00:00:00:00:255:255:10:01:00:01
---------------------------------------------------------------------------------------
 #bytes     #iterations    BW peak[Gb/sec]    BW average[Gb/sec]   MsgRate[Mpps]
 65536      732145           0.00               8.34   		     0.015916
---------------------------------------------------------------------------------------
