 WARNING: BW peak won't be measured in this run.
---------------------------------------------------------------------------------------
                    RDMA_Read BW Test
 Dual-port       : OFF		Device         : mlx5_9
 Number of qps   : 4		Transport type : IB
 Connection type : RC		Using SRQ      : OFF
 PCIe relax order: ON		Lock-free      : OFF
 ibv_wr* API     : ON		Using Enhanced Reorder      : OFF
 TX depth        : 128
 CQ Moderation   : 1
 CQE Poll Batch  : Dynamic
 Mtu             : 1024[B]
 Link type       : Ethernet
 GID index       : 3
 Outstand reads  : 16
 rdma_cm QPs	 : OFF
 Data ex. method : Ethernet
---------------------------------------------------------------------------------------
 local address: LID 0000 QPN 0x016e PSN 0xde5cbe OUT 0x10 RKey 0x00d000 VAddr 0x007fae83d1f000
 GID: 00:00:00:00:00:00:00:00:00:00:255:255:10:01:03:02
 local address: LID 0000 QPN 0x016f PSN 0xef9ad0 OUT 0x10 RKey 0x00d000 VAddr 0x007fae83d2f000
 GID: 00:00:00:00:00:00:00:00:00:00:255:255:10:01:03:02
 local address: LID 0000 QPN 0x0170 PSN 0x4d4bda OUT 0x10 RKey 0x00d000 VAddr 0x007fae83d3f000
 GID: 00:00:00:00:00:00:00:00:00:00:255:255:10:01:03:02
 local address: LID 0000 QPN 0x0171 PSN 0x2dc721 OUT 0x10 RKey 0x00d000 VAddr 0x007fae83d4f000
 GID: 00:00:00:00:00:00:00:00:00:00:255:255:10:01:03:02
 remote address: LID 0000 QPN 0x00fd PSN 0x5ee94e OUT 0x10 RKey 0x00c505 VAddr 0x007f1fc59c2000
 GID: 00:00:00:00:00:00:00:00:00:00:255:255:10:01:03:01
 remote address: LID 0000 QPN 0x00fe PSN 0xb4d420 OUT 0x10 RKey 0x00c505 VAddr 0x007f1fc59d2000
 GID: 00:00:00:00:00:00:00:00:00:00:255:255:10:01:03:01
 remote address: LID 0000 QPN 0x00ff PSN 0x8492ea OUT 0x10 RKey 0x00c505 VAddr 0x007f1fc59e2000
 GID: 00:00:00:00:00:00:00:00:00:00:255:255:10:01:03:01
 remote address: LID 0000 QPN 0x0100 PSN 0x4f68f1 OUT 0x10 RKey 0x00c505 VAddr 0x007f1fc59f2000
 GID: 00:00:00:00:00:00:00:00:00:00:255:255:10:01:03:01
---------------------------------------------------------------------------------------
 #bytes     #iterations    BW peak[Gb/sec]    BW average[Gb/sec]   MsgRate[Mpps]
 65536      376740           0.00               4.29   		     0.008190
---------------------------------------------------------------------------------------
