 WARNING: BW peak won't be measured in this run.

************************************
* Waiting for client to connect... *
************************************
---------------------------------------------------------------------------------------
                    RDMA_Write BW Test
 Dual-port       : OFF		Device         : mlx5_7
 Number of qps   : 4		Transport type : IB
 Connection type : RC		Using SRQ      : OFF
 PCIe relax order: ON		Lock-free      : OFF
 ibv_wr* API     : ON		Using Enhanced Reorder      : OFF
 CQ Moderation   : 1
 CQE Poll Batch  : Dynamic
 Mtu             : 1024[B]
 Link type       : Ethernet
 GID index       : 3
 Max inline data : 0[B]
 rdma_cm QPs	 : OFF
 Data ex. method : Ethernet
---------------------------------------------------------------------------------------
 local address: LID 0000 QPN 0x0204 PSN 0x86208e RKey 0x034f00 VAddr 0x007fe9ed8c3000
 GID: 00:00:00:00:00:00:00:00:00:00:255:255:10:01:01:02
 local address: LID 0000 QPN 0x0205 PSN 0xada60 RKey 0x034f00 VAddr 0x007fe9ed8d3000
 GID: 00:00:00:00:00:00:00:00:00:00:255:255:10:01:01:02
 local address: LID 0000 QPN 0x0206 PSN 0xc2bc2a RKey 0x034f00 VAddr 0x007fe9ed8e3000
 GID: 00:00:00:00:00:00:00:00:00:00:255:255:10:01:01:02
 local address: LID 0000 QPN 0x0207 PSN 0xd67931 RKey 0x034f00 VAddr 0x007fe9ed8f3000
 GID: 00:00:00:00:00:00:00:00:00:00:255:255:10:01:01:02
 remote address: LID 0000 QPN 0x01b5 PSN 0xe53f9e RKey 0x034400 VAddr 0x007f0b7d8fa000
 GID: 00:00:00:00:00:00:00:00:00:00:255:255:10:01:01:01
 remote address: LID 0000 QPN 0x01b6 PSN 0x337430 RKey 0x034400 VAddr 0x007f0b7d90a000
 GID: 00:00:00:00:00:00:00:00:00:00:255:255:10:01:01:01
 remote address: LID 0000 QPN 0x01b7 PSN 0xfd19ba RKey 0x034400 VAddr 0x007f0b7d91a000
 GID: 00:00:00:00:00:00:00:00:00:00:255:255:10:01:01:01
 remote address: LID 0000 QPN 0x01b8 PSN 0x7faf81 RKey 0x034400 VAddr 0x007f0b7d92a000
 GID: 00:00:00:00:00:00:00:00:00:00:255:255:10:01:01:01
---------------------------------------------------------------------------------------
 #bytes     #iterations    BW peak[Gb/sec]    BW average[Gb/sec]   MsgRate[Mpps]
 65536      354495           0.00               4.04   		     0.007706
---------------------------------------------------------------------------------------
