 WARNING: BW peak won't be measured in this run.
---------------------------------------------------------------------------------------
                    RDMA_Read BW Test
 Dual-port       : OFF		Device         : mlx5_7
 Number of qps   : 4		Transport type : IB
 Connection type : RC		Using SRQ      : OFF
 PCIe relax order: ON		Lock-free      : OFF
 ibv_wr* API     : ON		Using Enhanced Reorder      : OFF
 TX depth        : 128
 CQ Moderation   : 1
 CQE Poll Batch  : Dynamic
 Mtu             : 1024[B]
 Link type       : Ethernet
 GID index       : 3
 Outstand reads  : 16
 rdma_cm QPs	 : OFF
 Data ex. method : Ethernet
---------------------------------------------------------------------------------------
 local address: LID 0000 QPN 0x020e PSN 0x8e30de OUT 0x10 RKey 0x034f00 VAddr 0x007f53b6ea8000
 GID: 00:00:00:00:00:00:00:00:00:00:255:255:10:01:01:02
 local address: LID 0000 QPN 0x020f PSN 0xe1ac70 OUT 0x10 RKey 0x034f00 VAddr 0x007f53b6eb8000
 GID: 00:00:00:00:00:00:00:00:00:00:255:255:10:01:01:02
 local address: LID 0000 QPN 0x0210 PSN 0xb48cfa OUT 0x10 RKey 0x034f00 VAddr 0x007f53b6ec8000
 GID: 00:00:00:00:00:00:00:00:00:00:255:255:10:01:01:02
 local address: LID 0000 QPN 0x0211 PSN 0x2741c1 OUT 0x10 RKey 0x034f00 VAddr 0x007f53b6ed8000
 GID: 00:00:00:00:00:00:00:00:00:00:255:255:10:01:01:02
 remote address: LID 0000 QPN 0x019d PSN 0xebd6e OUT 0x10 RKey 0x034405 VAddr 0x007fd3af107000
 GID: 00:00:00:00:00:00:00:00:00:00:255:255:10:01:01:01
 remote address: LID 0000 QPN 0x019e PSN 0xa6e5c0 OUT 0x10 RKey 0x034405 VAddr 0x007fd3af117000
 GID: 00:00:00:00:00:00:00:00:00:00:255:255:10:01:01:01
 remote address: LID 0000 QPN 0x019f PSN 0xebd40a OUT 0x10 RKey 0x034405 VAddr 0x007fd3af127000
 GID: 00:00:00:00:00:00:00:00:00:00:255:255:10:01:01:01
 remote address: LID 0000 QPN 0x01a0 PSN 0x48e391 OUT 0x10 RKey 0x034405 VAddr 0x007fd3af137000
 GID: 00:00:00:00:00:00:00:00:00:00:255:255:10:01:01:01
---------------------------------------------------------------------------------------
 #bytes     #iterations    BW peak[Gb/sec]    BW average[Gb/sec]   MsgRate[Mpps]
 65536      343349           0.00               3.91   		     0.007464
---------------------------------------------------------------------------------------
